nohup: ignoring input
Resuming from January 1942

=== Batch Scraping Configuration ===
Years: 1942 to 1959
Starting from: January 1942
Output directory: RESTRUCTURED_DB
Progress file: scraping_progress_batch2.json

This will take a long time. Press Ctrl+C to stop at any time.
You can resume later using --resume flag.


=== Processing Year 1942 ===
  Skipping January (already completed, 1 cases)
  Skipping February (already completed, 0 cases)
  Skipping March (already completed, 0 cases)
  Skipping April (already completed, 5 cases)
  Skipping May (already completed, 9 cases)
  Skipping June (already completed, 5 cases)
  Skipping July (already completed, 11 cases)
  Skipping August (already completed, 14 cases)

  --- September 1942 ---

=== Scraping Year 1942 ===

--- Processing September 1942 ---
Found 17 potential cases
  [1/17] Processing gr_47662_1942.html
Saved: RESTRUCTURED_DB/1942/september/G_R__No__47662.json
  [2/17] Processing gr_47899_1942.html
Saved: RESTRUCTURED_DB/1942/september/G_R__No__47899.json
  [3/17] Processing gr_48143_1942.html
Saved: RESTRUCTURED_DB/1942/september/G_R__No__48143.json
  [4/17] Processing gr_48290_1942.html
Saved: RESTRUCTURED_DB/1942/september/G_R__No__48290.json
  [5/17] Processing gr_48429_1942.html
Saved: RESTRUCTURED_DB/1942/september/G_R__No__48429.json
  [6/17] Processing gr_48498_1942.html
Saved: RESTRUCTURED_DB/1942/september/G_R__No__48498.json
  [7/17] Processing gr_48671_1942.html
Saved: RESTRUCTURED_DB/1942/september/G_R__No__48671.json
  [8/17] Processing gr_48695_1942.html
Saved: RESTRUCTURED_DB/1942/september/G_R__No__48695.json
  [9/17] Processing gr_48823_1942.html
Saved: RESTRUCTURED_DB/1942/september/G_R__No__48823.json
  [10/17] Processing gr_48224_1942.html
Saved: RESTRUCTURED_DB/1942/september/G_R__No__48224.json
  [11/17] Processing gr_48336_1942.html
Saved: RESTRUCTURED_DB/1942/september/G_R__No__48336.json
  [12/17] Processing gr_48110_1942.html
Saved: RESTRUCTURED_DB/1942/september/G_R__No__48110.json
  [13/17] Processing gr_48652_1942.html
Saved: RESTRUCTURED_DB/1942/september/G_R__No__48652.json
  [14/17] Processing gr_47769_1942.html
Saved: RESTRUCTURED_DB/1942/september/G_R__No__47769.json
  [15/17] Processing gr_48396_1942.html
Saved: RESTRUCTURED_DB/1942/september/G_R__No__48396.json
  [16/17] Processing gr_48227_1942.html
Saved: RESTRUCTURED_DB/1942/september/G_R__No__48227.json
  [17/17] Processing gr_48109_1942.html
Saved: RESTRUCTURED_DB/1942/september/G_R__No__48109.json
  Completed September: 17 cases

  --- October 1942 ---

=== Scraping Year 1942 ===

--- Processing October 1942 ---
Found 9 potential cases
  [1/9] Processing gr_47917_1942.html
Saved: RESTRUCTURED_DB/1942/october/G_R__No__47917.json
  [2/9] Processing gr_48403_1942.html
Saved: RESTRUCTURED_DB/1942/october/G_R__No__48403.json
  [3/9] Processing gr_48608_1942.html
Saved: RESTRUCTURED_DB/1942/october/G_R__No__48608.json
  [4/9] Processing gr_48491_1942.html
Saved: RESTRUCTURED_DB/1942/october/G_R__No__48491.json
  [5/9] Processing gr_48283_1942.html
Saved: RESTRUCTURED_DB/1942/october/G_R__No__48283.json
  [6/9] Processing gr_48811_1942.html
Saved: RESTRUCTURED_DB/1942/october/G_R__No__48811.json
  [7/9] Processing gr_48569_1942.html
Saved: RESTRUCTURED_DB/1942/october/G_R__No__48569.json
  [8/9] Processing gr_48188_1942.html
Saved: RESTRUCTURED_DB/1942/october/G_R__No__48188.json
  [9/9] Processing gr_48115_1942.html
Saved: RESTRUCTURED_DB/1942/october/G_R__No__48115.json
  Completed October: 9 cases

  --- November 1942 ---

=== Scraping Year 1942 ===

--- Processing November 1942 ---
Found 16 potential cases
  [1/16] Processing gr_47820_1942.html
Saved: RESTRUCTURED_DB/1942/november/G_R__No__47820.json
  [2/16] Processing gr_48155_1942.html
Saved: RESTRUCTURED_DB/1942/november/G_R__No__48155.json
  [3/16] Processing gr_48155_1942.html
Saved: RESTRUCTURED_DB/1942/november/G_R__No__48155.json
  [4/16] Processing gr_48161_1942.html
Saved: RESTRUCTURED_DB/1942/november/G_R__No__48161.json
  [5/16] Processing gr_48202_1942.html
Saved: RESTRUCTURED_DB/1942/november/G_R__No__48202.json
  [6/16] Processing gr_48398_1942.html
Saved: RESTRUCTURED_DB/1942/november/G_R__No__48398.json
  [7/16] Processing gr_48648_1942.html
Saved: RESTRUCTURED_DB/1942/november/G_R__No__48648.json
  [8/16] Processing gr_48696_1942.html
Saved: RESTRUCTURED_DB/1942/november/G_R__No__48696.json
  [9/16] Processing gr_48530_1942.html
Saved: RESTRUCTURED_DB/1942/november/G_R__No__48530.json
  [10/16] Processing gr_48197_1942.html
Saved: RESTRUCTURED_DB/1942/november/G_R__No__48197.json
  [11/16] Processing gr_47867_1942.html
Saved: RESTRUCTURED_DB/1942/november/G_R__No__47867.json
  [12/16] Processing gr_48129_1942.html
Saved: RESTRUCTURED_DB/1942/november/G_R__No__48129.json
  [13/16] Processing gr_48515_1942.html
Saved: RESTRUCTURED_DB/1942/november/G_R__No__48515.json
  [14/16] Processing gr_48344_1942.html
Saved: RESTRUCTURED_DB/1942/november/G_R__No__48344.json
  [15/16] Processing gr_48344_1942.html
Saved: RESTRUCTURED_DB/1942/november/G_R__No__48344.json
  [16/16] Processing gr_48859_1942.html
Saved: RESTRUCTURED_DB/1942/november/G_R__No__48859.json
  Completed November: 14 cases

  --- December 1942 ---

=== Scraping Year 1942 ===

--- Processing December 1942 ---
Found 11 potential cases
  [1/11] Processing gr_48409_1942.html
Saved: RESTRUCTURED_DB/1942/december/G_R__No__48409.json
  [2/11] Processing gr_48182_1942.html
Saved: RESTRUCTURED_DB/1942/december/G_R__No__48182.json
  [3/11] Processing gr_48133_1942.html
Saved: RESTRUCTURED_DB/1942/december/G_R__No__48133.json
  [4/11] Processing gr_48133_1942.html
Saved: RESTRUCTURED_DB/1942/december/G_R__No__48133.json
  [5/11] Processing gr_47632_1942.html
Saved: RESTRUCTURED_DB/1942/december/G_R__No__47632.json
  [6/11] Processing gr_48291_1942.html
Saved: RESTRUCTURED_DB/1942/december/G_R__No__48291.json
  [7/11] Processing gr_48169_1942.html
Saved: RESTRUCTURED_DB/1942/december/G_R__No__48169.json
  [8/11] Processing gr_47946_1942.html
Saved: RESTRUCTURED_DB/1942/december/G_R__No__47946.json
  [9/11] Processing gr_47710_1942.html
Saved: RESTRUCTURED_DB/1942/december/G_R__No__47710.json
  [10/11] Processing gr_48421_1942.html
Saved: RESTRUCTURED_DB/1942/december/G_R__No__48421.json
  [11/11] Processing gr_48226_1942.html
Saved: RESTRUCTURED_DB/1942/december/G_R__No__48226.json
  Completed December: 10 cases

  Year 1942 completed: 95 total cases
🧀 cheese

=== Processing Year 1943 ===

  --- January 1943 ---

=== Scraping Year 1943 ===

--- Processing January 1943 ---
Found 10 potential cases
  [1/10] Processing gr_48541_1943.html
Saved: RESTRUCTURED_DB/1943/january/G_R__No__48541.json
  [2/10] Processing gr_48533_1943.html
Saved: RESTRUCTURED_DB/1943/january/G_R__No__48533.json
  [3/10] Processing gr_48489_1943.html
Saved: RESTRUCTURED_DB/1943/january/G_R__No__48489.json
  [4/10] Processing gr_48430_1943.html
Saved: RESTRUCTURED_DB/1943/january/G_R__No__48430.json
  [5/10] Processing gr_48309_1943.html
Saved: RESTRUCTURED_DB/1943/january/G_R__No__48309.json
  [6/10] Processing gr_48173_1943.html
Saved: RESTRUCTURED_DB/1943/january/G_R__No__48173.json
  [7/10] Processing gr_48817_1943.html
Saved: RESTRUCTURED_DB/1943/january/G_R__No__48817.json
  [8/10] Processing gr_48244_1943.html
Saved: RESTRUCTURED_DB/1943/january/G_R__No__48244.json
  [9/10] Processing gr_48198_1943.html
Saved: RESTRUCTURED_DB/1943/january/G_R__No__48198.json
  [10/10] Processing gr_48009_1943.html
Saved: RESTRUCTURED_DB/1943/january/G_R__No__48009.json
  Completed January: 10 cases

  --- February 1943 ---

=== Scraping Year 1943 ===

--- Processing February 1943 ---
Found 11 potential cases
  [1/11] Processing gr_48650_1943.html
Saved: RESTRUCTURED_DB/1943/february/G_R__No__48650.json
  [2/11] Processing gr_48635_1943.html
Saved: RESTRUCTURED_DB/1943/february/G_R__No__48635.json
  [3/11] Processing gr_48621_1943.html
Saved: RESTRUCTURED_DB/1943/february/G_R__No__48621.json
  [4/11] Processing gr_48560_1943.html
Saved: RESTRUCTURED_DB/1943/february/G_R__No__48560.json
  [5/11] Processing gr_48446_1943.html
Saved: RESTRUCTURED_DB/1943/february/G_R__No__48446.json
  [6/11] Processing gr_48893_1943.html
Resuming from January 1943

=== Batch Scraping Configuration ===
Years: 1943 to 1959
Starting from: January 1943
Output directory: RESTRUCTURED_DB
Progress file: scraping_progress_batch2.json

This will take a long time. Press Ctrl+C to stop at any time.
You can resume later using --resume flag.

Required packages not installed. Run:
pip install requests beautifulsoup4
