nohup: ignoring input
2025-12-05 19:17:54,740 - INFO - Loading missing cases list...
2025-12-05 19:17:54,755 - INFO - ================================================================================
2025-12-05 19:17:54,756 - INFO - LAWPHIL BATCH SCRAPER
2025-12-05 19:17:54,756 - INFO - ================================================================================
2025-12-05 19:17:54,756 - INFO - Database path: RESTRUCTURED_DB
2025-12-05 19:17:54,756 - INFO - Cases to scrape: 210
2025-12-05 19:17:54,756 - INFO - Year range: 2023-2023
2025-12-05 19:17:54,756 - INFO - Batch size: 100
2025-12-05 19:17:54,756 - INFO - ================================================================================
2025-12-05 19:17:54,756 - INFO - 
================================================================================
2025-12-05 19:17:54,756 - INFO - BATCH 1/3 (100 cases)
2025-12-05 19:17:54,756 - INFO - ================================================================================
2025-12-05 19:17:54,756 - INFO - Scraping G.R. No. 252396 (2023): Angelito Ridon y Guevarra vs. People of the Philip...
2025-12-05 19:17:55,878 - INFO -   ✓ Found at: https://lawphil.net/judjuris/juri2023/dec2023/gr_252396_2023.html
2025-12-05 19:17:55,881 - INFO -   ✓ Saved: RESTRUCTURED_DB/2023/december/252396.json
2025-12-05 19:17:56,381 - INFO - Scraping G.R. No. 253026 (2023): Aaron Christopher Mejia vs. People of the Philippi...
2025-12-05 19:17:56,930 - INFO -   ✓ Found at: https://lawphil.net/judjuris/juri2023/dec2023/gr_253026_2023.html
2025-12-05 19:17:56,932 - INFO -   ✓ Saved: RESTRUCTURED_DB/2023/december/253026.json
2025-12-05 19:17:57,432 - INFO - Scraping G.R. No. 264237 (2023): Pasda, Inc. vs. Court of Appeals...
2025-12-05 19:17:57,891 - INFO -   ✓ Found at: https://lawphil.net/judjuris/juri2023/dec2023/gr_264237_2023.html
2025-12-05 19:17:57,893 - INFO -   ✓ Saved: RESTRUCTURED_DB/2023/december/264237.json
2025-12-05 19:17:58,393 - INFO - Scraping G.R. No. 254695 (2023): Nelfa Delfin Trinidad, et al. vs. Salvador G. Trin...
2025-12-05 19:17:58,847 - INFO -   ✓ Found at: https://lawphil.net/judjuris/juri2023/dec2023/gr_254695_2023.html
2025-12-05 19:17:58,849 - INFO -   ✓ Saved: RESTRUCTURED_DB/2023/december/254695.json
2025-12-05 19:17:59,349 - INFO - Scraping G.R. No. 246824 (2023): Argelyn M. Labargan vs. People of the Philippines...
2025-12-05 19:18:07,367 - WARNING -   ✗ Not found for G.R. No. 246824
2025-12-05 19:18:07,868 - INFO - Scraping G.R. No. 262938 (2023): Walter Manuel F. Prescott vs. Bureau of Immigratio...
2025-12-05 19:18:08,691 - INFO -   ✓ Found at: https://lawphil.net/judjuris/juri2023/dec2023/gr_262938_2023.html
2025-12-05 19:18:08,694 - INFO -   ✓ Saved: RESTRUCTURED_DB/2023/december/262938.json
2025-12-05 19:18:09,195 - INFO - Scraping G.R. No. 216603 (2023): Jaime Manuel N. Legarda vs. Clerk of Court of the ...
2025-12-05 19:18:09,931 - INFO -   ✓ Found at: https://lawphil.net/judjuris/juri2023/dec2023/gr_216603_2023.html
2025-12-05 19:18:09,934 - INFO -   ✓ Saved: RESTRUCTURED_DB/2023/december/216603.json
2025-12-05 19:18:10,434 - INFO - Scraping G.R. No. 252658 (2023): Tiburcio L. Canlas vs. Commission on Audit...
2025-12-05 19:18:10,982 - INFO -   ✓ Found at: https://lawphil.net/judjuris/juri2023/dec2023/gr_252658_2023.html
2025-12-05 19:18:10,983 - INFO -   ✓ Saved: RESTRUCTURED_DB/2023/december/252658.json
2025-12-05 19:18:11,484 - INFO - Scraping G.R. No. 261532 (2023): Rosalie Pineda y Padilla vs. People of the Philipp...
2025-12-05 19:18:12,009 - INFO -   ✓ Found at: https://lawphil.net/judjuris/juri2023/dec2023/gr_261532_2023.html
2025-12-05 19:18:12,011 - INFO -   ✓ Saved: RESTRUCTURED_DB/2023/december/261532.json
2025-12-05 19:18:12,511 - INFO - Scraping G.R. No. 214743 (2023): The Consortium of Hyundai Engineering Co., Ltd. an...
2025-12-05 19:18:13,239 - INFO -   ✓ Found at: https://lawphil.net/judjuris/juri2023/dec2023/gr_214743_2023.html
2025-12-05 19:18:13,242 - INFO -   ✓ Saved: RESTRUCTURED_DB/2023/december/214743.json
2025-12-05 19:18:13,742 - INFO - Scraping G.R. No. 268672 (2023): Vicente Suarez Jr. y Banua vs. People of the Phili...
2025-12-05 19:18:14,524 - INFO -   ✓ Found at: https://lawphil.net/judjuris/juri2023/dec2023/gr_268672_2023.html
2025-12-05 19:18:14,526 - INFO -   ✓ Saved: RESTRUCTURED_DB/2023/december/268672.json
2025-12-05 19:18:15,026 - INFO - Scraping G.R. No. 261491 (2023): Candelario S. Dela Cruz vs. Alejandro Dumasig and ...
2025-12-05 19:18:15,567 - INFO -   ✓ Found at: https://lawphil.net/judjuris/juri2023/dec2023/gr_261491_2023.html
2025-12-05 19:18:15,569 - INFO -   ✓ Saved: RESTRUCTURED_DB/2023/december/261491.json
2025-12-05 19:18:16,069 - INFO - Scraping G.R. No. 255252 (2023): Governor Gwendolyn Garcia-Codilla vs. Hongkong and...
2025-12-05 19:18:16,538 - INFO -   ✓ Found at: https://lawphil.net/judjuris/juri2023/dec2023/gr_255252_2023.html
2025-12-05 19:18:16,539 - INFO -   ✓ Saved: RESTRUCTURED_DB/2023/december/255252.json
2025-12-05 19:18:17,040 - INFO - Scraping G.R. No. 259827 (2023): Felix Mariano y Pilapil vs. People of the Philippi...
2025-12-05 19:18:17,294 - INFO -   ✓ Found at: https://lawphil.net/judjuris/juri2023/dec2023/gr_259827_2023.html
2025-12-05 19:18:17,296 - INFO -   ✓ Saved: RESTRUCTURED_DB/2023/december/259827.json
2025-12-05 19:18:17,796 - INFO - Scraping G.R. No. 256269 (2023): People of the Philippines vs. XXX...
2025-12-05 19:18:18,344 - INFO -   ✓ Found at: https://lawphil.net/judjuris/juri2023/dec2023/gr_256269_2023.html
2025-12-05 19:18:18,346 - INFO -   ✓ Saved: RESTRUCTURED_DB/2023/december/256269.json
2025-12-05 19:18:18,846 - INFO - Scraping G.R. No. 241844 (2023): Ethyl Huiso Ebal & Her Minor Child vs. Thenamaris ...
2025-12-05 19:18:19,631 - INFO -   ✓ Found at: https://lawphil.net/judjuris/juri2023/nov2023/gr_241844_2023.html
2025-12-05 19:18:19,634 - INFO -   ✓ Saved: RESTRUCTURED_DB/2023/november/241844.json
2025-12-05 19:18:20,135 - INFO - Scraping G.R. No. 262812 (2023): People of the Philippines vs. XXX...
2025-12-05 19:18:20,636 - INFO -   ✓ Found at: https://lawphil.net/judjuris/juri2023/nov2023/gr_262812_2023.html
2025-12-05 19:18:20,638 - INFO -   ✓ Saved: RESTRUCTURED_DB/2023/november/262812.json
2025-12-05 19:18:21,138 - INFO - Scraping G.R. No. 263553 (2023): People of the Philippines vs. XXX263553...
2025-12-05 19:18:21,724 - INFO -   ✓ Found at: https://lawphil.net/judjuris/juri2023/nov2023/gr_263553_2023.html
2025-12-05 19:18:21,726 - INFO -   ✓ Saved: RESTRUCTURED_DB/2023/november/263553.json
2025-12-05 19:18:22,226 - INFO - Scraping G.R. No. 262732 (2023): People of the Philippines vs. Mongcao Basaula Sabi...
2025-12-05 19:18:22,628 - INFO -   ✓ Found at: https://lawphil.net/judjuris/juri2023/nov2023/gr_262732_2023.html
2025-12-05 19:18:22,629 - INFO -   ✓ Saved: RESTRUCTURED_DB/2023/november/262732.json
2025-12-05 19:18:23,129 - INFO - Scraping G.R. No. 259877 (2023): Arturo Peralta y Villanueva vs. People of the Phil...
2025-12-05 19:18:23,487 - INFO -   ✓ Found at: https://lawphil.net/judjuris/juri2023/nov2023/gr_259877_2023.html
2025-12-05 19:18:23,489 - INFO -   ✓ Saved: RESTRUCTURED_DB/2023/november/259877.json
2025-12-05 19:18:23,989 - INFO - Scraping G.R. No. 259868 (2023): Main Shipping Pte. Ltd vs. Century Peak Corporatio...
2025-12-05 19:18:24,598 - INFO -   ✓ Found at: https://lawphil.net/judjuris/juri2023/nov2023/gr_259868_2023.html
2025-12-05 19:18:24,600 - INFO -   ✓ Saved: RESTRUCTURED_DB/2023/november/259868.json
2025-12-05 19:18:25,100 - INFO - Scraping G.R. No. 255286 (2023): Civil Service Commission vs. Epifany Alonzo...
2025-12-05 19:18:25,704 - INFO -   ✓ Found at: https://lawphil.net/judjuris/juri2023/nov2023/gr_255286_2023.html
2025-12-05 19:18:25,706 - INFO -   ✓ Saved: RESTRUCTURED_DB/2023/november/255286.json
2025-12-05 19:18:26,206 - INFO - Scraping G.R. No. 263449 (2023): XXX vs. People of the PhilippinesDissenting Opinio...
2025-12-05 19:18:26,896 - INFO -   ✓ Found at: https://lawphil.net/judjuris/juri2023/nov2023/gr_263449_2023.html
2025-12-05 19:18:26,897 - INFO -   ✓ Saved: RESTRUCTURED_DB/2023/november/263449.json
2025-12-05 19:18:27,398 - INFO - Scraping G.R. No. 256759 (2023): XXX vs. People of the Philippines...
2025-12-05 19:18:27,720 - INFO -   ✓ Found at: https://lawphil.net/judjuris/juri2023/nov2023/gr_256759_2023.html
2025-12-05 19:18:27,722 - INFO -   ✓ Saved: RESTRUCTURED_DB/2023/november/256759.json
2025-12-05 19:18:28,222 - INFO - Scraping G.R. No. 220087 (2023): Hacienda San Isidro/Silos Farms and Rey Silos Llam...
2025-12-05 19:18:28,499 - INFO -   ✓ Found at: https://lawphil.net/judjuris/juri2023/nov2023/gr_220087_2023.html
2025-12-05 19:18:28,502 - INFO -   ✓ Saved: RESTRUCTURED_DB/2023/november/220087.json
2025-12-05 19:18:29,002 - INFO - Scraping G.R. No. 265117 (2023): Antonio Abiang y Cabonce vs. People of the Philipp...
2025-12-05 19:18:29,727 - INFO -   ✓ Found at: https://lawphil.net/judjuris/juri2023/nov2023/gr_265117_2023.html
2025-12-05 19:18:29,729 - INFO -   ✓ Saved: RESTRUCTURED_DB/2023/november/265117.json
2025-12-05 19:18:30,229 - INFO - Scraping G.R. No. 265439 (2023): People of the Philippines vs. XXX265439...
2025-12-05 19:18:30,514 - INFO -   ✓ Found at: https://lawphil.net/judjuris/juri2023/nov2023/gr_265439_2023.html
2025-12-05 19:18:30,516 - INFO -   ✓ Saved: RESTRUCTURED_DB/2023/november/265439.json
2025-12-05 19:18:31,016 - INFO - Scraping G.R. No. 260504 (2023): XXX260504 vs. AAA260504...
2025-12-05 19:18:31,520 - INFO -   ✓ Found at: https://lawphil.net/judjuris/juri2023/nov2023/gr_260504_2023.html
2025-12-05 19:18:31,521 - INFO -   ✓ Saved: RESTRUCTURED_DB/2023/november/260504.json
2025-12-05 19:18:32,022 - INFO - Scraping G.R. No. 262889 (2023): Sps. Buenaventura Balucan, Jr.And Yolanda Y. Baluc...
2025-12-05 19:18:32,496 - INFO -   ✓ Found at: https://lawphil.net/judjuris/juri2023/nov2023/gr_262889_2023.html
2025-12-05 19:18:32,499 - INFO -   ✓ Saved: RESTRUCTURED_DB/2023/november/262889.json
2025-12-05 19:18:32,999 - INFO - Scraping G.R. No. 188655 (2023): Next Mobile, Inc vs. National Telecommunications C...
2025-12-05 19:18:33,461 - INFO -   ✓ Found at: https://lawphil.net/judjuris/juri2023/nov2023/gr_188655_2023.html
2025-12-05 19:18:33,466 - INFO -   ✓ Saved: RESTRUCTURED_DB/2023/november/188655.json
2025-12-05 19:18:33,966 - INFO - Scraping G.R. No. 256393 (2023): Nueva Ecija II Electric Coop., Inc. vs. Wilfredo S...
2025-12-05 19:18:34,392 - INFO -   ✓ Found at: https://lawphil.net/judjuris/juri2023/nov2023/gr_256393_2023.html
2025-12-05 19:18:34,393 - INFO -   ✓ Saved: RESTRUCTURED_DB/2023/november/256393.json
2025-12-05 19:18:34,893 - INFO - Scraping G.R. No. 227932 (2023): Mindanao II Geothermal Partnership vs. Commissione...
2025-12-05 19:18:35,558 - INFO -   ✓ Found at: https://lawphil.net/judjuris/juri2023/nov2023/gr_227932_2023.html
2025-12-05 19:18:35,561 - INFO -   ✓ Saved: RESTRUCTURED_DB/2023/november/227932.json
2025-12-05 19:18:36,061 - INFO - Scraping G.R. No. 229190 (2023): Manuel G. Suniga. Jr. vs. Rolanda Molina, et al....
2025-12-05 19:18:36,523 - INFO -   ✓ Found at: https://lawphil.net/judjuris/juri2023/nov2023/gr_229190_2023.html
2025-12-05 19:18:36,525 - INFO -   ✓ Saved: RESTRUCTURED_DB/2023/november/229190.json
2025-12-05 19:18:37,025 - INFO - Scraping G.R. No. 223270 (2023): Lacoste S.A. vs. Crocodile International PTE LTD....
2025-12-05 19:18:37,579 - INFO -   ✓ Found at: https://lawphil.net/judjuris/juri2023/nov2023/gr_223270_2023.html
2025-12-05 19:18:37,581 - INFO -   ✓ Saved: RESTRUCTURED_DB/2023/november/223270.json
2025-12-05 19:18:38,081 - INFO - Scraping G.R. No. 260361 (2023): Pedro Viernes, vs. Pines Commercial Corp....
2025-12-05 19:18:38,325 - INFO -   ✓ Found at: https://lawphil.net/judjuris/juri2023/oct2023/gr_260361_2023.html
2025-12-05 19:18:38,326 - INFO -   ✓ Saved: RESTRUCTURED_DB/2023/october/260361.json
2025-12-05 19:18:38,827 - INFO - Scraping G.R. No. 268176 (2023): Invictus Food Products Corporation, Romulo H. Espi...
2025-12-05 19:18:39,085 - INFO -   ✓ Found at: https://lawphil.net/judjuris/juri2023/oct2023/gr_268176_2023.html
2025-12-05 19:18:39,087 - INFO -   ✓ Saved: RESTRUCTURED_DB/2023/october/268176.json
2025-12-05 19:18:39,587 - INFO - Scraping G.R. No. 269249 (2023): Jonila F. Castro and Jhed Reiyana C. Tamano vs. Li...
2025-12-05 19:18:39,923 - INFO -   ✓ Found at: https://lawphil.net/judjuris/juri2023/oct2023/gr_269249_2023.html
2025-12-05 19:18:39,925 - INFO -   ✓ Saved: RESTRUCTURED_DB/2023/october/269249.json
2025-12-05 19:18:40,425 - INFO - Scraping G.R. No. 253940 (2023): Belinda D.R. Do Lera vs. Social Security System.Co...
2025-12-05 19:18:40,898 - INFO -   ✓ Found at: https://lawphil.net/judjuris/juri2023/oct2023/gr_253940_2023.html
2025-12-05 19:18:40,900 - INFO -   ✓ Saved: RESTRUCTURED_DB/2023/october/253940.json
2025-12-05 19:18:41,401 - INFO - Scraping G.R. No. 254881 (2023): People of the Philippines vs. Rafael Rey Malate @ ...
2025-12-05 19:18:41,866 - INFO -   ✓ Found at: https://lawphil.net/judjuris/juri2023/oct2023/gr_254881_2023.html
2025-12-05 19:18:41,868 - INFO -   ✓ Saved: RESTRUCTURED_DB/2023/october/254881.json
2025-12-05 19:18:42,368 - INFO - Scraping G.R. No. 244724 (2023): Roque T. Tabaosares vs. Barko International Inc....
2025-12-05 19:18:42,834 - INFO -   ✓ Found at: https://lawphil.net/judjuris/juri2023/oct2023/gr_244724_2023.html
2025-12-05 19:18:42,836 - INFO -   ✓ Saved: RESTRUCTURED_DB/2023/october/244724.json
2025-12-05 19:18:43,336 - INFO - Scraping G.R. No. 254646 (2023): Aiko Yokogawa-Tan vs. Jonnell Tan and the Republic...
2025-12-05 19:18:44,076 - INFO -   ✓ Found at: https://lawphil.net/judjuris/juri2023/oct2023/gr_254646_2023.html
2025-12-05 19:18:44,078 - INFO -   ✓ Saved: RESTRUCTURED_DB/2023/october/254646.json
2025-12-05 19:18:44,578 - INFO - Scraping G.R. No. 244737 (2023): Andre Charles Nagel vs. the Board of Commissioners...
2025-12-05 19:18:44,840 - INFO -   ✓ Found at: https://lawphil.net/judjuris/juri2023/oct2023/gr_244737_2023.html
2025-12-05 19:18:44,841 - INFO -   ✓ Saved: RESTRUCTURED_DB/2023/october/244737.json
2025-12-05 19:18:45,342 - INFO - Scraping G.R. No. 262122 (2023): Rowena B. Plasan vs. People of the Philippines...
2025-12-05 19:18:45,588 - INFO -   ✓ Found at: https://lawphil.net/judjuris/juri2023/oct2023/gr_262122_2023.html
2025-12-05 19:18:45,589 - INFO -   ✓ Saved: RESTRUCTURED_DB/2023/october/262122.json
2025-12-05 19:18:46,089 - INFO - Scraping G.R. No. 258557 (2023): Pedro De Belen and Bejan Mora Semilla vs. Virginia...
2025-12-05 19:18:46,464 - INFO -   ✓ Found at: https://lawphil.net/judjuris/juri2023/oct2023/gr_258557_2023.html
2025-12-05 19:18:46,466 - INFO -   ✓ Saved: RESTRUCTURED_DB/2023/october/258557.json
2025-12-05 19:18:46,967 - INFO - Scraping G.R. No. 254886 (2023): People of the Philippines vs. Robert G. Lala, et a...
2025-12-05 19:18:47,501 - INFO -   ✓ Found at: https://lawphil.net/judjuris/juri2023/oct2023/gr_254886_2023.html
2025-12-05 19:18:47,505 - INFO -   ✓ Saved: RESTRUCTURED_DB/2023/october/254886.json
2025-12-05 19:18:48,005 - INFO - Scraping G.R. No. 262686 (2023): People of the Philippines vs. Gerald Flores Y Alag...
2025-12-05 19:18:48,607 - INFO -   ✓ Found at: https://lawphil.net/judjuris/juri2023/oct2023/gr_262686_2023.html
2025-12-05 19:18:48,610 - INFO -   ✓ Saved: RESTRUCTURED_DB/2023/october/262686.json
2025-12-05 19:18:49,110 - INFO - Scraping G.R. No. 261134 (2023): People of the Philippines vs. Anabelle Yamson y Mo...
2025-12-05 19:18:49,588 - INFO -   ✓ Found at: https://lawphil.net/judjuris/juri2023/oct2023/gr_261134_2023.html
2025-12-05 19:18:49,591 - INFO -   ✓ Saved: RESTRUCTURED_DB/2023/october/261134.json
2025-12-05 19:18:50,091 - INFO - Scraping G.R. No. 203386 (2023): Metropolitan Manila Development Authority (MMDA) v...
2025-12-05 19:18:50,351 - INFO -   ✓ Found at: https://lawphil.net/judjuris/juri2023/oct2023/gr_203386_2023.html
2025-12-05 19:18:50,353 - INFO -   ✓ Saved: RESTRUCTURED_DB/2023/october/203386.json
2025-12-05 19:18:50,853 - INFO - Scraping G.R. No. 259511 (2023): Nhorkayam Tumog y Cajatol vs. People of the Philip...
2025-12-05 19:18:51,511 - INFO -   ✓ Found at: https://lawphil.net/judjuris/juri2023/oct2023/gr_259511_2023.html
2025-12-05 19:18:51,513 - INFO -   ✓ Saved: RESTRUCTURED_DB/2023/october/259511.json
2025-12-05 19:18:52,013 - INFO - Scraping G.R. No. 258805 (2023): St. Anthony College of Roxas City, Inc vs. Commiss...
2025-12-05 19:18:52,639 - INFO -   ✓ Found at: https://lawphil.net/judjuris/juri2023/oct2023/gr_258805_2023.html
2025-12-05 19:18:52,644 - INFO -   ✓ Saved: RESTRUCTURED_DB/2023/october/258805.json
2025-12-05 19:18:53,144 - INFO - Scraping G.R. No. 233461 (2023): Vicente Atlas R. Catalan and Maryrose T. Diaz vs. ...
2025-12-05 19:18:53,943 - INFO -   ✓ Found at: https://lawphil.net/judjuris/juri2023/oct2023/gr_233461_2023.html
2025-12-05 19:18:53,944 - INFO -   ✓ Saved: RESTRUCTURED_DB/2023/october/233461.json
2025-12-05 19:18:54,445 - INFO - Scraping G.R. No. 246231 (2023): Allan De Vera y Ante vs. People of the Philippines...
2025-12-05 19:18:54,990 - INFO -   ✓ Found at: https://lawphil.net/judjuris/juri2023/oct2023/gr_246231_2023.html
2025-12-05 19:18:54,993 - INFO -   ✓ Saved: RESTRUCTURED_DB/2023/october/246231.json
2025-12-05 19:18:55,493 - INFO - Scraping G.R. No. 246531 (2023): Benedict Princer San Juan vs. Regus Service Centre...
2025-12-05 19:18:55,736 - INFO -   ✓ Found at: https://lawphil.net/judjuris/juri2023/oct2023/gr_246531_2023.html
2025-12-05 19:18:55,737 - INFO -   ✓ Saved: RESTRUCTURED_DB/2023/october/246531.json
2025-12-05 19:18:56,238 - INFO - Scraping G.R. No. 261171 (2023): Commissiner of Internal Revenue vs. BW Shipping Ph...
2025-12-05 19:18:56,547 - INFO -   ✓ Found at: https://lawphil.net/judjuris/juri2023/oct2023/gr_261171_2023.html
2025-12-05 19:18:56,549 - INFO -   ✓ Saved: RESTRUCTURED_DB/2023/october/261171.json
2025-12-05 19:18:57,049 - INFO - Scraping G.R. No. 185184 (2023): Metropolitan Waterworks and Sewerage System vs. Pr...
2025-12-05 19:18:57,471 - INFO -   ✓ Found at: https://lawphil.net/judjuris/juri2023/oct2023/gr_185184_2023.html
2025-12-05 19:18:57,473 - INFO -   ✓ Saved: RESTRUCTURED_DB/2023/october/185184.json
2025-12-05 19:18:57,974 - INFO - Scraping G.R. No. 262664 (2023): Manuel Lopez Bason vs. People of the PhilippinesSe...
2025-12-05 19:18:58,447 - INFO -   ✓ Found at: https://lawphil.net/judjuris/juri2023/oct2023/gr_262664_2023.html
2025-12-05 19:18:58,448 - INFO -   ✓ Saved: RESTRUCTURED_DB/2023/october/262664.json
2025-12-05 19:18:58,949 - INFO - Scraping G.R. No. 261280 (2023): Incumbent and Former Employees of the National Eco...
2025-12-05 19:18:59,879 - INFO -   ✓ Found at: https://lawphil.net/judjuris/juri2023/oct2023/gr_261280_2023.html
2025-12-05 19:18:59,880 - INFO -   ✓ Saved: RESTRUCTURED_DB/2023/october/261280.json
2025-12-05 19:19:00,381 - INFO - Scraping G.R. No. 258873 (2023): People of the Philippines vs. Abdul Azis y Sampaco...
2025-12-05 19:19:00,846 - INFO -   ✓ Found at: https://lawphil.net/judjuris/juri2023/aug2023/gr_258873_2023.html
2025-12-05 19:19:00,849 - INFO -   ✓ Saved: RESTRUCTURED_DB/2023/august/258873.json
2025-12-05 19:19:01,349 - INFO - Scraping G.R. No. 267487 (2023): Jose P. Singh vs. Perfecto S. Corpus, Jr. and Marl...
2025-12-05 19:19:01,610 - INFO -   ✓ Found at: https://lawphil.net/judjuris/juri2023/aug2023/gr_267487_2023.html
2025-12-05 19:19:01,612 - INFO -   ✓ Saved: RESTRUCTURED_DB/2023/august/267487.json
2025-12-05 19:19:02,112 - INFO - Scraping G.R. No. 220145 (2023): People of the Philippines vs. XXXConcurring and Di...
2025-12-05 19:19:02,448 - INFO -   ✓ Found at: https://lawphil.net/judjuris/juri2023/aug2023/gr_220145_2023.html
2025-12-05 19:19:02,451 - INFO -   ✓ Saved: RESTRUCTURED_DB/2023/august/220145.json
2025-12-05 19:19:02,952 - INFO - Scraping G.R. No. 259469 (2023): Buyayo Aligayon vs. Jeffrey A.K.A 'Napadawan' Dumm...
2025-12-05 19:19:03,199 - INFO -   ✓ Found at: https://lawphil.net/judjuris/juri2023/aug2023/gr_259469_2023.html
2025-12-05 19:19:03,201 - INFO -   ✓ Saved: RESTRUCTURED_DB/2023/august/259469.json
2025-12-05 19:19:03,701 - INFO - Scraping G.R. No. 260912 (2023): The Department of Energy vs. Commissioner of Inter...
2025-12-05 19:19:04,009 - INFO -   ✓ Found at: https://lawphil.net/judjuris/juri2023/aug2023/gr_260912_2023.html
2025-12-05 19:19:04,010 - INFO -   ✓ Saved: RESTRUCTURED_DB/2023/august/260912.json
2025-12-05 19:19:04,510 - INFO - Scraping G.R. No. 244017 (2023): Rosalia T. Caballero vs. La Verne Real Ty & Develo...
2025-12-05 19:19:04,774 - INFO -   ✓ Found at: https://lawphil.net/judjuris/juri2023/aug2023/gr_244017_2023.html
2025-12-05 19:19:04,776 - INFO -   ✓ Saved: RESTRUCTURED_DB/2023/august/244017.json
2025-12-05 19:19:05,277 - INFO - Scraping G.R. No. 266439 (2023): Teresito Radonis Quiqui vs. People of the Philippi...
2025-12-05 19:19:05,742 - INFO -   ✓ Found at: https://lawphil.net/judjuris/juri2023/aug2023/gr_266439_2023.html
2025-12-05 19:19:05,744 - INFO -   ✓ Saved: RESTRUCTURED_DB/2023/august/266439.json
2025-12-05 19:19:06,244 - INFO - Scraping G.R. No. 249274 (2023): Syrus J. Aluzan, Jose Henry L. Arellano and Ferdin...
2025-12-05 19:19:06,499 - INFO -   ✓ Found at: https://lawphil.net/judjuris/juri2023/aug2023/gr_249274_2023.html
2025-12-05 19:19:06,503 - INFO -   ✓ Saved: RESTRUCTURED_DB/2023/august/249274.json
2025-12-05 19:19:07,003 - INFO - Scraping G.R. No. 259709 (2023): Pilipinas Shell Petroleum Corporation vs. Angel Y....
2025-12-05 19:19:07,614 - INFO -   ✓ Found at: https://lawphil.net/judjuris/juri2023/aug2023/gr_259709_2023.html
2025-12-05 19:19:07,616 - INFO -   ✓ Saved: RESTRUCTURED_DB/2023/august/259709.json
2025-12-05 19:19:08,116 - INFO - Scraping G.R. No. 259282 (2023): Spouses Antonio and Monette Prieto vs. Bank of the...
2025-12-05 19:19:08,374 - INFO -   ✓ Found at: https://lawphil.net/judjuris/juri2023/aug2023/gr_259282_2023.html
2025-12-05 19:19:08,378 - INFO -   ✓ Saved: RESTRUCTURED_DB/2023/august/259282.json
2025-12-05 19:19:08,878 - INFO - Scraping G.R. No. 238714 (2023): Annaliza C. Singson vs. Spouses Nar Christian Carp...
2025-12-05 19:19:09,136 - INFO -   ✓ Found at: https://lawphil.net/judjuris/juri2023/aug2023/gr_238714_2023.html
2025-12-05 19:19:09,138 - INFO -   ✓ Saved: RESTRUCTURED_DB/2023/august/238714.json
2025-12-05 19:19:09,638 - INFO - Scraping G.R. No. 261972 (2023): People of the Philippines vs. Mark Angelo Concepci...
2025-12-05 19:19:09,881 - INFO -   ✓ Found at: https://lawphil.net/judjuris/juri2023/aug2023/gr_261972_2023.html
2025-12-05 19:19:09,883 - INFO -   ✓ Saved: RESTRUCTURED_DB/2023/august/261972.json
2025-12-05 19:19:10,383 - INFO - Scraping G.R. No. 228919 (2023): Luzviminda Palo vs. Spouses Rey C. Baquirquir...
2025-12-05 19:19:11,073 - INFO -   ✓ Found at: https://lawphil.net/judjuris/juri2023/aug2023/gr_228919_2023.html
2025-12-05 19:19:11,075 - INFO -   ✓ Saved: RESTRUCTURED_DB/2023/august/228919.json
2025-12-05 19:19:11,575 - INFO - Scraping G.R. No. 254206 (2023): People of the Philippines vs. Tito P Ajarillay Ala...
2025-12-05 19:19:12,002 - INFO -   ✓ Found at: https://lawphil.net/judjuris/juri2023/aug2023/gr_254206_2023.html
2025-12-05 19:19:12,004 - INFO -   ✓ Saved: RESTRUCTURED_DB/2023/august/254206.json
2025-12-05 19:19:12,504 - INFO - Scraping G.R. No. 261670 (2023): Allann Gacasan y Langamin vs. People of the Philip...
2025-12-05 19:19:12,747 - INFO -   ✓ Found at: https://lawphil.net/judjuris/juri2023/aug2023/gr_261670_2023.html
2025-12-05 19:19:12,749 - INFO -   ✓ Saved: RESTRUCTURED_DB/2023/august/261670.json
2025-12-05 19:19:13,249 - INFO - Scraping G.R. No. 247439 (2023): Sheriff Albert A. Dela Cruz of the Sandiganbayan S...
2025-12-05 19:19:13,929 - INFO -   ✓ Found at: https://lawphil.net/judjuris/juri2023/aug2023/gr_247439_2023.html
2025-12-05 19:19:13,932 - INFO -   ✓ Saved: RESTRUCTURED_DB/2023/august/247439.json
2025-12-05 19:19:14,432 - INFO - Scraping G.R. No. 232778 (2023): Republic of the Philippines vs. Spouses Rolly D. T...
2025-12-05 19:19:14,886 - INFO -   ✓ Found at: https://lawphil.net/judjuris/juri2023/aug2023/gr_232778_2023.html
2025-12-05 19:19:14,889 - INFO -   ✓ Saved: RESTRUCTURED_DB/2023/august/232778.json
2025-12-05 19:19:15,389 - INFO - Scraping G.R. No. 240632 (2023): Librado C. Navarro vs. Commission on AuditConcurri...
2025-12-05 19:19:15,632 - INFO -   ✓ Found at: https://lawphil.net/judjuris/juri2023/aug2023/gr_240632_2023.html
2025-12-05 19:19:15,634 - INFO -   ✓ Saved: RESTRUCTURED_DB/2023/august/240632.json
2025-12-05 19:19:16,134 - INFO - Scraping G.R. No. 261207 (2023): Topbest Printing Corporation vs. Sofia C. GemoraCo...
2025-12-05 19:19:16,385 - INFO -   ✓ Found at: https://lawphil.net/judjuris/juri2023/aug2023/gr_261207_2023.html
2025-12-05 19:19:16,387 - INFO -   ✓ Saved: RESTRUCTURED_DB/2023/august/261207.json
2025-12-05 19:19:16,888 - INFO - Scraping G.R. No. 239350 (2023): J. Paul Q. Octaviano vs. Board of Architecture of ...
2025-12-05 19:19:17,140 - INFO -   ✓ Found at: https://lawphil.net/judjuris/juri2023/aug2023/gr_239350_2023.html
2025-12-05 19:19:17,143 - INFO -   ✓ Saved: RESTRUCTURED_DB/2023/august/239350.json
2025-12-05 19:19:17,644 - INFO - Scraping G.R. No. 262581 (2023): People of the Philippine vs. Sps. XXX262581 and YY...
2025-12-05 19:19:18,032 - INFO -   ✓ Found at: https://lawphil.net/judjuris/juri2023/aug2023/gr_262581_2023.html
2025-12-05 19:19:18,034 - INFO -   ✓ Saved: RESTRUCTURED_DB/2023/august/262581.json
2025-12-05 19:19:18,534 - INFO - Scraping G.R. No. 245855 (2023): Romeo DC. Resulta vs. Public Assistance and Corrup...
2025-12-05 19:19:19,003 - INFO -   ✓ Found at: https://lawphil.net/judjuris/juri2023/aug2023/gr_245855_2023.html
2025-12-05 19:19:19,005 - INFO -   ✓ Saved: RESTRUCTURED_DB/2023/august/245855.json
2025-12-05 19:19:19,505 - INFO - Scraping G.R. No. 255740 (2023): Pastor Corpus, Jr. y Belmoro vs. People of the Phi...
2025-12-05 19:19:19,986 - INFO -   ✓ Found at: https://lawphil.net/judjuris/juri2023/aug2023/gr_255740_2023.html
2025-12-05 19:19:19,987 - INFO -   ✓ Saved: RESTRUCTURED_DB/2023/august/255740.json
2025-12-05 19:19:20,488 - INFO - Scraping G.R. No. 246942 (2023): People of the Philippines vs. Josephine Angsico, e...
2025-12-05 19:19:20,962 - INFO -   ✓ Found at: https://lawphil.net/judjuris/juri2023/aug2023/gr_246942_2023.html
2025-12-05 19:19:20,965 - INFO -   ✓ Saved: RESTRUCTURED_DB/2023/august/246942.json
2025-12-05 19:19:21,465 - INFO - Scraping G.R. No. 263706 (2023): People of the Philippines vs. Annie Frency Nuñez y...
2025-12-05 19:19:21,722 - INFO -   ✓ Found at: https://lawphil.net/judjuris/juri2023/aug2023/gr_263706_2023.html
2025-12-05 19:19:21,724 - INFO -   ✓ Saved: RESTRUCTURED_DB/2023/august/263706.json
2025-12-05 19:19:22,224 - INFO - Scraping G.R. No. 264958 (2023): People of the Philippines vs. Jonnel Delos Reyes y...
2025-12-05 19:19:22,508 - INFO -   ✓ Found at: https://lawphil.net/judjuris/juri2023/aug2023/gr_264958_2023.html
2025-12-05 19:19:22,509 - INFO -   ✓ Saved: RESTRUCTURED_DB/2023/august/264958.json
2025-12-05 19:19:23,009 - INFO - Scraping G.R. No. 258694 (2023): People of the Philippines vs. YYY258694 and XXX258...
2025-12-05 19:19:23,540 - INFO -   ✓ Found at: https://lawphil.net/judjuris/juri2023/aug2023/gr_258694_2023.html
2025-12-05 19:19:23,542 - INFO -   ✓ Saved: RESTRUCTURED_DB/2023/august/258694.json
2025-12-05 19:19:24,042 - INFO - Scraping G.R. No. 261610 (2023): Jarosla V Dobes, Barbo Ra Plaskov A, and Bono Luka...
2025-12-05 19:19:24,652 - INFO -   ✓ Found at: https://lawphil.net/judjuris/juri2023/aug2023/gr_261610_2023.html
2025-12-05 19:19:24,654 - INFO -   ✓ Saved: RESTRUCTURED_DB/2023/august/261610.json
2025-12-05 19:19:25,154 - INFO - Scraping G.R. No. 247737 (2023): Mcdonald'S Philippines Realty Corporation vs. Comm...
2025-12-05 19:19:25,614 - INFO -   ✓ Found at: https://lawphil.net/judjuris/juri2023/aug2023/gr_247737_2023.html
2025-12-05 19:19:25,618 - INFO -   ✓ Saved: RESTRUCTURED_DB/2023/august/247737.json
2025-12-05 19:19:26,118 - INFO - Scraping G.R. No. 264029 (2023): Joenar Vargas Agravante vs. Commission on Election...
2025-12-05 19:19:26,362 - INFO -   ✓ Found at: https://lawphil.net/judjuris/juri2023/aug2023/gr_264029_2023.html
2025-12-05 19:19:26,364 - INFO -   ✓ Saved: RESTRUCTURED_DB/2023/august/264029.json
2025-12-05 19:19:26,864 - INFO - Scraping G.R. No. 255981 (2023): XXX vs. People of the Philippines...
2025-12-05 19:19:27,320 - INFO -   ✓ Found at: https://lawphil.net/judjuris/juri2023/aug2023/gr_255981_2023.html
2025-12-05 19:19:27,322 - INFO -   ✓ Saved: RESTRUCTURED_DB/2023/august/255981.json
2025-12-05 19:19:27,822 - INFO - Scraping G.R. No. 217417 (2023): People of the Philippines vs. Development Bank of ...
2025-12-05 19:19:28,072 - INFO -   ✓ Found at: https://lawphil.net/judjuris/juri2023/aug2023/gr_217417_2023.html
2025-12-05 19:19:28,074 - INFO -   ✓ Saved: RESTRUCTURED_DB/2023/august/217417.json
2025-12-05 19:19:28,574 - INFO - Scraping G.R. No. 256022 (2023): Pedro J. Amarille vs. People of the PhilippinesCon...
2025-12-05 19:19:28,831 - INFO -   ✓ Found at: https://lawphil.net/judjuris/juri2023/aug2023/gr_256022_2023.html
2025-12-05 19:19:28,832 - INFO -   ✓ Saved: RESTRUCTURED_DB/2023/august/256022.json
2025-12-05 19:19:29,333 - INFO - Scraping G.R. No. 261084 (2023): Leo I. Gerundo vs. People of the Philippines...
2025-12-05 19:19:29,796 - INFO -   ✓ Found at: https://lawphil.net/judjuris/juri2023/aug2023/gr_261084_2023.html
2025-12-05 19:19:29,797 - INFO -   ✓ Saved: RESTRUCTURED_DB/2023/august/261084.json
2025-12-05 19:19:30,297 - INFO - Scraping G.R. No. 255583 (2023): Axel Tria y Cipriano vs. People of the Philippines...
2025-12-05 19:19:30,756 - INFO -   ✓ Found at: https://lawphil.net/judjuris/juri2023/aug2023/gr_255583_2023.html
2025-12-05 19:19:30,758 - INFO -   ✓ Saved: RESTRUCTURED_DB/2023/august/255583.json
2025-12-05 19:19:31,258 - INFO - Scraping G.R. No. 263227 (2023): People of the Philippines vs. XXX...
2025-12-05 19:19:31,498 - INFO -   ✓ Found at: https://lawphil.net/judjuris/juri2023/aug2023/gr_263227_2023.html
2025-12-05 19:19:31,500 - INFO -   ✓ Saved: RESTRUCTURED_DB/2023/august/263227.json
2025-12-05 19:19:32,000 - INFO - Scraping G.R. No. 249121 (2023): Felix Nathaniel "Angel" Villanueva Manalo II vs. P...
2025-12-05 19:19:32,384 - INFO -   ✓ Found at: https://lawphil.net/judjuris/juri2023/aug2023/gr_249121_2023.html
2025-12-05 19:19:32,386 - INFO -   ✓ Saved: RESTRUCTURED_DB/2023/august/249121.json
2025-12-05 19:19:32,886 - INFO - Scraping G.R. No. 251350 (2023): Isabel Cojuangco-Suntay and Emilio Cojuangco-Sunta...
2025-12-05 19:19:33,288 - INFO -   ✓ Found at: https://lawphil.net/judjuris/juri2023/aug2023/gr_251350_2023.html
2025-12-05 19:19:33,290 - INFO -   ✓ Saved: RESTRUCTURED_DB/2023/august/251350.json
2025-12-05 19:19:33,790 - INFO - Scraping G.R. No. 258887 (2023): Luz Delos Santos vs. Demy Alma M. Delos Santos, et...
2025-12-05 19:19:34,248 - INFO -   ✓ Found at: https://lawphil.net/judjuris/juri2023/jul2023/gr_258887_2023.html
2025-12-05 19:19:34,250 - INFO -   ✓ Saved: RESTRUCTURED_DB/2023/july/258887.json
2025-12-05 19:19:34,750 - INFO - Scraping G.R. No. 263264 (2023): People of the Philippines vs. Karen Aquino y Gabri...
2025-12-05 19:19:35,001 - INFO -   ✓ Found at: https://lawphil.net/judjuris/juri2023/jul2023/gr_263264_2023.html
2025-12-05 19:19:35,003 - INFO -   ✓ Saved: RESTRUCTURED_DB/2023/july/263264.json
2025-12-05 19:19:35,503 - INFO - Scraping G.R. No. 250486 (2023): Tagumpay Realty Corporation vs. Empire East Land H...
2025-12-05 19:19:35,755 - INFO -   ✓ Found at: https://lawphil.net/judjuris/juri2023/jul2023/gr_250486_2023.html
2025-12-05 19:19:35,756 - INFO -   ✓ Saved: RESTRUCTURED_DB/2023/july/250486.json
2025-12-05 19:19:36,256 - INFO - Scraping G.R. No. 256624 (2023): Joy Batislaon y Balicbalic vs. People of the Phili...
2025-12-05 19:19:36,729 - INFO -   ✓ Found at: https://lawphil.net/judjuris/juri2023/jul2023/gr_256624_2023.html
2025-12-05 19:19:36,730 - INFO -   ✓ Saved: RESTRUCTURED_DB/2023/july/256624.json
2025-12-05 19:19:37,231 - INFO - Scraping G.R. No. 261125 (2023): Peter Paul G. Marasigan vs. Benito G. Marasigan, E...
2025-12-05 19:19:37,908 - INFO -   ✓ Found at: https://lawphil.net/judjuris/juri2023/jul2023/gr_261125_2023.html
2025-12-05 19:19:37,911 - INFO -   ✓ Saved: RESTRUCTURED_DB/2023/july/261125.json
2025-12-05 19:19:38,411 - INFO - 
Batch 1 complete:
2025-12-05 19:19:38,411 - INFO -   Successful: 99
2025-12-05 19:19:38,411 - INFO -   Failed: 1
2025-12-05 19:19:38,411 - INFO -   Skipped: 0
2025-12-05 19:19:38,411 - INFO - 
Overall progress: 100/210 cases
2025-12-05 19:19:38,411 - INFO - 
================================================================================
2025-12-05 19:19:38,411 - INFO - BATCH 2/3 (100 cases)
2025-12-05 19:19:38,411 - INFO - ================================================================================
2025-12-05 19:19:38,411 - INFO - Scraping G.R. No. 202417 (2023): Hon. Corazon J. Soliman vs. Carlos T. Santos...
2025-12-05 19:19:38,999 - INFO -   ✓ Found at: https://lawphil.net/judjuris/juri2023/jul2023/gr_202417_2023.html
2025-12-05 19:19:39,001 - INFO -   ✓ Saved: RESTRUCTURED_DB/2023/july/202417.json
2025-12-05 19:19:39,501 - INFO - Scraping G.R. No. 255632 (2023): Danica L. Medina vs. People of the Philippines...
2025-12-05 19:19:40,255 - INFO -   ✓ Found at: https://lawphil.net/judjuris/juri2023/jul2023/gr_255632_2023.html
2025-12-05 19:19:40,257 - INFO -   ✓ Saved: RESTRUCTURED_DB/2023/july/255632.json
2025-12-05 19:19:40,758 - INFO - Scraping G.R. No. 245926 (2023): People of the Philippines vs. Accused-Appellant...
2025-12-05 19:19:41,215 - INFO -   ✓ Found at: https://lawphil.net/judjuris/juri2023/jul2023/gr_245926_2023.html
2025-12-05 19:19:41,217 - INFO -   ✓ Saved: RESTRUCTURED_DB/2023/july/245926.json
2025-12-05 19:19:41,717 - INFO - Scraping G.R. No. 258925 (2023): People of the Philippines vs. Mark John Maantos y ...
2025-12-05 19:19:42,225 - INFO -   ✓ Found at: https://lawphil.net/judjuris/juri2023/jul2023/gr_258925_2023.html
2025-12-05 19:19:42,227 - INFO -   ✓ Saved: RESTRUCTURED_DB/2023/july/258925.json
2025-12-05 19:19:42,727 - INFO - Scraping G.R. No. 254001 (2023): Bayyo Association, Inc. and Anselmo D. Perweg vs. ...
2025-12-05 19:19:43,451 - INFO -   ✓ Found at: https://lawphil.net/judjuris/juri2023/jul2023/gr_254001_2023.html
2025-12-05 19:19:43,453 - INFO -   ✓ Saved: RESTRUCTURED_DB/2023/july/254001.json
2025-12-05 19:19:43,953 - INFO - Scraping G.R. No. 209479 (2023): Federation of Jeepney Operators and Drivers Associ...
2025-12-05 19:19:44,410 - INFO -   ✓ Found at: https://lawphil.net/judjuris/juri2023/jul2023/gr_209479_2023.html
2025-12-05 19:19:44,414 - INFO -   ✓ Saved: RESTRUCTURED_DB/2023/july/209479.json
2025-12-05 19:19:44,915 - INFO - Scraping G.R. No. 260116 (2023): Mayor Agnes Villanueva vs. Honorable Commision on ...
2025-12-05 19:19:45,175 - INFO -   ✓ Found at: https://lawphil.net/judjuris/juri2023/jul2023/gr_260116_2023.html
2025-12-05 19:19:45,177 - INFO -   ✓ Saved: RESTRUCTURED_DB/2023/july/260116.json
2025-12-05 19:19:45,678 - INFO - Scraping G.R. No. 229471 (2023): Pacific Cement Company vs. Oil and Natural Gas Com...
2025-12-05 19:19:46,390 - INFO -   ✓ Found at: https://lawphil.net/judjuris/juri2023/jul2023/gr_229471_2023.html
2025-12-05 19:19:46,393 - INFO -   ✓ Saved: RESTRUCTURED_DB/2023/july/229471.json
2025-12-05 19:19:46,893 - INFO - Scraping G.R. No. 233930 (2023): Anna May V. Baquirin, et al. vs. Ronald M. Dela Ro...
2025-12-05 19:19:47,314 - INFO -   ✓ Found at: https://lawphil.net/judjuris/juri2023/jul2023/gr_233930_2023.html
2025-12-05 19:19:47,315 - INFO -   ✓ Saved: RESTRUCTURED_DB/2023/july/233930.json
2025-12-05 19:19:47,815 - INFO - Scraping G.R. No. 250610 (2023): People of the Philippines vs. Francis Lorenzo -Ver...
2025-12-05 19:19:48,277 - INFO -   ✓ Found at: https://lawphil.net/judjuris/juri2023/jul2023/gr_250610_2023.html
2025-12-05 19:19:48,281 - INFO -   ✓ Saved: RESTRUCTURED_DB/2023/july/250610.json
2025-12-05 19:19:48,781 - INFO - Scraping G.R. No. 254586 (2023): Rosell R. Arguilles vs. Wilhelmsen Smith Bell Mann...
2025-12-05 19:19:49,048 - INFO -   ✓ Found at: https://lawphil.net/judjuris/juri2023/jul2023/gr_254586_2023.html
2025-12-05 19:19:49,051 - INFO -   ✓ Saved: RESTRUCTURED_DB/2023/july/254586.json
2025-12-05 19:19:49,551 - INFO - Scraping G.R. No. 244202 (2023): Mannasofttechnology Corporation vs. Commissioner o...
2025-12-05 19:19:50,019 - INFO -   ✓ Found at: https://lawphil.net/judjuris/juri2023/jul2023/gr_244202_2023.html
2025-12-05 19:19:50,021 - INFO -   ✓ Saved: RESTRUCTURED_DB/2023/july/244202.json
2025-12-05 19:19:50,521 - INFO - Scraping G.R. No. 256798 (2023): Jerry Dean A. Palaoag vs. People of the Philippine...
2025-12-05 19:19:50,789 - INFO -   ✓ Found at: https://lawphil.net/judjuris/juri2023/jul2023/gr_256798_2023.html
2025-12-05 19:19:50,790 - INFO -   ✓ Saved: RESTRUCTURED_DB/2023/july/256798.json
2025-12-05 19:19:51,291 - INFO - Scraping G.R. No. 251732 (2023): Julius Enrico Tijam y Noche and Kenneth Bacsid y R...
2025-12-05 19:19:51,759 - INFO -   ✓ Found at: https://lawphil.net/judjuris/juri2023/jul2023/gr_251732_2023.html
2025-12-05 19:19:51,761 - INFO -   ✓ Saved: RESTRUCTURED_DB/2023/july/251732.json
2025-12-05 19:19:52,262 - INFO - Scraping G.R. No. 237277 (2023): Alaska Milk Corporation vs. Ruben P. Paez, Florent...
2025-12-05 19:19:52,724 - INFO -   ✓ Found at: https://lawphil.net/judjuris/juri2023/jul2023/gr_237277_2023.html
2025-12-05 19:19:52,728 - INFO -   ✓ Saved: RESTRUCTURED_DB/2023/july/237277.json
2025-12-05 19:19:53,228 - INFO - Scraping G.R. No. 253716 (2023): Platinum Group Metals Corporation vs. the Mercatil...
2025-12-05 19:19:53,696 - INFO -   ✓ Found at: https://lawphil.net/judjuris/juri2023/jul2023/gr_253716_2023.html
2025-12-05 19:19:53,699 - INFO -   ✓ Saved: RESTRUCTURED_DB/2023/july/253716.json
2025-12-05 19:19:54,199 - INFO - Scraping G.R. No. 261065 (2023): Commissioner of Internal Revenue vs. Maxicare Heal...
2025-12-05 19:19:54,869 - INFO -   ✓ Found at: https://lawphil.net/judjuris/juri2023/jul2023/gr_261065_2023.html
2025-12-05 19:19:54,872 - INFO -   ✓ Saved: RESTRUCTURED_DB/2023/july/261065.json
2025-12-05 19:19:55,373 - INFO - Scraping G.R. No. 253531 (2023): Elizabeth Vidal- Plucena vs. Hon. Fla Viano Balgos...
2025-12-05 19:19:56,009 - INFO -   ✓ Found at: https://lawphil.net/judjuris/juri2023/jul2023/gr_253531_2023.html
2025-12-05 19:19:56,010 - INFO -   ✓ Saved: RESTRUCTURED_DB/2023/july/253531.json
2025-12-05 19:19:56,510 - INFO - Scraping G.R. No. 254753 (2023): Siegfred D. Deduro vs. Maj. Gen. Eric C. VinoyaCon...
2025-12-05 19:19:57,168 - INFO -   ✓ Found at: https://lawphil.net/judjuris/juri2023/jul2023/gr_254753_2023.html
2025-12-05 19:19:57,172 - INFO -   ✓ Saved: RESTRUCTURED_DB/2023/july/254753.json
2025-12-05 19:19:57,672 - INFO - Scraping G.R. No. 217862 (2023): Camilo L. Sabio vs. Alain Baguisi, Ma. Kristina C....
2025-12-05 19:19:58,346 - INFO -   ✓ Found at: https://lawphil.net/judjuris/juri2023/jul2023/gr_217862_2023.html
2025-12-05 19:19:58,348 - INFO -   ✓ Saved: RESTRUCTURED_DB/2023/july/217862.json
2025-12-05 19:19:58,848 - INFO - Scraping G.R. No. 256060 (2023): Poro Exim Corporation vs. Office of the Ombudsman...
2025-12-05 19:19:59,446 - INFO -   ✓ Found at: https://lawphil.net/judjuris/juri2023/jun2023/gr_256060_2023.html
2025-12-05 19:19:59,448 - INFO -   ✓ Saved: RESTRUCTURED_DB/2023/june/256060.json
2025-12-05 19:19:59,948 - INFO - Scraping G.R. No. 182734 (2023): Bayan Muna Party-List Representatives Satur C. Oca...
2025-12-05 19:20:00,247 - INFO -   ✓ Found at: https://lawphil.net/judjuris/juri2023/jun2023/gr_182734_2023.html
2025-12-05 19:20:00,249 - INFO -   ✓ Saved: RESTRUCTURED_DB/2023/june/182734.json
2025-12-05 19:20:00,749 - INFO - Scraping G.R. No. 246126 (2023): Patricia Marie I. Ranada, et al. vs. Office of the...
2025-12-05 19:20:01,021 - INFO -   ✓ Found at: https://lawphil.net/judjuris/juri2023/jun2023/gr_246126_2023.html
2025-12-05 19:20:01,023 - INFO -   ✓ Saved: RESTRUCTURED_DB/2023/june/246126.json
2025-12-05 19:20:01,524 - INFO - Scraping G.R. No. 218008 (2023): Maria Josephine Praxedes Octaviano vs. Karl Heinz ...
2025-12-05 19:20:01,784 - INFO -   ✓ Found at: https://lawphil.net/judjuris/juri2023/jun2023/gr_218008_2023.html
2025-12-05 19:20:01,785 - INFO -   ✓ Saved: RESTRUCTURED_DB/2023/june/218008.json
2025-12-05 19:20:02,285 - INFO - Scraping G.R. No. 253069 (2023): Republic of the Philippines vs. Spouses Roberto an...
2025-12-05 19:20:02,862 - INFO -   ✓ Found at: https://lawphil.net/judjuris/juri2023/jun2023/gr_253069_2023.html
2025-12-05 19:20:02,863 - INFO -   ✓ Saved: RESTRUCTURED_DB/2023/june/253069.json
2025-12-05 19:20:03,363 - INFO - Scraping G.R. No. 234203 (2023): The Heirs of Loreto San Jose Ferrer vs. Rosita San...
2025-12-05 19:20:03,618 - INFO -   ✓ Found at: https://lawphil.net/judjuris/juri2023/jun2023/gr_234203_2023.html
2025-12-05 19:20:03,620 - INFO -   ✓ Saved: RESTRUCTURED_DB/2023/june/234203.json
2025-12-05 19:20:04,120 - INFO - Scraping G.R. No. 205074 (2023): Joel Cordero, et al. vs. Gutierrez Development Co....
2025-12-05 19:20:04,482 - INFO -   ✓ Found at: https://lawphil.net/judjuris/juri2023/jun2023/gr_205074_2023.html
2025-12-05 19:20:04,483 - INFO -   ✓ Saved: RESTRUCTURED_DB/2023/june/205074.json
2025-12-05 19:20:04,983 - INFO - Scraping G.R. No. 231145 (2023): Social Security System vs. Hon. Gina M. Bibat-Pala...
2025-12-05 19:20:05,226 - INFO -   ✓ Found at: https://lawphil.net/judjuris/juri2023/jun2023/gr_231145_2023.html
2025-12-05 19:20:05,227 - INFO -   ✓ Saved: RESTRUCTURED_DB/2023/june/231145.json
2025-12-05 19:20:05,727 - INFO - Scraping G.R. No. 234660 (2023): Spouses Magdalino Gabun and Carol Gabun, Nora A. L...
2025-12-05 19:20:06,412 - INFO -   ✓ Found at: https://lawphil.net/judjuris/juri2023/jun2023/gr_234660_2023.html
2025-12-05 19:20:06,415 - INFO -   ✓ Saved: RESTRUCTURED_DB/2023/june/234660.json
2025-12-05 19:20:06,915 - INFO - Scraping G.R. No. 243864 (2023): Integrated Supervisors Union-Apsoteu-Tucp and Emma...
2025-12-05 19:20:07,376 - INFO -   ✓ Found at: https://lawphil.net/judjuris/juri2023/jun2023/gr_243864_2023.html
2025-12-05 19:20:07,379 - INFO -   ✓ Saved: RESTRUCTURED_DB/2023/june/243864.json
2025-12-05 19:20:07,879 - INFO - Scraping G.R. No. 246081 (2023): Ignacio Balicanta III y Cuatro vs. People of the P...
2025-12-05 19:20:08,358 - INFO -   ✓ Found at: https://lawphil.net/judjuris/juri2023/jun2023/gr_246081_2023.html
2025-12-05 19:20:08,359 - INFO -   ✓ Saved: RESTRUCTURED_DB/2023/june/246081.json
2025-12-05 19:20:08,859 - INFO - Scraping G.R. No. 231395 (2023): AFP Retirement and Separation Benefits System (AFP...
2025-12-05 19:20:09,538 - INFO -   ✓ Found at: https://lawphil.net/judjuris/juri2023/jun2023/gr_231395_2023.html
2025-12-05 19:20:09,541 - INFO -   ✓ Saved: RESTRUCTURED_DB/2023/june/231395.json
2025-12-05 19:20:10,042 - INFO - Scraping G.R. No. 260823 (2023): People of the Philippines vs. Rizalina Janario Gum...
2025-12-05 19:20:10,289 - INFO -   ✓ Found at: https://lawphil.net/judjuris/juri2023/jun2023/gr_260823_2023.html
2025-12-05 19:20:10,291 - INFO -   ✓ Saved: RESTRUCTURED_DB/2023/june/260823.json
2025-12-05 19:20:10,791 - INFO - Scraping G.R. No. 234614 (2023): Oceanagold (Philippines), Inc. vs. Commissioner of...
2025-12-05 19:20:11,439 - INFO -   ✓ Found at: https://lawphil.net/judjuris/juri2023/jun2023/gr_234614_2023.html
2025-12-05 19:20:11,440 - INFO -   ✓ Saved: RESTRUCTURED_DB/2023/june/234614.json
2025-12-05 19:20:11,940 - INFO - Scraping G.R. No. 257427 (2023): Florida P. Robes vs. Commission on ElectionsSepara...
2025-12-05 19:20:12,178 - INFO -   ✓ Found at: https://lawphil.net/judjuris/juri2023/jun2023/gr_257427_2023.html
2025-12-05 19:20:12,180 - INFO -   ✓ Saved: RESTRUCTURED_DB/2023/june/257427.json
2025-12-05 19:20:12,680 - INFO - Scraping G.R. No. 223865 (2023): Silahis International Hotel, Inc. vs. Court of App...
2025-12-05 19:20:12,921 - INFO -   ✓ Found at: https://lawphil.net/judjuris/juri2023/jun2023/gr_223865_2023.html
2025-12-05 19:20:12,923 - INFO -   ✓ Saved: RESTRUCTURED_DB/2023/june/223865.json
2025-12-05 19:20:13,424 - INFO - Scraping G.R. No. 184635 (2023): Initiative for Dialogue and Empowerment Through Al...
2025-12-05 19:20:13,891 - INFO -   ✓ Found at: https://lawphil.net/judjuris/juri2023/jun2023/gr_184635_2023.html
2025-12-05 19:20:13,899 - INFO -   ✓ Saved: RESTRUCTURED_DB/2023/june/184635.json
2025-12-05 19:20:14,400 - INFO - Scraping G.R. No. 259354 (2023): National Press Club of the Philippines, Automated ...
2025-12-05 19:20:14,644 - INFO -   ✓ Found at: https://lawphil.net/judjuris/juri2023/jun2023/gr_259354_2023.html
2025-12-05 19:20:14,646 - INFO -   ✓ Saved: RESTRUCTURED_DB/2023/june/259354.json
2025-12-05 19:20:15,146 - INFO - Scraping G.R. No. 217064 (2023): Naomi Lourdes A. Herrera vs. Sandiganbayan of the ...
2025-12-05 19:20:15,921 - INFO -   ✓ Found at: https://lawphil.net/judjuris/juri2023/jun2023/gr_217064_2023.html
2025-12-05 19:20:15,923 - INFO -   ✓ Saved: RESTRUCTURED_DB/2023/june/217064.json
2025-12-05 19:20:16,423 - INFO - Scraping G.R. No. 249283 (2023): PO2 Ireneo M. Sosas, Jr. vs. People of the Philipp...
2025-12-05 19:20:16,678 - INFO -   ✓ Found at: https://lawphil.net/judjuris/juri2023/apr2023/gr_249283_2023.html
2025-12-05 19:20:16,680 - INFO -   ✓ Saved: RESTRUCTURED_DB/2023/april/249283.json
2025-12-05 19:20:17,180 - INFO - Scraping G.R. No. 198609 (2023): Department of Finance and Department of Energy vs....
2025-12-05 19:20:17,427 - INFO -   ✓ Found at: https://lawphil.net/judjuris/juri2023/apr2023/gr_198609_2023.html
2025-12-05 19:20:17,429 - INFO -   ✓ Saved: RESTRUCTURED_DB/2023/april/198609.json
2025-12-05 19:20:17,929 - INFO - Scraping G.R. No. 244054 (2023): Gloria F. Quiroz vs. Ramon R. Nalus...
2025-12-05 19:20:18,174 - INFO -   ✓ Found at: https://lawphil.net/judjuris/juri2023/apr2023/gr_244054_2023.html
2025-12-05 19:20:18,174 - INFO -   ✓ Saved: RESTRUCTURED_DB/2023/april/244054.json
2025-12-05 19:20:18,675 - INFO - Scraping G.R. No. 237558 (2023): Margarito B. Teves vs. Office of the Ombudsman...
2025-12-05 19:20:18,921 - INFO -   ✓ Found at: https://lawphil.net/judjuris/juri2023/apr2023/gr_237558_2023.html
2025-12-05 19:20:18,923 - INFO -   ✓ Saved: RESTRUCTURED_DB/2023/april/237558.json
2025-12-05 19:20:19,423 - INFO - Scraping G.R. No. 204568 (2023): Herman G. Limbo vs. People of the Philippines/Ceci...
2025-12-05 19:20:27,899 - WARNING -   ✗ Not found for G.R. No. 204568
2025-12-05 19:20:28,400 - INFO - Scraping G.R. No. 257342 (2023): Mary Elizabeth Ortiga Ty vs. House of Representati...
2025-12-05 19:20:28,744 - INFO -   ✓ Found at: https://lawphil.net/judjuris/juri2023/apr2023/gr_257342_2023.html
2025-12-05 19:20:28,745 - INFO -   ✓ Saved: RESTRUCTURED_DB/2023/april/257342.json
2025-12-05 19:20:29,245 - INFO - Scraping G.R. No. 228234 (2023): Jovencio H. Evangelista vs. Philippine Amusement a...
2025-12-05 19:20:30,014 - INFO -   ✓ Found at: https://lawphil.net/judjuris/juri2023/apr2023/gr_228234_2023.html
2025-12-05 19:20:30,018 - INFO -   ✓ Saved: RESTRUCTURED_DB/2023/april/228234.json
2025-12-05 19:20:30,518 - INFO - Scraping G.R. No. 227004 (2023): ABS-CBN Corporation and Jorge Cariño vs. Datu Anda...
2025-12-05 19:20:31,203 - INFO -   ✓ Found at: https://lawphil.net/judjuris/juri2023/apr2023/gr_227004_2023.html
2025-12-05 19:20:31,223 - INFO -   ✓ Saved: RESTRUCTURED_DB/2023/april/227004.json
2025-12-05 19:20:31,723 - INFO - Scraping G.R. No. 256700 (2023): People of the Philippines vs. Jomerito S. SolimanC...
2025-12-05 19:20:31,983 - INFO -   ✓ Found at: https://lawphil.net/judjuris/juri2023/apr2023/gr_256700_2023.html
2025-12-05 19:20:31,986 - INFO -   ✓ Saved: RESTRUCTURED_DB/2023/april/256700.json
2025-12-05 19:20:32,486 - INFO - Scraping G.R. No. 204687 (2023): United Coconut Planters Bank vs. Commissioner of I...
2025-12-05 19:20:32,734 - INFO -   ✓ Found at: https://lawphil.net/judjuris/juri2023/apr2023/gr_204687_2023.html
2025-12-05 19:20:32,735 - INFO -   ✓ Saved: RESTRUCTURED_DB/2023/april/204687.json
2025-12-05 19:20:33,236 - INFO - Scraping G.R. No. 236140 (2023): Josefina C. Billote vs. Spouses Victor and Remedio...
2025-12-05 19:20:34,186 - INFO -   ✓ Found at: https://lawphil.net/judjuris/juri2023/apr2023/gr_236140_2023.html
2025-12-05 19:20:34,190 - INFO -   ✓ Saved: RESTRUCTURED_DB/2023/april/236140.json
2025-12-05 19:20:34,690 - INFO - Scraping G.R. No. 258126 (2023): Jonathan Gabriel Biron, Et Al. vs. People of the P...
2025-12-05 19:20:35,053 - INFO -   ✓ Found at: https://lawphil.net/judjuris/juri2023/apr2023/gr_258126_2023.html
2025-12-05 19:20:35,054 - INFO -   ✓ Saved: RESTRUCTURED_DB/2023/april/258126.json
2025-12-05 19:20:35,554 - INFO - Scraping G.R. No. 211772 (2023): Integrated Bar of the Philippines vs. Secretary Ce...
2025-12-05 19:20:36,471 - INFO -   ✓ Found at: https://lawphil.net/judjuris/juri2023/apr2023/gr_211772_2023.html
2025-12-05 19:20:36,475 - INFO -   ✓ Saved: RESTRUCTURED_DB/2023/april/211772.json
2025-12-05 19:20:36,976 - INFO - Scraping G.R. No. 225774 (2023): Jessie Javier Carlos vs. Department of Finance - R...
2025-12-05 19:20:37,232 - INFO -   ✓ Found at: https://lawphil.net/judjuris/juri2023/apr2023/gr_225774_2023.html
2025-12-05 19:20:37,234 - INFO -   ✓ Saved: RESTRUCTURED_DB/2023/april/225774.json
2025-12-05 19:20:37,734 - INFO - Scraping G.R. No. 249715 (2023): M.Y. Intercontinental Trading Corporation, Tedwin ...
2025-12-05 19:20:38,702 - INFO -   ✓ Found at: https://lawphil.net/judjuris/juri2023/apr2023/gr_249715_2023.html
2025-12-05 19:20:38,705 - INFO -   ✓ Saved: RESTRUCTURED_DB/2023/april/249715.json
2025-12-05 19:20:39,205 - INFO - Scraping G.R. No. 252790 (2023): Malayan Bank Savings and Mortgage Bank vs. Holcim ...
2025-12-05 19:20:39,486 - INFO -   ✓ Found at: https://lawphil.net/judjuris/juri2023/apr2023/gr_252790_2023.html
2025-12-05 19:20:39,488 - INFO -   ✓ Saved: RESTRUCTURED_DB/2023/april/252790.json
2025-12-05 19:20:39,988 - INFO - Scraping G.R. No. 260109 (2023): Rochard Balsalvio y Dominguez vs. People of the Ph...
2025-12-05 19:20:40,252 - INFO -   ✓ Found at: https://lawphil.net/judjuris/juri2023/apr2023/gr_260109_2023.html
2025-12-05 19:20:40,253 - INFO -   ✓ Saved: RESTRUCTURED_DB/2023/april/260109.json
2025-12-05 19:20:40,754 - INFO - Scraping G.R. No. 240126 (2023): Jamel M. Adoma vs. People of the Philippines...
2025-12-05 19:20:41,215 - INFO -   ✓ Found at: https://lawphil.net/judjuris/juri2023/apr2023/gr_240126_2023.html
2025-12-05 19:20:41,217 - INFO -   ✓ Saved: RESTRUCTURED_DB/2023/april/240126.json
2025-12-05 19:20:41,717 - INFO - Scraping G.R. No. 257805 (2023): Lee Saking y Anniban @ Lee Saking Sanniban vs. Peo...
2025-12-05 19:20:41,964 - INFO -   ✓ Found at: https://lawphil.net/judjuris/juri2023/apr2023/gr_257805_2023.html
2025-12-05 19:20:41,966 - INFO -   ✓ Saved: RESTRUCTURED_DB/2023/april/257805.json
2025-12-05 19:20:42,466 - INFO - Scraping G.R. No. 236173 (2023): Heirs of Nicanor Garcia vs. Spouses Dominador J. B...
2025-12-05 19:20:43,050 - INFO -   ✓ Found at: https://lawphil.net/judjuris/juri2023/apr2023/gr_236173_2023.html
2025-12-05 19:20:43,051 - INFO -   ✓ Saved: RESTRUCTURED_DB/2023/april/236173.json
2025-12-05 19:20:43,552 - INFO - Scraping G.R. No. 254194 (2023): Rosita V. Zamora vs. Ramon Bagatsing, Jr., et al....
2025-12-05 19:20:43,796 - INFO -   ✓ Found at: https://lawphil.net/judjuris/juri2023/mar2023/gr_254194_2023.html
2025-12-05 19:20:43,800 - INFO -   ✓ Saved: RESTRUCTURED_DB/2023/march/254194.json
2025-12-05 19:20:44,300 - INFO - Scraping G.R. No. 236525 (2023): Chevron Philippines, Inc. vs. Alberto T. Looyuko...
2025-12-05 19:20:44,550 - INFO -   ✓ Found at: https://lawphil.net/judjuris/juri2023/mar2023/gr_236525_2023.html
2025-12-05 19:20:44,553 - INFO -   ✓ Saved: RESTRUCTURED_DB/2023/march/236525.json
2025-12-05 19:20:45,053 - INFO - Scraping G.R. No. 249684 (2023): Spouses Eloisa Clarito Aba Yon and Rommil Regenio ...
2025-12-05 19:20:45,305 - INFO -   ✓ Found at: https://lawphil.net/judjuris/juri2023/mar2023/gr_249684_2023.html
2025-12-05 19:20:45,307 - INFO -   ✓ Saved: RESTRUCTURED_DB/2023/march/249684.json
2025-12-05 19:20:45,807 - INFO - Scraping G.R. No. 225204 (2023): F/Dir. Rogelio F.Asignado (Ret.), F/Dir. Jose E. C...
2025-12-05 19:20:53,951 - WARNING -   ✗ Not found for G.R. No. 225204
2025-12-05 19:20:54,451 - INFO - Scraping G.R. No. 244214 (2023): Republic of the Philippines, Represented By the De...
2025-12-05 19:21:02,803 - WARNING -   ✗ Not found for G.R. No. 244214
2025-12-05 19:21:03,304 - INFO - Scraping G.R. No. 215650 (2023): Augusto L. Syjuco, Jr. vs. Joseph Emilio AbayaConc...
2025-12-05 19:21:04,412 - INFO -   ✓ Found at: https://lawphil.net/judjuris/juri2023/mar2023/gr_215650_2023.html
2025-12-05 19:21:04,419 - INFO -   ✓ Saved: RESTRUCTURED_DB/2023/march/215650.json
2025-12-05 19:21:04,919 - INFO - Scraping G.R. No. 257401 (2023): Linconn Uy Ong vs. the Senate of the PhilippinesCo...
2025-12-05 19:21:05,604 - INFO -   ✓ Found at: https://lawphil.net/judjuris/juri2023/mar2023/gr_257401_2023.html
2025-12-05 19:21:05,608 - INFO -   ✓ Saved: RESTRUCTURED_DB/2023/march/257401.json
2025-12-05 19:21:06,108 - INFO - Scraping G.R. No. 243368 (2023): Paranaque Industry Owners Association vs. James Pa...
2025-12-05 19:21:06,449 - INFO -   ✓ Found at: https://lawphil.net/judjuris/juri2023/mar2023/gr_243368_2023.html
2025-12-05 19:21:06,451 - INFO -   ✓ Saved: RESTRUCTURED_DB/2023/march/243368.json
2025-12-05 19:21:06,952 - INFO - Scraping G.R. No. 215527 (2023): Presidential Commission on Good Government, Juliet...
2025-12-05 19:21:15,526 - WARNING -   ✗ Not found for G.R. No. 215527
