2025-11-23 05:02:48,714 - INFO - ================================================================================
2025-11-23 05:02:48,714 - INFO - SUPREME COURT CASE SCRAPER WITH BATCH COMMIT
2025-11-23 05:02:48,714 - INFO - ================================================================================
2025-11-23 05:02:48,714 - INFO - Database: RESTRUCTURED_DB
2025-11-23 05:02:48,714 - INFO - Batch size: 250
2025-11-23 05:02:48,714 - INFO - Cases to scrape: 8
2025-11-23 05:02:48,714 - INFO - 
2025-11-23 05:02:48,714 - INFO - Starting scraping for 8 cases...
2025-11-23 05:02:48,714 - INFO - 
Progress: 1/8
2025-11-23 05:02:48,714 - INFO - 
================================================================================
2025-11-23 05:02:48,715 - INFO - Scraping: Municipality of Tupi v. Faustino (G.R. No. 231896)
2025-11-23 05:02:48,715 - INFO - ================================================================================
2025-11-23 05:02:48,715 - INFO - Searching lawphil.net for G.R. No. 231896
2025-11-23 05:02:52,497 - WARNING -   ✗ Not found on lawphil.net
2025-11-23 05:02:55,498 - INFO - 
Progress: 2/8
2025-11-23 05:02:55,498 - INFO - 
================================================================================
2025-11-23 05:02:55,498 - INFO - Scraping: Manuel v. People (G.R. No. 165842)
2025-11-23 05:02:55,498 - INFO - ================================================================================
2025-11-23 05:02:55,498 - INFO - Searching lawphil.net for G.R. No. 165842
2025-11-23 05:02:58,677 - WARNING -   ✗ Not found on lawphil.net
2025-11-23 05:03:01,677 - INFO - 
Progress: 3/8
2025-11-23 05:03:01,678 - INFO - 
================================================================================
2025-11-23 05:03:01,678 - INFO - Scraping: Toyo v. Toyo (G.R. No. 213198)
2025-11-23 05:03:01,678 - INFO - ================================================================================
2025-11-23 05:03:01,678 - INFO - Searching lawphil.net for G.R. No. 213198
2025-11-23 05:03:04,245 - WARNING -   ✗ Not found on lawphil.net
2025-11-23 05:03:07,245 - INFO - 
Progress: 4/8
2025-11-23 05:03:07,245 - INFO - 
================================================================================
2025-11-23 05:03:07,245 - INFO - Scraping: Valeroso v. People (G.R. No. 164815)
2025-11-23 05:03:07,245 - INFO - ================================================================================
2025-11-23 05:03:07,245 - INFO - Searching lawphil.net for G.R. No. 164815
2025-11-23 05:03:09,825 - WARNING -   ✗ Not found on lawphil.net
2025-11-23 05:03:12,826 - INFO - 
Progress: 5/8
2025-11-23 05:03:12,826 - INFO - 
================================================================================
2025-11-23 05:03:12,826 - INFO - Scraping: San Miguel v. Commissioner (G.R. No. 257697)
2025-11-23 05:03:12,826 - INFO - ================================================================================
2025-11-23 05:03:12,826 - INFO - Searching lawphil.net for G.R. No. 257697
2025-11-23 05:03:15,447 - WARNING -   ✗ Not found on lawphil.net
2025-11-23 05:03:18,447 - INFO - 
Progress: 6/8
2025-11-23 05:03:18,448 - INFO - 
================================================================================
2025-11-23 05:03:18,448 - INFO - Scraping: Otamias v. Republic (G.R. No. 189516)
2025-11-23 05:03:18,448 - INFO - ================================================================================
2025-11-23 05:03:18,448 - INFO - Searching lawphil.net for G.R. No. 189516
2025-11-23 05:03:21,091 - WARNING -   ✗ Not found on lawphil.net
2025-11-23 05:03:24,092 - INFO - 
Progress: 7/8
2025-11-23 05:03:24,092 - INFO - 
================================================================================
2025-11-23 05:03:24,092 - INFO - Scraping: Sanico v. Colipano (G.R. No. 209969)
2025-11-23 05:03:24,092 - INFO - ================================================================================
2025-11-23 05:03:24,092 - INFO - Searching lawphil.net for G.R. No. 209969
2025-11-23 05:03:26,700 - WARNING -   ✗ Not found on lawphil.net
2025-11-23 05:03:29,701 - INFO - 
Progress: 8/8
2025-11-23 05:03:29,701 - INFO - 
================================================================================
2025-11-23 05:03:29,701 - INFO - Scraping: Film Devt. Council v. Colon (G.R. No. 203754)
2025-11-23 05:03:29,701 - INFO - ================================================================================
2025-11-23 05:03:29,701 - INFO - Searching lawphil.net for G.R. No. 203754
2025-11-23 05:03:32,372 - WARNING -   ✗ Not found on lawphil.net
2025-11-23 05:03:32,372 - INFO - 
Scraping complete: 0/8 successful
2025-11-23 05:03:32,372 - INFO - 
================================================================================
2025-11-23 05:03:32,372 - INFO - SCRAPING SUMMARY
2025-11-23 05:03:32,372 - INFO - ================================================================================
2025-11-23 05:03:32,372 - INFO - Total cases attempted: 8
2025-11-23 05:03:32,372 - INFO - Successful scrapes: 0
2025-11-23 05:03:32,372 - INFO - Failed scrapes: 8
2025-11-23 05:03:32,372 - INFO - Report saved to: SCRAPING_REPORT.json
2025-11-23 05:03:32,373 - INFO - ================================================================================
2025-11-23 05:03:32,373 - WARNING - 
Failed cases:
2025-11-23 05:03:32,373 - WARNING -   - G.R. 231896: Not found on lawphil.net
2025-11-23 05:03:32,373 - WARNING -   - G.R. 165842: Not found on lawphil.net
2025-11-23 05:03:32,373 - WARNING -   - G.R. 213198: Not found on lawphil.net
2025-11-23 05:03:32,373 - WARNING -   - G.R. 164815: Not found on lawphil.net
2025-11-23 05:03:32,373 - WARNING -   - G.R. 257697: Not found on lawphil.net
2025-11-23 05:03:32,373 - WARNING -   - G.R. 189516: Not found on lawphil.net
2025-11-23 05:03:32,373 - WARNING -   - G.R. 209969: Not found on lawphil.net
2025-11-23 05:03:32,373 - WARNING -   - G.R. 203754: Not found on lawphil.net
