nohup: ignoring input
2025-12-05 19:18:04,753 - INFO - Loading missing cases list...
2025-12-05 19:18:04,769 - INFO - ================================================================================
2025-12-05 19:18:04,769 - INFO - LAWPHIL BATCH SCRAPER
2025-12-05 19:18:04,769 - INFO - ================================================================================
2025-12-05 19:18:04,769 - INFO - Database path: RESTRUCTURED_DB
2025-12-05 19:18:04,769 - INFO - Cases to scrape: 730
2025-12-05 19:18:04,769 - INFO - Year range: 2016-2016
2025-12-05 19:18:04,769 - INFO - Batch size: 100
2025-12-05 19:18:04,769 - INFO - ================================================================================
2025-12-05 19:18:04,769 - INFO - 
================================================================================
2025-12-05 19:18:04,769 - INFO - BATCH 1/8 (100 cases)
2025-12-05 19:18:04,769 - INFO - ================================================================================
2025-12-05 19:18:04,769 - INFO - Scraping G.R. No. 201501 (2016): Republic of the Philippines vs. N. Dela Merced & S...
2025-12-05 19:18:12,924 - WARNING -   ✗ Not found for G.R. No. 201501
2025-12-05 19:18:13,424 - INFO - Scraping G.R. No. 201607 (2016): Hon. Cesar D. Buenaflor vs. Jose R. Ramirez, Jr....
2025-12-05 19:18:21,680 - WARNING -   ✗ Not found for G.R. No. 201607
2025-12-05 19:18:22,181 - INFO - Scraping G.R. No. 209776 (2016): Commissioner of Internal Revenue vs. United Cadiz ...
2025-12-05 19:18:22,780 - INFO -   ✓ Found at: https://lawphil.net/judjuris/juri2016/dec2016/gr_209776_2016.html
2025-12-05 19:18:22,783 - INFO -   ✓ Saved: RESTRUCTURED_DB/2016/december/209776.json
2025-12-05 19:18:23,283 - INFO - Scraping G.R. No. 220546 (2016): Luzon Iron Development Group Corporation and Conso...
2025-12-05 19:18:23,700 - INFO -   ✓ Found at: https://lawphil.net/judjuris/juri2016/dec2016/gr_220546_2016.html
2025-12-05 19:18:23,702 - INFO -   ✓ Saved: RESTRUCTURED_DB/2016/december/220546.json
2025-12-05 19:18:24,202 - INFO - Scraping G.R. No. 194554 (2016): Edgar Peñalosa, et al. vs. William C. Limqueco...
2025-12-05 19:18:24,449 - INFO -   ✓ Found at: https://lawphil.net/judjuris/juri2016/dec2016/gr_194554_2016.html
2025-12-05 19:18:24,452 - INFO -   ✓ Saved: RESTRUCTURED_DB/2016/december/194554.json
2025-12-05 19:18:24,952 - INFO - Scraping G.R. No. 189220 (2016): Albert Wilson vs. the Honorable Executive Secretar...
2025-12-05 19:18:25,354 - INFO -   ✓ Found at: https://lawphil.net/judjuris/juri2016/dec2016/gr_189220_2016.html
2025-12-05 19:18:25,356 - INFO -   ✓ Saved: RESTRUCTURED_DB/2016/december/189220.json
2025-12-05 19:18:25,856 - INFO - Scraping G.R. No. 218014 (2016): Eddie Cortel y Carna and Yellow Bus Line, Inc. vs....
2025-12-05 19:18:26,104 - INFO -   ✓ Found at: https://lawphil.net/judjuris/juri2016/dec2016/gr_218014_2016.html
2025-12-05 19:18:26,105 - INFO -   ✓ Saved: RESTRUCTURED_DB/2016/december/218014.json
2025-12-05 19:18:26,605 - INFO - Scraping G.R. No. 218333 (2016): Eddie Cortel y Carna and Yellow Bus Line, Inc. vs....
2025-12-05 19:18:26,852 - INFO -   ✓ Found at: https://lawphil.net/judjuris/juri2016/dec2016/gr_218333_2016.html
2025-12-05 19:18:26,853 - INFO -   ✓ Saved: RESTRUCTURED_DB/2016/december/218333.json
2025-12-05 19:18:27,353 - INFO - Scraping G.R. No. 211731 (2016): National Power Corporation vs. Sps. Conchita Malap...
2025-12-05 19:18:28,097 - INFO -   ✓ Found at: https://lawphil.net/judjuris/juri2016/dec2016/gr_211731_2016.html
2025-12-05 19:18:28,099 - INFO -   ✓ Saved: RESTRUCTURED_DB/2016/december/211731.json
2025-12-05 19:18:28,600 - INFO - Scraping G.R. No. 218345 (2016): Republic of the Philippines vs. the Estate of Virg...
2025-12-05 19:18:28,849 - INFO -   ✓ Found at: https://lawphil.net/judjuris/juri2016/dec2016/gr_218345_2016.html
2025-12-05 19:18:28,851 - INFO -   ✓ Saved: RESTRUCTURED_DB/2016/december/218345.json
2025-12-05 19:18:29,351 - INFO - Scraping G.R. No. 191856 (2016): Republic of the Philippines vs. Gmcc United Develo...
2025-12-05 19:18:29,902 - INFO -   ✓ Found at: https://lawphil.net/judjuris/juri2016/dec2016/gr_191856_2016.html
2025-12-05 19:18:29,904 - INFO -   ✓ Saved: RESTRUCTURED_DB/2016/december/191856.json
2025-12-05 19:18:30,404 - INFO - Scraping G.R. No. 219638 (2016): Marcelino Repuela and Cipriano Repuela, et al vs. ...
2025-12-05 19:18:30,732 - INFO -   ✓ Found at: https://lawphil.net/judjuris/juri2016/dec2016/gr_219638_2016.html
2025-12-05 19:18:30,733 - INFO -   ✓ Saved: RESTRUCTURED_DB/2016/december/219638.json
2025-12-05 19:18:31,233 - INFO - Scraping G.R. No. 210617 (2016): People of the Philippines vs. Orlando Fernandez y ...
2025-12-05 19:18:31,490 - INFO -   ✓ Found at: https://lawphil.net/judjuris/juri2016/dec2016/gr_210617_2016.html
2025-12-05 19:18:31,492 - INFO -   ✓ Saved: RESTRUCTURED_DB/2016/december/210617.json
2025-12-05 19:18:31,992 - INFO - Scraping G.R. No. 210656 (2016): People of the Philippines vs. Rosario Bayot Mahina...
2025-12-05 19:18:32,237 - INFO -   ✓ Found at: https://lawphil.net/judjuris/juri2016/dec2016/gr_210656_2016.html
2025-12-05 19:18:32,239 - INFO -   ✓ Saved: RESTRUCTURED_DB/2016/december/210656.json
2025-12-05 19:18:32,739 - INFO - Scraping G.R. No. 204063 (2016): People of the Philippines vs. Dr. David A. Sobrepe...
2025-12-05 19:18:32,985 - INFO -   ✓ Found at: https://lawphil.net/judjuris/juri2016/dec2016/gr_204063_2016.html
2025-12-05 19:18:32,986 - INFO -   ✓ Saved: RESTRUCTURED_DB/2016/december/204063.json
2025-12-05 19:18:33,486 - INFO - Scraping G.R. No. 196256 (2016): People of the Philippines vs. Willy Vallar, Heracl...
2025-12-05 19:18:33,735 - INFO -   ✓ Found at: https://lawphil.net/judjuris/juri2016/dec2016/gr_196256_2016.html
2025-12-05 19:18:33,738 - INFO -   ✓ Saved: RESTRUCTURED_DB/2016/december/196256.json
2025-12-05 19:18:34,238 - INFO - Scraping G.R. No. 211312 (2016): People's Security, Inc. and Nestor Racho vs. Juliu...
2025-12-05 19:18:34,484 - INFO -   ✓ Found at: https://lawphil.net/judjuris/juri2016/dec2016/gr_211312_2016.html
2025-12-05 19:18:34,485 - INFO -   ✓ Saved: RESTRUCTURED_DB/2016/december/211312.json
2025-12-05 19:18:34,985 - INFO - Scraping G.R. No. 192318 (2016): Reyno C. Dimson vs. Gerry T. Chua...
2025-12-05 19:18:35,588 - INFO -   ✓ Found at: https://lawphil.net/judjuris/juri2016/dec2016/gr_192318_2016.html
2025-12-05 19:18:35,590 - INFO -   ✓ Saved: RESTRUCTURED_DB/2016/december/192318.json
2025-12-05 19:18:36,090 - INFO - Scraping G.R. No. 206425 (2016): Vilma N. Clave vs. Office of the Ombudsman [Visaya...
2025-12-05 19:18:36,565 - INFO -   ✓ Found at: https://lawphil.net/judjuris/juri2016/dec2016/gr_206425_2016.html
2025-12-05 19:18:36,566 - INFO -   ✓ Saved: RESTRUCTURED_DB/2016/december/206425.json
2025-12-05 19:18:37,067 - INFO - Scraping G.R. No. 184466 (2016): Luz Anatolia E. Crispino, Caridad O. Echaves Reese...
2025-12-05 19:18:37,322 - INFO -   ✓ Found at: https://lawphil.net/judjuris/juri2016/dec2016/gr_184466_2016.html
2025-12-05 19:18:37,324 - INFO -   ✓ Saved: RESTRUCTURED_DB/2016/december/184466.json
2025-12-05 19:18:37,825 - INFO - Scraping G.R. No. 185312 (2016): Nicanor Malabanan, et al. vs. Heirs of Alfredo Res...
2025-12-05 19:18:38,524 - INFO -   ✓ Found at: https://lawphil.net/judjuris/juri2016/dec2016/gr_185312_2016.html
2025-12-05 19:18:38,527 - INFO -   ✓ Saved: RESTRUCTURED_DB/2016/december/185312.json
2025-12-05 19:18:39,027 - INFO - Scraping G.R. No. 201917 (2016): Zenaida P. Maamo and Juliet O. Silor vs. People of...
2025-12-05 19:18:39,706 - INFO -   ✓ Found at: https://lawphil.net/judjuris/juri2016/dec2016/gr_201917_2016.html
2025-12-05 19:18:39,710 - INFO -   ✓ Saved: RESTRUCTURED_DB/2016/december/201917.json
2025-12-05 19:18:40,210 - INFO - Scraping G.R. No. 213453 (2016): Philippine Health Insurance Corporation vs. Commis...
2025-12-05 19:18:41,087 - INFO -   ✓ Found at: https://lawphil.net/judjuris/juri2016/nov2016/gr_213453_2016.html
2025-12-05 19:18:41,090 - INFO -   ✓ Saved: RESTRUCTURED_DB/2016/november/213453.json
2025-12-05 19:18:41,590 - INFO - Scraping G.R. No. 210588 (2016): Secretary of Finance Cesar B. Purisima and Commiss...
2025-12-05 19:18:42,043 - INFO -   ✓ Found at: https://lawphil.net/judjuris/juri2016/nov2016/gr_210588_2016.html
2025-12-05 19:18:42,045 - INFO -   ✓ Saved: RESTRUCTURED_DB/2016/november/210588.json
2025-12-05 19:18:42,546 - INFO - Scraping G.R. No. 218406 (2016): Philippine Constitution Association (PHILCONSA), e...
2025-12-05 19:18:42,796 - INFO -   ✓ Found at: https://lawphil.net/judjuris/juri2016/nov2016/gr_218406_2016.html
2025-12-05 19:18:42,798 - INFO -   ✓ Saved: RESTRUCTURED_DB/2016/november/218406.json
2025-12-05 19:18:43,298 - INFO - Scraping G.R. No. 224302 (2016): Hon. Philip A. Aguinaldo, et al. vs. His Excellenc...
2025-12-05 19:18:44,280 - INFO -   ✓ Found at: https://lawphil.net/judjuris/juri2016/nov2016/gr_224302_2016.html
2025-12-05 19:18:44,284 - INFO -   ✓ Saved: RESTRUCTURED_DB/2016/november/224302.json
2025-12-05 19:18:44,784 - INFO - Scraping G.R. No. 185082 (2016): Mandaue Realty & Resources Corporation and Mandaue...
2025-12-05 19:18:45,239 - INFO -   ✓ Found at: https://lawphil.net/judjuris/juri2016/nov2016/gr_185082_2016.html
2025-12-05 19:18:45,240 - INFO -   ✓ Saved: RESTRUCTURED_DB/2016/november/185082.json
2025-12-05 19:18:45,740 - INFO - Scraping G.R. No. 188047 (2016): Light Rail Transit Authority vs. Bienbenido R. Alv...
2025-12-05 19:18:46,350 - INFO -   ✓ Found at: https://lawphil.net/judjuris/juri2016/nov2016/gr_188047_2016.html
2025-12-05 19:18:46,352 - INFO -   ✓ Saved: RESTRUCTURED_DB/2016/november/188047.json
2025-12-05 19:18:46,852 - INFO - Scraping G.R. No. 197634 (2016): Julius B. Campol vs. Mayor Ronald S. Balao-As and ...
2025-12-05 19:18:47,431 - INFO -   ✓ Found at: https://lawphil.net/judjuris/juri2016/nov2016/gr_197634_2016.html
2025-12-05 19:18:47,433 - INFO -   ✓ Saved: RESTRUCTURED_DB/2016/november/197634.json
2025-12-05 19:18:47,933 - INFO - Scraping G.R. No. 210316 (2016): The Securities and Exchange Commission (SEC) Chair...
2025-12-05 19:18:48,174 - INFO -   ✓ Found at: https://lawphil.net/judjuris/juri2016/nov2016/gr_210316_2016.html
2025-12-05 19:18:48,176 - INFO -   ✓ Saved: RESTRUCTURED_DB/2016/november/210316.json
2025-12-05 19:18:48,676 - INFO - Scraping G.R. No. 215341 (2016): The People of the Philippines vs. Marlon Manson y ...
2025-12-05 19:18:49,137 - INFO -   ✓ Found at: https://lawphil.net/judjuris/juri2016/nov2016/gr_215341_2016.html
2025-12-05 19:18:49,145 - INFO -   ✓ Saved: RESTRUCTURED_DB/2016/november/215341.json
2025-12-05 19:18:49,645 - INFO - Scraping G.R. No. 215640 (2016): Nestor Cabrera vs. Arnel Clarin, et al....
2025-12-05 19:18:50,111 - INFO -   ✓ Found at: https://lawphil.net/judjuris/juri2016/nov2016/gr_215640_2016.html
2025-12-05 19:18:50,113 - INFO -   ✓ Saved: RESTRUCTURED_DB/2016/november/215640.json
2025-12-05 19:18:50,613 - INFO - Scraping G.R. No. 215759 (2016): Heirs of Andres Naya; Teresita B. Naya, Norma N. O...
2025-12-05 19:18:51,068 - INFO -   ✓ Found at: https://lawphil.net/judjuris/juri2016/nov2016/gr_215759_2016.html
2025-12-05 19:18:51,069 - INFO -   ✓ Saved: RESTRUCTURED_DB/2016/november/215759.json
2025-12-05 19:18:51,569 - INFO - Scraping G.R. No. 177250 (2016): Rosita B. Lim vs. Luis Tan, et al./Luis Tan, et al...
2025-12-05 19:18:51,816 - INFO -   ✓ Found at: https://lawphil.net/judjuris/juri2016/nov2016/gr_177250_2016.html
2025-12-05 19:18:51,817 - INFO -   ✓ Saved: RESTRUCTURED_DB/2016/november/177250.json
2025-12-05 19:18:52,318 - INFO - Scraping G.R. No. 204736 (2016): Manulife Philippines, Inc. vs. Hermenegilda Ybañez...
2025-12-05 19:18:52,687 - INFO -   ✓ Found at: https://lawphil.net/judjuris/juri2016/nov2016/gr_204736_2016.html
2025-12-05 19:18:52,688 - INFO -   ✓ Saved: RESTRUCTURED_DB/2016/november/204736.json
2025-12-05 19:18:53,189 - INFO - Scraping G.R. No. 218980 (2016): Philippine Auto Components, Inc. vs. Ronnie B. Jum...
2025-12-05 19:18:53,950 - INFO -   ✓ Found at: https://lawphil.net/judjuris/juri2016/nov2016/gr_218980_2016.html
2025-12-05 19:18:53,952 - INFO -   ✓ Saved: RESTRUCTURED_DB/2016/november/218980.json
2025-12-05 19:18:54,452 - INFO - Scraping G.R. No. 161425 (2016): Aniano Desierto and Maucencia Ordonez vs. Ruth Epi...
2025-12-05 19:18:54,770 - INFO -   ✓ Found at: https://lawphil.net/judjuris/juri2016/nov2016/gr_161425_2016.html
2025-12-05 19:18:54,771 - INFO -   ✓ Saved: RESTRUCTURED_DB/2016/november/161425.json
2025-12-05 19:18:55,271 - INFO - Scraping G.R. No. 194417 (2016): Heirs of Teodoro Cadliña represented by Soledad Ca...
2025-12-05 19:18:55,526 - INFO -   ✓ Found at: https://lawphil.net/judjuris/juri2016/nov2016/gr_194417_2016.html
2025-12-05 19:18:55,527 - INFO -   ✓ Saved: RESTRUCTURED_DB/2016/november/194417.json
2025-12-05 19:18:56,028 - INFO - Scraping G.R. No. 215047 (2016): Universal Canning Inc., et al. vs. Court of Appeal...
2025-12-05 19:18:56,282 - INFO -   ✓ Found at: https://lawphil.net/judjuris/juri2016/nov2016/gr_215047_2016.html
2025-12-05 19:18:56,283 - INFO -   ✓ Saved: RESTRUCTURED_DB/2016/november/215047.json
2025-12-05 19:18:56,783 - INFO - Scraping G.R. No. 217379 (2016): People of the Philippines vs. Eduardo Marmol y Bau...
2025-12-05 19:18:57,032 - INFO -   ✓ Found at: https://lawphil.net/judjuris/juri2016/nov2016/gr_217379_2016.html
2025-12-05 19:18:57,034 - INFO -   ✓ Saved: RESTRUCTURED_DB/2016/november/217379.json
2025-12-05 19:18:57,534 - INFO - Scraping G.R. No. 169967 (2016): Coca-Cola Bottlers Phils., Inc., et al. vs. IBM Lo...
2025-12-05 19:18:58,210 - INFO -   ✓ Found at: https://lawphil.net/judjuris/juri2016/nov2016/gr_169967_2016.html
2025-12-05 19:18:58,212 - INFO -   ✓ Saved: RESTRUCTURED_DB/2016/november/169967.json
2025-12-05 19:18:58,712 - INFO - Scraping G.R. No. 207315 (2016): Interadent Zahntechnik Philippines, Inc., et al. v...
2025-12-05 19:18:59,069 - INFO -   ✓ Found at: https://lawphil.net/judjuris/juri2016/nov2016/gr_207315_2016.html
2025-12-05 19:18:59,070 - INFO -   ✓ Saved: RESTRUCTURED_DB/2016/november/207315.json
2025-12-05 19:18:59,570 - INFO - Scraping G.R. No. 198664 (2016): People of the Philippines vs. Owen Marcelo Cagalin...
2025-12-05 19:19:00,134 - INFO -   ✓ Found at: https://lawphil.net/judjuris/juri2016/nov2016/gr_198664_2016.html
2025-12-05 19:19:00,136 - INFO -   ✓ Saved: RESTRUCTURED_DB/2016/november/198664.json
2025-12-05 19:19:00,637 - INFO - Scraping G.R. No. 203770 (2016): Manuela Azucena Mayor vs. Edwin Tiu and Damiana Ch...
2025-12-05 19:19:01,109 - INFO -   ✓ Found at: https://lawphil.net/judjuris/juri2016/nov2016/gr_203770_2016.html
2025-12-05 19:19:01,111 - INFO -   ✓ Saved: RESTRUCTURED_DB/2016/november/203770.json
2025-12-05 19:19:01,612 - INFO - Scraping G.R. No. 204197 (2016): Freuhauf Electronics Philippines Corporation vs. T...
2025-12-05 19:19:02,234 - INFO -   ✓ Found at: https://lawphil.net/judjuris/juri2016/nov2016/gr_204197_2016.html
2025-12-05 19:19:02,237 - INFO -   ✓ Saved: RESTRUCTURED_DB/2016/november/204197.json
2025-12-05 19:19:02,737 - INFO - Scraping G.R. No. 220629 (2016): Genaro G. Calimlim vs. Wallem Maritime Services, I...
2025-12-05 19:19:03,199 - INFO -   ✓ Found at: https://lawphil.net/judjuris/juri2016/nov2016/gr_220629_2016.html
2025-12-05 19:19:03,201 - INFO -   ✓ Saved: RESTRUCTURED_DB/2016/november/220629.json
2025-12-05 19:19:03,701 - INFO - Scraping G.R. No. 223625 (2016): National Transmission Corporation vs. Commission o...
2025-12-05 19:19:04,208 - INFO -   ✓ Found at: https://lawphil.net/judjuris/juri2016/nov2016/gr_223625_2016.html
2025-12-05 19:19:04,211 - INFO -   ✓ Saved: RESTRUCTURED_DB/2016/november/223625.json
2025-12-05 19:19:04,711 - INFO - Scraping G.R. No. 207246 (2016): Jose M. Roy III vs. Chairperson Teresita Herbosa, ...
2025-12-05 19:19:05,183 - INFO -   ✓ Found at: https://lawphil.net/judjuris/juri2016/nov2016/gr_207246_2016.html
2025-12-05 19:19:05,187 - INFO -   ✓ Saved: RESTRUCTURED_DB/2016/november/207246.json
2025-12-05 19:19:05,688 - INFO - Scraping G.R. No. 214772 (2016): People of the Philippines vs. Elson Santuille...
2025-12-05 19:19:06,198 - INFO -   ✓ Found at: https://lawphil.net/judjuris/juri2016/nov2016/gr_214772_2016.html
2025-12-05 19:19:06,199 - INFO -   ✓ Saved: RESTRUCTURED_DB/2016/november/214772.json
2025-12-05 19:19:06,699 - INFO - Scraping G.R. No. 181007 (2016): Commissioner of Customs vs. William Singson and Tr...
2025-12-05 19:19:07,171 - INFO -   ✓ Found at: https://lawphil.net/judjuris/juri2016/nov2016/gr_181007_2016.html
2025-12-05 19:19:07,172 - INFO -   ✓ Saved: RESTRUCTURED_DB/2016/november/181007.json
2025-12-05 19:19:07,673 - INFO - Scraping G.R. No. 184841 (2016): Gerino Yukit, et al. vs. Tritran, Inc., et al....
2025-12-05 19:19:08,384 - INFO -   ✓ Found at: https://lawphil.net/judjuris/juri2016/nov2016/gr_184841_2016.html
2025-12-05 19:19:08,386 - INFO -   ✓ Saved: RESTRUCTURED_DB/2016/november/184841.json
2025-12-05 19:19:08,886 - INFO - Scraping G.R. No. 204422 (2016): Jesus B. Villamor vs. Employees' Compensation Comm...
2025-12-05 19:19:09,144 - INFO -   ✓ Found at: https://lawphil.net/judjuris/juri2016/nov2016/gr_204422_2016.html
2025-12-05 19:19:09,146 - INFO -   ✓ Saved: RESTRUCTURED_DB/2016/november/204422.json
2025-12-05 19:19:09,646 - INFO - Scraping G.R. No. 193816 (2016): Erson Ang Lee Doing Business as "Super Lamination ...
2025-12-05 19:19:09,907 - INFO -   ✓ Found at: https://lawphil.net/judjuris/juri2016/nov2016/gr_193816_2016.html
2025-12-05 19:19:09,909 - INFO -   ✓ Saved: RESTRUCTURED_DB/2016/november/193816.json
2025-12-05 19:19:10,409 - INFO - Scraping G.R. No. 197191 (2016): Oasis Park Hotel vs. Leslee G. Navaluna, et al....
2025-12-05 19:19:11,124 - INFO -   ✓ Found at: https://lawphil.net/judjuris/juri2016/nov2016/gr_197191_2016.html
2025-12-05 19:19:11,126 - INFO -   ✓ Saved: RESTRUCTURED_DB/2016/november/197191.json
2025-12-05 19:19:11,626 - INFO - Scraping G.R. No. 216600 (2016): Federal Express Corporation and Rhicke S. Jennings...
2025-12-05 19:19:12,216 - INFO -   ✓ Found at: https://lawphil.net/judjuris/juri2016/nov2016/gr_216600_2016.html
2025-12-05 19:19:12,218 - INFO -   ✓ Saved: RESTRUCTURED_DB/2016/november/216600.json
2025-12-05 19:19:12,718 - INFO - Scraping G.R. No. 189077 (2016): Lina M. Bernardo vs. Honorable Court of Appeals...
2025-12-05 19:19:13,206 - INFO -   ✓ Found at: https://lawphil.net/judjuris/juri2016/nov2016/gr_189077_2016.html
2025-12-05 19:19:13,208 - INFO -   ✓ Saved: RESTRUCTURED_DB/2016/november/189077.json
2025-12-05 19:19:13,708 - INFO - Scraping G.R. No. 160864 (2016): People of the Philippines vs. Eduardo M. Cojuangco...
2025-12-05 19:19:13,962 - INFO -   ✓ Found at: https://lawphil.net/judjuris/juri2016/nov2016/gr_160864_2016.html
2025-12-05 19:19:13,964 - INFO -   ✓ Saved: RESTRUCTURED_DB/2016/november/160864.json
2025-12-05 19:19:14,464 - INFO - Scraping G.R. No. 190385 (2016): UCPB General Insurance Company, Inc. vs. Hughes El...
2025-12-05 19:19:14,773 - INFO -   ✓ Found at: https://lawphil.net/judjuris/juri2016/nov2016/gr_190385_2016.html
2025-12-05 19:19:14,775 - INFO -   ✓ Saved: RESTRUCTURED_DB/2016/november/190385.json
2025-12-05 19:19:15,275 - INFO - Scraping G.R. No. 188751 (2016): Bonifacio Nieva y Montero vs. People of the Philip...
2025-12-05 19:19:15,533 - INFO -   ✓ Found at: https://lawphil.net/judjuris/juri2016/nov2016/gr_188751_2016.html
2025-12-05 19:19:15,534 - INFO -   ✓ Saved: RESTRUCTURED_DB/2016/november/188751.json
2025-12-05 19:19:16,034 - INFO - Scraping G.R. No. 221465 (2016): People of the Philippines vs. Rodelio Lopez y Capu...
2025-12-05 19:19:16,501 - INFO -   ✓ Found at: https://lawphil.net/judjuris/juri2016/nov2016/gr_221465_2016.html
2025-12-05 19:19:16,502 - INFO -   ✓ Saved: RESTRUCTURED_DB/2016/november/221465.json
2025-12-05 19:19:17,003 - INFO - Scraping G.R. No. 212008 (2016): William Enriquez and Nelia-Vela Enriquez vs. Isaro...
2025-12-05 19:19:17,441 - INFO -   ✓ Found at: https://lawphil.net/judjuris/juri2016/nov2016/gr_212008_2016.html
2025-12-05 19:19:17,442 - INFO -   ✓ Saved: RESTRUCTURED_DB/2016/november/212008.json
2025-12-05 19:19:17,942 - INFO - Scraping G.R. No. 217956 (2016): Republic of the Philippines vs. Limbonhai and Sons...
2025-12-05 19:19:18,548 - INFO -   ✓ Found at: https://lawphil.net/judjuris/juri2016/nov2016/gr_217956_2016.html
2025-12-05 19:19:18,550 - INFO -   ✓ Saved: RESTRUCTURED_DB/2016/november/217956.json
2025-12-05 19:19:19,050 - INFO - Scraping G.R. No. 172539 (2016): Alberto Garong y Villanueva vs. People of the Phil...
2025-12-05 19:19:19,571 - INFO -   ✓ Found at: https://lawphil.net/judjuris/juri2016/nov2016/gr_172539_2016.html
2025-12-05 19:19:19,573 - INFO -   ✓ Saved: RESTRUCTURED_DB/2016/november/172539.json
2025-12-05 19:19:20,073 - INFO - Scraping G.R. No. 194412 (2016): Samsoden Pangcatan vs. Alexandro "Dodong" Maghuyop...
2025-12-05 19:19:20,356 - INFO -   ✓ Found at: https://lawphil.net/judjuris/juri2016/nov2016/gr_194412_2016.html
2025-12-05 19:19:20,357 - INFO -   ✓ Saved: RESTRUCTURED_DB/2016/november/194412.json
2025-12-05 19:19:20,857 - INFO - Scraping G.R. No. 221770 (2016): Nanito Z. Evangelista vs. Sps. Nereo V. Andolong I...
2025-12-05 19:19:21,102 - INFO -   ✓ Found at: https://lawphil.net/judjuris/juri2016/nov2016/gr_221770_2016.html
2025-12-05 19:19:21,103 - INFO -   ✓ Saved: RESTRUCTURED_DB/2016/november/221770.json
2025-12-05 19:19:21,604 - INFO - Scraping G.R. No. 201883 (2016): Sps. Desiderio and Teresa Domingo vs. Sps. Emmanue...
2025-12-05 19:19:22,071 - INFO -   ✓ Found at: https://lawphil.net/judjuris/juri2016/nov2016/gr_201883_2016.html
2025-12-05 19:19:22,073 - INFO -   ✓ Saved: RESTRUCTURED_DB/2016/november/201883.json
2025-12-05 19:19:22,573 - INFO - Scraping G.R. No. 205035 (2016): Sps. Gemino C. Miano, Jr. and Juliet Miano vs. Man...
2025-12-05 19:19:23,104 - INFO -   ✓ Found at: https://lawphil.net/judjuris/juri2016/nov2016/gr_205035_2016.html
2025-12-05 19:19:23,105 - INFO -   ✓ Saved: RESTRUCTURED_DB/2016/november/205035.json
2025-12-05 19:19:23,605 - INFO - Scraping G.R. No. 215943 (2016): People of the Philippines vs. Randy Cloma y Caban...
2025-12-05 19:19:23,851 - INFO -   ✓ Found at: https://lawphil.net/judjuris/juri2016/nov2016/gr_215943_2016.html
2025-12-05 19:19:23,852 - INFO -   ✓ Saved: RESTRUCTURED_DB/2016/november/215943.json
2025-12-05 19:19:24,352 - INFO - Scraping G.R. No. 205148 (2016): People of the Philippines vs. Ramil Prudencio y Ba...
2025-12-05 19:19:24,814 - INFO -   ✓ Found at: https://lawphil.net/judjuris/juri2016/nov2016/gr_205148_2016.html
2025-12-05 19:19:24,816 - INFO -   ✓ Saved: RESTRUCTURED_DB/2016/november/205148.json
2025-12-05 19:19:25,316 - INFO - Scraping G.R. No. 210002 (2016): Jocelyn "Joy" Lim-Bungcaras vs. Commission on Elec...
2025-12-05 19:19:33,369 - WARNING -   ✗ Not found for G.R. No. 210002
2025-12-05 19:19:33,869 - INFO - Scraping G.R. No. 227146 (2016): Radiowealth Finance Company, Inc. vs. Romeo T. Nol...
2025-12-05 19:19:35,311 - INFO -   ✓ Found at: https://lawphil.net/judjuris/juri2016/nov2016/gr_227146_2016.html
2025-12-05 19:19:35,313 - INFO -   ✓ Saved: RESTRUCTURED_DB/2016/november/227146.json
2025-12-05 19:19:35,813 - INFO - Scraping G.R. No. 209303 (2016): National Power Corporation vs. the Provincial Trea...
2025-12-05 19:19:36,172 - INFO -   ✓ Found at: https://lawphil.net/judjuris/juri2016/nov2016/gr_209303_2016.html
2025-12-05 19:19:36,173 - INFO -   ✓ Saved: RESTRUCTURED_DB/2016/november/209303.json
2025-12-05 19:19:36,673 - INFO - Scraping G.R. No. 208350 (2016): Republic of the Philippines vs. Heirs of Spouses T...
2025-12-05 19:19:37,405 - INFO -   ✓ Found at: https://lawphil.net/judjuris/juri2016/nov2016/gr_208350_2016.html
2025-12-05 19:19:37,407 - INFO -   ✓ Saved: RESTRUCTURED_DB/2016/november/208350.json
2025-12-05 19:19:37,908 - INFO - Scraping G.R. No. 182201 (2016): Universal International Investment (BVI) Limited v...
2025-12-05 19:19:38,159 - INFO -   ✓ Found at: https://lawphil.net/judjuris/juri2016/nov2016/gr_182201_2016.html
2025-12-05 19:19:38,161 - INFO -   ✓ Saved: RESTRUCTURED_DB/2016/november/182201.json
2025-12-05 19:19:38,662 - INFO - Scraping G.R. No. 203284 (2016): Nicolas S. Matudan vs. Republic of the Philippines...
2025-12-05 19:19:39,339 - INFO -   ✓ Found at: https://lawphil.net/judjuris/juri2016/nov2016/gr_203284_2016.html
2025-12-05 19:19:39,341 - INFO -   ✓ Saved: RESTRUCTURED_DB/2016/november/203284.json
2025-12-05 19:19:39,842 - INFO - Scraping G.R. No. 209098 (2016): Juan B. Hernandez vs. Crossworld Marines Services,...
2025-12-05 19:19:40,571 - INFO -   ✓ Found at: https://lawphil.net/judjuris/juri2016/nov2016/gr_209098_2016.html
2025-12-05 19:19:40,573 - INFO -   ✓ Saved: RESTRUCTURED_DB/2016/november/209098.json
2025-12-05 19:19:41,074 - INFO - Scraping G.R. No. 219510 (2016): Marlon Curammeng y Pablo vs. People of the Philipp...
2025-12-05 19:19:41,320 - INFO -   ✓ Found at: https://lawphil.net/judjuris/juri2016/nov2016/gr_219510_2016.html
2025-12-05 19:19:41,321 - INFO -   ✓ Saved: RESTRUCTURED_DB/2016/november/219510.json
2025-12-05 19:19:41,821 - INFO - Scraping G.R. No. 220333 (2016): Antonio Gamboa y Delos Santos vs. People of the Ph...
2025-12-05 19:19:42,242 - INFO -   ✓ Found at: https://lawphil.net/judjuris/juri2016/nov2016/gr_220333_2016.html
2025-12-05 19:19:42,243 - INFO -   ✓ Saved: RESTRUCTURED_DB/2016/november/220333.json
2025-12-05 19:19:42,744 - INFO - Scraping G.R. No. 203293 (2016): People of the Philippines vs. Mardan Ameril...
2025-12-05 19:19:43,060 - INFO -   ✓ Found at: https://lawphil.net/judjuris/juri2016/nov2016/gr_203293_2016.html
2025-12-05 19:19:43,061 - INFO -   ✓ Saved: RESTRUCTURED_DB/2016/november/203293.json
2025-12-05 19:19:43,562 - INFO - Scraping G.R. No. 207500 (2016): Efren S. Quesada, et al. vs. Bonanza Restaurants, ...
2025-12-05 19:19:43,886 - INFO -   ✓ Found at: https://lawphil.net/judjuris/juri2016/nov2016/gr_207500_2016.html
2025-12-05 19:19:43,887 - INFO -   ✓ Saved: RESTRUCTURED_DB/2016/november/207500.json
2025-12-05 19:19:44,388 - INFO - Scraping G.R. No. 196596 (2016): Commissioner of Internal Revenue vs. De La Salle U...
2025-12-05 19:19:44,699 - INFO -   ✓ Found at: https://lawphil.net/judjuris/juri2016/nov2016/gr_196596_2016.html
2025-12-05 19:19:44,704 - INFO -   ✓ Saved: RESTRUCTURED_DB/2016/november/196596.json
2025-12-05 19:19:45,205 - INFO - Scraping G.R. No. 208090 (2016): Ferdinand V. Tomas vs. Criminal Investigation and ...
2025-12-05 19:19:45,452 - INFO -   ✓ Found at: https://lawphil.net/judjuris/juri2016/nov2016/gr_208090_2016.html
2025-12-05 19:19:45,454 - INFO -   ✓ Saved: RESTRUCTURED_DB/2016/november/208090.json
2025-12-05 19:19:45,954 - INFO - Scraping G.R. No. 177387 (2016): Commissioner of Internal Revenue vs. Secretary of ...
2025-12-05 19:19:46,653 - INFO -   ✓ Found at: https://lawphil.net/judjuris/juri2016/nov2016/gr_177387_2016.html
2025-12-05 19:19:46,655 - INFO -   ✓ Saved: RESTRUCTURED_DB/2016/november/177387.json
2025-12-05 19:19:47,155 - INFO - Scraping G.R. No. 200726 (2016): Republic of the Philippines vs. Mateo Lao...
2025-12-05 19:19:47,757 - INFO -   ✓ Found at: https://lawphil.net/judjuris/juri2016/nov2016/gr_200726_2016.html
2025-12-05 19:19:47,758 - INFO -   ✓ Saved: RESTRUCTURED_DB/2016/november/200726.json
2025-12-05 19:19:48,258 - INFO - Scraping G.R. No. 213221 (2016): People of the Philippines vs. Biyan Mohammad y Asd...
2025-12-05 19:19:48,559 - INFO -   ✓ Found at: https://lawphil.net/judjuris/juri2016/nov2016/gr_213221_2016.html
2025-12-05 19:19:48,561 - INFO -   ✓ Saved: RESTRUCTURED_DB/2016/november/213221.json
2025-12-05 19:19:49,061 - INFO - Scraping G.R. No. 213934 (2016): Mary Ann G. Venzon, et al. vs. Zameco II Electric ...
2025-12-05 19:19:49,796 - INFO -   ✓ Found at: https://lawphil.net/judjuris/juri2016/nov2016/gr_213934_2016.html
2025-12-05 19:19:49,799 - INFO -   ✓ Saved: RESTRUCTURED_DB/2016/november/213934.json
2025-12-05 19:19:50,300 - INFO - Scraping G.R. No. 215198 (2016): The People of the Philippines vs. Jhun Villalon y ...
2025-12-05 19:19:50,707 - INFO -   ✓ Found at: https://lawphil.net/judjuris/juri2016/nov2016/gr_215198_2016.html
2025-12-05 19:19:50,708 - INFO -   ✓ Saved: RESTRUCTURED_DB/2016/november/215198.json
2025-12-05 19:19:51,208 - INFO - Scraping G.R. No. 189026 (2016): Philippine Telegraph & Telephone Corp. vs. Smart C...
2025-12-05 19:19:51,461 - INFO -   ✓ Found at: https://lawphil.net/judjuris/juri2016/nov2016/gr_189026_2016.html
2025-12-05 19:19:51,462 - INFO -   ✓ Saved: RESTRUCTURED_DB/2016/november/189026.json
2025-12-05 19:19:51,963 - INFO - Scraping G.R. No. 192369 (2016): Maria Tolentino-Prieto vs. Robert S. Elvas/Robert ...
2025-12-05 19:19:52,219 - INFO -   ✓ Found at: https://lawphil.net/judjuris/juri2016/nov2016/gr_192369_2016.html
2025-12-05 19:19:52,221 - INFO -   ✓ Saved: RESTRUCTURED_DB/2016/november/192369.json
2025-12-05 19:19:52,722 - INFO - Scraping G.R. No. 202114 (2016): Elmer A. Apines vs. Elburg Shipmanagement Philippi...
2025-12-05 19:19:52,971 - INFO -   ✓ Found at: https://lawphil.net/judjuris/juri2016/nov2016/gr_202114_2016.html
2025-12-05 19:19:52,974 - INFO -   ✓ Saved: RESTRUCTURED_DB/2016/november/202114.json
2025-12-05 19:19:53,474 - INFO - Scraping G.R. No. 195834 (2016): Guillermo Salvador, et al. vs. Patricia, Inc....
2025-12-05 19:19:53,915 - INFO -   ✓ Found at: https://lawphil.net/judjuris/juri2016/nov2016/gr_195834_2016.html
2025-12-05 19:19:53,917 - INFO -   ✓ Saved: RESTRUCTURED_DB/2016/november/195834.json
2025-12-05 19:19:54,418 - INFO - Scraping G.R. No. 202639 (2016): Federated LPG Dealers Association vs. Ms. Cristina...
2025-12-05 19:19:54,837 - INFO -   ✓ Found at: https://lawphil.net/judjuris/juri2016/nov2016/gr_202639_2016.html
2025-12-05 19:19:54,838 - INFO -   ✓ Saved: RESTRUCTURED_DB/2016/november/202639.json
2025-12-05 19:19:55,339 - INFO - Scraping G.R. No. 204280 (2016): Evelyn V. Ruiz vs. Bernardo F. Dimailig...
2025-12-05 19:19:56,126 - INFO -   ✓ Found at: https://lawphil.net/judjuris/juri2016/nov2016/gr_204280_2016.html
2025-12-05 19:19:56,127 - INFO -   ✓ Saved: RESTRUCTURED_DB/2016/november/204280.json
2025-12-05 19:19:56,628 - INFO - Scraping G.R. No. 205972 (2016): Caterpillar, Inc. vs. Manolo P. Samson/Caterpillar...
2025-12-05 19:19:57,515 - INFO -   ✓ Found at: https://lawphil.net/judjuris/juri2016/nov2016/gr_205972_2016.html
2025-12-05 19:19:57,517 - INFO -   ✓ Saved: RESTRUCTURED_DB/2016/november/205972.json
2025-12-05 19:19:58,017 - INFO - Scraping G.R. No. 225973 (2016): Saturnino C. Ocampo, et al. vs. Rear Admiral Ernes...
2025-12-05 19:19:58,515 - INFO -   ✓ Found at: https://lawphil.net/judjuris/juri2016/nov2016/gr_225973_2016.html
2025-12-05 19:19:58,521 - INFO -   ✓ Saved: RESTRUCTURED_DB/2016/november/225973.json
2025-12-05 19:19:59,022 - INFO - Scraping G.R. No. 213488 (2016): Toyota Pasig, Inc. vs. Vilma S. De Peralta...
2025-12-05 19:19:59,271 - INFO -   ✓ Found at: https://lawphil.net/judjuris/juri2016/nov2016/gr_213488_2016.html
2025-12-05 19:19:59,272 - INFO -   ✓ Saved: RESTRUCTURED_DB/2016/november/213488.json
2025-12-05 19:19:59,772 - INFO - Scraping G.R. No. 219430 (2016): Jinky S. Sta. Isabel vs. Perla Compañia De Seguros...
2025-12-05 19:20:00,021 - INFO -   ✓ Found at: https://lawphil.net/judjuris/juri2016/nov2016/gr_219430_2016.html
2025-12-05 19:20:00,023 - INFO -   ✓ Saved: RESTRUCTURED_DB/2016/november/219430.json
2025-12-05 19:20:00,523 - INFO - Scraping G.R. No. 221897 (2016): Isidro Quebral, et al. vs. Angbus Construction, In...
2025-12-05 19:20:00,804 - INFO -   ✓ Found at: https://lawphil.net/judjuris/juri2016/nov2016/gr_221897_2016.html
2025-12-05 19:20:00,805 - INFO -   ✓ Saved: RESTRUCTURED_DB/2016/november/221897.json
2025-12-05 19:20:01,306 - INFO - Scraping G.R. No. 204419 (2016): People of the Philippines vs. Hon. Edmar P. Castil...
2025-12-05 19:20:01,759 - INFO -   ✓ Found at: https://lawphil.net/judjuris/juri2016/nov2016/gr_204419_2016.html
2025-12-05 19:20:01,761 - INFO -   ✓ Saved: RESTRUCTURED_DB/2016/november/204419.json
2025-12-05 19:20:02,261 - INFO - 
Batch 1 complete:
2025-12-05 19:20:02,261 - INFO -   Successful: 96
2025-12-05 19:20:02,261 - INFO -   Failed: 3
2025-12-05 19:20:02,261 - INFO -   Skipped: 1
2025-12-05 19:20:02,261 - INFO - 
Overall progress: 100/730 cases
2025-12-05 19:20:02,261 - INFO - 
================================================================================
2025-12-05 19:20:02,261 - INFO - BATCH 2/8 (100 cases)
2025-12-05 19:20:02,261 - INFO - ================================================================================
2025-12-05 19:20:02,262 - INFO - Scraping G.R. No. 223290 (2016): Woodrow B. Camaso vs. TSM Shipping (Phils), Inc., ...
2025-12-05 19:20:02,859 - INFO -   ✓ Found at: https://lawphil.net/judjuris/juri2016/nov2016/gr_223290_2016.html
2025-12-05 19:20:02,860 - INFO -   ✓ Saved: RESTRUCTURED_DB/2016/november/223290.json
2025-12-05 19:20:03,361 - INFO - Scraping G.R. No. 222730 (2016): Buenaflor Car Services, Inc. vs. Cezar Durumpili D...
2025-12-05 19:20:03,620 - INFO -   ✓ Found at: https://lawphil.net/judjuris/juri2016/nov2016/gr_222730_2016.html
2025-12-05 19:20:03,621 - INFO -   ✓ Saved: RESTRUCTURED_DB/2016/november/222730.json
2025-12-05 19:20:04,122 - INFO - Scraping G.R. No. 190203 (2016): Powerhouse Staffbuilders International, Inc. vs. R...
2025-12-05 19:20:04,584 - INFO -   ✓ Found at: https://lawphil.net/judjuris/juri2016/nov2016/gr_190203_2016.html
2025-12-05 19:20:04,587 - INFO -   ✓ Saved: RESTRUCTURED_DB/2016/november/190203.json
2025-12-05 19:20:05,087 - INFO - Scraping G.R. No. 200150 (2016): Catherine Ching, et al. vs. Quezon City Sports Clu...
2025-12-05 19:20:05,828 - INFO -   ✓ Found at: https://lawphil.net/judjuris/juri2016/nov2016/gr_200150_2016.html
2025-12-05 19:20:05,830 - INFO -   ✓ Saved: RESTRUCTURED_DB/2016/november/200150.json
2025-12-05 19:20:06,330 - INFO - Scraping G.R. No. 211072 (2016): Commissioner of Internal Revenue vs. Deutsche Know...
2025-12-05 19:20:06,916 - INFO -   ✓ Found at: https://lawphil.net/judjuris/juri2016/nov2016/gr_211072_2016.html
2025-12-05 19:20:06,917 - INFO -   ✓ Saved: RESTRUCTURED_DB/2016/november/211072.json
2025-12-05 19:20:07,418 - INFO - Scraping G.R. No. 212631 (2016): People of the Philippines vs. Dandito Lastrollo y ...
2025-12-05 19:20:07,663 - INFO -   ✓ Found at: https://lawphil.net/judjuris/juri2016/nov2016/gr_212631_2016.html
2025-12-05 19:20:07,665 - INFO -   ✓ Saved: RESTRUCTURED_DB/2016/november/212631.json
2025-12-05 19:20:08,165 - INFO - Scraping G.R. No. 216064 (2016): People of the Philippines vs. Antonio Dacanay y Tu...
2025-12-05 19:20:08,807 - INFO -   ✓ Found at: https://lawphil.net/judjuris/juri2016/nov2016/gr_216064_2016.html
2025-12-05 19:20:08,808 - INFO -   ✓ Saved: RESTRUCTURED_DB/2016/november/216064.json
2025-12-05 19:20:09,309 - INFO - Scraping G.R. No. 217210 (2016): Republic of the Philippines vs. Capial Resources C...
2025-12-05 19:20:10,025 - INFO -   ✓ Found at: https://lawphil.net/judjuris/juri2016/nov2016/gr_217210_2016.html
2025-12-05 19:20:10,026 - INFO -   ✓ Saved: RESTRUCTURED_DB/2016/november/217210.json
2025-12-05 19:20:10,526 - INFO - Scraping G.R. No. 201074 (2016): Spouses Ramon Sy and Anita Ng, Richard Sy, Josie O...
2025-12-05 19:20:10,845 - INFO -   ✓ Found at: https://lawphil.net/judjuris/juri2016/oct2016/gr_201074_2016.html
2025-12-05 19:20:10,847 - INFO -   ✓ Saved: RESTRUCTURED_DB/2016/october/201074.json
2025-12-05 19:20:11,347 - INFO - Scraping G.R. No. 219558 (2016): Heirs of Johnny Aoas vs. Juliet As-Il...
2025-12-05 19:20:11,808 - INFO -   ✓ Found at: https://lawphil.net/judjuris/juri2016/oct2016/gr_219558_2016.html
2025-12-05 19:20:11,810 - INFO -   ✓ Saved: RESTRUCTURED_DB/2016/october/219558.json
2025-12-05 19:20:12,310 - INFO - Scraping G.R. No. 215802 (2016): Rizalina Gemina, et al. vs. Juanito Eugenio, et al...
2025-12-05 19:20:12,570 - INFO -   ✓ Found at: https://lawphil.net/judjuris/juri2016/oct2016/gr_215802_2016.html
2025-12-05 19:20:12,571 - INFO -   ✓ Saved: RESTRUCTURED_DB/2016/october/215802.json
2025-12-05 19:20:13,071 - INFO - Scraping G.R. No. 224889 (2016): People of the Philippines vs. Mc Henry Suarez y Zu...
2025-12-05 19:20:13,358 - INFO -   ✓ Found at: https://lawphil.net/judjuris/juri2016/oct2016/gr_224889_2016.html
2025-12-05 19:20:13,360 - INFO -   ✓ Saved: RESTRUCTURED_DB/2016/october/224889.json
2025-12-05 19:20:13,860 - INFO - Scraping G.R. No. 188888 (2016): Agdao Landless Residents Association, Inc., et al....
2025-12-05 19:20:22,406 - WARNING -   ✗ Not found for G.R. No. 188888
2025-12-05 19:20:22,907 - INFO - Scraping G.R. No. 215038 (2016): Norma C. Magsano, Et Al. vs.  Pangasinan Savings a...
2025-12-05 19:20:23,268 - INFO -   ✓ Found at: https://lawphil.net/judjuris/juri2016/oct2016/gr_215038_2016.html
2025-12-05 19:20:23,270 - INFO -   ✓ Saved: RESTRUCTURED_DB/2016/october/215038.json
2025-12-05 19:20:23,770 - INFO - Scraping G.R. No. 172948 (2016): Philippine Associated Smelting and Refining Corpor...
2025-12-05 19:20:24,013 - INFO -   ✓ Found at: https://lawphil.net/judjuris/juri2016/oct2016/gr_172948_2016.html
2025-12-05 19:20:24,015 - INFO -   ✓ Saved: RESTRUCTURED_DB/2016/october/172948.json
2025-12-05 19:20:24,516 - INFO - Scraping G.R. No. 198127 (2016): Co It A.K.A. Gonzalo Co It vs. Anthony Co, Mary Co...
2025-12-05 19:20:24,786 - INFO -   ✓ Found at: https://lawphil.net/judjuris/juri2016/oct2016/gr_198127_2016.html
2025-12-05 19:20:24,788 - INFO -   ✓ Saved: RESTRUCTURED_DB/2016/october/198127.json
2025-12-05 19:20:25,288 - INFO - Scraping G.R. No. 221562 (2016): Commo. Laberto R. Torres (Ret.) vs. Sandiganbayan ...
2025-12-05 19:20:33,736 - WARNING -   ✗ Not found for G.R. No. 221562
2025-12-05 19:20:34,237 - INFO - Scraping G.R. No. 220383 (2016): Sonedco Workers Free Labor Union (Swoflu) / Renato...
2025-12-05 19:20:34,483 - INFO -   ✓ Found at: https://lawphil.net/judjuris/juri2016/oct2016/gr_220383_2016.html
2025-12-05 19:20:34,485 - INFO -   ✓ Saved: RESTRUCTURED_DB/2016/october/220383.json
2025-12-05 19:20:34,985 - INFO - Scraping G.R. No. 216671 (2016): Jerwin Dorado vs. People of the Philippines...
2025-12-05 19:20:35,273 - INFO -   ✓ Found at: https://lawphil.net/judjuris/juri2016/oct2016/gr_216671_2016.html
2025-12-05 19:20:35,275 - INFO -   ✓ Saved: RESTRUCTURED_DB/2016/october/216671.json
2025-12-05 19:20:35,775 - INFO - Scraping G.R. No. 208089 (2016): Philippine Transmarine Carriers, Inc., Stealth Mar...
2025-12-05 19:20:36,140 - INFO -   ✓ Found at: https://lawphil.net/judjuris/juri2016/sep2016/gr_208089_2016.html
2025-12-05 19:20:36,141 - INFO -   ✓ Saved: RESTRUCTURED_DB/2016/september/208089.json
2025-12-05 19:20:36,641 - INFO - Scraping G.R. No. 222740 (2016): St. Luke'S College of Medicine-William H. Quasha M...
2025-12-05 19:20:36,990 - INFO -   ✓ Found at: https://lawphil.net/judjuris/juri2016/sep2016/gr_222740_2016.html
2025-12-05 19:20:36,992 - INFO -   ✓ Saved: RESTRUCTURED_DB/2016/september/222740.json
2025-12-05 19:20:37,492 - INFO - Scraping G.R. No. 185765 (2016): Philippine Economic Zone Authority, vs. Pilhino Sa...
2025-12-05 19:20:37,749 - INFO -   ✓ Found at: https://lawphil.net/judjuris/juri2016/sep2016/gr_185765_2016.html
2025-12-05 19:20:37,755 - INFO -   ✓ Saved: RESTRUCTURED_DB/2016/september/185765.json
2025-12-05 19:20:38,255 - INFO - Scraping G.R. No. 190187 (2016): The Philippine Geothermal, Inc. Employees Union vs...
2025-12-05 19:20:38,517 - INFO -   ✓ Found at: https://lawphil.net/judjuris/juri2016/sep2016/gr_190187_2016.html
2025-12-05 19:20:38,520 - INFO -   ✓ Saved: RESTRUCTURED_DB/2016/september/190187.json
2025-12-05 19:20:39,020 - INFO - Scraping G.R. No. 213699 (2016): The Office of the Ombudsman vs. P/Supt. Roger Jame...
2025-12-05 19:20:39,269 - INFO -   ✓ Found at: https://lawphil.net/judjuris/juri2016/sep2016/gr_213699_2016.html
2025-12-05 19:20:39,271 - INFO -   ✓ Saved: RESTRUCTURED_DB/2016/september/213699.json
2025-12-05 19:20:39,772 - INFO - Scraping G.R. No. 212157 (2016): People of the Philippines vs. Rodrigo Rusco...
2025-12-05 19:20:40,020 - INFO -   ✓ Found at: https://lawphil.net/judjuris/juri2016/sep2016/gr_212157_2016.html
2025-12-05 19:20:40,028 - INFO -   ✓ Saved: RESTRUCTURED_DB/2016/september/212157.json
2025-12-05 19:20:40,528 - INFO - Scraping G.R. No. 182604 (2016): Dr. Rolando B. Mangune, et al. vs. Honorable Secre...
2025-12-05 19:20:40,996 - INFO -   ✓ Found at: https://lawphil.net/judjuris/juri2016/sep2016/gr_182604_2016.html
2025-12-05 19:20:41,001 - INFO -   ✓ Saved: RESTRUCTURED_DB/2016/september/182604.json
2025-12-05 19:20:41,502 - INFO - Scraping G.R. No. 225141 (2016): Energy Regulatory Commission vs. Hon. Gregorio L. ...
2025-12-05 19:20:41,747 - INFO -   ✓ Found at: https://lawphil.net/judjuris/juri2016/sep2016/gr_225141_2016.html
2025-12-05 19:20:41,748 - INFO -   ✓ Saved: RESTRUCTURED_DB/2016/september/225141.json
2025-12-05 19:20:42,248 - INFO - Scraping G.R. No. 184237 (2016): Henry H. Teng vs. Lawrence C. Ting, Edmund Ting an...
2025-12-05 19:20:42,700 - INFO -   ✓ Found at: https://lawphil.net/judjuris/juri2016/sep2016/gr_184237_2016.html
2025-12-05 19:20:42,702 - INFO -   ✓ Saved: RESTRUCTURED_DB/2016/september/184237.json
2025-12-05 19:20:43,202 - INFO - Scraping G.R. No. 218009 (2016): Marvin G. Felipe and Reynante L. Velasco vs. Danil...
2025-12-05 19:20:43,671 - INFO -   ✓ Found at: https://lawphil.net/judjuris/juri2016/sep2016/gr_218009_2016.html
2025-12-05 19:20:43,672 - INFO -   ✓ Saved: RESTRUCTURED_DB/2016/september/218009.json
2025-12-05 19:20:44,172 - INFO - Scraping G.R. No. 220605 (2016): Coca-Cola Femsa Philippines, Inc. vs. Bacolod Sale...
2025-12-05 19:20:44,633 - INFO -   ✓ Found at: https://lawphil.net/judjuris/juri2016/sep2016/gr_220605_2016.html
2025-12-05 19:20:44,635 - INFO -   ✓ Saved: RESTRUCTURED_DB/2016/september/220605.json
2025-12-05 19:20:45,135 - INFO - Scraping G.R. No. 183947 (2016): Rizal Commercial Banking Corporation vs. Teodoro G...
2025-12-05 19:20:45,796 - INFO -   ✓ Found at: https://lawphil.net/judjuris/juri2016/sep2016/gr_183947_2016.html
2025-12-05 19:20:45,798 - INFO -   ✓ Saved: RESTRUCTURED_DB/2016/september/183947.json
2025-12-05 19:20:46,298 - INFO - Scraping G.R. No. 1886646 (2016): George C. Cordero vs. Board of Nursing...
2025-12-05 19:20:54,193 - WARNING -   ✗ Not found for G.R. No. 1886646
2025-12-05 19:20:54,694 - INFO - Scraping G.R. No. 187922 (2016): Marphil Export Corporation and Ireneo Lim vs. Alli...
2025-12-05 19:20:55,165 - INFO -   ✓ Found at: https://lawphil.net/judjuris/juri2016/sep2016/gr_187922_2016.html
2025-12-05 19:20:55,167 - INFO -   ✓ Saved: RESTRUCTURED_DB/2016/september/187922.json
2025-12-05 19:20:55,668 - INFO - Scraping G.R. No. 188952 (2016): Peñafrancia Shipping Corporation and Santa Clara S...
2025-12-05 19:20:56,018 - INFO -   ✓ Found at: https://lawphil.net/judjuris/juri2016/sep2016/gr_188952_2016.html
2025-12-05 19:20:56,020 - INFO -   ✓ Saved: RESTRUCTURED_DB/2016/september/188952.json
2025-12-05 19:20:56,521 - INFO - Scraping G.R. No. 193837 (2016): People of the Philippines vs. Renato M. Pangan...
2025-12-05 19:20:56,973 - INFO -   ✓ Found at: https://lawphil.net/judjuris/juri2016/sep2016/gr_193837_2016.html
2025-12-05 19:20:56,974 - INFO -   ✓ Saved: RESTRUCTURED_DB/2016/september/193837.json
2025-12-05 19:20:57,474 - INFO - Scraping G.R. No. 201354 (2016): Pablo M. Padilla, Jr. and Maria Luisa P. Padilla v...
2025-12-05 19:20:58,149 - INFO -   ✓ Found at: https://lawphil.net/judjuris/juri2016/sep2016/gr_201354_2016.html
2025-12-05 19:20:58,150 - INFO -   ✓ Saved: RESTRUCTURED_DB/2016/september/201354.json
2025-12-05 19:20:58,650 - INFO - Scraping G.R. No. 224804 (2016): Efren R. Leynes vs. People of the Philippines...
2025-12-05 19:20:58,954 - INFO -   ✓ Found at: https://lawphil.net/judjuris/juri2016/sep2016/gr_224804_2016.html
2025-12-05 19:20:58,955 - INFO -   ✓ Saved: RESTRUCTURED_DB/2016/september/224804.json
2025-12-05 19:20:59,455 - INFO - Scraping G.R. No. 211680 (2016): People of the Philippines vs. Belban Sic-Open y Di...
2025-12-05 19:20:59,916 - INFO -   ✓ Found at: https://lawphil.net/judjuris/juri2016/sep2016/gr_211680_2016.html
2025-12-05 19:20:59,918 - INFO -   ✓ Saved: RESTRUCTURED_DB/2016/september/211680.json
2025-12-05 19:21:00,418 - INFO - Scraping G.R. No. 223852 (2016): Edna Roque Aleguela, Et Al. vs. Eastern Petroleum ...
2025-12-05 19:21:00,933 - INFO -   ✓ Found at: https://lawphil.net/judjuris/juri2016/sep2016/gr_223852_2016.html
2025-12-05 19:21:00,934 - INFO -   ✓ Saved: RESTRUCTURED_DB/2016/september/223852.json
2025-12-05 19:21:01,434 - INFO - Scraping G.R. No. 205200 (2016): People of the Philippines vs. Leonardo Cruz y Roco...
2025-12-05 19:21:01,680 - INFO -   ✓ Found at: https://lawphil.net/judjuris/juri2016/sep2016/gr_205200_2016.html
2025-12-05 19:21:01,682 - INFO -   ✓ Saved: RESTRUCTURED_DB/2016/september/205200.json
2025-12-05 19:21:02,182 - INFO - Scraping G.R. No. 213418 (2016): Alfredo S. Ramos, et al. vs. China Southern Airlin...
2025-12-05 19:21:02,536 - INFO -   ✓ Found at: https://lawphil.net/judjuris/juri2016/sep2016/gr_213418_2016.html
2025-12-05 19:21:02,537 - INFO -   ✓ Saved: RESTRUCTURED_DB/2016/september/213418.json
2025-12-05 19:21:03,037 - INFO - Scraping G.R. No. 222424 (2016): Fontana Development Corp., et al. vs. Sascha Vukas...
2025-12-05 19:21:03,500 - INFO -   ✓ Found at: https://lawphil.net/judjuris/juri2016/sep2016/gr_222424_2016.html
2025-12-05 19:21:03,501 - INFO -   ✓ Saved: RESTRUCTURED_DB/2016/september/222424.json
2025-12-05 19:21:04,002 - INFO - Scraping G.R. No. 208979 (2016): Government Service Insurance System vs. Rogelio F....
2025-12-05 19:21:04,728 - INFO -   ✓ Found at: https://lawphil.net/judjuris/juri2016/sep2016/gr_208979_2016.html
2025-12-05 19:21:04,730 - INFO -   ✓ Saved: RESTRUCTURED_DB/2016/september/208979.json
2025-12-05 19:21:05,230 - INFO - Scraping G.R. No. 221538 (2016): Rizalito Y. David, vs. Senate Electoral Tribunal a...
2025-12-05 19:21:06,180 - INFO -   ✓ Found at: https://lawphil.net/judjuris/juri2016/sep2016/gr_221538_2016.html
2025-12-05 19:21:06,186 - INFO -   ✓ Saved: RESTRUCTURED_DB/2016/september/221538.json
2025-12-05 19:21:06,686 - INFO - Scraping G.R. No. 218891 (2016): Edmund Bulauitan y Mauayan vs. People of the Phili...
2025-12-05 19:21:07,188 - INFO -   ✓ Found at: https://lawphil.net/judjuris/juri2016/sep2016/gr_218891_2016.html
2025-12-05 19:21:07,190 - INFO -   ✓ Saved: RESTRUCTURED_DB/2016/september/218891.json
2025-12-05 19:21:07,690 - INFO - Scraping G.R. No. 204659 (2016): Jester Mabunot vs. People of the Philippines...
2025-12-05 19:21:08,181 - INFO -   ✓ Found at: https://lawphil.net/judjuris/juri2016/sep2016/gr_204659_2016.html
2025-12-05 19:21:08,182 - INFO -   ✓ Saved: RESTRUCTURED_DB/2016/september/204659.json
2025-12-05 19:21:08,682 - INFO - Scraping G.R. No. 191170 (2016): Cameron Granville 3 Asset Management, Inc. vs. Fid...
2025-12-05 19:21:09,145 - INFO -   ✓ Found at: https://lawphil.net/judjuris/juri2016/sep2016/gr_191170_2016.html
2025-12-05 19:21:09,146 - INFO -   ✓ Saved: RESTRUCTURED_DB/2016/september/191170.json
2025-12-05 19:21:09,647 - INFO - Scraping G.R. No. 205721 (2016): Harte-Hanks Philippines, Inc. vs. Commissioner of ...
2025-12-05 19:21:09,897 - INFO -   ✓ Found at: https://lawphil.net/judjuris/juri2016/sep2016/gr_205721_2016.html
2025-12-05 19:21:09,898 - INFO -   ✓ Saved: RESTRUCTURED_DB/2016/september/205721.json
2025-12-05 19:21:10,398 - INFO - Scraping G.R. No. 191537 (2016): Paulino M. Alecha, et al. vs.  Jose L. Atienza Jr....
2025-12-05 19:21:10,658 - INFO -   ✓ Found at: https://lawphil.net/judjuris/juri2016/sep2016/gr_191537_2016.html
2025-12-05 19:21:10,664 - INFO -   ✓ Saved: RESTRUCTURED_DB/2016/september/191537.json
2025-12-05 19:21:11,165 - INFO - Scraping G.R. No. 172507 (2016): National Power Corporation vs.  Sps. Margarito Aso...
2025-12-05 19:21:11,885 - INFO -   ✓ Found at: https://lawphil.net/judjuris/juri2016/sep2016/gr_172507_2016.html
2025-12-05 19:21:11,893 - INFO -   ✓ Saved: RESTRUCTURED_DB/2016/september/172507.json
2025-12-05 19:21:12,393 - INFO - Scraping G.R. No. 198350 (2016): Atty. Marcos D. Risonar, Jr. vs.  Cor Jesu College...
2025-12-05 19:21:12,757 - INFO -   ✓ Found at: https://lawphil.net/judjuris/juri2016/sep2016/gr_198350_2016.html
2025-12-05 19:21:12,759 - INFO -   ✓ Saved: RESTRUCTURED_DB/2016/september/198350.json
2025-12-05 19:21:13,259 - INFO - Scraping G.R. No. 175651 (2016): Pilmico-Mauri Foods Corp. vs. Commissioner of Inte...
2025-12-05 19:21:14,225 - INFO -   ✓ Found at: https://lawphil.net/judjuris/juri2016/sep2016/gr_175651_2016.html
2025-12-05 19:21:14,227 - INFO -   ✓ Saved: RESTRUCTURED_DB/2016/september/175651.json
2025-12-05 19:21:14,727 - INFO - Scraping G.R. No. 190271 (2016): Transimex Co. vs. Mafre Asian Insurance Corp....
2025-12-05 19:21:15,069 - INFO -   ✓ Found at: https://lawphil.net/judjuris/juri2016/sep2016/gr_190271_2016.html
2025-12-05 19:21:15,071 - INFO -   ✓ Saved: RESTRUCTURED_DB/2016/september/190271.json
2025-12-05 19:21:15,572 - INFO - Scraping G.R. No. 192132 (2016): Heirs of Zosimo Q. Maravilla vs. Privaldo Tupas...
2025-12-05 19:21:15,819 - INFO -   ✓ Found at: https://lawphil.net/judjuris/juri2016/sep2016/gr_192132_2016.html
2025-12-05 19:21:15,822 - INFO -   ✓ Saved: RESTRUCTURED_DB/2016/september/192132.json
