nohup: ignoring input
2025-12-05 19:17:56,741 - INFO - Loading missing cases list...
2025-12-05 19:17:56,756 - INFO - ================================================================================
2025-12-05 19:17:56,756 - INFO - LAWPHIL BATCH SCRAPER
2025-12-05 19:17:56,756 - INFO - ================================================================================
2025-12-05 19:17:56,756 - INFO - Database path: RESTRUCTURED_DB
2025-12-05 19:17:56,756 - INFO - Cases to scrape: 384
2025-12-05 19:17:56,756 - INFO - Year range: 2018-2018
2025-12-05 19:17:56,756 - INFO - Batch size: 100
2025-12-05 19:17:56,756 - INFO - ================================================================================
2025-12-05 19:17:56,756 - INFO - 
================================================================================
2025-12-05 19:17:56,756 - INFO - BATCH 1/4 (100 cases)
2025-12-05 19:17:56,756 - INFO - ================================================================================
2025-12-05 19:17:56,757 - INFO - Scraping G.R. No. 213365 (2018): Asia Pacific Resources International Holdings, Ltd...
2025-12-05 19:18:04,696 - WARNING -   ✗ Not found for G.R. No. 213365
2025-12-05 19:18:05,197 - INFO - Scraping G.R. No. 229071 (2018): People of the Philippines vs. Eanna O'CochlainDiss...
2025-12-05 19:18:06,092 - INFO -   ✓ Found at: https://lawphil.net/judjuris/juri2018/dec2018/gr_229071_2018.html
2025-12-05 19:18:06,097 - INFO -   ✓ Saved: RESTRUCTURED_DB/2018/december/229071.json
2025-12-05 19:18:06,597 - INFO - Scraping G.R. No. 239197 (2018): People of the Philippines vs. Cezar Cortez and Fro...
2025-12-05 19:18:07,284 - INFO -   ✓ Found at: https://lawphil.net/judjuris/juri2018/dec2018/gr_239197_2018.html
2025-12-05 19:18:07,285 - INFO -   ✓ Saved: RESTRUCTURED_DB/2018/december/239197.json
2025-12-05 19:18:07,785 - INFO - Scraping G.R. No. 234734 (2018): Mabuhay Holdings Corporation vs. Sembcorp Logistic...
2025-12-05 19:18:08,631 - INFO -   ✓ Found at: https://lawphil.net/judjuris/juri2018/dec2018/gr_234734_2018.html
2025-12-05 19:18:08,634 - INFO -   ✓ Saved: RESTRUCTURED_DB/2018/december/234734.json
2025-12-05 19:18:09,134 - INFO - Scraping G.R. No. 235956 (2018): Arjay Gutierrrez y Consuelo vs. People of the Phil...
2025-12-05 19:18:09,388 - INFO -   ✓ Found at: https://lawphil.net/judjuris/juri2018/dec2018/gr_235956_2018.html
2025-12-05 19:18:09,389 - INFO -   ✓ Saved: RESTRUCTURED_DB/2018/december/235956.json
2025-12-05 19:18:09,890 - INFO - Scraping G.R. No. 232197 (2018): People of the Philippines vs. Honorable Sandiganba...
2025-12-05 19:18:18,263 - WARNING -   ✗ Not found for G.R. No. 232197
2025-12-05 19:18:18,764 - INFO - Scraping G.R. No. 224558 (2018): Universal Robina Sugar Milling Corp. vs. Nagkahius...
2025-12-05 19:18:19,127 - INFO -   ✓ Found at: https://lawphil.net/judjuris/juri2018/nov2018/gr_224558_2018.html
2025-12-05 19:18:19,128 - INFO -   ✓ Saved: RESTRUCTURED_DB/2018/november/224558.json
2025-12-05 19:18:19,628 - INFO - Scraping G.R. No. 218343 (2018): Jun Miranda vs. Sps. Engr. Ernesto and Aida Mallar...
2025-12-05 19:18:20,512 - INFO -   ✓ Found at: https://lawphil.net/judjuris/juri2018/nov2018/gr_218343_2018.html
2025-12-05 19:18:20,515 - INFO -   ✓ Saved: RESTRUCTURED_DB/2018/november/218343.json
2025-12-05 19:18:21,015 - INFO - Scraping G.R. No. 232649 (2018): People of the Philippines vs. Mario Bulutano y Alv...
2025-12-05 19:18:21,501 - INFO -   ✓ Found at: https://lawphil.net/judjuris/juri2018/nov2018/gr_232649_2018.html
2025-12-05 19:18:21,502 - INFO -   ✓ Saved: RESTRUCTURED_DB/2018/november/232649.json
2025-12-05 19:18:22,002 - INFO - Scraping G.R. No. 232357 (2018): People of the Philippines vs. Edwin Cabezudo y Rei...
2025-12-05 19:18:22,693 - INFO -   ✓ Found at: https://lawphil.net/judjuris/juri2018/nov2018/gr_232357_2018.html
2025-12-05 19:18:22,695 - INFO -   ✓ Saved: RESTRUCTURED_DB/2018/november/232357.json
2025-12-05 19:18:23,195 - INFO - Scraping G.R. No. 229762 (2018): AAA vs. People of the Philippines...
2025-12-05 19:18:23,642 - INFO -   ✓ Found at: https://lawphil.net/judjuris/juri2018/nov2018/gr_229762_2018.html
2025-12-05 19:18:23,643 - INFO -   ✓ Saved: RESTRUCTURED_DB/2018/november/229762.json
2025-12-05 19:18:24,144 - INFO - Scraping G.R. No. 196499 (2018): Ingrid V. Hilario vs. Thelma Miranda and Irenea Be...
2025-12-05 19:18:24,606 - INFO -   ✓ Found at: https://lawphil.net/judjuris/juri2018/nov2018/gr_196499_2018.html
2025-12-05 19:18:24,608 - INFO -   ✓ Saved: RESTRUCTURED_DB/2018/november/196499.json
2025-12-05 19:18:25,108 - INFO - Scraping G.R. No. 198026 (2018): Narciso Melendres, Subtituted by his wife, Ofelia ...
2025-12-05 19:18:25,530 - INFO -   ✓ Found at: https://lawphil.net/judjuris/juri2018/nov2018/gr_198026_2018.html
2025-12-05 19:18:25,533 - INFO -   ✓ Saved: RESTRUCTURED_DB/2018/november/198026.json
2025-12-05 19:18:26,033 - INFO - Scraping G.R. No. 187794 (2018): Presidential Commission on Good Government vs. Off...
2025-12-05 19:18:26,745 - INFO -   ✓ Found at: https://lawphil.net/judjuris/juri2018/nov2018/gr_187794_2018.html
2025-12-05 19:18:26,747 - INFO -   ✓ Saved: RESTRUCTURED_DB/2018/november/187794.json
2025-12-05 19:18:27,247 - INFO - Scraping G.R. No. 233443 (2018): Albert G. Ambagan, Jr. vs. People of the Philippin...
2025-12-05 19:18:35,277 - WARNING -   ✗ Not found for G.R. No. 233443
2025-12-05 19:18:35,778 - INFO - Scraping G.R. No. 210528 (2018): Commissioner of Internal Revenue vs. J. P. Morgan ...
2025-12-05 19:18:36,233 - INFO -   ✓ Found at: https://lawphil.net/judjuris/juri2018/nov2018/gr_210528_2018.html
2025-12-05 19:18:36,235 - INFO -   ✓ Saved: RESTRUCTURED_DB/2018/november/210528.json
2025-12-05 19:18:36,735 - INFO - Scraping G.R. No. 211425 (2018): Heirs of Tomas Arao, Represented by Proceso Arao ...
2025-12-05 19:18:37,018 - INFO -   ✓ Found at: https://lawphil.net/judjuris/juri2018/nov2018/gr_211425_2018.html
2025-12-05 19:18:37,020 - INFO -   ✓ Saved: RESTRUCTURED_DB/2018/november/211425.json
2025-12-05 19:18:37,521 - INFO - Scraping G.R. No. 212819 (2018): People of the Philippines vs. Marlon Casco y Villa...
2025-12-05 19:18:37,799 - INFO -   ✓ Found at: https://lawphil.net/judjuris/juri2018/nov2018/gr_212819_2018.html
2025-12-05 19:18:37,803 - INFO -   ✓ Saved: RESTRUCTURED_DB/2018/november/212819.json
2025-12-05 19:18:38,304 - INFO - Scraping G.R. No. 211341 (2018): Laguna Lake Development Authority vs. Commission o...
2025-12-05 19:18:38,549 - INFO -   ✓ Found at: https://lawphil.net/judjuris/juri2018/nov2018/gr_211341_2018.html
2025-12-05 19:18:38,552 - INFO -   ✓ Saved: RESTRUCTURED_DB/2018/november/211341.json
2025-12-05 19:18:39,053 - INFO - Scraping G.R. No. 221647 (2018): Loida S. Villanueva vs. F/SINSP. Rolando T. Reodiq...
2025-12-05 19:18:39,304 - INFO -   ✓ Found at: https://lawphil.net/judjuris/juri2018/nov2018/gr_221647_2018.html
2025-12-05 19:18:39,305 - INFO -   ✓ Saved: RESTRUCTURED_DB/2018/november/221647.json
2025-12-05 19:18:39,806 - INFO - Scraping G.R. No. 228354 (2018): Concorde Condominium, Inc. vs. Philippine National...
2025-12-05 19:18:40,531 - INFO -   ✓ Found at: https://lawphil.net/judjuris/juri2018/nov2018/gr_228354_2018.html
2025-12-05 19:18:40,534 - INFO -   ✓ Saved: RESTRUCTURED_DB/2018/november/228354.json
2025-12-05 19:18:41,034 - INFO - Scraping G.R. No. 228893 (2018): People of the Philippines vs. Joy Marcelo y Paguio...
2025-12-05 19:18:41,714 - INFO -   ✓ Found at: https://lawphil.net/judjuris/juri2018/nov2018/gr_228893_2018.html
2025-12-05 19:18:41,716 - INFO -   ✓ Saved: RESTRUCTURED_DB/2018/november/228893.json
2025-12-05 19:18:42,216 - INFO - Scraping G.R. No. 227015 (2018): People of the Philippines vs. Fatima Tumangong y D...
2025-12-05 19:18:42,475 - INFO -   ✓ Found at: https://lawphil.net/judjuris/juri2018/nov2018/gr_227015_2018.html
2025-12-05 19:18:42,477 - INFO -   ✓ Saved: RESTRUCTURED_DB/2018/november/227015.json
2025-12-05 19:18:42,977 - INFO - Scraping G.R. No. 208336 (2018): Villa Crista Monte Realty & Development Corp. vs. ...
2025-12-05 19:18:43,480 - INFO -   ✓ Found at: https://lawphil.net/judjuris/juri2018/nov2018/gr_208336_2018.html
2025-12-05 19:18:43,483 - INFO -   ✓ Saved: RESTRUCTURED_DB/2018/november/208336.json
2025-12-05 19:18:43,983 - INFO - Scraping G.R. No. 215691 (2018): Sps. Francis N. Celones & Felecisima Celones vs. M...
2025-12-05 19:18:44,289 - INFO -   ✓ Found at: https://lawphil.net/judjuris/juri2018/nov2018/gr_215691_2018.html
2025-12-05 19:18:44,290 - INFO -   ✓ Saved: RESTRUCTURED_DB/2018/november/215691.json
2025-12-05 19:18:44,790 - INFO - Scraping G.R. No. 234186 (2018): Union School International Represented by Pastor A...
2025-12-05 19:18:45,057 - INFO -   ✓ Found at: https://lawphil.net/judjuris/juri2018/nov2018/gr_234186_2018.html
2025-12-05 19:18:45,058 - INFO -   ✓ Saved: RESTRUCTURED_DB/2018/november/234186.json
2025-12-05 19:18:45,558 - INFO - Scraping G.R. No. 233314 (2018): Lunining S. Brazil, Salvacion L. Garcera and Rita ...
2025-12-05 19:18:46,026 - INFO -   ✓ Found at: https://lawphil.net/judjuris/juri2018/nov2018/gr_233314_2018.html
2025-12-05 19:18:46,029 - INFO -   ✓ Saved: RESTRUCTURED_DB/2018/november/233314.json
2025-12-05 19:18:46,529 - INFO - Scraping G.R. No. 195919 (2018): General Milling Corporation vs. Norberto Constanti...
2025-12-05 19:18:46,995 - INFO -   ✓ Found at: https://lawphil.net/judjuris/juri2018/nov2018/gr_195919_2018.html
2025-12-05 19:18:46,996 - INFO -   ✓ Saved: RESTRUCTURED_DB/2018/november/195919.json
2025-12-05 19:18:47,497 - INFO - Scraping G.R. No. 196733 (2018): Heirs of Roger Jarque vs. Marcial Jarque-Lagsit an...
2025-12-05 19:18:47,747 - INFO -   ✓ Found at: https://lawphil.net/judjuris/juri2018/nov2018/gr_196733_2018.html
2025-12-05 19:18:47,748 - INFO -   ✓ Saved: RESTRUCTURED_DB/2018/november/196733.json
2025-12-05 19:18:48,249 - INFO - Scraping G.R. No. 192023 (2018): Commissioner of Internal Revenue vs. Jerry Ocier...
2025-12-05 19:18:48,614 - INFO -   ✓ Found at: https://lawphil.net/judjuris/juri2018/nov2018/gr_192023_2018.html
2025-12-05 19:18:48,616 - INFO -   ✓ Saved: RESTRUCTURED_DB/2018/november/192023.json
2025-12-05 19:18:49,116 - INFO - Scraping G.R. No. 191202 (2018): Rizal Commercial Banking Corporation vs. Franco Tr...
2025-12-05 19:18:49,705 - INFO -   ✓ Found at: https://lawphil.net/judjuris/juri2018/nov2018/gr_191202_2018.html
2025-12-05 19:18:49,706 - INFO -   ✓ Saved: RESTRUCTURED_DB/2018/november/191202.json
2025-12-05 19:18:50,206 - INFO - Scraping G.R. No. 235778 (2018): People of the Philippines vs. Benie Mon y Abarides...
2025-12-05 19:18:50,763 - INFO -   ✓ Found at: https://lawphil.net/judjuris/juri2018/nov2018/gr_235778_2018.html
2025-12-05 19:18:50,765 - INFO -   ✓ Saved: RESTRUCTURED_DB/2018/november/235778.json
2025-12-05 19:18:51,265 - INFO - Scraping G.R. No. 234196 (2018): Jonathan Mendoza y Esguerra vs. People of the Phil...
2025-12-05 19:18:51,772 - INFO -   ✓ Found at: https://lawphil.net/judjuris/juri2018/nov2018/gr_234196_2018.html
2025-12-05 19:18:51,773 - INFO -   ✓ Saved: RESTRUCTURED_DB/2018/november/234196.json
2025-12-05 19:18:52,273 - INFO - Scraping G.R. No. 205680 (2018): Hiers of Ciriaco Bayog-Ang, Namely Celerio Valle a...
2025-12-05 19:18:52,521 - INFO -   ✓ Found at: https://lawphil.net/judjuris/juri2018/nov2018/gr_205680_2018.html
2025-12-05 19:18:52,522 - INFO -   ✓ Saved: RESTRUCTURED_DB/2018/november/205680.json
2025-12-05 19:18:53,023 - INFO - Scraping G.R. No. 226587 (2018): Donabelle V. Gonzales-Saldana vs. Sps. Gordon R. N...
2025-12-05 19:18:53,582 - INFO -   ✓ Found at: https://lawphil.net/judjuris/juri2018/nov2018/gr_226587_2018.html
2025-12-05 19:18:53,584 - INFO -   ✓ Saved: RESTRUCTURED_DB/2018/november/226587.json
2025-12-05 19:18:54,084 - INFO - Scraping G.R. No. 227313 (2018): People of the Philippines vs. Joseph Espera y Banñ...
2025-12-05 19:18:54,551 - INFO -   ✓ Found at: https://lawphil.net/judjuris/juri2018/nov2018/gr_227313_2018.html
2025-12-05 19:18:54,552 - INFO -   ✓ Saved: RESTRUCTURED_DB/2018/november/227313.json
2025-12-05 19:18:55,052 - INFO - Scraping G.R. No. 229219 (2018): People of the Philippines vs. Roderick Lazaro y Fl...
2025-12-05 19:18:55,506 - INFO -   ✓ Found at: https://lawphil.net/judjuris/juri2018/nov2018/gr_229219_2018.html
2025-12-05 19:18:55,508 - INFO -   ✓ Saved: RESTRUCTURED_DB/2018/november/229219.json
2025-12-05 19:18:56,008 - INFO - Scraping G.R. No. 211780 (2018): Cezar Yatco Real Estate Services, Inc., GRD Proper...
2025-12-05 19:18:56,254 - INFO -   ✓ Found at: https://lawphil.net/judjuris/juri2018/nov2018/gr_211780_2018.html
2025-12-05 19:18:56,257 - INFO -   ✓ Saved: RESTRUCTURED_DB/2018/november/211780.json
2025-12-05 19:18:56,757 - INFO - Scraping G.R. No. 212192 (2018): People of the Philippines vs. Metokur Abdula y Mam...
2025-12-05 19:18:57,445 - INFO -   ✓ Found at: https://lawphil.net/judjuris/juri2018/nov2018/gr_212192_2018.html
2025-12-05 19:18:57,447 - INFO -   ✓ Saved: RESTRUCTURED_DB/2018/november/212192.json
2025-12-05 19:18:57,947 - INFO - Scraping G.R. No. 217542 (2018): Christine Fernandez y Medina vs. People of the Phi...
2025-12-05 19:18:58,395 - INFO -   ✓ Found at: https://lawphil.net/judjuris/juri2018/nov2018/gr_217542_2018.html
2025-12-05 19:18:58,397 - INFO -   ✓ Saved: RESTRUCTURED_DB/2018/november/217542.json
2025-12-05 19:18:58,897 - INFO - Scraping G.R. No. 225010 (2018): Eliseo Soriano vs. People of the Philippines...
2025-12-05 19:18:59,621 - INFO -   ✓ Found at: https://lawphil.net/judjuris/juri2018/nov2018/gr_225010_2018.html
2025-12-05 19:18:59,622 - INFO -   ✓ Saved: RESTRUCTURED_DB/2018/november/225010.json
2025-12-05 19:19:00,122 - INFO - Scraping G.R. No. 226143 (2018): People of the Philippines vs. Fernando Balles y Fo...
2025-12-05 19:19:00,375 - INFO -   ✓ Found at: https://lawphil.net/judjuris/juri2018/nov2018/gr_226143_2018.html
2025-12-05 19:19:00,376 - INFO -   ✓ Saved: RESTRUCTURED_DB/2018/november/226143.json
2025-12-05 19:19:00,877 - INFO - Scraping G.R. No. 210791 (2018): Daylinda Albarracin vs. Philippine Transworld Ship...
2025-12-05 19:19:01,266 - INFO -   ✓ Found at: https://lawphil.net/judjuris/juri2018/nov2018/gr_210791_2018.html
2025-12-05 19:19:01,267 - INFO -   ✓ Saved: RESTRUCTURED_DB/2018/november/210791.json
2025-12-05 19:19:01,767 - INFO - Scraping G.R. No. 234808 (2018): Crescencio Arrieta vs. Melania T. Arrieta...
2025-12-05 19:19:02,266 - INFO -   ✓ Found at: https://lawphil.net/judjuris/juri2018/nov2018/gr_234808_2018.html
2025-12-05 19:19:02,267 - INFO -   ✓ Saved: RESTRUCTURED_DB/2018/november/234808.json
2025-12-05 19:19:02,767 - INFO - Scraping G.R. No. 231925 (2018): People of the Philippines vs. CCC...
2025-12-05 19:19:03,239 - INFO -   ✓ Found at: https://lawphil.net/judjuris/juri2018/nov2018/gr_231925_2018.html
2025-12-05 19:19:03,240 - INFO -   ✓ Saved: RESTRUCTURED_DB/2018/november/231925.json
2025-12-05 19:19:03,740 - INFO - Scraping G.R. No. 221484 (2018): Robustum Agricultural Corp. vs. Department of Agra...
2025-12-05 19:19:04,488 - INFO -   ✓ Found at: https://lawphil.net/judjuris/juri2018/nov2018/gr_221484_2018.html
2025-12-05 19:19:04,490 - INFO -   ✓ Saved: RESTRUCTURED_DB/2018/november/221484.json
2025-12-05 19:19:04,990 - INFO - Scraping G.R. No. 217362 (2018): Henry Diono vs. Trans-Global Maritime Agency, Inc....
2025-12-05 19:19:05,313 - INFO -   ✓ Found at: https://lawphil.net/judjuris/juri2018/nov2018/gr_217362_2018.html
2025-12-05 19:19:05,314 - INFO -   ✓ Saved: RESTRUCTURED_DB/2018/november/217362.json
2025-12-05 19:19:05,815 - INFO - Scraping G.R. No. 229272 (2018): Republic of the Philippines vs. Gina P. Tecag...
2025-12-05 19:19:06,143 - INFO -   ✓ Found at: https://lawphil.net/judjuris/juri2018/nov2018/gr_229272_2018.html
2025-12-05 19:19:06,144 - INFO -   ✓ Saved: RESTRUCTURED_DB/2018/november/229272.json
2025-12-05 19:19:06,644 - INFO - Scraping G.R. No. 229348 (2018): People of the Philippines vs. Orlando Tagle y Roqu...
2025-12-05 19:19:06,938 - INFO -   ✓ Found at: https://lawphil.net/judjuris/juri2018/nov2018/gr_229348_2018.html
2025-12-05 19:19:06,939 - INFO -   ✓ Saved: RESTRUCTURED_DB/2018/november/229348.json
2025-12-05 19:19:07,440 - INFO - Scraping G.R. No. 221425 (2018): Heirs of Tomas Arao represented by Proceso Arao, E...
2025-12-05 19:19:07,683 - INFO -   ✓ Found at: https://lawphil.net/judjuris/juri2018/nov2018/gr_221425_2018.html
2025-12-05 19:19:07,685 - INFO -   ✓ Saved: RESTRUCTURED_DB/2018/november/221425.json
2025-12-05 19:19:08,185 - INFO - Scraping G.R. No. 238842 (2018): Jon A. Pastor vs. Bibby Shipping Philippines, Inc....
2025-12-05 19:19:08,432 - INFO -   ✓ Found at: https://lawphil.net/judjuris/juri2018/nov2018/gr_238842_2018.html
2025-12-05 19:19:08,434 - INFO -   ✓ Saved: RESTRUCTURED_DB/2018/november/238842.json
2025-12-05 19:19:08,934 - INFO - Scraping G.R. No. 207976 (2018): Planters Development Bank vs. Lubiya Agro Industri...
2025-12-05 19:19:09,415 - INFO -   ✓ Found at: https://lawphil.net/judjuris/juri2018/nov2018/gr_207976_2018.html
2025-12-05 19:19:09,416 - INFO -   ✓ Saved: RESTRUCTURED_DB/2018/november/207976.json
2025-12-05 19:19:09,916 - INFO - Scraping G.R. No. 234217 (2018): Johnny Garcia Yap vs. People of the Philippines...
2025-12-05 19:19:10,163 - INFO -   ✓ Found at: https://lawphil.net/judjuris/juri2018/nov2018/gr_234217_2018.html
2025-12-05 19:19:10,164 - INFO -   ✓ Saved: RESTRUCTURED_DB/2018/november/234217.json
2025-12-05 19:19:10,665 - INFO - Scraping G.R. No. 192006 (2018): Commissioner of Internal Revenue vs. Mindanao I Ge...
2025-12-05 19:19:11,033 - INFO -   ✓ Found at: https://lawphil.net/judjuris/juri2018/nov2018/gr_192006_2018.html
2025-12-05 19:19:11,034 - INFO -   ✓ Saved: RESTRUCTURED_DB/2018/november/192006.json
2025-12-05 19:19:11,534 - INFO - Scraping G.R. No. 203403 (2018): Commissioner of Internal Revenue vs. Court of Tax ...
2025-12-05 19:19:11,778 - INFO -   ✓ Found at: https://lawphil.net/judjuris/juri2018/nov2018/gr_203403_2018.html
2025-12-05 19:19:11,779 - INFO -   ✓ Saved: RESTRUCTURED_DB/2018/november/203403.json
2025-12-05 19:19:12,280 - INFO - Scraping G.R. No. 204759 (2018): People's General Insurance Corp. vs. Edgardo Guans...
2025-12-05 19:19:12,833 - INFO -   ✓ Found at: https://lawphil.net/judjuris/juri2018/nov2018/gr_204759_2018.html
2025-12-05 19:19:12,835 - INFO -   ✓ Saved: RESTRUCTURED_DB/2018/november/204759.json
2025-12-05 19:19:13,335 - INFO - Scraping G.R. No. 218709 (2018): Liberty B. Tiongco vs. People of the Philippines...
2025-12-05 19:19:21,694 - WARNING -   ✗ Not found for G.R. No. 218709
2025-12-05 19:19:22,195 - INFO - Scraping G.R. No. 227873 (2018): People of the Philippines vs. Bernardo Rendon y Pa...
2025-12-05 19:19:22,485 - INFO -   ✓ Found at: https://lawphil.net/judjuris/juri2018/nov2018/gr_227873_2018.html
2025-12-05 19:19:22,486 - INFO -   ✓ Saved: RESTRUCTURED_DB/2018/november/227873.json
2025-12-05 19:19:22,987 - INFO - Scraping G.R. No. 227098 (2018): Julius Q. Apelanio vs. Arcanys, Inc. and CEO Alan ...
2025-12-05 19:19:23,320 - INFO -   ✓ Found at: https://lawphil.net/judjuris/juri2018/nov2018/gr_227098_2018.html
2025-12-05 19:19:23,321 - INFO -   ✓ Saved: RESTRUCTURED_DB/2018/november/227098.json
2025-12-05 19:19:23,821 - INFO - Scraping G.R. No. 229579 (2018): Bernardo B. Pacios, Marilou T. Abedes, Alexis L. E...
2025-12-05 19:19:24,284 - INFO -   ✓ Found at: https://lawphil.net/judjuris/juri2018/nov2018/gr_229579_2018.html
2025-12-05 19:19:24,285 - INFO -   ✓ Saved: RESTRUCTURED_DB/2018/november/229579.json
2025-12-05 19:19:24,786 - INFO - Scraping G.R. No. 227797 (2018): Ferdinand V. Sevilla vs. COMELEC and Ranie B. Gupi...
2025-12-05 19:19:25,034 - INFO -   ✓ Found at: https://lawphil.net/judjuris/juri2018/nov2018/gr_227797_2018.html
2025-12-05 19:19:25,037 - INFO -   ✓ Saved: RESTRUCTURED_DB/2018/november/227797.json
2025-12-05 19:19:25,537 - INFO - Scraping G.R. No. 237714 (2018): Republic of the Philippines vs. Science Park of th...
2025-12-05 19:19:25,826 - INFO -   ✓ Found at: https://lawphil.net/judjuris/juri2018/nov2018/gr_237714_2018.html
2025-12-05 19:19:25,828 - INFO -   ✓ Saved: RESTRUCTURED_DB/2018/november/237714.json
2025-12-05 19:19:26,328 - INFO - Scraping G.R. No. 211664 (2018): Republic of the Philippines vs. Prosperidad D. Bau...
2025-12-05 19:19:26,569 - INFO -   ✓ Found at: https://lawphil.net/judjuris/juri2018/nov2018/gr_211664_2018.html
2025-12-05 19:19:26,571 - INFO -   ✓ Saved: RESTRUCTURED_DB/2018/november/211664.json
2025-12-05 19:19:27,071 - INFO - Scraping G.R. No. 196058 (2018): Jame Pfleider vs. Hon. Court of Appeals - Cebu Cit...
2025-12-05 19:19:27,383 - INFO -   ✓ Found at: https://lawphil.net/judjuris/juri2018/nov2018/gr_196058_2018.html
2025-12-05 19:19:27,385 - INFO -   ✓ Saved: RESTRUCTURED_DB/2018/november/196058.json
2025-12-05 19:19:27,885 - INFO - Scraping G.R. No. 230832 (2018): Royal Plains View, Inc. and/or Renato Padillo vs. ...
2025-12-05 19:19:28,719 - INFO -   ✓ Found at: https://lawphil.net/judjuris/juri2018/nov2018/gr_230832_2018.html
2025-12-05 19:19:28,722 - INFO -   ✓ Saved: RESTRUCTURED_DB/2018/november/230832.json
2025-12-05 19:19:29,222 - INFO - Scraping G.R. No. 237116 (2018): Damacen Gabriel Cunanan vs. People of the Philippi...
2025-12-05 19:19:29,482 - INFO -   ✓ Found at: https://lawphil.net/judjuris/juri2018/nov2018/gr_237116_2018.html
2025-12-05 19:19:29,484 - INFO -   ✓ Saved: RESTRUCTURED_DB/2018/november/237116.json
2025-12-05 19:19:29,984 - INFO - Scraping G.R. No. 222737 (2018): Heirs of Josefina Gabriel vs. Secundina Cebrero, C...
2025-12-05 19:19:30,609 - INFO -   ✓ Found at: https://lawphil.net/judjuris/juri2018/nov2018/gr_222737_2018.html
2025-12-05 19:19:30,610 - INFO -   ✓ Saved: RESTRUCTURED_DB/2018/november/222737.json
2025-12-05 19:19:31,110 - INFO - Scraping G.R. No. 212683 (2018): Jerson E. Tortal vs. Chizuru Taniguchi...
2025-12-05 19:19:31,363 - INFO -   ✓ Found at: https://lawphil.net/judjuris/juri2018/nov2018/gr_212683_2018.html
2025-12-05 19:19:31,364 - INFO -   ✓ Saved: RESTRUCTURED_DB/2018/november/212683.json
2025-12-05 19:19:31,864 - INFO - Scraping G.R. No. 218732 (2018): Republic of the Philippines represented by the Sec...
2025-12-05 19:19:32,177 - INFO -   ✓ Found at: https://lawphil.net/judjuris/juri2018/nov2018/gr_218732_2018.html
2025-12-05 19:19:32,178 - INFO -   ✓ Saved: RESTRUCTURED_DB/2018/november/218732.json
2025-12-05 19:19:32,678 - INFO - Scraping G.R. No. 199851 (2018): Noell Whessoe vs. Independent Testing Consultants,...
2025-12-05 19:19:32,931 - INFO -   ✓ Found at: https://lawphil.net/judjuris/juri2018/nov2018/gr_199851_2018.html
2025-12-05 19:19:32,933 - INFO -   ✓ Saved: RESTRUCTURED_DB/2018/november/199851.json
2025-12-05 19:19:33,433 - INFO - Scraping G.R. No. 194388 (2018): Metropolitan Waterworks Sewerage System vs. the Lo...
2025-12-05 19:19:34,978 - INFO -   ✓ Found at: https://lawphil.net/judjuris/juri2018/nov2018/gr_194388_2018.html
2025-12-05 19:19:34,981 - INFO -   ✓ Saved: RESTRUCTURED_DB/2018/november/194388.json
2025-12-05 19:19:35,481 - INFO - Scraping G.R. No. 190800 (2018): Metropolitan Bank and Trust Company vs. Fortuna Pa...
2025-12-05 19:19:35,729 - INFO -   ✓ Found at: https://lawphil.net/judjuris/juri2018/nov2018/gr_190800_2018.html
2025-12-05 19:19:35,731 - INFO -   ✓ Saved: RESTRUCTURED_DB/2018/november/190800.json
2025-12-05 19:19:36,231 - INFO - Scraping G.R. No. 234821 (2018): People of the Philippines vs. Bobby Pacnisen y Bum...
2025-12-05 19:19:36,702 - INFO -   ✓ Found at: https://lawphil.net/judjuris/juri2018/nov2018/gr_234821_2018.html
2025-12-05 19:19:36,704 - INFO -   ✓ Saved: RESTRUCTURED_DB/2018/november/234821.json
2025-12-05 19:19:37,204 - INFO - Scraping G.R. No. 231843 (2018): People of the Philippines vs. Nader Musor y Acmad...
2025-12-05 19:19:37,453 - INFO -   ✓ Found at: https://lawphil.net/judjuris/juri2018/nov2018/gr_231843_2018.html
2025-12-05 19:19:37,456 - INFO -   ✓ Saved: RESTRUCTURED_DB/2018/november/231843.json
2025-12-05 19:19:37,956 - INFO - Scraping G.R. No. 211206 (2018): Rosemarie Q. Rey vs. Cesar Anson...
2025-12-05 19:19:38,634 - INFO -   ✓ Found at: https://lawphil.net/judjuris/juri2018/nov2018/gr_211206_2018.html
2025-12-05 19:19:38,637 - INFO -   ✓ Saved: RESTRUCTURED_DB/2018/november/211206.json
2025-12-05 19:19:39,137 - INFO - Scraping G.R. No. 217349 (2018): Maria Fe Cruz Aquino y Velasquez a.k.a. Ma. Precio...
2025-12-05 19:19:39,598 - INFO -   ✓ Found at: https://lawphil.net/judjuris/juri2018/nov2018/gr_217349_2018.html
2025-12-05 19:19:39,599 - INFO -   ✓ Saved: RESTRUCTURED_DB/2018/november/217349.json
2025-12-05 19:19:40,100 - INFO - Scraping G.R. No. 218428 (2018): People of the Philippines vs. Segundo Bricero y Fe...
2025-12-05 19:19:40,343 - INFO -   ✓ Found at: https://lawphil.net/judjuris/juri2018/nov2018/gr_218428_2018.html
2025-12-05 19:19:40,347 - INFO -   ✓ Saved: RESTRUCTURED_DB/2018/november/218428.json
2025-12-05 19:19:40,847 - INFO - Scraping G.R. No. 218805 (2018): People of the Philippines vs. Alvin Fatallo y Alec...
2025-12-05 19:19:41,240 - INFO -   ✓ Found at: https://lawphil.net/judjuris/juri2018/nov2018/gr_218805_2018.html
2025-12-05 19:19:41,242 - INFO -   ✓ Saved: RESTRUCTURED_DB/2018/november/218805.json
2025-12-05 19:19:41,742 - INFO - Scraping G.R. No. 222480 (2018): Avon Products Manufacturing Inc. vs. Commissioner ...
2025-12-05 19:19:42,024 - INFO -   ✓ Found at: https://lawphil.net/judjuris/juri2018/nov2018/gr_222480_2018.html
2025-12-05 19:19:42,026 - INFO -   ✓ Saved: RESTRUCTURED_DB/2018/november/222480.json
2025-12-05 19:19:42,526 - INFO - Scraping G.R. No. 218167 (2018): Henry R. Esposo vs. Epsilon Maritime Services, Inc...
2025-12-05 19:19:42,771 - INFO -   ✓ Found at: https://lawphil.net/judjuris/juri2018/nov2018/gr_218167_2018.html
2025-12-05 19:19:42,774 - INFO -   ✓ Saved: RESTRUCTURED_DB/2018/november/218167.json
2025-12-05 19:19:43,275 - INFO - Scraping G.R. No. 219340 (2018): Commissioner of Internal Revenue vs. Standard Insu...
2025-12-05 19:19:43,741 - INFO -   ✓ Found at: https://lawphil.net/judjuris/juri2018/nov2018/gr_219340_2018.html
2025-12-05 19:19:43,742 - INFO -   ✓ Saved: RESTRUCTURED_DB/2018/november/219340.json
2025-12-05 19:19:44,243 - INFO - Scraping G.R. No. 223785 (2018): Lajave Agricultural Management and Development Ent...
2025-12-05 19:19:44,483 - INFO -   ✓ Found at: https://lawphil.net/judjuris/juri2018/nov2018/gr_223785_2018.html
2025-12-05 19:19:44,485 - INFO -   ✓ Saved: RESTRUCTURED_DB/2018/november/223785.json
2025-12-05 19:19:44,985 - INFO - Scraping G.R. No. 224389 (2018): Highpoint Development Corporation vs. Republic of ...
2025-12-05 19:19:45,447 - INFO -   ✓ Found at: https://lawphil.net/judjuris/juri2018/nov2018/gr_224389_2018.html
2025-12-05 19:19:45,448 - INFO -   ✓ Saved: RESTRUCTURED_DB/2018/november/224389.json
2025-12-05 19:19:45,948 - INFO - Scraping G.R. No. 227865 (2018): People of the Philippines vs. Rodel Magbuhos y Dio...
2025-12-05 19:19:46,198 - INFO -   ✓ Found at: https://lawphil.net/judjuris/juri2018/nov2018/gr_227865_2018.html
2025-12-05 19:19:46,199 - INFO -   ✓ Saved: RESTRUCTURED_DB/2018/november/227865.json
2025-12-05 19:19:46,699 - INFO - Scraping G.R. No. 204594 (2018): Sindophil, Inc. vs. Republic of the Philippines...
2025-12-05 19:19:47,376 - INFO -   ✓ Found at: https://lawphil.net/judjuris/juri2018/nov2018/gr_204594_2018.html
2025-12-05 19:19:47,379 - INFO -   ✓ Saved: RESTRUCTURED_DB/2018/november/204594.json
2025-12-05 19:19:47,879 - INFO - Scraping G.R. No. 234448 (2018): Private Hospitals Association of the Philipines, I...
2025-12-05 19:19:48,133 - INFO -   ✓ Found at: https://lawphil.net/judjuris/juri2018/nov2018/gr_234448_2018.html
2025-12-05 19:19:48,135 - INFO -   ✓ Saved: RESTRUCTURED_DB/2018/november/234448.json
2025-12-05 19:19:48,636 - INFO - Scraping G.R. No. 238594 (2018): People of the Philippines vs. Jose Reyes y Lagman...
2025-12-05 19:19:49,151 - INFO -   ✓ Found at: https://lawphil.net/judjuris/juri2018/nov2018/gr_238594_2018.html
2025-12-05 19:19:49,152 - INFO -   ✓ Saved: RESTRUCTURED_DB/2018/november/238594.json
2025-12-05 19:19:49,653 - INFO - Scraping G.R. No. 236075 (2018): Marilyn L. Go Ramos-Yeo, Laurence L. Go and Montgo...
2025-12-05 19:19:50,329 - INFO -   ✓ Found at: https://lawphil.net/judjuris/juri2018/nov2018/gr_236075_2018.html
2025-12-05 19:19:50,332 - INFO -   ✓ Saved: RESTRUCTURED_DB/2018/november/236075.json
2025-12-05 19:19:50,832 - INFO - Scraping G.R. No. 235412 (2018): Eldred Palada Tumbocon vs. Hon. Sandiganbayan Sixt...
2025-12-05 19:19:59,309 - WARNING -   ✗ Not found for G.R. No. 235412
2025-12-05 19:19:59,809 - INFO - Scraping G.R. No. 234818 (2018): The People of the Philippines vs. Felix Aquino, Ir...
2025-12-05 19:20:00,085 - INFO -   ✓ Found at: https://lawphil.net/judjuris/juri2018/nov2018/gr_234818_2018.html
2025-12-05 19:20:00,087 - INFO -   ✓ Saved: RESTRUCTURED_DB/2018/november/234818.json
2025-12-05 19:20:00,587 - INFO - Scraping G.R. No. 233199 (2018): People of the Philipines vs. Ariel Manabat Cadenas...
2025-12-05 19:20:01,106 - INFO -   ✓ Found at: https://lawphil.net/judjuris/juri2018/nov2018/gr_233199_2018.html
2025-12-05 19:20:01,108 - INFO -   ✓ Saved: RESTRUCTURED_DB/2018/november/233199.json
2025-12-05 19:20:01,608 - INFO - Scraping G.R. No. 231008 (2018): People of the Philippines vs. Federico Señeres, Jr...
2025-12-05 19:20:01,990 - INFO -   ✓ Found at: https://lawphil.net/judjuris/juri2018/nov2018/gr_231008_2018.html
2025-12-05 19:20:01,992 - INFO -   ✓ Saved: RESTRUCTURED_DB/2018/november/231008.json
2025-12-05 19:20:02,492 - INFO - Scraping G.R. No. 228641 (2018): Sps. Rodolfo Cruz and Lota Santos-Crus vs. Heirs o...
2025-12-05 19:20:04,086 - INFO -   ✓ Found at: https://lawphil.net/judjuris/juri2018/nov2018/gr_228641_2018.html
2025-12-05 19:20:04,087 - INFO -   ✓ Saved: RESTRUCTURED_DB/2018/november/228641.json
2025-12-05 19:20:04,588 - INFO - Scraping G.R. No. 229326 (2018): Romina N. Bisamonte, Jennifer P. Dacillo, Erwin C....
2025-12-05 19:20:04,849 - INFO -   ✓ Found at: https://lawphil.net/judjuris/juri2018/nov2018/gr_229326_2018.html
2025-12-05 19:20:04,851 - INFO -   ✓ Saved: RESTRUCTURED_DB/2018/november/229326.json
2025-12-05 19:20:05,351 - INFO - Scraping G.R. No. 206398 (2018): People of the Philippines vs. Jerry Jamila y Viray...
2025-12-05 19:20:05,593 - INFO -   ✓ Found at: https://lawphil.net/judjuris/juri2018/nov2018/gr_206398_2018.html
2025-12-05 19:20:05,594 - INFO -   ✓ Saved: RESTRUCTURED_DB/2018/november/206398.json
2025-12-05 19:20:06,094 - INFO - Scraping G.R. No. 236304 (2018): People of the Philippines vs. Arman Santos Gutierr...
2025-12-05 19:20:06,628 - INFO -   ✓ Found at: https://lawphil.net/judjuris/juri2018/nov2018/gr_236304_2018.html
2025-12-05 19:20:06,630 - INFO -   ✓ Saved: RESTRUCTURED_DB/2018/november/236304.json
2025-12-05 19:20:07,130 - INFO - Scraping G.R. No. 239000 (2018): People of the Philippines vs. Jerome Emar Sanchez ...
2025-12-05 19:20:07,380 - INFO -   ✓ Found at: https://lawphil.net/judjuris/juri2018/nov2018/gr_239000_2018.html
2025-12-05 19:20:07,381 - INFO -   ✓ Saved: RESTRUCTURED_DB/2018/november/239000.json
2025-12-05 19:20:07,881 - INFO - Scraping G.R. No. 219884 (2018): People of the Philippines vs. Michael A. Belludo a...
2025-12-05 19:20:08,131 - INFO -   ✓ Found at: https://lawphil.net/judjuris/juri2018/oct2018/gr_219884_2018.html
2025-12-05 19:20:08,133 - INFO -   ✓ Saved: RESTRUCTURED_DB/2018/october/219884.json
2025-12-05 19:20:08,633 - INFO - Scraping G.R. No. 231111 (2018): Christian Albert A. Cariño vs. Maine Marine Phils....
2025-12-05 19:20:09,304 - INFO -   ✓ Found at: https://lawphil.net/judjuris/juri2018/oct2018/gr_231111_2018.html
2025-12-05 19:20:09,306 - INFO -   ✓ Saved: RESTRUCTURED_DB/2018/october/231111.json
2025-12-05 19:20:09,806 - INFO - Scraping G.R. No. 205904 (2018): Gwendolyn F. Garcia vs. Hon. Sandiganbayan, & Peop...
2025-12-05 19:20:18,108 - WARNING -   ✗ Not found for G.R. No. 205904
2025-12-05 19:20:18,608 - INFO - 
Batch 1 complete:
2025-12-05 19:20:18,608 - INFO -   Successful: 94
2025-12-05 19:20:18,608 - INFO -   Failed: 6
2025-12-05 19:20:18,608 - INFO -   Skipped: 0
2025-12-05 19:20:18,609 - INFO - 
Overall progress: 100/384 cases
2025-12-05 19:20:18,609 - INFO - 
================================================================================
2025-12-05 19:20:18,609 - INFO - BATCH 2/4 (100 cases)
2025-12-05 19:20:18,609 - INFO - ================================================================================
2025-12-05 19:20:18,609 - INFO - Scraping G.R. No. 219548 (2018): Gerarda H. Villa vs. Stanley Fernandez, Florentino...
2025-12-05 19:20:18,851 - INFO -   ✓ Found at: https://lawphil.net/judjuris/juri2018/oct2018/gr_219548_2018.html
2025-12-05 19:20:18,852 - INFO -   ✓ Saved: RESTRUCTURED_DB/2018/october/219548.json
2025-12-05 19:20:19,353 - INFO - Scraping G.R. No. 217336 (2018): Republic of the Philippines vs. Ildefonso Alejandr...
2025-12-05 19:20:19,612 - INFO -   ✓ Found at: https://lawphil.net/judjuris/juri2018/oct2018/gr_217336_2018.html
2025-12-05 19:20:19,614 - INFO -   ✓ Saved: RESTRUCTURED_DB/2018/october/217336.json
2025-12-05 19:20:20,115 - INFO - Scraping G.R. No. 218702 (2018): People of the Philippines vs. Patrick John Mercado...
2025-12-05 19:20:20,379 - INFO -   ✓ Found at: https://lawphil.net/judjuris/juri2018/oct2018/gr_218702_2018.html
2025-12-05 19:20:20,381 - INFO -   ✓ Saved: RESTRUCTURED_DB/2018/october/218702.json
2025-12-05 19:20:20,881 - INFO - Scraping G.R. No. 224825 (2018): City of Cagayan de Oro vs. Cagayan Electric Power ...
2025-12-05 19:20:21,343 - INFO -   ✓ Found at: https://lawphil.net/judjuris/juri2018/oct2018/gr_224825_2018.html
2025-12-05 19:20:21,345 - INFO -   ✓ Saved: RESTRUCTURED_DB/2018/october/224825.json
2025-12-05 19:20:21,845 - INFO - Scraping G.R. No. 194126 (2018): Industrial Personnel and Management Services, Inc....
2025-12-05 19:20:22,104 - INFO -   ✓ Found at: https://lawphil.net/judjuris/juri2018/oct2018/gr_194126_2018.html
2025-12-05 19:20:22,107 - INFO -   ✓ Saved: RESTRUCTURED_DB/2018/october/194126.json
2025-12-05 19:20:22,607 - INFO - Scraping G.R. No. 222678 (2018): Joanne Kristine G. Pimentel vs. Reynaldo Adiao, Cr...
2025-12-05 19:20:22,959 - INFO -   ✓ Found at: https://lawphil.net/judjuris/juri2018/oct2018/gr_222678_2018.html
2025-12-05 19:20:22,960 - INFO -   ✓ Saved: RESTRUCTURED_DB/2018/october/222678.json
2025-12-05 19:20:23,461 - INFO - Scraping G.R. No. 236297 (2018): People of the Philippines vs. Armand Bagabay Y Mac...
2025-12-05 19:20:23,704 - INFO -   ✓ Found at: https://lawphil.net/judjuris/juri2018/oct2018/gr_236297_2018.html
2025-12-05 19:20:23,705 - INFO -   ✓ Saved: RESTRUCTURED_DB/2018/october/236297.json
2025-12-05 19:20:24,205 - INFO - Scraping G.R. No. 208956 (2018): Republic of the Philippines Represented By DPWH vs...
2025-12-05 19:20:24,470 - INFO -   ✓ Found at: https://lawphil.net/judjuris/juri2018/oct2018/gr_208956_2018.html
2025-12-05 19:20:24,471 - INFO -   ✓ Saved: RESTRUCTURED_DB/2018/october/208956.json
2025-12-05 19:20:24,971 - INFO - Scraping G.R. No. 222886 (2018): Hon. Leila De Lima, in Her Capacity as Secretary o...
2025-12-05 19:20:25,425 - INFO -   ✓ Found at: https://lawphil.net/judjuris/juri2018/oct2018/gr_222886_2018.html
2025-12-05 19:20:25,428 - INFO -   ✓ Saved: RESTRUCTURED_DB/2018/october/222886.json
2025-12-05 19:20:25,929 - INFO - Scraping G.R. No. 225736 (2018): People of the Philippines vs. Alglen Reyes y Pauli...
2025-12-05 19:20:26,184 - INFO -   ✓ Found at: https://lawphil.net/judjuris/juri2018/oct2018/gr_225736_2018.html
2025-12-05 19:20:26,186 - INFO -   ✓ Saved: RESTRUCTURED_DB/2018/october/225736.json
2025-12-05 19:20:26,686 - INFO - Scraping G.R. No. 214415 (2018): In the Matter of the Intestate Estate of Miguelita...
2025-12-05 19:20:26,948 - INFO -   ✓ Found at: https://lawphil.net/judjuris/juri2018/oct2018/gr_214415_2018.html
2025-12-05 19:20:26,950 - INFO -   ✓ Saved: RESTRUCTURED_DB/2018/october/214415.json
2025-12-05 19:20:27,450 - INFO - Scraping G.R. No. 238829 (2018): People of the Philippines vs. Concepcion Sembrano ...
2025-12-05 19:20:27,785 - INFO -   ✓ Found at: https://lawphil.net/judjuris/juri2018/oct2018/gr_238829_2018.html
2025-12-05 19:20:27,786 - INFO -   ✓ Saved: RESTRUCTURED_DB/2018/october/238829.json
2025-12-05 19:20:28,286 - INFO - Scraping G.R. No. 226045 (2018): Alberto Granton vs. People of the Philippines...
2025-12-05 19:20:28,611 - INFO -   ✓ Found at: https://lawphil.net/judjuris/juri2018/oct2018/gr_226045_2018.html
2025-12-05 19:20:28,613 - INFO -   ✓ Saved: RESTRUCTURED_DB/2018/october/226045.json
2025-12-05 19:20:29,113 - INFO - Scraping G.R. No. 224894 (2018): People of the Philippines vs. Welito Serad y Ravil...
2025-12-05 19:20:29,535 - INFO -   ✓ Found at: https://lawphil.net/judjuris/juri2018/oct2018/gr_224894_2018.html
2025-12-05 19:20:29,536 - INFO -   ✓ Saved: RESTRUCTURED_DB/2018/october/224894.json
2025-12-05 19:20:30,036 - INFO - Scraping G.R. No. 225061 (2018): People of the Philippines vs. Jomar Mendoza Y Magn...
2025-12-05 19:20:30,506 - INFO -   ✓ Found at: https://lawphil.net/judjuris/juri2018/oct2018/gr_225061_2018.html
2025-12-05 19:20:30,507 - INFO -   ✓ Saved: RESTRUCTURED_DB/2018/october/225061.json
2025-12-05 19:20:31,009 - INFO - Scraping G.R. No. 233193 (2018): People of the Philippines vs. Renato Bacolot y Idl...
2025-12-05 19:20:31,631 - INFO -   ✓ Found at: https://lawphil.net/judjuris/juri2018/oct2018/gr_233193_2018.html
2025-12-05 19:20:31,632 - INFO -   ✓ Saved: RESTRUCTURED_DB/2018/october/233193.json
2025-12-05 19:20:32,133 - INFO - Scraping G.R. No. 236540 (2018): People of the Philippines vs. Alicia Alunen y Prit...
2025-12-05 19:20:32,454 - INFO -   ✓ Found at: https://lawphil.net/judjuris/juri2018/oct2018/gr_236540_2018.html
2025-12-05 19:20:32,455 - INFO -   ✓ Saved: RESTRUCTURED_DB/2018/october/236540.json
2025-12-05 19:20:32,955 - INFO - Scraping G.R. No. 198237 (2018): Bank of the Philippine Islands vs. Land Investors ...
2025-12-05 19:20:33,201 - INFO -   ✓ Found at: https://lawphil.net/judjuris/juri2018/oct2018/gr_198237_2018.html
2025-12-05 19:20:33,203 - INFO -   ✓ Saved: RESTRUCTURED_DB/2018/october/198237.json
2025-12-05 19:20:33,704 - INFO - Scraping G.R. No. 233084 (2018): People of the Philippines vs. Victor Velasco y Por...
2025-12-05 19:20:34,307 - INFO -   ✓ Found at: https://lawphil.net/judjuris/juri2018/oct2018/gr_233084_2018.html
2025-12-05 19:20:34,308 - INFO -   ✓ Saved: RESTRUCTURED_DB/2018/october/233084.json
2025-12-05 19:20:34,808 - INFO - Scraping G.R. No. 228779 (2018): People of the Philippines vs. William Villaros y C...
2025-12-05 19:20:35,269 - INFO -   ✓ Found at: https://lawphil.net/judjuris/juri2018/oct2018/gr_228779_2018.html
2025-12-05 19:20:35,271 - INFO -   ✓ Saved: RESTRUCTURED_DB/2018/october/228779.json
2025-12-05 19:20:35,771 - INFO - Scraping G.R. No. 228267 (2018): Maria Nympha Madangan vs. Rufino Dela Cruz of the ...
2025-12-05 19:20:36,032 - INFO -   ✓ Found at: https://lawphil.net/judjuris/juri2018/oct2018/gr_228267_2018.html
2025-12-05 19:20:36,033 - INFO -   ✓ Saved: RESTRUCTURED_DB/2018/october/228267.json
2025-12-05 19:20:36,533 - INFO - Scraping G.R. No. 232496 (2018): People of the Philippines vs. Nestor Abadilla y Ve...
2025-12-05 19:20:36,796 - INFO -   ✓ Found at: https://lawphil.net/judjuris/juri2018/oct2018/gr_232496_2018.html
2025-12-05 19:20:36,797 - INFO -   ✓ Saved: RESTRUCTURED_DB/2018/october/232496.json
2025-12-05 19:20:37,298 - INFO - Scraping G.R. No. 237352 (2018): Republic of the Philippines, Represented By Toll R...
2025-12-05 19:20:37,547 - INFO -   ✓ Found at: https://lawphil.net/judjuris/juri2018/oct2018/gr_237352_2018.html
2025-12-05 19:20:37,548 - INFO -   ✓ Saved: RESTRUCTURED_DB/2018/october/237352.json
2025-12-05 19:20:38,048 - INFO - Scraping G.R. No. 237703 (2018): Joseph C. Sy vs. Sandiganbayan (Third Division) an...
2025-12-05 19:20:38,299 - INFO -   ✓ Found at: https://lawphil.net/judjuris/juri2018/oct2018/gr_237703_2018.html
2025-12-05 19:20:38,300 - INFO -   ✓ Saved: RESTRUCTURED_DB/2018/october/237703.json
2025-12-05 19:20:38,800 - INFO - Scraping G.R. No. 234291 (2018): People of the Philippines vs. Jayson Bombio y De V...
2025-12-05 19:20:39,048 - INFO -   ✓ Found at: https://lawphil.net/judjuris/juri2018/oct2018/gr_234291_2018.html
2025-12-05 19:20:39,050 - INFO -   ✓ Saved: RESTRUCTURED_DB/2018/october/234291.json
2025-12-05 19:20:39,551 - INFO - Scraping G.R. No. 209661 (2018): Aurelio Padillo vs. Rolly Villanueva and Joseph Di...
2025-12-05 19:20:40,017 - INFO -   ✓ Found at: https://lawphil.net/judjuris/juri2018/oct2018/gr_209661_2018.html
2025-12-05 19:20:40,024 - INFO -   ✓ Saved: RESTRUCTURED_DB/2018/october/209661.json
2025-12-05 19:20:40,525 - INFO - Scraping G.R. No. 199654 (2018): Isidro A. Bautista vs. Teresita M. Yujuico...
2025-12-05 19:20:41,163 - INFO -   ✓ Found at: https://lawphil.net/judjuris/juri2018/oct2018/gr_199654_2018.html
2025-12-05 19:20:41,164 - INFO -   ✓ Saved: RESTRUCTURED_DB/2018/october/199654.json
2025-12-05 19:20:41,665 - INFO - Scraping G.R. No. 225213 (2018): People of the Philippines vs. Ceasar Conlu Y Benet...
2025-12-05 19:20:42,349 - INFO -   ✓ Found at: https://lawphil.net/judjuris/juri2018/oct2018/gr_225213_2018.html
2025-12-05 19:20:42,351 - INFO -   ✓ Saved: RESTRUCTURED_DB/2018/october/225213.json
2025-12-05 19:20:42,851 - INFO - Scraping G.R. No. 221995 (2018): Republic of the Philippines, Represented By the To...
2025-12-05 19:20:43,370 - INFO -   ✓ Found at: https://lawphil.net/judjuris/juri2018/oct2018/gr_221995_2018.html
2025-12-05 19:20:43,372 - INFO -   ✓ Saved: RESTRUCTURED_DB/2018/october/221995.json
2025-12-05 19:20:43,872 - INFO - Scraping G.R. No. 221548 (2018): Renerio M. Villas vs. C.F. Sharp Crew Management, ...
2025-12-05 19:20:44,134 - INFO -   ✓ Found at: https://lawphil.net/judjuris/juri2018/oct2018/gr_221548_2018.html
2025-12-05 19:20:44,136 - INFO -   ✓ Saved: RESTRUCTURED_DB/2018/october/221548.json
2025-12-05 19:20:44,636 - INFO - Scraping G.R. No. 234190 (2018): People of the Philippines vs. Ferdinand de Guzman ...
2025-12-05 19:20:45,288 - INFO -   ✓ Found at: https://lawphil.net/judjuris/juri2018/oct2018/gr_234190_2018.html
2025-12-05 19:20:45,290 - INFO -   ✓ Saved: RESTRUCTURED_DB/2018/october/234190.json
2025-12-05 19:20:45,790 - INFO - Scraping G.R. No. 215922 (2018): Thelma C. Muller, Grace M. Grecia, Kurt Frederick ...
2025-12-05 19:20:46,396 - INFO -   ✓ Found at: https://lawphil.net/judjuris/juri2018/oct2018/gr_215922_2018.html
2025-12-05 19:20:46,397 - INFO -   ✓ Saved: RESTRUCTURED_DB/2018/october/215922.json
2025-12-05 19:20:46,898 - INFO - Scraping G.R. No. 226199 (2018): Rosita Tuason Maravilla and Corazon Tuason Miranda...
2025-12-05 19:20:47,444 - INFO -   ✓ Found at: https://lawphil.net/judjuris/juri2018/oct2018/gr_226199_2018.html
2025-12-05 19:20:47,446 - INFO -   ✓ Saved: RESTRUCTURED_DB/2018/october/226199.json
2025-12-05 19:20:47,946 - INFO - Scraping G.R. No. 238522 (2018): People of the Philippines vs. Norman Baradi y Vela...
2025-12-05 19:20:48,316 - INFO -   ✓ Found at: https://lawphil.net/judjuris/juri2018/oct2018/gr_238522_2018.html
2025-12-05 19:20:48,317 - INFO -   ✓ Saved: RESTRUCTURED_DB/2018/october/238522.json
2025-12-05 19:20:48,817 - INFO - Scraping G.R. No. 237204 (2018): People of the Philippines vs. Saidamen Olimpain Ma...
2025-12-05 19:20:49,317 - INFO -   ✓ Found at: https://lawphil.net/judjuris/juri2018/oct2018/gr_237204_2018.html
2025-12-05 19:20:49,319 - INFO -   ✓ Saved: RESTRUCTURED_DB/2018/october/237204.json
2025-12-05 19:20:49,819 - INFO - Scraping G.R. No. 238338 (2018): People of the Philippines vs. Edgardo Dela Rosa y ...
2025-12-05 19:20:50,093 - INFO -   ✓ Found at: https://lawphil.net/judjuris/juri2018/oct2018/gr_238338_2018.html
2025-12-05 19:20:50,094 - INFO -   ✓ Saved: RESTRUCTURED_DB/2018/october/238338.json
2025-12-05 19:20:50,594 - INFO - Scraping G.R. No. 236838 (2018): People of the Philippines vs. Zacarias Lesin Misa ...
2025-12-05 19:20:50,839 - INFO -   ✓ Found at: https://lawphil.net/judjuris/juri2018/oct2018/gr_236838_2018.html
2025-12-05 19:20:50,841 - INFO -   ✓ Saved: RESTRUCTURED_DB/2018/october/236838.json
2025-12-05 19:20:51,341 - INFO - Scraping G.R. No. 210088 (2018): Ellen Tordesillas, Charmaine Deogracias, Ashzel Ha...
2025-12-05 19:20:52,048 - INFO -   ✓ Found at: https://lawphil.net/judjuris/juri2018/oct2018/gr_210088_2018.html
2025-12-05 19:20:52,050 - INFO -   ✓ Saved: RESTRUCTURED_DB/2018/october/210088.json
2025-12-05 19:20:52,550 - INFO - Scraping G.R. No. 201821 (2018): Pablo B. Malabanan vs. Republic of the Philippines...
2025-12-05 19:20:52,804 - INFO -   ✓ Found at: https://lawphil.net/judjuris/juri2018/sep2018/gr_201821_2018.html
2025-12-05 19:20:52,805 - INFO -   ✓ Saved: RESTRUCTURED_DB/2018/september/201821.json
2025-12-05 19:20:53,305 - INFO - Scraping G.R. No. 193236 (2018): Florencia Garcia-Diaz vs. Sandiganbayan/Jose G. So...
2025-12-05 19:20:53,777 - INFO -   ✓ Found at: https://lawphil.net/judjuris/juri2018/sep2018/gr_193236_2018.html
2025-12-05 19:20:53,780 - INFO -   ✓ Saved: RESTRUCTURED_DB/2018/september/193236.json
2025-12-05 19:20:54,280 - INFO - Scraping G.R. No. 201800 (2018): Governor Maria Gracia Cielo M. Padaca vs. Honorabl...
2025-12-05 19:20:54,750 - INFO -   ✓ Found at: https://lawphil.net/judjuris/juri2018/aug2018/gr_201800_2018.html
2025-12-05 19:20:54,751 - INFO -   ✓ Saved: RESTRUCTURED_DB/2018/august/201800.json
2025-12-05 19:20:55,251 - INFO - Scraping G.R. No. 232354 (2018): People of the Philippines vs. Danny Lumumba y Made...
2025-12-05 19:20:55,501 - INFO -   ✓ Found at: https://lawphil.net/judjuris/juri2018/aug2018/gr_232354_2018.html
2025-12-05 19:20:55,502 - INFO -   ✓ Saved: RESTRUCTURED_DB/2018/august/232354.json
2025-12-05 19:20:56,003 - INFO - Scraping G.R. No. 227523 (2018): Amalia S. Menez vs. Status Maritime Corporation, N...
2025-12-05 19:20:56,246 - INFO -   ✓ Found at: https://lawphil.net/judjuris/juri2018/aug2018/gr_227523_2018.html
2025-12-05 19:20:56,248 - INFO -   ✓ Saved: RESTRUCTURED_DB/2018/august/227523.json
2025-12-05 19:20:56,748 - INFO - Scraping G.R. No. 205888 (2018): People of the Philippines vs. XXX...
2025-12-05 19:20:56,995 - INFO -   ✓ Found at: https://lawphil.net/judjuris/juri2018/aug2018/gr_205888_2018.html
2025-12-05 19:20:56,997 - INFO -   ✓ Saved: RESTRUCTURED_DB/2018/august/205888.json
2025-12-05 19:20:57,498 - INFO - Scraping G.R. No. 181154 (2018): Ramchrisen H. Haveria vs. Social Security System, ...
2025-12-05 19:20:58,140 - INFO -   ✓ Found at: https://lawphil.net/judjuris/juri2018/aug2018/gr_181154_2018.html
2025-12-05 19:20:58,141 - INFO -   ✓ Saved: RESTRUCTURED_DB/2018/august/181154.json
2025-12-05 19:20:58,641 - INFO - Scraping G.R. No. 185303 (2018): Editha S. Medina, Raymond A. Dalandan, and Clement...
2025-12-05 19:20:59,145 - INFO -   ✓ Found at: https://lawphil.net/judjuris/juri2018/aug2018/gr_185303_2018.html
2025-12-05 19:20:59,146 - INFO -   ✓ Saved: RESTRUCTURED_DB/2018/august/185303.json
2025-12-05 19:20:59,646 - INFO - Scraping G.R. No. 237721 (2018): In Re: Correction/Adjustment of Penalty Pursuant t...
2025-12-05 19:21:00,017 - INFO -   ✓ Found at: https://lawphil.net/judjuris/juri2018/jul2018/gr_237721_2018.html
2025-12-05 19:21:00,019 - INFO -   ✓ Saved: RESTRUCTURED_DB/2018/july/237721.json
2025-12-05 19:21:00,519 - INFO - Scraping G.R. No. 205698 (2018): Home Development Mutual Fund (HDMF) Pag-Ibig vs. C...
2025-12-05 19:21:01,217 - INFO -   ✓ Found at: https://lawphil.net/judjuris/juri2018/jul2018/gr_205698_2018.html
2025-12-05 19:21:01,222 - INFO -   ✓ Saved: RESTRUCTURED_DB/2018/july/205698.json
2025-12-05 19:21:01,722 - INFO - Scraping G.R. No. 217744 (2018): Jose Z. Moreno vs. Rene M. Kahn, et al....
2025-12-05 19:21:01,967 - INFO -   ✓ Found at: https://lawphil.net/judjuris/juri2018/jul2018/gr_217744_2018.html
2025-12-05 19:21:01,968 - INFO -   ✓ Saved: RESTRUCTURED_DB/2018/july/217744.json
2025-12-05 19:21:02,468 - INFO - Scraping G.R. No. 221684 (2018): Maria T. Calma vs. Marilu C. Turla...
2025-12-05 19:21:02,982 - INFO -   ✓ Found at: https://lawphil.net/judjuris/juri2018/jul2018/gr_221684_2018.html
2025-12-05 19:21:02,983 - INFO -   ✓ Saved: RESTRUCTURED_DB/2018/july/221684.json
2025-12-05 19:21:03,483 - INFO - Scraping G.R. No. 227147 (2018): Radiowealth Finance Company, Inc. vs. Alfonso O. P...
2025-12-05 19:21:03,737 - INFO -   ✓ Found at: https://lawphil.net/judjuris/juri2018/jul2018/gr_227147_2018.html
2025-12-05 19:21:03,738 - INFO -   ✓ Saved: RESTRUCTURED_DB/2018/july/227147.json
2025-12-05 19:21:04,238 - INFO - Scraping G.R. No. 233572 (2018): Alfredo A. Ramos vs. People of the PhilippinesSepa...
2025-12-05 19:21:04,628 - INFO -   ✓ Found at: https://lawphil.net/judjuris/juri2018/jul2018/gr_233572_2018.html
2025-12-05 19:21:04,629 - INFO -   ✓ Saved: RESTRUCTURED_DB/2018/july/233572.json
2025-12-05 19:21:05,130 - INFO - Scraping G.R. No. 235498 (2018): Renalyn A. Masbate and Spouses Renato Masbate and ...
2025-12-05 19:21:05,480 - INFO -   ✓ Found at: https://lawphil.net/judjuris/juri2018/jul2018/gr_235498_2018.html
2025-12-05 19:21:05,482 - INFO -   ✓ Saved: RESTRUCTURED_DB/2018/july/235498.json
2025-12-05 19:21:05,982 - INFO - Scraping G.R. No. 234033 (2018): People of the Philippines vs. Amado Balubal y Pagu...
2025-12-05 19:21:06,452 - INFO -   ✓ Found at: https://lawphil.net/judjuris/juri2018/jul2018/gr_234033_2018.html
2025-12-05 19:21:06,455 - INFO -   ✓ Saved: RESTRUCTURED_DB/2018/july/234033.json
2025-12-05 19:21:06,955 - INFO - Scraping G.R. No. 178591 (2018): SM Systems Corporation vs. Oscar Camerino, et al....
2025-12-05 19:21:07,658 - INFO -   ✓ Found at: https://lawphil.net/judjuris/juri2018/jul2018/gr_178591_2018.html
2025-12-05 19:21:07,660 - INFO -   ✓ Saved: RESTRUCTURED_DB/2018/july/178591.json
2025-12-05 19:21:08,160 - INFO - Scraping G.R. No. 221427 (2018): People of the Philippines vs. Alvin J. Labagala an...
2025-12-05 19:21:08,628 - INFO -   ✓ Found at: https://lawphil.net/judjuris/juri2018/jul2018/gr_221427_2018.html
2025-12-05 19:21:08,629 - INFO -   ✓ Saved: RESTRUCTURED_DB/2018/july/221427.json
2025-12-05 19:21:09,129 - INFO - Scraping G.R. No. 208004 (2018): Land Bank of the Philippines vs. Prado Verde Corpo...
2025-12-05 19:21:09,381 - INFO -   ✓ Found at: https://lawphil.net/judjuris/juri2018/jul2018/gr_208004_2018.html
2025-12-05 19:21:09,383 - INFO -   ✓ Saved: RESTRUCTURED_DB/2018/july/208004.json
2025-12-05 19:21:09,883 - INFO - Scraping G.R. No. 229826 (2018): People of the Philippines vs. Patricia Cabrellos y...
2025-12-05 19:21:10,698 - INFO -   ✓ Found at: https://lawphil.net/judjuris/juri2018/jul2018/gr_229826_2018.html
2025-12-05 19:21:10,700 - INFO -   ✓ Saved: RESTRUCTURED_DB/2018/july/229826.json
2025-12-05 19:21:11,200 - INFO - Scraping G.R. No. 218914 (2018): People of the Philippines vs. Henry De Vera Y Medi...
2025-12-05 19:21:11,469 - INFO -   ✓ Found at: https://lawphil.net/judjuris/juri2018/jul2018/gr_218914_2018.html
2025-12-05 19:21:11,472 - INFO -   ✓ Saved: RESTRUCTURED_DB/2018/july/218914.json
2025-12-05 19:21:11,972 - INFO - Scraping G.R. No. 233477 (2018): People of the Philippines vs. Jowie Allingag y Tor...
2025-12-05 19:21:12,569 - INFO -   ✓ Found at: https://lawphil.net/judjuris/juri2018/jul2018/gr_233477_2018.html
2025-12-05 19:21:12,570 - INFO -   ✓ Saved: RESTRUCTURED_DB/2018/july/233477.json
2025-12-05 19:21:13,070 - INFO - Scraping G.R. No. 178696 (2018): Bangko Sentral ng Pilipinas and its Monetary Board...
2025-12-05 19:21:13,586 - INFO -   ✓ Found at: https://lawphil.net/judjuris/juri2018/jul2018/gr_178696_2018.html
2025-12-05 19:21:13,589 - INFO -   ✓ Saved: RESTRUCTURED_DB/2018/july/178696.json
2025-12-05 19:21:14,089 - INFO - Scraping G.R. No. 228503 (2018): Heirs of Ramon Arce, Sr. vs. Department of Agraria...
2025-12-05 19:21:14,346 - INFO -   ✓ Found at: https://lawphil.net/judjuris/juri2018/jul2018/gr_228503_2018.html
2025-12-05 19:21:14,349 - INFO -   ✓ Saved: RESTRUCTURED_DB/2018/july/228503.json
2025-12-05 19:21:14,849 - INFO - Scraping G.R. No. 216748 (2018): Department of Education vs. Nixon Q. Dela Torre, e...
2025-12-05 19:21:15,197 - INFO -   ✓ Found at: https://lawphil.net/judjuris/juri2018/jul2018/gr_216748_2018.html
2025-12-05 19:21:15,198 - INFO -   ✓ Saved: RESTRUCTURED_DB/2018/july/216748.json
2025-12-05 19:21:15,698 - INFO - Scraping G.R. No. 222710 (2018): Philippine Health Insurance Corporation vs. Commis...
