nohup: ignoring input
2025-12-05 19:04:48,496 - INFO - Loading missing cases list...
2025-12-05 19:04:48,512 - INFO - ================================================================================
2025-12-05 19:04:48,512 - INFO - LAWPHIL BATCH SCRAPER
2025-12-05 19:04:48,512 - INFO - ================================================================================
2025-12-05 19:04:48,512 - INFO - Database path: RESTRUCTURED_DB
2025-12-05 19:04:48,512 - INFO - Cases to scrape: 842
2025-12-05 19:04:48,512 - INFO - Year range: 2009-2009
2025-12-05 19:04:48,512 - INFO - Batch size: 100
2025-12-05 19:04:48,512 - INFO - ================================================================================
2025-12-05 19:04:48,512 - INFO - 
================================================================================
2025-12-05 19:04:48,512 - INFO - BATCH 1/9 (100 cases)
2025-12-05 19:04:48,512 - INFO - ================================================================================
2025-12-05 19:04:48,512 - INFO - Scraping G.R. No. 200972 (2009): Philippine National Bank vs. Manuel C. Bulatao...
2025-12-05 19:04:56,949 - WARNING -   ✗ Not found for G.R. No. 200972
2025-12-05 19:04:57,449 - INFO - Scraping G.R. No. 200984 (2009): Nona S. Ricafort, in her capacity as Chairman of t...
2025-12-05 19:05:05,582 - WARNING -   ✗ Not found for G.R. No. 200984
2025-12-05 19:05:06,082 - INFO - Scraping G.R. No. 157038 (2009): Government Serive Insurance System vs. Jean E. Rao...
2025-12-05 19:05:06,561 - INFO -   ✓ Found at: https://lawphil.net/judjuris/juri2009/dec2009/gr_157038_2009.html
2025-12-05 19:05:06,564 - INFO -   ✓ Saved: RESTRUCTURED_DB/2009/december/157038.json
2025-12-05 19:05:07,064 - INFO - Scraping G.R. No. 159788 (2009): Sotero Roy Leonero, et al. vs. Spouses Marcelino B...
2025-12-05 19:05:07,318 - INFO -   ✓ Found at: https://lawphil.net/judjuris/juri2009/dec2009/gr_159788_2009.html
2025-12-05 19:05:07,319 - INFO -   ✓ Saved: RESTRUCTURED_DB/2009/december/159788.json
2025-12-05 19:05:07,819 - INFO - Scraping G.R. No. 159792 (2009): Barangay Sangalang, represented by its Chairman Da...
2025-12-05 19:05:08,074 - INFO -   ✓ Found at: https://lawphil.net/judjuris/juri2009/dec2009/gr_159792_2009.html
2025-12-05 19:05:08,076 - INFO -   ✓ Saved: RESTRUCTURED_DB/2009/december/159792.json
2025-12-05 19:05:08,576 - INFO - Scraping G.R. No. 161424 (2009): Republic of the Philippines vs. Ignacio Leonor and...
2025-12-05 19:05:08,830 - INFO -   ✓ Found at: https://lawphil.net/judjuris/juri2009/dec2009/gr_161424_2009.html
2025-12-05 19:05:08,831 - INFO -   ✓ Saved: RESTRUCTURED_DB/2009/december/161424.json
2025-12-05 19:05:09,331 - INFO - Scraping G.R. No. 170476 (2009): People of the Philippines vs. Ricardo Grande...
2025-12-05 19:05:09,585 - INFO -   ✓ Found at: https://lawphil.net/judjuris/juri2009/dec2009/gr_170476_2009.html
2025-12-05 19:05:09,586 - INFO -   ✓ Saved: RESTRUCTURED_DB/2009/december/170476.json
2025-12-05 19:05:10,086 - INFO - Scraping G.R. No. 175466 (2009): Bank of the Philippine Islands as successor-in-int...
2025-12-05 19:05:10,341 - INFO -   ✓ Found at: https://lawphil.net/judjuris/juri2009/dec2009/gr_175466_2009.html
2025-12-05 19:05:10,342 - INFO -   ✓ Saved: RESTRUCTURED_DB/2009/december/175466.json
2025-12-05 19:05:10,842 - INFO - Scraping G.R. No. 175115 (2009): Lily O. Orbase vs. Office of the Ombudsman and Ado...
2025-12-05 19:05:11,120 - INFO -   ✓ Found at: https://lawphil.net/judjuris/juri2009/dec2009/gr_175115_2009.html
2025-12-05 19:05:11,122 - INFO -   ✓ Saved: RESTRUCTURED_DB/2009/december/175115.json
2025-12-05 19:05:11,622 - INFO - Scraping G.R. No. 177664 (2009): CRC Agricultural Trading and Rolando B. Catindig v...
2025-12-05 19:05:11,884 - INFO -   ✓ Found at: https://lawphil.net/judjuris/juri2009/dec2009/gr_177664_2009.html
2025-12-05 19:05:11,886 - INFO -   ✓ Saved: RESTRUCTURED_DB/2009/december/177664.json
2025-12-05 19:05:12,386 - INFO - Scraping G.R. No. 179328 (2009): Rizalina P. Positos vs. Jacob M. Chua...
2025-12-05 19:05:13,010 - INFO -   ✓ Found at: https://lawphil.net/judjuris/juri2009/dec2009/gr_179328_2009.html
2025-12-05 19:05:13,011 - INFO -   ✓ Saved: RESTRUCTURED_DB/2009/december/179328.json
2025-12-05 19:05:13,511 - INFO - Scraping G.R. No. 179946 (2009): The People of the Philippines vs. Quirino Cabral y...
2025-12-05 19:05:14,024 - INFO -   ✓ Found at: https://lawphil.net/judjuris/juri2009/dec2009/gr_179946_2009.html
2025-12-05 19:05:14,025 - INFO -   ✓ Saved: RESTRUCTURED_DB/2009/december/179946.json
2025-12-05 19:05:14,525 - INFO - Scraping G.R. No. 180439 (2009): Resort Hotels Corporation, Rodolfo M. Cuenca Insve...
2025-12-05 19:05:15,234 - INFO -   ✓ Found at: https://lawphil.net/judjuris/juri2009/dec2009/gr_180439_2009.html
2025-12-05 19:05:15,236 - INFO -   ✓ Saved: RESTRUCTURED_DB/2009/december/180439.json
2025-12-05 19:05:15,737 - INFO - Scraping G.R. No. 182336 (2009): Elvira O. Ong vs. Jose Casim Genio...
2025-12-05 19:05:16,216 - INFO -   ✓ Found at: https://lawphil.net/judjuris/juri2009/dec2009/gr_182336_2009.html
2025-12-05 19:05:16,217 - INFO -   ✓ Saved: RESTRUCTURED_DB/2009/december/182336.json
2025-12-05 19:05:16,718 - INFO - Scraping G.R. No. 183297 (2009): National Power Corporation vs. Hon. Amer Ibrahim, ...
2025-12-05 19:05:17,005 - INFO -   ✓ Found at: https://lawphil.net/judjuris/juri2009/dec2009/gr_183297_2009.html
2025-12-05 19:05:17,006 - INFO -   ✓ Saved: RESTRUCTURED_DB/2009/december/183297.json
2025-12-05 19:05:17,506 - INFO - Scraping G.R. No. 183335 (2009): Juanito Tabigue, et al. vs. International Copra Ex...
2025-12-05 19:05:17,761 - INFO -   ✓ Found at: https://lawphil.net/judjuris/juri2009/dec2009/gr_183335_2009.html
2025-12-05 19:05:17,762 - INFO -   ✓ Saved: RESTRUCTURED_DB/2009/december/183335.json
2025-12-05 19:05:18,262 - INFO - Scraping G.R. No. 185011 (2009): People of the Philippines vs. SP03 Sangki Ara y Mi...
2025-12-05 19:05:18,518 - INFO -   ✓ Found at: https://lawphil.net/judjuris/juri2009/dec2009/gr_185011_2009.html
2025-12-05 19:05:18,519 - INFO -   ✓ Saved: RESTRUCTURED_DB/2009/december/185011.json
2025-12-05 19:05:19,020 - INFO - Scraping G.R. No. 183233 (2009): Virgilio G. Anabe vs. Asian Construction (ASIAKONS...
2025-12-05 19:05:19,273 - INFO -   ✓ Found at: https://lawphil.net/judjuris/juri2009/dec2009/gr_183233_2009.html
2025-12-05 19:05:19,274 - INFO -   ✓ Saved: RESTRUCTURED_DB/2009/december/183233.json
2025-12-05 19:05:19,774 - INFO - Scraping G.R. No. 184836 (2009): Simon B. Aldovino, Jr., Danilo B. Faller and Ferdi...
2025-12-05 19:05:20,029 - INFO -   ✓ Found at: https://lawphil.net/judjuris/juri2009/dec2009/gr_184836_2009.html
2025-12-05 19:05:20,032 - INFO -   ✓ Saved: RESTRUCTURED_DB/2009/december/184836.json
2025-12-05 19:05:20,533 - INFO - Scraping G.R. No. 186242 (2009): Government Service Insurance System vs. City Treas...
2025-12-05 19:05:20,788 - INFO -   ✓ Found at: https://lawphil.net/judjuris/juri2009/dec2009/gr_186242_2009.html
2025-12-05 19:05:20,790 - INFO -   ✓ Saved: RESTRUCTURED_DB/2009/december/186242.json
2025-12-05 19:05:21,291 - INFO - Scraping G.R. No. 186965 (2009): Temic Automotive Philippines, Inc. vs. Temic Autom...
2025-12-05 19:05:21,992 - INFO -   ✓ Found at: https://lawphil.net/judjuris/juri2009/dec2009/gr_186965_2009.html
2025-12-05 19:05:21,994 - INFO -   ✓ Saved: RESTRUCTURED_DB/2009/december/186965.json
2025-12-05 19:05:22,494 - INFO - Scraping G.R. No. 187494 (2009): People of the Philippines vs. Elmer Barberos alias...
2025-12-05 19:05:22,752 - INFO -   ✓ Found at: https://lawphil.net/judjuris/juri2009/dec2009/gr_187494_2009.html
2025-12-05 19:05:22,754 - INFO -   ✓ Saved: RESTRUCTURED_DB/2009/december/187494.json
2025-12-05 19:05:23,254 - INFO - Scraping G.R. No. 187838 (2009): Adriatico Consortium, Inc. Primary Realty Corp., a...
2025-12-05 19:05:23,511 - INFO -   ✓ Found at: https://lawphil.net/judjuris/juri2009/dec2009/gr_187838_2009.html
2025-12-05 19:05:23,514 - INFO -   ✓ Saved: RESTRUCTURED_DB/2009/december/187838.json
2025-12-05 19:05:24,014 - INFO - Scraping G.R. No. 188240 (2009): Michael L. San Miguel vs. Commission on Elections ...
2025-12-05 19:05:24,272 - INFO -   ✓ Found at: https://lawphil.net/judjuris/juri2009/dec2009/gr_188240_2009.html
2025-12-05 19:05:24,273 - INFO -   ✓ Saved: RESTRUCTURED_DB/2009/december/188240.json
2025-12-05 19:05:24,773 - INFO - Scraping G.R. No. 163872 (2009): RTG Construction, Inc. And/Or Rolito Go/Russet Con...
2025-12-05 19:05:25,257 - INFO -   ✓ Found at: https://lawphil.net/judjuris/juri2009/dec2009/gr_163872_2009.html
2025-12-05 19:05:25,258 - INFO -   ✓ Saved: RESTRUCTURED_DB/2009/december/163872.json
2025-12-05 19:05:25,759 - INFO - Scraping G.R. No. 184935 (2009): Desederio O. Monrea vs. Commission on Elections an...
2025-12-05 19:05:26,018 - INFO -   ✓ Found at: https://lawphil.net/judjuris/juri2009/dec2009/gr_184935_2009.html
2025-12-05 19:05:26,020 - INFO -   ✓ Saved: RESTRUCTURED_DB/2009/december/184935.json
2025-12-05 19:05:26,520 - INFO - Scraping G.R. No. 173329 (2009): Susan G. Po and Lilia G. Mutia vs. Omerio Dampal...
2025-12-05 19:05:27,009 - INFO -   ✓ Found at: https://lawphil.net/judjuris/juri2009/dec2009/gr_173329_2009.html
2025-12-05 19:05:27,011 - INFO -   ✓ Saved: RESTRUCTURED_DB/2009/december/173329.json
2025-12-05 19:05:27,511 - INFO - Scraping G.R. No. 177486 (2009): Purisimo S. Buyco vs. Nelson Baraquia...
2025-12-05 19:05:27,764 - INFO -   ✓ Found at: https://lawphil.net/judjuris/juri2009/dec2009/gr_177486_2009.html
2025-12-05 19:05:27,765 - INFO -   ✓ Saved: RESTRUCTURED_DB/2009/december/177486.json
2025-12-05 19:05:28,265 - INFO - Scraping G.R. No. 183317 (2009): Mariwasa Siam Ceramics, Inc. vs. the Secretary of ...
2025-12-05 19:05:28,530 - INFO -   ✓ Found at: https://lawphil.net/judjuris/juri2009/dec2009/gr_183317_2009.html
2025-12-05 19:05:28,531 - INFO -   ✓ Saved: RESTRUCTURED_DB/2009/december/183317.json
2025-12-05 19:05:29,032 - INFO - Scraping G.R. No. 186234 (2009): People of the Philippines vs. Felix Palgan...
2025-12-05 19:05:29,291 - INFO -   ✓ Found at: https://lawphil.net/judjuris/juri2009/dec2009/gr_186234_2009.html
2025-12-05 19:05:29,292 - INFO -   ✓ Saved: RESTRUCTURED_DB/2009/december/186234.json
2025-12-05 19:05:29,792 - INFO - Scraping G.R. No. 187478 (2009): Representative Danila Ramon S. Fernandez vs. House...
2025-12-05 19:05:30,268 - INFO -   ✓ Found at: https://lawphil.net/judjuris/juri2009/dec2009/gr_187478_2009.html
2025-12-05 19:05:30,270 - INFO -   ✓ Saved: RESTRUCTURED_DB/2009/december/187478.json
2025-12-05 19:05:30,771 - INFO - Scraping G.R. No. 176951 (2009): League of cities of the Philippines, et al. vs. CO...
2025-12-05 19:05:31,250 - INFO -   ✓ Found at: https://lawphil.net/judjuris/juri2009/dec2009/gr_176951_2009.html
2025-12-05 19:05:31,254 - INFO -   ✓ Saved: RESTRUCTURED_DB/2009/december/176951.json
2025-12-05 19:05:31,754 - INFO - Scraping G.R. No. 180218 (2009): Republic of the Philippines vs. Development Resour...
2025-12-05 19:05:32,027 - INFO -   ✓ Found at: https://lawphil.net/judjuris/juri2009/dec2009/gr_180218_2009.html
2025-12-05 19:05:32,028 - INFO -   ✓ Saved: RESTRUCTURED_DB/2009/december/180218.json
2025-12-05 19:05:32,528 - INFO - Scraping G.R. No. 175393 (2009): Government Service Insurance System vs. Regional T...
2025-12-05 19:05:33,009 - INFO -   ✓ Found at: https://lawphil.net/judjuris/juri2009/dec2009/gr_175393_2009.html
2025-12-05 19:05:33,013 - INFO -   ✓ Saved: RESTRUCTURED_DB/2009/december/175393.json
2025-12-05 19:05:33,513 - INFO - Scraping G.R. No. 177731 (2009): Government Service Insurance System vs. Hon. Celso...
2025-12-05 19:05:42,105 - WARNING -   ✗ Not found for G.R. No. 177731
2025-12-05 19:05:42,606 - INFO - Scraping G.R. No. 172822 (2009): MOF Company, Inc., vs. Shin Yang Brokerage Corpora...
2025-12-05 19:05:43,092 - INFO -   ✓ Found at: https://lawphil.net/judjuris/juri2009/dec2009/gr_172822_2009.html
2025-12-05 19:05:43,093 - INFO -   ✓ Saved: RESTRUCTURED_DB/2009/december/172822.json
2025-12-05 19:05:43,594 - INFO - Scraping G.R. No. 146548 (2009): Heirs of Domingo Hernandez, Sr., vs. Plaridel Ming...
2025-12-05 19:05:44,308 - INFO -   ✓ Found at: https://lawphil.net/judjuris/juri2009/dec2009/gr_146548_2009.html
2025-12-05 19:05:44,311 - INFO -   ✓ Saved: RESTRUCTURED_DB/2009/december/146548.json
2025-12-05 19:05:44,812 - INFO - Scraping G.R. No. 160367 (2009): Evelyn S. Cabungcal, et al. vs. Sonia R. Lorenzo, ...
2025-12-05 19:05:45,291 - INFO -   ✓ Found at: https://lawphil.net/judjuris/juri2009/dec2009/gr_160367_2009.html
2025-12-05 19:05:45,292 - INFO -   ✓ Saved: RESTRUCTURED_DB/2009/december/160367.json
2025-12-05 19:05:45,792 - INFO - Scraping G.R. No. 165387 (2009): Mayon Estate Corporation and Earthland Developer C...
2025-12-05 19:05:46,059 - INFO -   ✓ Found at: https://lawphil.net/judjuris/juri2009/dec2009/gr_165387_2009.html
2025-12-05 19:05:46,061 - INFO -   ✓ Saved: RESTRUCTURED_DB/2009/december/165387.json
2025-12-05 19:05:46,561 - INFO - Scraping G.R. No. 163117 (2009): Equitable PCI Bank, Inc. vs. Maria Letecia Fernand...
2025-12-05 19:05:47,031 - INFO -   ✓ Found at: https://lawphil.net/judjuris/juri2009/dec2009/gr_163117_2009.html
2025-12-05 19:05:47,032 - INFO -   ✓ Saved: RESTRUCTURED_DB/2009/december/163117.json
2025-12-05 19:05:47,532 - INFO - Scraping G.R. No. 165299 (2009): Pacific Steam Laundry, Inc. vs. Laguna Lake Develo...
2025-12-05 19:05:48,010 - INFO -   ✓ Found at: https://lawphil.net/judjuris/juri2009/dec2009/gr_165299_2009.html
2025-12-05 19:05:48,012 - INFO -   ✓ Saved: RESTRUCTURED_DB/2009/december/165299.json
2025-12-05 19:05:48,512 - INFO - Scraping G.R. No. 166570 (2009): Efren M. Herrera, et al. vs. National Power Corpor...
2025-12-05 19:05:49,217 - INFO -   ✓ Found at: https://lawphil.net/judjuris/juri2009/dec2009/gr_166570_2009.html
2025-12-05 19:05:49,220 - INFO -   ✓ Saved: RESTRUCTURED_DB/2009/december/166570.json
2025-12-05 19:05:49,720 - INFO - Scraping G.R. No. 171023 (2009): Arsenio S. Quiambao vs. Manila Electric Company...
2025-12-05 19:05:50,233 - INFO -   ✓ Found at: https://lawphil.net/judjuris/juri2009/dec2009/gr_171023_2009.html
2025-12-05 19:05:50,234 - INFO -   ✓ Saved: RESTRUCTURED_DB/2009/december/171023.json
2025-12-05 19:05:50,734 - INFO - Scraping G.R. No. 174480 (2009): People of the Philippines vs. Reynaldo Albalate, J...
2025-12-05 19:05:50,992 - INFO -   ✓ Found at: https://lawphil.net/judjuris/juri2009/dec2009/gr_174480_2009.html
2025-12-05 19:05:50,993 - INFO -   ✓ Saved: RESTRUCTURED_DB/2009/december/174480.json
2025-12-05 19:05:51,494 - INFO - Scraping G.R. No. 179554 (2009): Metropolitan Manila Development Authority vs. Trac...
2025-12-05 19:05:51,909 - INFO -   ✓ Found at: https://lawphil.net/judjuris/juri2009/dec2009/gr_179554_2009.html
2025-12-05 19:05:51,910 - INFO -   ✓ Saved: RESTRUCTURED_DB/2009/december/179554.json
2025-12-05 19:05:52,411 - INFO - Scraping G.R. No. 181571 (2009): Juno Batistis vs. People of the Philippines...
2025-12-05 19:05:52,907 - INFO -   ✓ Found at: https://lawphil.net/judjuris/juri2009/dec2009/gr_181571_2009.html
2025-12-05 19:05:52,909 - INFO -   ✓ Saved: RESTRUCTURED_DB/2009/december/181571.json
2025-12-05 19:05:53,409 - INFO - Scraping G.R. No. 185749 (2009): Civil Service Commission vs. Herminigildo L. Andal...
2025-12-05 19:05:53,898 - INFO -   ✓ Found at: https://lawphil.net/judjuris/juri2009/dec2009/gr_185749_2009.html
2025-12-05 19:05:53,899 - INFO -   ✓ Saved: RESTRUCTURED_DB/2009/december/185749.json
2025-12-05 19:05:54,399 - INFO - Scraping G.R. No. 185381 (2009): People of the Philippines vs. Danilo Cruz y Culala...
2025-12-05 19:05:54,886 - INFO -   ✓ Found at: https://lawphil.net/judjuris/juri2009/dec2009/gr_185381_2009.html
2025-12-05 19:05:54,888 - INFO -   ✓ Saved: RESTRUCTURED_DB/2009/december/185381.json
2025-12-05 19:05:55,388 - INFO - Scraping G.R. No. 172092 (2009): People of the Philippines vs. Joey Tion y Cabadu...
2025-12-05 19:05:55,646 - INFO -   ✓ Found at: https://lawphil.net/judjuris/juri2009/dec2009/gr_172092_2009.html
2025-12-05 19:05:55,648 - INFO -   ✓ Saved: RESTRUCTURED_DB/2009/december/172092.json
2025-12-05 19:05:56,148 - INFO - Scraping G.R. No. 168668 (2009): Philippine Economic Zone Authority (PEZA), et al. ...
2025-12-05 19:05:56,412 - INFO -   ✓ Found at: https://lawphil.net/judjuris/juri2009/dec2009/gr_168668_2009.html
2025-12-05 19:05:56,414 - INFO -   ✓ Saved: RESTRUCTURED_DB/2009/december/168668.json
2025-12-05 19:05:56,914 - INFO - Scraping G.R. No. 147951 (2009): Arsenio F. Olegario, et al. vs. Pedro C. Mari, rep...
2025-12-05 19:05:57,394 - INFO -   ✓ Found at: https://lawphil.net/judjuris/juri2009/dec2009/gr_147951_2009.html
2025-12-05 19:05:57,395 - INFO -   ✓ Saved: RESTRUCTURED_DB/2009/december/147951.json
2025-12-05 19:05:57,895 - INFO - Scraping G.R. No. 165109 (2009): Manuel Mamba, et al. vs. Edgar R. Lara, et al....
2025-12-05 19:05:58,620 - INFO -   ✓ Found at: https://lawphil.net/judjuris/juri2009/dec2009/gr_165109_2009.html
2025-12-05 19:05:58,622 - INFO -   ✓ Saved: RESTRUCTURED_DB/2009/december/165109.json
2025-12-05 19:05:59,122 - INFO - Scraping G.R. No. 166941 (2009): Spouses Dennis Barias and Divina Barias vs. Heirs ...
2025-12-05 19:05:59,463 - INFO -   ✓ Found at: https://lawphil.net/judjuris/juri2009/dec2009/gr_166941_2009.html
2025-12-05 19:05:59,464 - INFO -   ✓ Saved: RESTRUCTURED_DB/2009/december/166941.json
2025-12-05 19:05:59,965 - INFO - Scraping G.R. No. 168697 (2009): Gina M. Tiangco and Salvacion Jenny Manego vs. Uni...
2025-12-05 19:06:00,222 - INFO -   ✓ Found at: https://lawphil.net/judjuris/juri2009/dec2009/gr_168697_2009.html
2025-12-05 19:06:00,224 - INFO -   ✓ Saved: RESTRUCTURED_DB/2009/december/168697.json
2025-12-05 19:06:00,724 - INFO - Scraping G.R. No. 173533 (2009): Vicente N. Luna, Jr. vs. Nario Cabales, Oscar Paba...
2025-12-05 19:06:01,212 - INFO -   ✓ Found at: https://lawphil.net/judjuris/juri2009/dec2009/gr_173533_2009.html
2025-12-05 19:06:01,214 - INFO -   ✓ Saved: RESTRUCTURED_DB/2009/december/173533.json
2025-12-05 19:06:01,714 - INFO - Scraping G.R. No. 179356 (2009): Kepco Philippines Corporation vs. Commissioner of ...
2025-12-05 19:06:02,101 - INFO -   ✓ Found at: https://lawphil.net/judjuris/juri2009/dec2009/gr_179356_2009.html
2025-12-05 19:06:02,102 - INFO -   ✓ Saved: RESTRUCTURED_DB/2009/december/179356.json
2025-12-05 19:06:02,602 - INFO - Scraping G.R. No. 181556 (2009): In Re: Petition for Assistance in the Liquidation ...
2025-12-05 19:06:02,857 - INFO -   ✓ Found at: https://lawphil.net/judjuris/juri2009/dec2009/gr_181556_2009.html
2025-12-05 19:06:02,858 - INFO -   ✓ Saved: RESTRUCTURED_DB/2009/december/181556.json
2025-12-05 19:06:03,358 - INFO - Scraping G.R. No. 160146 (2009): Leslie Okol vs. Slimmers World International, et a...
2025-12-05 19:06:03,612 - INFO -   ✓ Found at: https://lawphil.net/judjuris/juri2009/dec2009/gr_160146_2009.html
2025-12-05 19:06:03,614 - INFO -   ✓ Saved: RESTRUCTURED_DB/2009/december/160146.json
2025-12-05 19:06:04,114 - INFO - Scraping G.R. No. 163553 (2009): Yun Kwan Byung vs. Philippine Amusement Gaming Cor...
2025-12-05 19:06:04,896 - INFO -   ✓ Found at: https://lawphil.net/judjuris/juri2009/dec2009/gr_163553_2009.html
2025-12-05 19:06:04,898 - INFO -   ✓ Saved: RESTRUCTURED_DB/2009/december/163553.json
2025-12-05 19:06:05,398 - INFO - Scraping G.R. No. 182310 (2009): People of the Philippines vs. Jan Michael Tan and ...
2025-12-05 19:06:05,652 - INFO -   ✓ Found at: https://lawphil.net/judjuris/juri2009/dec2009/gr_182310_2009.html
2025-12-05 19:06:05,653 - INFO -   ✓ Saved: RESTRUCTURED_DB/2009/december/182310.json
2025-12-05 19:06:06,153 - INFO - Scraping G.R. No. 161929 (2009): Lynn Paz T. Dela Cruz, et al. vs. Sandiganbayan, e...
2025-12-05 19:06:06,410 - INFO -   ✓ Found at: https://lawphil.net/judjuris/juri2009/dec2009/gr_161929_2009.html
2025-12-05 19:06:06,412 - INFO -   ✓ Saved: RESTRUCTURED_DB/2009/december/161929.json
2025-12-05 19:06:06,912 - INFO - Scraping G.R. No. 175994 (2009): Jesus Campos and Rosemarie Campos-Bautista vs. Nen...
2025-12-05 19:06:07,389 - INFO -   ✓ Found at: https://lawphil.net/judjuris/juri2009/dec2009/gr_175994_2009.html
2025-12-05 19:06:07,391 - INFO -   ✓ Saved: RESTRUCTURED_DB/2009/december/175994.json
2025-12-05 19:06:07,891 - INFO - Scraping G.R. No. 177384 (2009): Josephine Wee vs. Republic of the Philippines...
2025-12-05 19:06:08,146 - INFO -   ✓ Found at: https://lawphil.net/judjuris/juri2009/dec2009/gr_177384_2009.html
2025-12-05 19:06:08,147 - INFO -   ✓ Saved: RESTRUCTURED_DB/2009/december/177384.json
2025-12-05 19:06:08,647 - INFO - Scraping G.R. No. 184977 (2009): Coca Cola Bottlers Philippines, Inc. vs. Ricky E. ...
2025-12-05 19:06:09,142 - INFO -   ✓ Found at: https://lawphil.net/judjuris/juri2009/dec2009/gr_184977_2009.html
2025-12-05 19:06:09,144 - INFO -   ✓ Saved: RESTRUCTURED_DB/2009/december/184977.json
2025-12-05 19:06:09,644 - INFO - Scraping G.R. No. 168756 (2009): Shrimp Specialist, Inc., vs. Fuji-Triumph Agri-Ind...
2025-12-05 19:06:09,903 - INFO -   ✓ Found at: https://lawphil.net/judjuris/juri2009/dec2009/gr_168756_2009.html
2025-12-05 19:06:09,904 - INFO -   ✓ Saved: RESTRUCTURED_DB/2009/december/168756.json
2025-12-05 19:06:10,405 - INFO - Scraping G.R. No. 173319 (2009): Federico Miguel Olbes vs. Hon. Danilo A. Buemio, e...
2025-12-05 19:06:10,663 - INFO -   ✓ Found at: https://lawphil.net/judjuris/juri2009/dec2009/gr_173319_2009.html
2025-12-05 19:06:10,664 - INFO -   ✓ Saved: RESTRUCTURED_DB/2009/december/173319.json
2025-12-05 19:06:11,165 - INFO - Scraping G.R. No. 175803 (2009): Governor Ornaldo A. Fua, Jr., et al. vs. the Commi...
2025-12-05 19:06:11,647 - INFO -   ✓ Found at: https://lawphil.net/judjuris/juri2009/dec2009/gr_175803_2009.html
2025-12-05 19:06:11,648 - INFO -   ✓ Saved: RESTRUCTURED_DB/2009/december/175803.json
2025-12-05 19:06:12,148 - INFO - Scraping G.R. No. 176291 (2009): Jorge B. Navarra vs. Office of the Ombudsman, Samu...
2025-12-05 19:06:12,627 - INFO -   ✓ Found at: https://lawphil.net/judjuris/juri2009/dec2009/gr_176291_2009.html
2025-12-05 19:06:12,628 - INFO -   ✓ Saved: RESTRUCTURED_DB/2009/december/176291.json
2025-12-05 19:06:13,129 - INFO - Scraping G.R. No. 179952 (2009): Metropolitan Bank and Trust Company, etc. vs. BA F...
2025-12-05 19:06:13,384 - INFO -   ✓ Found at: https://lawphil.net/judjuris/juri2009/dec2009/gr_179952_2009.html
2025-12-05 19:06:13,385 - INFO -   ✓ Saved: RESTRUCTURED_DB/2009/december/179952.json
2025-12-05 19:06:13,885 - INFO - Scraping G.R. No. 181174 (2009): Ma. Cristina Torres Braza, et al. vs. the City Reg...
2025-12-05 19:06:14,363 - INFO -   ✓ Found at: https://lawphil.net/judjuris/juri2009/dec2009/gr_181174_2009.html
2025-12-05 19:06:14,364 - INFO -   ✓ Saved: RESTRUCTURED_DB/2009/december/181174.json
2025-12-05 19:06:14,864 - INFO - Scraping G.R. No. 182216 (2009): Plantation Bay Resort & Spa and Efren Belarmino vs...
2025-12-05 19:06:15,118 - INFO -   ✓ Found at: https://lawphil.net/judjuris/juri2009/dec2009/gr_182216_2009.html
2025-12-05 19:06:15,119 - INFO -   ✓ Saved: RESTRUCTURED_DB/2009/december/182216.json
2025-12-05 19:06:15,619 - INFO - Scraping G.R. No. 182430 (2009): Leopoldo Abante vs. KJGS Fleet Management Manila a...
2025-12-05 19:06:15,873 - INFO -   ✓ Found at: https://lawphil.net/judjuris/juri2009/dec2009/gr_182430_2009.html
2025-12-05 19:06:15,874 - INFO -   ✓ Saved: RESTRUCTURED_DB/2009/december/182430.json
2025-12-05 19:06:16,374 - INFO - Scraping G.R. No. 182623 (2009): Dionisio M. Musnit vs. Sea Star Shipping Corporati...
2025-12-05 19:06:16,628 - INFO -   ✓ Found at: https://lawphil.net/judjuris/juri2009/dec2009/gr_182623_2009.html
2025-12-05 19:06:16,630 - INFO -   ✓ Saved: RESTRUCTURED_DB/2009/december/182623.json
2025-12-05 19:06:17,130 - INFO - Scraping G.R. No. 149548 (2009): Roxas & Company, Inc. vs. DAMBA-NFSW and the Depar...
2025-12-05 19:06:17,562 - INFO -   ✓ Found at: https://lawphil.net/judjuris/juri2009/dec2009/gr_149548_2009.html
2025-12-05 19:06:17,573 - INFO -   ✓ Saved: RESTRUCTURED_DB/2009/december/149548.json
2025-12-05 19:06:18,073 - INFO - Scraping G.R. No. 167505 (2009): Damayan ng mga manggagawang bukid sa asyenda Roxas...
2025-12-05 19:06:26,810 - WARNING -   ✗ Not found for G.R. No. 167505
2025-12-05 19:06:27,311 - INFO - Scraping G.R. No. 167543 (2009): Katipunan ng mga Magbubukid sa Hacienda Roxas, Inc...
2025-12-05 19:06:35,647 - WARNING -   ✗ Not found for G.R. No. 167543
2025-12-05 19:06:36,148 - INFO - Scraping G.R. No. 167540 (2009): Department of Land Reform, Formerly Department of ...
2025-12-05 19:06:44,372 - WARNING -   ✗ Not found for G.R. No. 167540
2025-12-05 19:06:44,873 - INFO - Scraping G.R. No. 169163 (2009): DAMBA-NFSW/DAMBANFSW), represented by Lauro Martin...
2025-12-05 19:06:53,227 - WARNING -   ✗ Not found for G.R. No. 169163
2025-12-05 19:06:53,728 - INFO - Scraping G.R. No. 179650 (2009): DAMBA-NFSW vs. Roxas & Co. Inc....
2025-12-05 19:07:03,249 - WARNING -   ✗ Not found for G.R. No. 179650
2025-12-05 19:07:03,750 - INFO - Scraping G.R. No. 170447 (2009): Bievenido Diño and Renato Comparativo vs. Pablo Ol...
2025-12-05 19:07:04,018 - INFO -   ✓ Found at: https://lawphil.net/judjuris/juri2009/dec2009/gr_170447_2009.html
2025-12-05 19:07:04,020 - INFO -   ✓ Saved: RESTRUCTURED_DB/2009/december/170447.json
2025-12-05 19:07:04,520 - INFO - Scraping G.R. No. 177777 (2009): People of the Philippines vs. Fernando Gutierrez y...
2025-12-05 19:07:04,778 - INFO -   ✓ Found at: https://lawphil.net/judjuris/juri2009/dec2009/gr_177777_2009.html
2025-12-05 19:07:04,779 - INFO -   ✓ Saved: RESTRUCTURED_DB/2009/december/177777.json
2025-12-05 19:07:05,280 - INFO - Scraping G.R. No. 177404 (2009): Land Bank of the Philippines vs. Kumassie Plantati...
2025-12-05 19:07:05,535 - INFO -   ✓ Found at: https://lawphil.net/judjuris/juri2009/dec2009/gr_177404_2009.html
2025-12-05 19:07:05,537 - INFO -   ✓ Saved: RESTRUCTURED_DB/2009/december/177404.json
2025-12-05 19:07:06,037 - INFO - Scraping G.R. No. 178097 (2009): Kumassie Plantation Company Incorporated vs. Land ...
2025-12-05 19:07:14,630 - WARNING -   ✗ Not found for G.R. No. 178097
2025-12-05 19:07:15,130 - INFO - Scraping G.R. No. 178000 (2009): Liberato M. Carabeo vs. Court of Appeals, et al....
2025-12-05 19:07:15,390 - INFO -   ✓ Found at: https://lawphil.net/judjuris/juri2009/dec2009/gr_178000_2009.html
2025-12-05 19:07:15,391 - INFO -   ✓ Saved: RESTRUCTURED_DB/2009/december/178000.json
2025-12-05 19:07:15,892 - INFO - Scraping G.R. No. 179505 (2009): First Philippine Holding Corporation vs. Trans Mid...
2025-12-05 19:07:16,370 - INFO -   ✓ Found at: https://lawphil.net/judjuris/juri2009/dec2009/gr_179505_2009.html
2025-12-05 19:07:16,371 - INFO -   ✓ Saved: RESTRUCTURED_DB/2009/december/179505.json
2025-12-05 19:07:16,871 - INFO - Scraping G.R. No. 172372 (2009): The People of the Philippines vs. Romar Teodoro y ...
2025-12-05 19:07:17,132 - INFO -   ✓ Found at: https://lawphil.net/judjuris/juri2009/dec2009/gr_172372_2009.html
2025-12-05 19:07:17,134 - INFO -   ✓ Saved: RESTRUCTURED_DB/2009/december/172372.json
2025-12-05 19:07:17,634 - INFO - Scraping G.R. No. 155125 (2009): YSS Employees Union-Philippine Transport and Gener...
2025-12-05 19:07:17,894 - INFO -   ✓ Found at: https://lawphil.net/judjuris/juri2009/dec2009/gr_155125_2009.html
2025-12-05 19:07:17,895 - INFO -   ✓ Saved: RESTRUCTURED_DB/2009/december/155125.json
2025-12-05 19:07:18,395 - INFO - Scraping G.R. No. 170661 (2009): Ramon B. Formantes vs. Duncan Pharmaceutical, Phil...
2025-12-05 19:07:18,662 - INFO -   ✓ Found at: https://lawphil.net/judjuris/juri2009/dec2009/gr_170661_2009.html
2025-12-05 19:07:18,664 - INFO -   ✓ Saved: RESTRUCTURED_DB/2009/december/170661.json
2025-12-05 19:07:19,164 - INFO - Scraping G.R. No. 171916 (2009): Constantino A. Pascual vs. Lourdes S. Pascual...
2025-12-05 19:07:19,757 - INFO -   ✓ Found at: https://lawphil.net/judjuris/juri2009/dec2009/gr_171916_2009.html
2025-12-05 19:07:19,758 - INFO -   ✓ Saved: RESTRUCTURED_DB/2009/december/171916.json
2025-12-05 19:07:20,259 - INFO - Scraping G.R. No. 173158 (2009): Alejandro B. Ty and International Realty Corporati...
2025-12-05 19:07:20,527 - INFO -   ✓ Found at: https://lawphil.net/judjuris/juri2009/dec2009/gr_173158_2009.html
2025-12-05 19:07:20,528 - INFO -   ✓ Saved: RESTRUCTURED_DB/2009/december/173158.json
2025-12-05 19:07:21,028 - INFO - Scraping G.R. No. 181455 (2009): Santiago Cua, Jr., et al. vs. Miguel Ocampo Tan, e...
2025-12-05 19:07:21,553 - INFO -   ✓ Found at: https://lawphil.net/judjuris/juri2009/dec2009/gr_181455_2009.html
2025-12-05 19:07:21,558 - INFO -   ✓ Saved: RESTRUCTURED_DB/2009/december/181455.json
2025-12-05 19:07:22,058 - INFO - Scraping G.R. No. 182008 (2009): Santiago Cua, Sr., et al. vs. Court of Appeals, et...
2025-12-05 19:07:30,704 - WARNING -   ✗ Not found for G.R. No. 182008
2025-12-05 19:07:31,205 - INFO - Scraping G.R. No. 182013 (2009): Quasha Ancheta Peña & Nolasco Law Office and Legen...
2025-12-05 19:07:31,690 - INFO -   ✓ Found at: https://lawphil.net/judjuris/juri2009/dec2009/gr_182013_2009.html
2025-12-05 19:07:31,692 - INFO -   ✓ Saved: RESTRUCTURED_DB/2009/december/182013.json
2025-12-05 19:07:32,192 - INFO - Scraping G.R. No. 182626 (2009): Hilario S. Ramirez vs. Hon. Court of Appeals, et a...
2025-12-05 19:07:32,670 - INFO -   ✓ Found at: https://lawphil.net/judjuris/juri2009/dec2009/gr_182626_2009.html
2025-12-05 19:07:32,672 - INFO -   ✓ Saved: RESTRUCTURED_DB/2009/december/182626.json
2025-12-05 19:07:33,172 - INFO - Scraping G.R. No. 182735 (2009): Sps. Rogelio Marcelo & Milagros vs. Philippine Com...
2025-12-05 19:07:33,691 - INFO -   ✓ Found at: https://lawphil.net/judjuris/juri2009/dec2009/gr_182735_2009.html
2025-12-05 19:07:33,693 - INFO -   ✓ Saved: RESTRUCTURED_DB/2009/december/182735.json
2025-12-05 19:07:34,193 - INFO - Scraping G.R. No. 185477 (2009): Herminio M. Gutierrez, et al. vs. Flora Mendoza-Pl...
2025-12-05 19:07:34,676 - INFO -   ✓ Found at: https://lawphil.net/judjuris/juri2009/dec2009/gr_185477_2009.html
2025-12-05 19:07:34,678 - INFO -   ✓ Saved: RESTRUCTURED_DB/2009/december/185477.json
2025-12-05 19:07:35,179 - INFO - Scraping G.R. No. 178158 (2009): Strategic Alliance Development Corporation vs. Rad...
2025-12-05 19:07:36,293 - INFO -   ✓ Found at: https://lawphil.net/judjuris/juri2009/dec2009/gr_178158_2009.html
2025-12-05 19:07:36,305 - INFO -   ✓ Saved: RESTRUCTURED_DB/2009/december/178158.json
2025-12-05 19:07:36,805 - INFO - Scraping G.R. No. 179830 (2009): Lintang Bedol vs. Commssion on Elections...
2025-12-05 19:07:37,195 - INFO -   ✓ Found at: https://lawphil.net/judjuris/juri2009/dec2009/gr_179830_2009.html
2025-12-05 19:07:37,197 - INFO -   ✓ Saved: RESTRUCTURED_DB/2009/december/179830.json
2025-12-05 19:07:37,697 - INFO - Scraping G.R. No. 162243 (2009): Hon. Heherson T. Alvarez vs. PICOP Resources, Inc....
2025-12-05 19:07:39,101 - INFO -   ✓ Found at: https://lawphil.net/judjuris/juri2009/dec2009/gr_162243_2009.html
2025-12-05 19:07:39,108 - INFO -   ✓ Saved: RESTRUCTURED_DB/2009/december/162243.json
2025-12-05 19:07:39,608 - INFO - Scraping G.R. No. 164516 (2009): PICOP Resources, Inc. vs. Hon. Heherson T. Alavare...
2025-12-05 19:07:48,180 - WARNING -   ✗ Not found for G.R. No. 164516
2025-12-05 19:07:48,681 - INFO - 
Batch 1 complete:
2025-12-05 19:07:48,681 - INFO -   Successful: 89
2025-12-05 19:07:48,681 - INFO -   Failed: 11
2025-12-05 19:07:48,681 - INFO -   Skipped: 0
2025-12-05 19:07:48,681 - INFO - 
Overall progress: 100/842 cases
2025-12-05 19:07:48,681 - INFO - 
================================================================================
2025-12-05 19:07:48,681 - INFO - BATCH 2/9 (100 cases)
2025-12-05 19:07:48,681 - INFO - ================================================================================
2025-12-05 19:07:48,682 - INFO - Scraping G.R. No. 171875 (2009): Hon. Angelo T. Reyes vs. Paper Industries Corporat...
2025-12-05 19:07:56,634 - WARNING -   ✗ Not found for G.R. No. 171875
2025-12-05 19:07:57,135 - INFO - Scraping G.R. No. 153788 (2009): Roger V. Navarro vs. Hon. Jose L. Escobido, Presid...
2025-12-05 19:07:57,613 - INFO -   ✓ Found at: https://lawphil.net/judjuris/juri2009/nov2009/gr_153788_2009.html
2025-12-05 19:07:57,615 - INFO -   ✓ Saved: RESTRUCTURED_DB/2009/november/153788.json
2025-12-05 19:07:58,115 - INFO - Scraping G.R. No. 154048 (2009): Stanfilco Employees Agrarian Reform Beneficiaries ...
2025-12-05 19:07:58,418 - INFO -   ✓ Found at: https://lawphil.net/judjuris/juri2009/nov2009/gr_154048_2009.html
2025-12-05 19:07:58,420 - INFO -   ✓ Saved: RESTRUCTURED_DB/2009/november/154048.json
2025-12-05 19:07:58,920 - INFO - Scraping G.R. No. 160046 (2009): Bank fo the Philippines Islands, etc. vs. Evangeli...
2025-12-05 19:07:59,186 - INFO -   ✓ Found at: https://lawphil.net/judjuris/juri2009/nov2009/gr_160046_2009.html
2025-12-05 19:07:59,187 - INFO -   ✓ Saved: RESTRUCTURED_DB/2009/november/160046.json
2025-12-05 19:07:59,688 - INFO - Scraping G.R. No. 160394 (2009): Land Bank of the Philippines vs. Agustin C. Dizon...
2025-12-05 19:08:00,180 - INFO -   ✓ Found at: https://lawphil.net/judjuris/juri2009/nov2009/gr_160394_2009.html
2025-12-05 19:08:00,181 - INFO -   ✓ Saved: RESTRUCTURED_DB/2009/november/160394.json
2025-12-05 19:08:00,681 - INFO - Scraping G.R. No. 165199 (2009): Philippine Long Distance Telephone Company vs. Ino...
2025-12-05 19:08:01,170 - INFO -   ✓ Found at: https://lawphil.net/judjuris/juri2009/nov2009/gr_165199_2009.html
2025-12-05 19:08:01,171 - INFO -   ✓ Saved: RESTRUCTURED_DB/2009/november/165199.json
2025-12-05 19:08:01,672 - INFO - Scraping G.R. No. 166682 (2009): Noel B. Bagtas vs. Hon. Ruth C. Santos, etc. et al...
2025-12-05 19:08:02,149 - INFO -   ✓ Found at: https://lawphil.net/judjuris/juri2009/nov2009/gr_166682_2009.html
2025-12-05 19:08:02,151 - INFO -   ✓ Saved: RESTRUCTURED_DB/2009/november/166682.json
2025-12-05 19:08:02,651 - INFO - Scraping G.R. No. 169606 (2009): Bernando B. Jose, Jr. vs. Michael Phils., Inc. et ...
2025-12-05 19:08:03,129 - INFO -   ✓ Found at: https://lawphil.net/judjuris/juri2009/nov2009/gr_169606_2009.html
2025-12-05 19:08:03,131 - INFO -   ✓ Saved: RESTRUCTURED_DB/2009/november/169606.json
2025-12-05 19:08:03,631 - INFO - Scraping G.R. No. 170023 (2009): Kings Properties Corporation, Inc. vs. Canuto A. G...
2025-12-05 19:08:03,889 - INFO -   ✓ Found at: https://lawphil.net/judjuris/juri2009/nov2009/gr_170023_2009.html
2025-12-05 19:08:03,891 - INFO -   ✓ Saved: RESTRUCTURED_DB/2009/november/170023.json
2025-12-05 19:08:04,391 - INFO - Scraping G.R. No. 170906 (2009): Metropolitan Bank & Trust Co., vs. Lamb Constructi...
2025-12-05 19:08:04,871 - INFO -   ✓ Found at: https://lawphil.net/judjuris/juri2009/nov2009/gr_170906_2009.html
2025-12-05 19:08:04,872 - INFO -   ✓ Saved: RESTRUCTURED_DB/2009/november/170906.json
2025-12-05 19:08:05,372 - INFO - Scraping G.R. No. 171741 (2009): Metro, Inc. adn Spouses Frederick and LIza Juan vs...
2025-12-05 19:08:05,631 - INFO -   ✓ Found at: https://lawphil.net/judjuris/juri2009/nov2009/gr_171741_2009.html
2025-12-05 19:08:05,632 - INFO -   ✓ Saved: RESTRUCTURED_DB/2009/november/171741.json
2025-12-05 19:08:06,132 - INFO - Scraping G.R. No. 174044 (2009): Gloria V. Gomez vs. PNOC Development and Managemen...
2025-12-05 19:08:06,392 - INFO -   ✓ Found at: https://lawphil.net/judjuris/juri2009/nov2009/gr_174044_2009.html
2025-12-05 19:08:06,394 - INFO -   ✓ Saved: RESTRUCTURED_DB/2009/november/174044.json
2025-12-05 19:08:06,894 - INFO - Scraping G.R. No. 176249 (2009): FVC Labor Union-Philippine Transport and General W...
2025-12-05 19:08:07,154 - INFO -   ✓ Found at: https://lawphil.net/judjuris/juri2009/nov2009/gr_176249_2009.html
2025-12-05 19:08:07,155 - INFO -   ✓ Saved: RESTRUCTURED_DB/2009/november/176249.json
2025-12-05 19:08:07,655 - INFO - Scraping G.R. No. 178527 (2009): Joven Yuki, Jr. vs. Wellington Co...
2025-12-05 19:08:08,275 - INFO -   ✓ Found at: https://lawphil.net/judjuris/juri2009/nov2009/gr_178527_2009.html
2025-12-05 19:08:08,276 - INFO -   ✓ Saved: RESTRUCTURED_DB/2009/november/178527.json
2025-12-05 19:08:08,777 - INFO - Scraping G.R. No. 182585 (2009): Josephine Marmo, et al. vs. Moises O. Anacay...
2025-12-05 19:08:09,038 - INFO -   ✓ Found at: https://lawphil.net/judjuris/juri2009/nov2009/gr_182585_2009.html
2025-12-05 19:08:09,039 - INFO -   ✓ Saved: RESTRUCTURED_DB/2009/november/182585.json
2025-12-05 19:08:09,539 - INFO - Scraping G.R. No. 185379 (2009): People of the Philippines vs. Zenaida Quebral y Ma...
2025-12-05 19:08:10,871 - INFO -   ✓ Found at: https://lawphil.net/judjuris/juri2009/nov2009/gr_185379_2009.html
2025-12-05 19:08:10,872 - INFO -   ✓ Saved: RESTRUCTURED_DB/2009/november/185379.json
2025-12-05 19:08:11,373 - INFO - Scraping G.R. No. 181613 (2009): Rosalinda A. Penera vs. Commission on Elections...
2025-12-05 19:08:12,014 - INFO -   ✓ Found at: https://lawphil.net/judjuris/juri2009/nov2009/gr_181613_2009.html
2025-12-05 19:08:12,017 - INFO -   ✓ Saved: RESTRUCTURED_DB/2009/november/181613.json
2025-12-05 19:08:12,518 - INFO - Scraping G.R. No. 163053 (2009): Agripina Panganiban vs. Sps. Romeo Roldan, et al....
2025-12-05 19:08:12,783 - INFO -   ✓ Found at: https://lawphil.net/judjuris/juri2009/nov2009/gr_163053_2009.html
2025-12-05 19:08:12,784 - INFO -   ✓ Saved: RESTRUCTURED_DB/2009/november/163053.json
2025-12-05 19:08:13,285 - INFO - Scraping G.R. No. 163078 (2009): Sthepen Cang and George Nardo y Josol vs. Herminia...
2025-12-05 19:08:13,588 - INFO -   ✓ Found at: https://lawphil.net/judjuris/juri2009/nov2009/gr_163078_2009.html
2025-12-05 19:08:13,590 - INFO -   ✓ Saved: RESTRUCTURED_DB/2009/november/163078.json
2025-12-05 19:08:14,090 - INFO - Scraping G.R. No. 173146 (2009): Agusan Del Norte Electric Cooperative, Inc. (ANECO...
2025-12-05 19:08:14,345 - INFO -   ✓ Found at: https://lawphil.net/judjuris/juri2009/nov2009/gr_173146_2009.html
2025-12-05 19:08:14,346 - INFO -   ✓ Saved: RESTRUCTURED_DB/2009/november/173146.json
2025-12-05 19:08:14,846 - INFO - Scraping G.R. No. 176413 (2009): Spouses Danilo T. Samonte and Rosalinda N. Samonte...
2025-12-05 19:08:15,324 - INFO -   ✓ Found at: https://lawphil.net/judjuris/juri2009/nov2009/gr_176413_2009.html
2025-12-05 19:08:15,326 - INFO -   ✓ Saved: RESTRUCTURED_DB/2009/november/176413.json
2025-12-05 19:08:15,826 - INFO - Scraping G.R. No. 176506 (2009): Merch Sharp and Dohme (Philippines), et al. vs. Jo...
2025-12-05 19:08:16,082 - INFO -   ✓ Found at: https://lawphil.net/judjuris/juri2009/nov2009/gr_176506_2009.html
2025-12-05 19:08:16,083 - INFO -   ✓ Saved: RESTRUCTURED_DB/2009/november/176506.json
2025-12-05 19:08:16,583 - INFO - Scraping G.R. No. 180893 (2009): Pacific Wide Realty and Development Corporation vs...
2025-12-05 19:08:25,160 - WARNING -   ✗ Not found for G.R. No. 180893
2025-12-05 19:08:25,661 - INFO - Scraping G.R. No. 185933 (2009): St. Luke's Medical Center, Incorporated vs. Jennif...
2025-12-05 19:08:25,919 - INFO -   ✓ Found at: https://lawphil.net/judjuris/juri2009/nov2009/gr_185933_2009.html
2025-12-05 19:08:25,920 - INFO -   ✓ Saved: RESTRUCTURED_DB/2009/november/185933.json
2025-12-05 19:08:26,420 - INFO - Scraping G.R. No. 188106 (2009): The People of the Philippines vs. Antonio Dalisay ...
2025-12-05 19:08:26,674 - INFO -   ✓ Found at: https://lawphil.net/judjuris/juri2009/nov2009/gr_188106_2009.html
2025-12-05 19:08:26,675 - INFO -   ✓ Saved: RESTRUCTURED_DB/2009/november/188106.json
2025-12-05 19:08:27,176 - INFO - Scraping G.R. No. 184315 (2009): Alfonso T. Yuchenco vs. the Manila Chronicle Publi...
2025-12-05 19:08:27,654 - INFO -   ✓ Found at: https://lawphil.net/judjuris/juri2009/nov2009/gr_184315_2009.html
2025-12-05 19:08:27,657 - INFO -   ✓ Saved: RESTRUCTURED_DB/2009/november/184315.json
2025-12-05 19:08:28,157 - INFO - Scraping G.R. No. 136466 (2009): Heirs of Aurelio Reyes vs. Hon. Ernesto D. Garilao...
2025-12-05 19:08:28,638 - INFO -   ✓ Found at: https://lawphil.net/judjuris/juri2009/nov2009/gr_136466_2009.html
2025-12-05 19:08:28,640 - INFO -   ✓ Saved: RESTRUCTURED_DB/2009/november/136466.json
2025-12-05 19:08:29,140 - INFO - Scraping G.R. No. 165938 (2009): Rogelio Dizon vs. Philippine Veterans Bank...
2025-12-05 19:08:29,394 - INFO -   ✓ Found at: https://lawphil.net/judjuris/juri2009/nov2009/gr_165938_2009.html
2025-12-05 19:08:29,395 - INFO -   ✓ Saved: RESTRUCTURED_DB/2009/november/165938.json
2025-12-05 19:08:29,895 - INFO - Scraping G.R. No. 160239 (2009): Angelina S. Soriente, et al. vs. the Estate of the...
2025-12-05 19:08:30,373 - INFO -   ✓ Found at: https://lawphil.net/judjuris/juri2009/nov2009/gr_160239_2009.html
2025-12-05 19:08:30,375 - INFO -   ✓ Saved: RESTRUCTURED_DB/2009/november/160239.json
2025-12-05 19:08:30,875 - INFO - Scraping G.R. No. 186538 (2009): People of the Philippines vs. Ausencio Comillo, Jr...
2025-12-05 19:08:31,355 - INFO -   ✓ Found at: https://lawphil.net/judjuris/juri2009/nov2009/gr_186538_2009.html
2025-12-05 19:08:31,357 - INFO -   ✓ Saved: RESTRUCTURED_DB/2009/november/186538.json
2025-12-05 19:08:31,857 - INFO - Scraping G.R. No. 186493 (2009): The People of the Philippines vs. Reynaldo Hernand...
2025-12-05 19:08:32,337 - INFO -   ✓ Found at: https://lawphil.net/judjuris/juri2009/nov2009/gr_186493_2009.html
2025-12-05 19:08:32,338 - INFO -   ✓ Saved: RESTRUCTURED_DB/2009/november/186493.json
2025-12-05 19:08:32,838 - INFO - Scraping G.R. No. 165428 (2009): Land Bank of the Philippines vs. Teresita Panlilio...
2025-12-05 19:08:33,096 - INFO -   ✓ Found at: https://lawphil.net/judjuris/juri2009/nov2009/gr_165428_2009.html
2025-12-05 19:08:33,098 - INFO -   ✓ Saved: RESTRUCTURED_DB/2009/november/165428.json
2025-12-05 19:08:33,598 - INFO - Scraping G.R. No. 161318 (2009): Julie Nabus, Michelle Nabus and Betty Tolero vs. J...
2025-12-05 19:08:33,854 - INFO -   ✓ Found at: https://lawphil.net/judjuris/juri2009/nov2009/gr_161318_2009.html
2025-12-05 19:08:33,857 - INFO -   ✓ Saved: RESTRUCTURED_DB/2009/november/161318.json
2025-12-05 19:08:34,357 - INFO - Scraping G.R. No. 183198 (2009): Luz Palanca Tan vs. Jam Transit, Inc....
2025-12-05 19:08:34,617 - INFO -   ✓ Found at: https://lawphil.net/judjuris/juri2009/nov2009/gr_183198_2009.html
2025-12-05 19:08:34,619 - INFO -   ✓ Saved: RESTRUCTURED_DB/2009/november/183198.json
2025-12-05 19:08:35,119 - INFO - Scraping G.R. No. 187682 (2009): People of the Philippines vs. Roman Lacaden y Pari...
2025-12-05 19:08:35,375 - INFO -   ✓ Found at: https://lawphil.net/judjuris/juri2009/nov2009/gr_187682_2009.html
2025-12-05 19:08:35,377 - INFO -   ✓ Saved: RESTRUCTURED_DB/2009/november/187682.json
2025-12-05 19:08:35,877 - INFO - Scraping G.R. No. 185396 (2009): Rufina Fajardo, et al. vs. Alberto Comandante, et ...
2025-12-05 19:08:36,137 - INFO -   ✓ Found at: https://lawphil.net/judjuris/juri2009/nov2009/gr_185396_2009.html
2025-12-05 19:08:36,138 - INFO -   ✓ Saved: RESTRUCTURED_DB/2009/november/185396.json
2025-12-05 19:08:36,638 - INFO - Scraping G.R. No. 163406 (2009): Power Sites and Signs, Inc. vs. United Neon (A Div...
2025-12-05 19:08:36,901 - INFO -   ✓ Found at: https://lawphil.net/judjuris/juri2009/nov2009/gr_163406_2009.html
2025-12-05 19:08:36,903 - INFO -   ✓ Saved: RESTRUCTURED_DB/2009/november/163406.json
2025-12-05 19:08:37,403 - INFO - Scraping G.R. No. 164886 (2009): Jose Feliciano Loy, et al. vs. San Miguel Corporat...
2025-12-05 19:08:37,663 - INFO -   ✓ Found at: https://lawphil.net/judjuris/juri2009/nov2009/gr_164886_2009.html
2025-12-05 19:08:37,665 - INFO -   ✓ Saved: RESTRUCTURED_DB/2009/november/164886.json
2025-12-05 19:08:38,166 - INFO - Scraping G.R. No. 170891 (2009): Manuel C. Espiritu, Jr., et al. vs. Petron Corpora...
2025-12-05 19:08:38,420 - INFO -   ✓ Found at: https://lawphil.net/judjuris/juri2009/nov2009/gr_170891_2009.html
2025-12-05 19:08:38,421 - INFO -   ✓ Saved: RESTRUCTURED_DB/2009/november/170891.json
2025-12-05 19:08:38,921 - INFO - Scraping G.R. No. 177429 (2009): Anicia Valdez-Tallorin vs. Heirs of Juanito Tarona...
2025-12-05 19:08:39,188 - INFO -   ✓ Found at: https://lawphil.net/judjuris/juri2009/nov2009/gr_177429_2009.html
2025-12-05 19:08:39,189 - INFO -   ✓ Saved: RESTRUCTURED_DB/2009/november/177429.json
2025-12-05 19:08:39,689 - INFO - Scraping G.R. No. 178255 (2009): Ricardo C. Siverio vs. Eufemia Almeda and Ponciano...
2025-12-05 19:08:39,943 - INFO -   ✓ Found at: https://lawphil.net/judjuris/juri2009/nov2009/gr_178255_2009.html
2025-12-05 19:08:39,945 - INFO -   ✓ Saved: RESTRUCTURED_DB/2009/november/178255.json
2025-12-05 19:08:40,445 - INFO - Scraping G.R. No. 168940 (2009): Sps. Isagani & Diosdada Castro vs. Angelina de Leo...
2025-12-05 19:08:40,703 - INFO -   ✓ Found at: https://lawphil.net/judjuris/juri2009/nov2009/gr_168940_2009.html
2025-12-05 19:08:40,704 - INFO -   ✓ Saved: RESTRUCTURED_DB/2009/november/168940.json
2025-12-05 19:08:41,204 - INFO - Scraping G.R. No. 152619 (2009): Balite Communal Portal Mining Cooperative vs. Sout...
2025-12-05 19:08:50,157 - WARNING -   ✗ Not found for G.R. No. 152619
2025-12-05 19:08:50,658 - INFO - Scraping G.R. No. 152870 (2009): The Mines Adjudication Board and Its Members, vs. ...
2025-12-05 19:08:59,361 - WARNING -   ✗ Not found for G.R. No. 152870
2025-12-05 19:08:59,861 - INFO - Scraping G.R. No. 186616 (2009): Commission on Elections vs. Conrado Cruz, et al....
2025-12-05 19:09:00,460 - INFO -   ✓ Found at: https://lawphil.net/judjuris/juri2009/nov2009/gr_186616_2009.html
2025-12-05 19:09:00,462 - INFO -   ✓ Saved: RESTRUCTURED_DB/2009/november/186616.json
2025-12-05 19:09:00,963 - INFO - Scraping G.R. No. 187956 (2009): Ramon P. Torres vs. Commission on Elections and Jo...
2025-12-05 19:09:01,414 - INFO -   ✓ Found at: https://lawphil.net/judjuris/juri2009/nov2009/gr_187956_2009.html
2025-12-05 19:09:01,415 - INFO -   ✓ Saved: RESTRUCTURED_DB/2009/november/187956.json
2025-12-05 19:09:01,916 - INFO - Scraping G.R. No. 179370 (2009): Eugenio S. Capablanca vs. Civil Service Commission...
2025-12-05 19:09:02,393 - INFO -   ✓ Found at: https://lawphil.net/judjuris/juri2009/nov2009/gr_179370_2009.html
2025-12-05 19:09:02,394 - INFO -   ✓ Saved: RESTRUCTURED_DB/2009/november/179370.json
2025-12-05 19:09:02,895 - INFO - Scraping G.R. No. 151800 (2009): Office of the Ombudsman, represented by Hon. Anian...
2025-12-05 19:09:03,378 - INFO -   ✓ Found at: https://lawphil.net/judjuris/juri2009/nov2009/gr_151800_2009.html
2025-12-05 19:09:03,379 - INFO -   ✓ Saved: RESTRUCTURED_DB/2009/november/151800.json
2025-12-05 19:09:03,880 - INFO - Scraping G.R. No. 167706 (2009): Reynaldo G. Cabigting vs. San Miguel Foods, Inc....
2025-12-05 19:09:04,134 - INFO -   ✓ Found at: https://lawphil.net/judjuris/juri2009/nov2009/gr_167706_2009.html
2025-12-05 19:09:04,136 - INFO -   ✓ Saved: RESTRUCTURED_DB/2009/november/167706.json
2025-12-05 19:09:04,636 - INFO - Scraping G.R. No. 169681 (2009): The Estate of Pedro C. Gonzales and Heirs of Pedro...
2025-12-05 19:09:04,893 - INFO -   ✓ Found at: https://lawphil.net/judjuris/juri2009/nov2009/gr_169681_2009.html
2025-12-05 19:09:04,895 - INFO -   ✓ Saved: RESTRUCTURED_DB/2009/november/169681.json
2025-12-05 19:09:05,395 - INFO - Scraping G.R. No. 152614 (2009): Salvador A. Fernandez vs. Cristina D. Amagna...
2025-12-05 19:09:05,882 - INFO -   ✓ Found at: https://lawphil.net/judjuris/juri2009/sep2009/gr_152614_2009.html
2025-12-05 19:09:05,884 - INFO -   ✓ Saved: RESTRUCTURED_DB/2009/september/152614.json
2025-12-05 19:09:06,384 - INFO - Scraping G.R. No. 159116 (2009): Sps. Nestor and Felicidad Dadizon vs. Hon. Court o...
2025-12-05 19:09:06,863 - INFO -   ✓ Found at: https://lawphil.net/judjuris/juri2009/sep2009/gr_159116_2009.html
2025-12-05 19:09:06,864 - INFO -   ✓ Saved: RESTRUCTURED_DB/2009/september/159116.json
2025-12-05 19:09:07,364 - INFO - Scraping G.R. No. 159710 (2009): Carmen A. Blas vs. Spouses Eduardo and Salud Galap...
2025-12-05 19:09:07,843 - INFO -   ✓ Found at: https://lawphil.net/judjuris/juri2009/sep2009/gr_159710_2009.html
2025-12-05 19:09:07,845 - INFO -   ✓ Saved: RESTRUCTURED_DB/2009/september/159710.json
2025-12-05 19:09:08,345 - INFO - Scraping G.R. No. 167955 (2009): People of the Philippines vs. Armando Padilla y Ni...
2025-12-05 19:09:08,824 - INFO -   ✓ Found at: https://lawphil.net/judjuris/juri2009/sep2009/gr_167955_2009.html
2025-12-05 19:09:08,826 - INFO -   ✓ Saved: RESTRUCTURED_DB/2009/september/167955.json
2025-12-05 19:09:09,326 - INFO - Scraping G.R. No. 169889 (2009): Spouses Simon Yap and Milagros Guevarra vs. First ...
2025-12-05 19:09:09,582 - INFO -   ✓ Found at: https://lawphil.net/judjuris/juri2009/sep2009/gr_169889_2009.html
2025-12-05 19:09:09,583 - INFO -   ✓ Saved: RESTRUCTURED_DB/2009/september/169889.json
2025-12-05 19:09:10,083 - INFO - Scraping G.R. No. 171984 (2009): Bandila Maritime Services, Inc. and/or Tokomaru Ka...
2025-12-05 19:09:10,510 - INFO -   ✓ Found at: https://lawphil.net/judjuris/juri2009/sep2009/gr_171984_2009.html
2025-12-05 19:09:10,519 - INFO -   ✓ Saved: RESTRUCTURED_DB/2009/september/171984.json
2025-12-05 19:09:11,021 - INFO - Scraping G.R. No. 149588 (2009): Francisco R. Llamas, et al. vs. the Honorable Cour...
2025-12-05 19:09:11,337 - INFO -   ✓ Found at: https://lawphil.net/judjuris/juri2009/sep2009/gr_149588_2009.html
2025-12-05 19:09:11,338 - INFO -   ✓ Saved: RESTRUCTURED_DB/2009/september/149588.json
2025-12-05 19:09:11,840 - INFO - Scraping G.R. No. 164435 (2009): Victoria S. Jarillo vs. People of the Philippines...
