nohup: ignoring input
2025-12-05 19:18:00,773 - INFO - Loading missing cases list...
2025-12-05 19:18:00,787 - INFO - ================================================================================
2025-12-05 19:18:00,787 - INFO - LAWPHIL BATCH SCRAPER
2025-12-05 19:18:00,787 - INFO - ================================================================================
2025-12-05 19:18:00,787 - INFO - Database path: RESTRUCTURED_DB
2025-12-05 19:18:00,787 - INFO - Cases to scrape: 677
2025-12-05 19:18:00,787 - INFO - Year range: 2020-2020
2025-12-05 19:18:00,787 - INFO - Batch size: 100
2025-12-05 19:18:00,787 - INFO - ================================================================================
2025-12-05 19:18:00,788 - INFO - 
================================================================================
2025-12-05 19:18:00,788 - INFO - BATCH 1/7 (100 cases)
2025-12-05 19:18:00,788 - INFO - ================================================================================
2025-12-05 19:18:00,788 - INFO - Scraping G.R. No. 202029 (2020): Isabelo Cabalhin vs. Spouses Bonifacio Lansuela an...
2025-12-05 19:18:08,947 - WARNING -   ✗ Not found for G.R. No. 202029
2025-12-05 19:18:09,448 - INFO - Scraping G.R. No. 242474 (2020): People of the Philippines vs. XXX and YYY...
2025-12-05 19:18:17,889 - WARNING -   ✗ Not found for G.R. No. 242474
2025-12-05 19:18:18,390 - INFO - Scraping G.R. No. 234405 (2020): Martin N. Lim, Jr. vs. Maria Concepcion D. Lintag...
2025-12-05 19:18:18,857 - INFO -   ✓ Found at: https://lawphil.net/judjuris/juri2020/dec2020/gr_234405_2020.html
2025-12-05 19:18:18,859 - INFO -   ✓ Saved: RESTRUCTURED_DB/2020/december/234405.json
2025-12-05 19:18:19,359 - INFO - Scraping G.R. No. 245830 (2020): Power Sector Assets and Liabilities Management (PS...
2025-12-05 19:18:20,184 - INFO -   ✓ Found at: https://lawphil.net/judjuris/juri2020/dec2020/gr_245830_2020.html
2025-12-05 19:18:20,187 - INFO -   ✓ Saved: RESTRUCTURED_DB/2020/december/245830.json
2025-12-05 19:18:20,687 - INFO - Scraping G.R. No. 223178 (2020): Vicente T. Guerrero vs. Phil. Phoenix Surety & Ins...
2025-12-05 19:18:21,154 - INFO -   ✓ Found at: https://lawphil.net/judjuris/juri2020/dec2020/gr_223178_2020.html
2025-12-05 19:18:21,155 - INFO -   ✓ Saved: RESTRUCTURED_DB/2020/december/223178.json
2025-12-05 19:18:21,655 - INFO - Scraping G.R. No. 237129 (2020): Oliver B. Felix vs. Julito D. Vitriolo...
2025-12-05 19:18:21,905 - INFO -   ✓ Found at: https://lawphil.net/judjuris/juri2020/dec2020/gr_237129_2020.html
2025-12-05 19:18:21,907 - INFO -   ✓ Saved: RESTRUCTURED_DB/2020/december/237129.json
2025-12-05 19:18:22,407 - INFO - Scraping G.R. No. 250418 (2020): People of the Philippines vs. Roger Padin y Tilar...
2025-12-05 19:18:22,690 - INFO -   ✓ Found at: https://lawphil.net/judjuris/juri2020/dec2020/gr_250418_2020.html
2025-12-05 19:18:22,691 - INFO -   ✓ Saved: RESTRUCTURED_DB/2020/december/250418.json
2025-12-05 19:18:23,191 - INFO - Scraping G.R. No. 245469 (2020): Heirs of Fedelina Sestoso Estella represented by V...
2025-12-05 19:18:23,597 - INFO -   ✓ Found at: https://lawphil.net/judjuris/juri2020/dec2020/gr_245469_2020.html
2025-12-05 19:18:23,599 - INFO -   ✓ Saved: RESTRUCTURED_DB/2020/december/245469.json
2025-12-05 19:18:24,099 - INFO - Scraping G.R. No. 246332 (2020): AES Watch, et al. vs. Commission on Elections (COM...
2025-12-05 19:18:24,344 - INFO -   ✓ Found at: https://lawphil.net/judjuris/juri2020/dec2020/gr_246332_2020.html
2025-12-05 19:18:24,346 - INFO -   ✓ Saved: RESTRUCTURED_DB/2020/december/246332.json
2025-12-05 19:18:24,847 - INFO - Scraping G.R. No. 242278 (2020): People of the Philippines vs. Christian Manuel y V...
2025-12-05 19:18:25,312 - INFO -   ✓ Found at: https://lawphil.net/judjuris/juri2020/dec2020/gr_242278_2020.html
2025-12-05 19:18:25,314 - INFO -   ✓ Saved: RESTRUCTURED_DB/2020/december/242278.json
2025-12-05 19:18:25,815 - INFO - Scraping G.R. No. 241394 (2020): Flordelis B. Menzon, et al. vs. Commission on Audi...
2025-12-05 19:18:26,492 - INFO -   ✓ Found at: https://lawphil.net/judjuris/juri2020/dec2020/gr_241394_2020.html
2025-12-05 19:18:26,494 - INFO -   ✓ Saved: RESTRUCTURED_DB/2020/december/241394.json
2025-12-05 19:18:26,994 - INFO - Scraping G.R. No. 171101 (2020): Hacienda Luisita, Incorporated vs. Presidential Ag...
2025-12-05 19:18:27,669 - INFO -   ✓ Found at: https://lawphil.net/judjuris/juri2020/dec2020/gr_171101_2020.html
2025-12-05 19:18:27,671 - INFO -   ✓ Saved: RESTRUCTURED_DB/2020/december/171101.json
2025-12-05 19:18:28,171 - INFO - Scraping G.R. No. 232293 (2020): Evelyn Abadines Cuico vs. People of the Philippine...
2025-12-05 19:18:28,417 - INFO -   ✓ Found at: https://lawphil.net/judjuris/juri2020/dec2020/gr_232293_2020.html
2025-12-05 19:18:28,418 - INFO -   ✓ Saved: RESTRUCTURED_DB/2020/december/232293.json
2025-12-05 19:18:28,918 - INFO - Scraping G.R. No. 246760 (2020): Serman Cooperative vs. Annalyn E. Montarde, et al....
2025-12-05 19:18:36,824 - WARNING -   ✗ Not found for G.R. No. 246760
2025-12-05 19:18:37,325 - INFO - Scraping G.R. No. 211185 (2020): Jimmy Paez vs. Marinduque Electric Cooperative, In...
2025-12-05 19:18:37,688 - INFO -   ✓ Found at: https://lawphil.net/judjuris/juri2020/dec2020/gr_211185_2020.html
2025-12-05 19:18:37,690 - INFO -   ✓ Saved: RESTRUCTURED_DB/2020/december/211185.json
2025-12-05 19:18:38,190 - INFO - Scraping G.R. No. 218304 (2020): Ninia P. Lumauan vs. Commission on Audit...
2025-12-05 19:18:38,654 - INFO -   ✓ Found at: https://lawphil.net/judjuris/juri2020/dec2020/gr_218304_2020.html
2025-12-05 19:18:38,655 - INFO -   ✓ Saved: RESTRUCTURED_DB/2020/december/218304.json
2025-12-05 19:18:39,155 - INFO - Scraping G.R. No. 243607 (2020): Philippine Charity Sweepstake Office, All Concerne...
2025-12-05 19:18:39,611 - INFO -   ✓ Found at: https://lawphil.net/judjuris/juri2020/dec2020/gr_243607_2020.html
2025-12-05 19:18:39,615 - INFO -   ✓ Saved: RESTRUCTURED_DB/2020/december/243607.json
2025-12-05 19:18:40,115 - INFO - Scraping G.R. No. 202542 (2020): Angono Medics Hospital, Inc. vs. Antonia Q. Agabin...
2025-12-05 19:18:40,769 - INFO -   ✓ Found at: https://lawphil.net/judjuris/juri2020/dec2020/gr_202542_2020.html
2025-12-05 19:18:40,771 - INFO -   ✓ Saved: RESTRUCTURED_DB/2020/december/202542.json
2025-12-05 19:18:41,271 - INFO - Scraping G.R. No. 240518 (2020): BSM Crew Service Centre Philippines, Inc. vs. Roy ...
2025-12-05 19:18:41,519 - INFO -   ✓ Found at: https://lawphil.net/judjuris/juri2020/dec2020/gr_240518_2020.html
2025-12-05 19:18:41,520 - INFO -   ✓ Saved: RESTRUCTURED_DB/2020/december/240518.json
2025-12-05 19:18:42,020 - INFO - Scraping G.R. No. 238347 (2020): International Container Terminal Services, Inc., J...
2025-12-05 19:18:42,410 - INFO -   ✓ Found at: https://lawphil.net/judjuris/juri2020/dec2020/gr_238347_2020.html
2025-12-05 19:18:42,412 - INFO -   ✓ Saved: RESTRUCTURED_DB/2020/december/238347.json
2025-12-05 19:18:42,912 - INFO - Scraping G.R. No. 227121 (2020): Commissioner of Internal Revenue vs. the Hongkong ...
2025-12-05 19:18:43,173 - INFO -   ✓ Found at: https://lawphil.net/judjuris/juri2020/dec2020/gr_227121_2020.html
2025-12-05 19:18:43,174 - INFO -   ✓ Saved: RESTRUCTURED_DB/2020/december/227121.json
2025-12-05 19:18:43,674 - INFO - Scraping G.R. No. 205528 (2020): Philippine Phosphate Fertilizer Corportion (PHILPH...
2025-12-05 19:18:52,121 - WARNING -   ✗ Not found for G.R. No. 205528
2025-12-05 19:18:52,622 - INFO - Scraping G.R. No. 222655 (2020): People of the Philippines vs. Edjen Camarino, et a...
2025-12-05 19:18:52,881 - INFO -   ✓ Found at: https://lawphil.net/judjuris/juri2020/dec2020/gr_222655_2020.html
2025-12-05 19:18:52,882 - INFO -   ✓ Saved: RESTRUCTURED_DB/2020/december/222655.json
2025-12-05 19:18:53,383 - INFO - Scraping G.R. No. 216092 (2020): Municipality of Isabel, Leyte vs. Municipality of ...
2025-12-05 19:18:54,273 - INFO -   ✓ Found at: https://lawphil.net/judjuris/juri2020/dec2020/gr_216092_2020.html
2025-12-05 19:18:54,276 - INFO -   ✓ Saved: RESTRUCTURED_DB/2020/december/216092.json
2025-12-05 19:18:54,776 - INFO - Scraping G.R. No. 238455 (2020): People of the Philippines vs. Rolando Aguila y Ros...
2025-12-05 19:18:55,244 - INFO -   ✓ Found at: https://lawphil.net/judjuris/juri2020/dec2020/gr_238455_2020.html
2025-12-05 19:18:55,245 - INFO -   ✓ Saved: RESTRUCTURED_DB/2020/december/238455.json
2025-12-05 19:18:55,745 - INFO - Scraping G.R. No. 222998 (2020): Atty. Aldo P. Turiano vs. Task Force Abono, Field ...
2025-12-05 19:18:56,383 - INFO -   ✓ Found at: https://lawphil.net/judjuris/juri2020/dec2020/gr_222998_2020.html
2025-12-05 19:18:56,384 - INFO -   ✓ Saved: RESTRUCTURED_DB/2020/december/222998.json
2025-12-05 19:18:56,885 - INFO - Scraping G.R. No. 246989 (2020): Heirs of Jose V. Lagon vs. Ultramax Healthcare Sup...
2025-12-05 19:18:57,304 - INFO -   ✓ Found at: https://lawphil.net/judjuris/juri2020/dec2020/gr_246989_2020.html
2025-12-05 19:18:57,306 - INFO -   ✓ Saved: RESTRUCTURED_DB/2020/december/246989.json
2025-12-05 19:18:57,806 - INFO - Scraping G.R. No. 234462 (2020): Maria Elena Bustamante vs. Eduardo Dytianquin...
2025-12-05 19:18:58,296 - INFO -   ✓ Found at: https://lawphil.net/judjuris/juri2020/dec2020/gr_234462_2020.html
2025-12-05 19:18:58,297 - INFO -   ✓ Saved: RESTRUCTURED_DB/2020/december/234462.json
2025-12-05 19:18:58,797 - INFO - Scraping G.R. No. 238405 (2020): The People of the Philippines vs. XXX...
2025-12-05 19:18:59,368 - INFO -   ✓ Found at: https://lawphil.net/judjuris/juri2020/dec2020/gr_238405_2020.html
2025-12-05 19:18:59,370 - INFO -   ✓ Saved: RESTRUCTURED_DB/2020/december/238405.json
2025-12-05 19:18:59,871 - INFO - Scraping G.R. No. 238622 (2020): People of the Philippines vs. Randy Licaros y Flor...
2025-12-05 19:19:00,127 - INFO -   ✓ Found at: https://lawphil.net/judjuris/juri2020/dec2020/gr_238622_2020.html
2025-12-05 19:19:00,129 - INFO -   ✓ Saved: RESTRUCTURED_DB/2020/december/238622.json
2025-12-05 19:19:00,629 - INFO - Scraping G.R. No. 203815 (2020): Efraim D. Daniel vs. Nancy O. Magkaisa, et al....
2025-12-05 19:19:01,082 - INFO -   ✓ Found at: https://lawphil.net/judjuris/juri2020/dec2020/gr_203815_2020.html
2025-12-05 19:19:01,083 - INFO -   ✓ Saved: RESTRUCTURED_DB/2020/december/203815.json
2025-12-05 19:19:01,584 - INFO - Scraping G.R. No. 248130 (2020): Prudencio Ganal, Jr. Badajos vs. People of the Phi...
2025-12-05 19:19:02,051 - INFO -   ✓ Found at: https://lawphil.net/judjuris/juri2020/dec2020/gr_248130_2020.html
2025-12-05 19:19:02,052 - INFO -   ✓ Saved: RESTRUCTURED_DB/2020/december/248130.json
2025-12-05 19:19:02,552 - INFO - Scraping G.R. No. 219511 (2020): Victoria B. Collado vs. Dr. Eduardo M. Dela Vega...
2025-12-05 19:19:03,028 - INFO -   ✓ Found at: https://lawphil.net/judjuris/juri2020/dec2020/gr_219511_2020.html
2025-12-05 19:19:03,029 - INFO -   ✓ Saved: RESTRUCTURED_DB/2020/december/219511.json
2025-12-05 19:19:03,530 - INFO - Scraping G.R. No. 230934 (2020): Heirs of the Late Apolinario Caburnay, et al. vs. ...
2025-12-05 19:19:04,064 - INFO -   ✓ Found at: https://lawphil.net/judjuris/juri2020/dec2020/gr_230934_2020.html
2025-12-05 19:19:04,068 - INFO -   ✓ Saved: RESTRUCTURED_DB/2020/december/230934.json
2025-12-05 19:19:04,568 - INFO - Scraping G.R. No. 224863 (2020): Susan Co Dela Fuente vs. Fortune Life Insurance Co...
2025-12-05 19:19:05,233 - INFO -   ✓ Found at: https://lawphil.net/judjuris/juri2020/dec2020/gr_224863_2020.html
2025-12-05 19:19:05,235 - INFO -   ✓ Saved: RESTRUCTURED_DB/2020/december/224863.json
2025-12-05 19:19:05,736 - INFO - Scraping G.R. No. 243625 (2020): People of the Philippines vs. Jeffrey Dereco y Hay...
2025-12-05 19:19:06,267 - INFO -   ✓ Found at: https://lawphil.net/judjuris/juri2020/dec2020/gr_243625_2020.html
2025-12-05 19:19:06,269 - INFO -   ✓ Saved: RESTRUCTURED_DB/2020/december/243625.json
2025-12-05 19:19:06,769 - INFO - Scraping G.R. No. 232455 (2020): People of the Philippines vs. Teodoro Ansano y Cal...
2025-12-05 19:19:07,363 - INFO -   ✓ Found at: https://lawphil.net/judjuris/juri2020/dec2020/gr_232455_2020.html
2025-12-05 19:19:07,365 - INFO -   ✓ Saved: RESTRUCTURED_DB/2020/december/232455.json
2025-12-05 19:19:07,866 - INFO - Scraping G.R. No. 216151 (2020): Jesus G. Crisologo, et al. vs. Alicia Hao and Greg...
2025-12-05 19:19:08,117 - INFO -   ✓ Found at: https://lawphil.net/judjuris/juri2020/dec2020/gr_216151_2020.html
2025-12-05 19:19:08,119 - INFO -   ✓ Saved: RESTRUCTURED_DB/2020/december/216151.json
2025-12-05 19:19:08,619 - INFO - Scraping G.R. No. 245858 (2020): John A. Oscares vs. Magsaysay Maritime Corp., SK S...
2025-12-05 19:19:09,171 - INFO -   ✓ Found at: https://lawphil.net/judjuris/juri2020/dec2020/gr_245858_2020.html
2025-12-05 19:19:09,173 - INFO -   ✓ Saved: RESTRUCTURED_DB/2020/december/245858.json
2025-12-05 19:19:09,673 - INFO - Scraping G.R. No. 213816 (2020): Ernesto C. Luces, et al. vs. Coca-Cola Bottlers Ph...
2025-12-05 19:19:10,492 - INFO -   ✓ Found at: https://lawphil.net/judjuris/juri2020/dec2020/gr_213816_2020.html
2025-12-05 19:19:10,495 - INFO -   ✓ Saved: RESTRUCTURED_DB/2020/december/213816.json
2025-12-05 19:19:10,995 - INFO - Scraping G.R. No. 249149 (2020): People of the Philippines vs. Jose Cabales y Webbe...
2025-12-05 19:19:11,314 - INFO -   ✓ Found at: https://lawphil.net/judjuris/juri2020/dec2020/gr_249149_2020.html
2025-12-05 19:19:11,315 - INFO -   ✓ Saved: RESTRUCTURED_DB/2020/december/249149.json
2025-12-05 19:19:11,816 - INFO - Scraping G.R. No. 216056 (2020): People of the Philippines vs. Roberto Bernardo y F...
2025-12-05 19:19:12,496 - INFO -   ✓ Found at: https://lawphil.net/judjuris/juri2020/dec2020/gr_216056_2020.html
2025-12-05 19:19:12,498 - INFO -   ✓ Saved: RESTRUCTURED_DB/2020/december/216056.json
2025-12-05 19:19:12,998 - INFO - Scraping G.R. No. 246553 (2020): Marilyn B. Montehermoso, et al. vs. Romeo Batuto a...
2025-12-05 19:19:13,242 - INFO -   ✓ Found at: https://lawphil.net/judjuris/juri2020/dec2020/gr_246553_2020.html
2025-12-05 19:19:13,243 - INFO -   ✓ Saved: RESTRUCTURED_DB/2020/december/246553.json
2025-12-05 19:19:13,743 - INFO - Scraping G.R. No. 245306 (2020): People of the Philippines vs. Edgar Guarin y Velos...
2025-12-05 19:19:14,250 - INFO -   ✓ Found at: https://lawphil.net/judjuris/juri2020/dec2020/gr_245306_2020.html
2025-12-05 19:19:14,251 - INFO -   ✓ Saved: RESTRUCTURED_DB/2020/december/245306.json
2025-12-05 19:19:14,751 - INFO - Scraping G.R. No. 228704 (2020): Diosa Arrivas vs. Manuel Bacotoc...
2025-12-05 19:19:15,009 - INFO -   ✓ Found at: https://lawphil.net/judjuris/juri2020/dec2020/gr_228704_2020.html
2025-12-05 19:19:15,010 - INFO -   ✓ Saved: RESTRUCTURED_DB/2020/december/228704.json
2025-12-05 19:19:15,510 - INFO - Scraping G.R. No. 227440 (2020): Ricardo O. Trinidad, Jr. vs. Office of the Ombudsm...
2025-12-05 19:19:15,903 - INFO -   ✓ Found at: https://lawphil.net/judjuris/juri2020/dec2020/gr_227440_2020.html
2025-12-05 19:19:15,904 - INFO -   ✓ Saved: RESTRUCTURED_DB/2020/december/227440.json
2025-12-05 19:19:16,404 - INFO - Scraping G.R. No. 245344 (2020): Del Monte Land Transport Bus Company and Narciso O...
2025-12-05 19:19:16,646 - INFO -   ✓ Found at: https://lawphil.net/judjuris/juri2020/dec2020/gr_245344_2020.html
2025-12-05 19:19:16,648 - INFO -   ✓ Saved: RESTRUCTURED_DB/2020/december/245344.json
2025-12-05 19:19:17,148 - INFO - Scraping G.R. No. 244667 (2020): Heirs of Corazon Villeza, namely: Imelda V. Dela C...
2025-12-05 19:19:25,565 - WARNING -   ✗ Not found for G.R. No. 244667
2025-12-05 19:19:26,065 - INFO - Scraping G.R. No. 223163 (2020): Gil Sambu Jarabelo vs. Household Goods Patrons, In...
2025-12-05 19:19:26,531 - INFO -   ✓ Found at: https://lawphil.net/judjuris/juri2020/dec2020/gr_223163_2020.html
2025-12-05 19:19:26,532 - INFO -   ✓ Saved: RESTRUCTURED_DB/2020/december/223163.json
2025-12-05 19:19:27,032 - INFO - Scraping G.R. No. 205559 (2020): Nicasio Macutay vs. Sosima Samoy, et al....
2025-12-05 19:19:27,312 - INFO -   ✓ Found at: https://lawphil.net/judjuris/juri2020/dec2020/gr_205559_2020.html
2025-12-05 19:19:27,317 - INFO -   ✓ Saved: RESTRUCTURED_DB/2020/december/205559.json
2025-12-05 19:19:27,817 - INFO - Scraping G.R. No. 229937 (2020): People of the Philippines vs. BBB...
2025-12-05 19:19:28,493 - INFO -   ✓ Found at: https://lawphil.net/judjuris/juri2020/dec2020/gr_229937_2020.html
2025-12-05 19:19:28,496 - INFO -   ✓ Saved: RESTRUCTURED_DB/2020/december/229937.json
2025-12-05 19:19:28,996 - INFO - Scraping G.R. No. 248016 (2020): People of the Philippines vs. Alberto Bert Marti...
2025-12-05 19:19:29,570 - INFO -   ✓ Found at: https://lawphil.net/judjuris/juri2020/dec2020/gr_248016_2020.html
2025-12-05 19:19:29,574 - INFO -   ✓ Saved: RESTRUCTURED_DB/2020/december/248016.json
2025-12-05 19:19:30,074 - INFO - Scraping G.R. No. 222882 (2020): Benito Marasigan, Jr. vs. Provincial Agrarian Refo...
2025-12-05 19:19:30,828 - INFO -   ✓ Found at: https://lawphil.net/judjuris/juri2020/dec2020/gr_222882_2020.html
2025-12-05 19:19:30,829 - INFO -   ✓ Saved: RESTRUCTURED_DB/2020/december/222882.json
2025-12-05 19:19:31,330 - INFO - Scraping G.R. No. 218374 (2020): Zamboanga City Water District and its employees, r...
2025-12-05 19:19:31,584 - INFO -   ✓ Found at: https://lawphil.net/judjuris/juri2020/dec2020/gr_218374_2020.html
2025-12-05 19:19:31,586 - INFO -   ✓ Saved: RESTRUCTURED_DB/2020/december/218374.json
2025-12-05 19:19:32,086 - INFO - Scraping G.R. No. 232199 (2020): National Transmission vs. Commission on Audit and ...
2025-12-05 19:19:32,397 - INFO -   ✓ Found at: https://lawphil.net/judjuris/juri2020/dec2020/gr_232199_2020.html
2025-12-05 19:19:32,398 - INFO -   ✓ Saved: RESTRUCTURED_DB/2020/december/232199.json
2025-12-05 19:19:32,899 - INFO - Scraping G.R. No. 228795 (2020): Estelita A. Angeles vs. Commission on Audit (COA) ...
2025-12-05 19:19:33,349 - INFO -   ✓ Found at: https://lawphil.net/judjuris/juri2020/dec2020/gr_228795_2020.html
2025-12-05 19:19:33,350 - INFO -   ✓ Saved: RESTRUCTURED_DB/2020/december/228795.json
2025-12-05 19:19:33,851 - INFO - Scraping G.R. No. 230549 (2020): People of the Philippines vs. Glenn Barrera y Gelv...
2025-12-05 19:19:34,104 - INFO -   ✓ Found at: https://lawphil.net/judjuris/juri2020/dec2020/gr_230549_2020.html
2025-12-05 19:19:34,106 - INFO -   ✓ Saved: RESTRUCTURED_DB/2020/december/230549.json
2025-12-05 19:19:34,607 - INFO - Scraping G.R. No. 193143 (2020): Emerita A. Collado, Supply Officer III, Philippine...
2025-12-05 19:19:35,272 - INFO -   ✓ Found at: https://lawphil.net/judjuris/juri2020/dec2020/gr_193143_2020.html
2025-12-05 19:19:35,275 - INFO -   ✓ Saved: RESTRUCTURED_DB/2020/december/193143.json
2025-12-05 19:19:35,776 - INFO - Scraping G.R. No. 231062 (2020): Jorge De Ocampo, heirs of the late Napoleon De Oca...
2025-12-05 19:19:36,027 - INFO -   ✓ Found at: https://lawphil.net/judjuris/juri2020/nov2020/gr_231062_2020.html
2025-12-05 19:19:36,029 - INFO -   ✓ Saved: RESTRUCTURED_DB/2020/november/231062.json
2025-12-05 19:19:36,529 - INFO - Scraping G.R. No. 211073 (2020): Efren Santos, Jr. and Jeramil Salmasan vs. King Ch...
2025-12-05 19:19:36,945 - INFO -   ✓ Found at: https://lawphil.net/judjuris/juri2020/nov2020/gr_211073_2020.html
2025-12-05 19:19:36,947 - INFO -   ✓ Saved: RESTRUCTURED_DB/2020/november/211073.json
2025-12-05 19:19:37,447 - INFO - Scraping G.R. No. 241901 (2020): Erwin Pascual y Francisco and Wilbert Sarmiento y ...
2025-12-05 19:19:37,913 - INFO -   ✓ Found at: https://lawphil.net/judjuris/juri2020/nov2020/gr_241901_2020.html
2025-12-05 19:19:37,915 - INFO -   ✓ Saved: RESTRUCTURED_DB/2020/november/241901.json
2025-12-05 19:19:38,416 - INFO - Scraping G.R. No. 206109 (2020): Spouses Florentino R. Maynes, Sr. and Shirley M. M...
2025-12-05 19:19:38,884 - INFO -   ✓ Found at: https://lawphil.net/judjuris/juri2020/nov2020/gr_206109_2020.html
2025-12-05 19:19:38,886 - INFO -   ✓ Saved: RESTRUCTURED_DB/2020/november/206109.json
2025-12-05 19:19:39,386 - INFO - Scraping G.R. No. 218870 (2020): The Commission on Audit, et al. vs. Hon. Erwin Vir...
2025-12-05 19:19:39,644 - INFO -   ✓ Found at: https://lawphil.net/judjuris/juri2020/nov2020/gr_218870_2020.html
2025-12-05 19:19:39,646 - INFO -   ✓ Saved: RESTRUCTURED_DB/2020/november/218870.json
2025-12-05 19:19:40,146 - INFO - Scraping G.R. No. 249588 (2020): Shariff Uddin y Sali vs. People of the Philippines...
2025-12-05 19:19:40,815 - INFO -   ✓ Found at: https://lawphil.net/judjuris/juri2020/nov2020/gr_249588_2020.html
2025-12-05 19:19:40,817 - INFO -   ✓ Saved: RESTRUCTURED_DB/2020/november/249588.json
2025-12-05 19:19:41,317 - INFO - Scraping G.R. No. 250908 (2020): People of the Philippines vs. Ariel Quiñones y Lov...
2025-12-05 19:19:41,564 - INFO -   ✓ Found at: https://lawphil.net/judjuris/juri2020/nov2020/gr_250908_2020.html
2025-12-05 19:19:41,565 - INFO -   ✓ Saved: RESTRUCTURED_DB/2020/november/250908.json
2025-12-05 19:19:42,065 - INFO - Scraping G.R. No. 230016 (2020): Commissioner of Internal Revenue vs. Philex Mining...
2025-12-05 19:19:42,845 - INFO -   ✓ Found at: https://lawphil.net/judjuris/juri2020/nov2020/gr_230016_2020.html
2025-12-05 19:19:42,847 - INFO -   ✓ Saved: RESTRUCTURED_DB/2020/november/230016.json
2025-12-05 19:19:43,348 - INFO - Scraping G.R. No. 223763 (2020): Adoracion L. Basilio and Lolita P. Lucero vs. Perl...
2025-12-05 19:19:43,813 - INFO -   ✓ Found at: https://lawphil.net/judjuris/juri2020/nov2020/gr_223763_2020.html
2025-12-05 19:19:43,814 - INFO -   ✓ Saved: RESTRUCTURED_DB/2020/november/223763.json
2025-12-05 19:19:44,314 - INFO - Scraping G.R. No. 229010 (2020): In the matter of the petition to approve the will ...
2025-12-05 19:19:44,788 - INFO -   ✓ Found at: https://lawphil.net/judjuris/juri2020/nov2020/gr_229010_2020.html
2025-12-05 19:19:44,790 - INFO -   ✓ Saved: RESTRUCTURED_DB/2020/november/229010.json
2025-12-05 19:19:45,291 - INFO - Scraping G.R. No. 207344 (2020): OSG Shipmanagment Manila, Inc., Michaelmar Shippin...
2025-12-05 19:19:45,600 - INFO -   ✓ Found at: https://lawphil.net/judjuris/juri2020/nov2020/gr_207344_2020.html
2025-12-05 19:19:45,602 - INFO -   ✓ Saved: RESTRUCTURED_DB/2020/november/207344.json
2025-12-05 19:19:46,102 - INFO - Scraping G.R. No. 242513 (2020): People of the Philippines vs. Armando Bueza y Rana...
2025-12-05 19:19:46,413 - INFO -   ✓ Found at: https://lawphil.net/judjuris/juri2020/nov2020/gr_242513_2020.html
2025-12-05 19:19:46,414 - INFO -   ✓ Saved: RESTRUCTURED_DB/2020/november/242513.json
2025-12-05 19:19:46,915 - INFO - Scraping G.R. No. 233846 (2020): Spouses Nestor Cabasal and Ma. Belen Cabasal vs. B...
2025-12-05 19:19:47,382 - INFO -   ✓ Found at: https://lawphil.net/judjuris/juri2020/nov2020/gr_233846_2020.html
2025-12-05 19:19:47,384 - INFO -   ✓ Saved: RESTRUCTURED_DB/2020/november/233846.json
2025-12-05 19:19:47,884 - INFO - Scraping G.R. No. 207429 (2020): Manila Electric Company (Meralco) vs. AAA Cryogeni...
2025-12-05 19:19:48,153 - INFO -   ✓ Found at: https://lawphil.net/judjuris/juri2020/nov2020/gr_207429_2020.html
2025-12-05 19:19:48,155 - INFO -   ✓ Saved: RESTRUCTURED_DB/2020/november/207429.json
2025-12-05 19:19:48,656 - INFO - Scraping G.R. No. 233448 (2020): SM Prime Holdings, Inc. vs. Alfredo G. Marañon, Jr...
2025-12-05 19:19:49,040 - INFO -   ✓ Found at: https://lawphil.net/judjuris/juri2020/nov2020/gr_233448_2020.html
2025-12-05 19:19:49,043 - INFO -   ✓ Saved: RESTRUCTURED_DB/2020/november/233448.json
2025-12-05 19:19:49,543 - INFO - Scraping G.R. No. 238451 (2020): People of the Philippines vs. Armando Pedido y Bel...
2025-12-05 19:19:50,017 - INFO -   ✓ Found at: https://lawphil.net/judjuris/juri2020/nov2020/gr_238451_2020.html
2025-12-05 19:19:50,019 - INFO -   ✓ Saved: RESTRUCTURED_DB/2020/november/238451.json
2025-12-05 19:19:50,519 - INFO - Scraping G.R. No. 190728 (2020): People of the Philippines vs. Hon. Sandiganbayan (...
2025-12-05 19:19:58,854 - WARNING -   ✗ Not found for G.R. No. 190728
2025-12-05 19:19:59,355 - INFO - Scraping G.R. No. 207856 (2020): Philippine National Bank vs. Lorenzo T. Bal, Jr....
2025-12-05 19:19:59,603 - INFO -   ✓ Found at: https://lawphil.net/judjuris/juri2020/nov2020/gr_207856_2020.html
2025-12-05 19:19:59,604 - INFO -   ✓ Saved: RESTRUCTURED_DB/2020/november/207856.json
2025-12-05 19:20:00,104 - INFO - Scraping G.R. No. 200484 (2020): Pascual Purisima, Jr., et al. vs. Macaria Purisima...
2025-12-05 19:20:00,351 - INFO -   ✓ Found at: https://lawphil.net/judjuris/juri2020/nov2020/gr_200484_2020.html
2025-12-05 19:20:00,353 - INFO -   ✓ Saved: RESTRUCTURED_DB/2020/november/200484.json
2025-12-05 19:20:00,853 - INFO - Scraping G.R. No. 210905 (2020): Philippine Overseas Employment Administration (Poe...
2025-12-05 19:20:01,138 - INFO -   ✓ Found at: https://lawphil.net/judjuris/juri2020/nov2020/gr_210905_2020.html
2025-12-05 19:20:01,141 - INFO -   ✓ Saved: RESTRUCTURED_DB/2020/november/210905.json
2025-12-05 19:20:01,641 - INFO - Scraping G.R. No. 194335 (2020): Samson V. Pantaleon, et al. vs. Metro Manila Devel...
2025-12-05 19:20:02,195 - INFO -   ✓ Found at: https://lawphil.net/judjuris/juri2020/nov2020/gr_194335_2020.html
2025-12-05 19:20:02,198 - INFO -   ✓ Saved: RESTRUCTURED_DB/2020/november/194335.json
2025-12-05 19:20:02,698 - INFO - Scraping G.R. No. 214444 (2020): People of the Philippines vs. Lito Paña y Inandan...
2025-12-05 19:20:03,076 - INFO -   ✓ Found at: https://lawphil.net/judjuris/juri2020/nov2020/gr_214444_2020.html
2025-12-05 19:20:03,079 - INFO -   ✓ Saved: RESTRUCTURED_DB/2020/november/214444.json
2025-12-05 19:20:03,579 - INFO - Scraping G.R. No. 217656 (2020): Department of Public Works and Highways vs. Eddie ...
2025-12-05 19:20:04,265 - INFO -   ✓ Found at: https://lawphil.net/judjuris/juri2020/nov2020/gr_217656_2020.html
2025-12-05 19:20:04,267 - INFO -   ✓ Saved: RESTRUCTURED_DB/2020/november/217656.json
2025-12-05 19:20:04,767 - INFO - Scraping G.R. No. 238263 (2020): Department of Trade and Industry and Its Bureau of...
2025-12-05 19:20:05,017 - INFO -   ✓ Found at: https://lawphil.net/judjuris/juri2020/nov2020/gr_238263_2020.html
2025-12-05 19:20:05,019 - INFO -   ✓ Saved: RESTRUCTURED_DB/2020/november/238263.json
2025-12-05 19:20:05,519 - INFO - Scraping G.R. No. 225266 (2020): Commissioner of Internal Revenue vs. East Asia Uti...
2025-12-05 19:20:14,198 - WARNING -   ✗ Not found for G.R. No. 225266
2025-12-05 19:20:14,699 - INFO - Scraping G.R. No. 225781 (2020): People of the Philippines vs. XXX...
2025-12-05 19:20:15,165 - INFO -   ✓ Found at: https://lawphil.net/judjuris/juri2020/nov2020/gr_225781_2020.html
2025-12-05 19:20:15,167 - INFO -   ✓ Saved: RESTRUCTURED_DB/2020/november/225781.json
2025-12-05 19:20:15,668 - INFO - Scraping G.R. No. 240421 (2020): People of the Philippines vs. Loreto Talmesa y Bag...
2025-12-05 19:20:16,061 - INFO -   ✓ Found at: https://lawphil.net/judjuris/juri2020/nov2020/gr_240421_2020.html
2025-12-05 19:20:16,063 - INFO -   ✓ Saved: RESTRUCTURED_DB/2020/november/240421.json
2025-12-05 19:20:16,563 - INFO - Scraping G.R. No. 221602 (2020): Ricardo Albotra vs. People of the Philippines...
2025-12-05 19:20:17,013 - INFO -   ✓ Found at: https://lawphil.net/judjuris/juri2020/nov2020/gr_221602_2020.html
2025-12-05 19:20:17,014 - INFO -   ✓ Saved: RESTRUCTURED_DB/2020/november/221602.json
2025-12-05 19:20:17,514 - INFO - Scraping G.R. No. 247575 (2020): People of the Philippines vs. Ewin Reafor y Compra...
2025-12-05 19:20:17,756 - INFO -   ✓ Found at: https://lawphil.net/judjuris/juri2020/nov2020/gr_247575_2020.html
2025-12-05 19:20:17,757 - INFO -   ✓ Saved: RESTRUCTURED_DB/2020/november/247575.json
2025-12-05 19:20:18,257 - INFO - Scraping G.R. No. 222369 (2020): Strong Fort Warehousing Corporation vs. Remedios T...
2025-12-05 19:20:26,358 - WARNING -   ✗ Not found for G.R. No. 222369
2025-12-05 19:20:26,859 - INFO - Scraping G.R. No. 231936 (2020): Fil-Estate Properties, Inc. vs. Hermana Realty, In...
2025-12-05 19:20:27,323 - INFO -   ✓ Found at: https://lawphil.net/judjuris/juri2020/nov2020/gr_231936_2020.html
2025-12-05 19:20:27,324 - INFO -   ✓ Saved: RESTRUCTURED_DB/2020/november/231936.json
2025-12-05 19:20:27,824 - INFO - Scraping G.R. No. 242696 (2020): People of the Philippines vs. Zaldy Bernardo y Esp...
2025-12-05 19:20:28,087 - INFO -   ✓ Found at: https://lawphil.net/judjuris/juri2020/nov2020/gr_242696_2020.html
2025-12-05 19:20:28,088 - INFO -   ✓ Saved: RESTRUCTURED_DB/2020/november/242696.json
2025-12-05 19:20:28,589 - INFO - Scraping G.R. No. 216425 (2020): Anacleto Ballaho Alanis III vs. Court of Appeals, ...
2025-12-05 19:20:28,839 - INFO -   ✓ Found at: https://lawphil.net/judjuris/juri2020/nov2020/gr_216425_2020.html
2025-12-05 19:20:28,841 - INFO -   ✓ Saved: RESTRUCTURED_DB/2020/november/216425.json
2025-12-05 19:20:29,341 - INFO - Scraping G.R. No. 211327 (2020): Thunderbird Pilipinas Hotels and Resorts, Inc. vs....
2025-12-05 19:20:29,732 - INFO -   ✓ Found at: https://lawphil.net/judjuris/juri2020/nov2020/gr_211327_2020.html
2025-12-05 19:20:29,735 - INFO -   ✓ Saved: RESTRUCTURED_DB/2020/november/211327.json
2025-12-05 19:20:30,235 - INFO - Scraping G.R. No. 191359 (2020): Lucila Purificacion vs. Charles T. Gobing and Atty...
2025-12-05 19:20:30,500 - INFO -   ✓ Found at: https://lawphil.net/judjuris/juri2020/nov2020/gr_191359_2020.html
2025-12-05 19:20:30,501 - INFO -   ✓ Saved: RESTRUCTURED_DB/2020/november/191359.json
2025-12-05 19:20:31,002 - INFO - Scraping G.R. No. 244193 (2020): National Transmission Corporation vs. Commission o...
2025-12-05 19:20:31,555 - INFO -   ✓ Found at: https://lawphil.net/judjuris/juri2020/nov2020/gr_244193_2020.html
2025-12-05 19:20:31,557 - INFO -   ✓ Saved: RESTRUCTURED_DB/2020/november/244193.json
2025-12-05 19:20:32,057 - INFO - Scraping G.R. No. 229070 (2020): Eufemia Abad and Sps. Flordeliza Abad-Cezar and Po...
2025-12-05 19:20:32,888 - INFO -   ✓ Found at: https://lawphil.net/judjuris/juri2020/nov2020/gr_229070_2020.html
2025-12-05 19:20:32,890 - INFO -   ✓ Saved: RESTRUCTURED_DB/2020/november/229070.json
2025-12-05 19:20:33,390 - INFO - Scraping G.R. No. 223572 (2020): Jennifer M. Enano-Bote, et al. vs. Jose Ch. Alvare...
2025-12-05 19:20:33,874 - INFO -   ✓ Found at: https://lawphil.net/judjuris/juri2020/nov2020/gr_223572_2020.html
2025-12-05 19:20:33,878 - INFO -   ✓ Saved: RESTRUCTURED_DB/2020/november/223572.json
2025-12-05 19:20:34,378 - INFO - Scraping G.R. No. 217285 (2020): The Department of Agrarian Reform Employees Associ...
2025-12-05 19:20:35,057 - INFO -   ✓ Found at: https://lawphil.net/judjuris/juri2020/nov2020/gr_217285_2020.html
2025-12-05 19:20:35,058 - INFO -   ✓ Saved: RESTRUCTURED_DB/2020/november/217285.json
2025-12-05 19:20:35,559 - INFO - Scraping G.R. No. 200418 (2020): Confederation for Unity, Recognition and Advanceme...
2025-12-05 19:20:36,773 - INFO -   ✓ Found at: https://lawphil.net/judjuris/juri2020/nov2020/gr_200418_2020.html
2025-12-05 19:20:36,780 - INFO -   ✓ Saved: RESTRUCTURED_DB/2020/november/200418.json
2025-12-05 19:20:37,280 - INFO - Scraping G.R. No. 223449 (2020): Mina C. Nacilla and the late Roberto C. Jacobe rep...
2025-12-05 19:20:37,531 - INFO -   ✓ Found at: https://lawphil.net/judjuris/juri2020/nov2020/gr_223449_2020.html
2025-12-05 19:20:37,532 - INFO -   ✓ Saved: RESTRUCTURED_DB/2020/november/223449.json
2025-12-05 19:20:38,033 - INFO - Scraping G.R. No. 216824 (2020): Gina Villa Gomez vs. People of the PhilippinesConc...
2025-12-05 19:20:38,500 - INFO -   ✓ Found at: https://lawphil.net/judjuris/juri2020/nov2020/gr_216824_2020.html
2025-12-05 19:20:38,507 - INFO -   ✓ Saved: RESTRUCTURED_DB/2020/november/216824.json
2025-12-05 19:20:39,007 - INFO - 
Batch 1 complete:
2025-12-05 19:20:39,007 - INFO -   Successful: 92
2025-12-05 19:20:39,007 - INFO -   Failed: 8
2025-12-05 19:20:39,007 - INFO -   Skipped: 0
2025-12-05 19:20:39,007 - INFO - 
Overall progress: 100/677 cases
2025-12-05 19:20:39,008 - INFO - 
================================================================================
2025-12-05 19:20:39,008 - INFO - BATCH 2/7 (100 cases)
2025-12-05 19:20:39,008 - INFO - ================================================================================
2025-12-05 19:20:39,008 - INFO - Scraping G.R. No. 226409 (2020): Ringo B. Dayowan Transport Services or Ringo B. Da...
2025-12-05 19:20:39,489 - INFO -   ✓ Found at: https://lawphil.net/judjuris/juri2020/nov2020/gr_226409_2020.html
2025-12-05 19:20:39,490 - INFO -   ✓ Saved: RESTRUCTURED_DB/2020/november/226409.json
2025-12-05 19:20:39,990 - INFO - Scraping G.R. No. 248567 (2020): Erwin Torres y Castillo vs. AAASeparate Concurring...
2025-12-05 19:20:40,459 - INFO -   ✓ Found at: https://lawphil.net/judjuris/juri2020/nov2020/gr_248567_2020.html
2025-12-05 19:20:40,460 - INFO -   ✓ Saved: RESTRUCTURED_DB/2020/november/248567.json
2025-12-05 19:20:40,960 - INFO - Scraping G.R. No. 208251 (2020): Philippine Wireless, Inc. and Republic Telecommuni...
2025-12-05 19:20:41,221 - INFO -   ✓ Found at: https://lawphil.net/judjuris/juri2020/nov2020/gr_208251_2020.html
2025-12-05 19:20:41,223 - INFO -   ✓ Saved: RESTRUCTURED_DB/2020/november/208251.json
2025-12-05 19:20:41,723 - INFO - Scraping G.R. No. 197878 (2020): Gemma C. Dela Cruz, et al. vs. Manila Electric Com...
2025-12-05 19:20:41,997 - INFO -   ✓ Found at: https://lawphil.net/judjuris/juri2020/nov2020/gr_197878_2020.html
2025-12-05 19:20:42,000 - INFO -   ✓ Saved: RESTRUCTURED_DB/2020/november/197878.json
2025-12-05 19:20:42,500 - INFO - Scraping G.R. No. 207735 (2020): Field Investigation Office - Office of the Ombudsm...
2025-12-05 19:20:42,963 - INFO -   ✓ Found at: https://lawphil.net/judjuris/juri2020/nov2020/gr_207735_2020.html
2025-12-05 19:20:42,965 - INFO -   ✓ Saved: RESTRUCTURED_DB/2020/november/207735.json
2025-12-05 19:20:43,465 - INFO - Scraping G.R. No. 213753 (2020): Armed Forces of the Philippines vs. Enelinda Amogo...
2025-12-05 19:20:43,719 - INFO -   ✓ Found at: https://lawphil.net/judjuris/juri2020/nov2020/gr_213753_2020.html
2025-12-05 19:20:43,721 - INFO -   ✓ Saved: RESTRUCTURED_DB/2020/november/213753.json
2025-12-05 19:20:44,221 - INFO - Scraping G.R. No. 235573 (2020): Reynaldo Valencia y Vibar vs. People of the Philip...
2025-12-05 19:20:45,124 - INFO -   ✓ Found at: https://lawphil.net/judjuris/juri2020/nov2020/gr_235573_2020.html
2025-12-05 19:20:45,125 - INFO -   ✓ Saved: RESTRUCTURED_DB/2020/november/235573.json
2025-12-05 19:20:45,626 - INFO - Scraping G.R. No. 209755 (2020): I-Remit, Inc. (for itself and on behalf of JPSA Gl...
2025-12-05 19:20:46,282 - INFO -   ✓ Found at: https://lawphil.net/judjuris/juri2020/nov2020/gr_209755_2020.html
2025-12-05 19:20:46,284 - INFO -   ✓ Saved: RESTRUCTURED_DB/2020/november/209755.json
2025-12-05 19:20:46,784 - INFO - Scraping G.R. No. 248941 (2020): 3M Philippines vs. Lauro D. Yuseco...
2025-12-05 19:20:47,160 - INFO -   ✓ Found at: https://lawphil.net/judjuris/juri2020/nov2020/gr_248941_2020.html
2025-12-05 19:20:47,162 - INFO -   ✓ Saved: RESTRUCTURED_DB/2020/november/248941.json
2025-12-05 19:20:47,662 - INFO - Scraping G.R. No. 218277 (2020): People of the Philippines vs. XXX...
2025-12-05 19:20:48,192 - INFO -   ✓ Found at: https://lawphil.net/judjuris/juri2020/nov2020/gr_218277_2020.html
2025-12-05 19:20:48,195 - INFO -   ✓ Saved: RESTRUCTURED_DB/2020/november/218277.json
2025-12-05 19:20:48,695 - INFO - Scraping G.R. No. 248929 (2020): People of the Philippines vs. Paulino Delos Santos...
2025-12-05 19:20:49,132 - INFO -   ✓ Found at: https://lawphil.net/judjuris/juri2020/nov2020/gr_248929_2020.html
2025-12-05 19:20:49,133 - INFO -   ✓ Saved: RESTRUCTURED_DB/2020/november/248929.json
2025-12-05 19:20:49,633 - INFO - Scraping G.R. No. 229408 (2020): Central Realty and Development Corporation vs. Sol...
2025-12-05 19:20:50,314 - INFO -   ✓ Found at: https://lawphil.net/judjuris/juri2020/nov2020/gr_229408_2020.html
2025-12-05 19:20:50,316 - INFO -   ✓ Saved: RESTRUCTURED_DB/2020/november/229408.json
2025-12-05 19:20:50,817 - INFO - Scraping G.R. No. 200474 (2020): Maximo Awayan vs. Sulu Resources Development Corpo...
2025-12-05 19:20:51,270 - INFO -   ✓ Found at: https://lawphil.net/judjuris/juri2020/nov2020/gr_200474_2020.html
2025-12-05 19:20:51,273 - INFO -   ✓ Saved: RESTRUCTURED_DB/2020/november/200474.json
2025-12-05 19:20:51,773 - INFO - Scraping G.R. No. 252914 (2020): Virgilio S. Suelo, Jr. vs. MST Marine Services (Ph...
2025-12-05 19:20:52,024 - INFO -   ✓ Found at: https://lawphil.net/judjuris/juri2020/nov2020/gr_252914_2020.html
2025-12-05 19:20:52,025 - INFO -   ✓ Saved: RESTRUCTURED_DB/2020/november/252914.json
2025-12-05 19:20:52,525 - INFO - Scraping G.R. No. 246499 (2020): People of the Philippines vs. XXX...
2025-12-05 19:20:52,781 - INFO -   ✓ Found at: https://lawphil.net/judjuris/juri2020/nov2020/gr_246499_2020.html
2025-12-05 19:20:52,783 - INFO -   ✓ Saved: RESTRUCTURED_DB/2020/november/246499.json
2025-12-05 19:20:53,283 - INFO - Scraping G.R. No. 217169 (2020): Omanfil International Manpower Development Corpora...
2025-12-05 19:20:53,528 - INFO -   ✓ Found at: https://lawphil.net/judjuris/juri2020/nov2020/gr_217169_2020.html
2025-12-05 19:20:53,530 - INFO -   ✓ Saved: RESTRUCTURED_DB/2020/november/217169.json
2025-12-05 19:20:54,030 - INFO - Scraping G.R. No. 201867 (2020): People of the Philippines vs. Rogelio Natindim, et...
2025-12-05 19:20:54,554 - INFO -   ✓ Found at: https://lawphil.net/judjuris/juri2020/nov2020/gr_201867_2020.html
2025-12-05 19:20:54,556 - INFO -   ✓ Saved: RESTRUCTURED_DB/2020/november/201867.json
2025-12-05 19:20:55,056 - INFO - Scraping G.R. No. 214981 (2020): Eulogio Alde vs. City of Zamboanga, as represented...
2025-12-05 19:20:55,306 - INFO -   ✓ Found at: https://lawphil.net/judjuris/juri2020/nov2020/gr_214981_2020.html
2025-12-05 19:20:55,308 - INFO -   ✓ Saved: RESTRUCTURED_DB/2020/november/214981.json
2025-12-05 19:20:55,808 - INFO - Scraping G.R. No. 246194 (2020): People of the Philippines vs. XXX...
2025-12-05 19:20:56,177 - INFO -   ✓ Found at: https://lawphil.net/judjuris/juri2020/nov2020/gr_246194_2020.html
2025-12-05 19:20:56,178 - INFO -   ✓ Saved: RESTRUCTURED_DB/2020/november/246194.json
2025-12-05 19:20:56,678 - INFO - Scraping G.R. No. 202004 (2020): Gil C. Chua vs. China Banking Corporation...
2025-12-05 19:20:56,926 - INFO -   ✓ Found at: https://lawphil.net/judjuris/juri2020/nov2020/gr_202004_2020.html
2025-12-05 19:20:56,927 - INFO -   ✓ Saved: RESTRUCTURED_DB/2020/november/202004.json
2025-12-05 19:20:57,427 - INFO - Scraping G.R. No. 221981 (2020): Raul Ofracio vs. People of the Philippines...
2025-12-05 19:20:57,876 - INFO -   ✓ Found at: https://lawphil.net/judjuris/juri2020/nov2020/gr_221981_2020.html
2025-12-05 19:20:57,877 - INFO -   ✓ Saved: RESTRUCTURED_DB/2020/november/221981.json
2025-12-05 19:20:58,377 - INFO - Scraping G.R. No. 244423 (2020): Roberto F. Rodelas vs. MST Marine Services (Phils....
2025-12-05 19:20:58,849 - INFO -   ✓ Found at: https://lawphil.net/judjuris/juri2020/nov2020/gr_244423_2020.html
2025-12-05 19:20:58,851 - INFO -   ✓ Saved: RESTRUCTURED_DB/2020/november/244423.json
2025-12-05 19:20:59,352 - INFO - Scraping G.R. No. 233316 (2020): Susana P. Bauzon vs. Municipality of Mangaldan, Pa...
2025-12-05 19:20:59,804 - INFO -   ✓ Found at: https://lawphil.net/judjuris/juri2020/nov2020/gr_233316_2020.html
2025-12-05 19:20:59,806 - INFO -   ✓ Saved: RESTRUCTURED_DB/2020/november/233316.json
2025-12-05 19:21:00,306 - INFO - Scraping G.R. No. 214319 (2020): Myrna C. Pasco vs. Isabel Cuenca, Romeo M. Ytang, ...
2025-12-05 19:21:00,774 - INFO -   ✓ Found at: https://lawphil.net/judjuris/juri2020/nov2020/gr_214319_2020.html
2025-12-05 19:21:00,776 - INFO -   ✓ Saved: RESTRUCTURED_DB/2020/november/214319.json
2025-12-05 19:21:01,276 - INFO - Scraping G.R. No. 219243 (2020): People of the Philippines vs. Antonio Pingol @ Ant...
2025-12-05 19:21:01,966 - INFO -   ✓ Found at: https://lawphil.net/judjuris/juri2020/nov2020/gr_219243_2020.html
2025-12-05 19:21:01,969 - INFO -   ✓ Saved: RESTRUCTURED_DB/2020/november/219243.json
2025-12-05 19:21:02,469 - INFO - Scraping G.R. No. 235832 (2020): Philippine Health Insurance Corporation vs. Commis...
2025-12-05 19:21:03,014 - INFO -   ✓ Found at: https://lawphil.net/judjuris/juri2020/nov2020/gr_235832_2020.html
2025-12-05 19:21:03,015 - INFO -   ✓ Saved: RESTRUCTURED_DB/2020/november/235832.json
2025-12-05 19:21:03,515 - INFO - Scraping G.R. No. 243278 (2020): Social Security System vs. Commission on Audit...
2025-12-05 19:21:03,759 - INFO -   ✓ Found at: https://lawphil.net/judjuris/juri2020/nov2020/gr_243278_2020.html
2025-12-05 19:21:03,761 - INFO -   ✓ Saved: RESTRUCTURED_DB/2020/november/243278.json
2025-12-05 19:21:04,261 - INFO - Scraping G.R. No. 241576 (2020): Cecilia Q. Rejas vs. Office of the Ombudsman, Depa...
2025-12-05 19:21:12,812 - WARNING -   ✗ Not found for G.R. No. 241576
2025-12-05 19:21:13,313 - INFO - Scraping G.R. No. 236301 (2020): People of the Philippines vs. Warren Ivero y Mabut...
2025-12-05 19:21:14,012 - INFO -   ✓ Found at: https://lawphil.net/judjuris/juri2020/nov2020/gr_236301_2020.html
2025-12-05 19:21:14,014 - INFO -   ✓ Saved: RESTRUCTURED_DB/2020/november/236301.json
2025-12-05 19:21:14,514 - INFO - Scraping G.R. No. 252189 (2020): Games and Amusement Board and Bureau of Internal R...
2025-12-05 19:21:14,851 - INFO -   ✓ Found at: https://lawphil.net/judjuris/juri2020/nov2020/gr_252189_2020.html
2025-12-05 19:21:14,853 - INFO -   ✓ Saved: RESTRUCTURED_DB/2020/november/252189.json
2025-12-05 19:21:15,353 - INFO - Scraping G.R. No. 237330 (2020): Aldrin Madreo vs. Lucilo R. Bayron/Office of the O...
