nohup: ignoring input
2025-12-05 19:02:53,926 - INFO - Loading missing cases list...
2025-12-05 19:02:53,943 - INFO - ================================================================================
2025-12-05 19:02:53,943 - INFO - LAWPHIL BATCH SCRAPER
2025-12-05 19:02:53,943 - INFO - ================================================================================
2025-12-05 19:02:53,943 - INFO - Database path: RESTRUCTURED_DB
2025-12-05 19:02:53,943 - INFO - Cases to scrape: 1169
2025-12-05 19:02:53,943 - INFO - Year range: 2006-2006
2025-12-05 19:02:53,943 - INFO - Batch size: 100
2025-12-05 19:02:53,943 - INFO - ================================================================================
2025-12-05 19:02:53,943 - INFO - 
================================================================================
2025-12-05 19:02:53,943 - INFO - BATCH 1/12 (100 cases)
2025-12-05 19:02:53,943 - INFO - ================================================================================
2025-12-05 19:02:53,943 - INFO - Scraping G.R. No. 200676 (2006): Spoues Luis G. Batalla and Salvacion Batalla vs. P...
2025-12-05 19:03:01,814 - WARNING -   ✗ Not found for G.R. No. 200676
2025-12-05 19:03:02,315 - INFO - Scraping G.R. No. 200487 (2006): Biggs Inc. vs. Jay Boncacas, et al./Junnie Arines...
2025-12-05 19:03:10,098 - WARNING -   ✗ Not found for G.R. No. 200487
2025-12-05 19:03:10,598 - INFO - Scraping G.R. No. 200612 (2006): Rafael C. Uy vs. Estate of Vipa Fernandez...
2025-12-05 19:03:18,385 - WARNING -   ✗ Not found for G.R. No. 200612
2025-12-05 19:03:18,886 - INFO - Scraping G.R. No. 162447 (2006): Anabelle Muaje-Tuazon and Almer R. Abing vs. Wenph...
2025-12-05 19:03:19,364 - INFO -   ✓ Found at: https://lawphil.net/judjuris/juri2006/dec2006/gr_162447_2006.html
2025-12-05 19:03:19,366 - INFO -   ✓ Saved: RESTRUCTURED_DB/2006/december/162447.json
2025-12-05 19:03:19,866 - INFO - Scraping G.R. No. 126619 (2006): Uniwide Sales Realty and Resources Corporation vs....
2025-12-05 19:03:20,581 - INFO -   ✓ Found at: https://lawphil.net/judjuris/juri2006/dec2006/gr_126619_2006.html
2025-12-05 19:03:20,584 - INFO -   ✓ Saved: RESTRUCTURED_DB/2006/december/126619.json
2025-12-05 19:03:21,084 - INFO - Scraping G.R. No. 153674 (2006): Avon Cosmetics, Incorporated, et al. vs. Leticia H...
2025-12-05 19:03:21,570 - INFO -   ✓ Found at: https://lawphil.net/judjuris/juri2006/dec2006/gr_153674_2006.html
2025-12-05 19:03:21,572 - INFO -   ✓ Saved: RESTRUCTURED_DB/2006/december/153674.json
2025-12-05 19:03:22,072 - INFO - Scraping G.R. No. 164358 (2006): Theresa Macalalag vs. People of the Philippines...
2025-12-05 19:03:22,550 - INFO -   ✓ Found at: https://lawphil.net/judjuris/juri2006/dec2006/gr_164358_2006.html
2025-12-05 19:03:22,551 - INFO -   ✓ Saved: RESTRUCTURED_DB/2006/december/164358.json
2025-12-05 19:03:23,051 - INFO - Scraping G.R. No. 128099 (2006): Felix Camitan, et al. vs. Court of Appeals, et al....
2025-12-05 19:03:23,537 - INFO -   ✓ Found at: https://lawphil.net/judjuris/juri2006/dec2006/gr_128099_2006.html
2025-12-05 19:03:23,538 - INFO -   ✓ Saved: RESTRUCTURED_DB/2006/december/128099.json
2025-12-05 19:03:24,039 - INFO - Scraping G.R. No. 166704 (2006): Agrifina Aquintey vs. Sps. Felicidad and Rico Tibo...
2025-12-05 19:03:24,525 - INFO -   ✓ Found at: https://lawphil.net/judjuris/juri2006/dec2006/gr_166704_2006.html
2025-12-05 19:03:24,528 - INFO -   ✓ Saved: RESTRUCTURED_DB/2006/december/166704.json
2025-12-05 19:03:25,028 - INFO - Scraping G.R. No. 166862 (2006): Manila Metal Container Corporation vs. Reynaldo C....
2025-12-05 19:03:25,505 - INFO -   ✓ Found at: https://lawphil.net/judjuris/juri2006/dec2006/gr_166862_2006.html
2025-12-05 19:03:25,507 - INFO -   ✓ Saved: RESTRUCTURED_DB/2006/december/166862.json
2025-12-05 19:03:26,008 - INFO - Scraping G.R. No. 169251 (2006): Demie L. Uriarte vs. People of the Philippines...
2025-12-05 19:03:26,503 - INFO -   ✓ Found at: https://lawphil.net/judjuris/juri2006/dec2006/gr_169251_2006.html
2025-12-05 19:03:26,505 - INFO -   ✓ Saved: RESTRUCTURED_DB/2006/december/169251.json
2025-12-05 19:03:27,006 - INFO - Scraping G.R. No. 170563 (2006): Sps. Pedro and Paz Surtida vs. Rural Bank of Malin...
2025-12-05 19:03:27,484 - INFO -   ✓ Found at: https://lawphil.net/judjuris/juri2006/dec2006/gr_170563_2006.html
2025-12-05 19:03:27,485 - INFO -   ✓ Saved: RESTRUCTURED_DB/2006/december/170563.json
2025-12-05 19:03:27,985 - INFO - Scraping G.R. No. 149190 (2006): Felicisimo L. Opriasa, et al. vs. the City Governm...
2025-12-05 19:03:28,463 - INFO -   ✓ Found at: https://lawphil.net/judjuris/juri2006/dec2006/gr_149190_2006.html
2025-12-05 19:03:28,464 - INFO -   ✓ Saved: RESTRUCTURED_DB/2006/december/149190.json
2025-12-05 19:03:28,965 - INFO - Scraping G.R. No. 155679 (2006): Biflex Phils. Inc. Labor Union, et al. vs. Filflex...
2025-12-05 19:03:29,223 - INFO -   ✓ Found at: https://lawphil.net/judjuris/juri2006/dec2006/gr_155679_2006.html
2025-12-05 19:03:29,224 - INFO -   ✓ Saved: RESTRUCTURED_DB/2006/december/155679.json
2025-12-05 19:03:29,724 - INFO - Scraping G.R. No. 157875 (2006): Dr. Teresita L. Salva vs. Guillermo N. Carague, et...
2025-12-05 19:03:29,982 - INFO -   ✓ Found at: https://lawphil.net/judjuris/juri2006/dec2006/gr_157875_2006.html
2025-12-05 19:03:29,983 - INFO -   ✓ Saved: RESTRUCTURED_DB/2006/december/157875.json
2025-12-05 19:03:30,483 - INFO - Scraping G.R. No. 161950 (2006): Florencio B. Campomanes vs. People of the Philippi...
2025-12-05 19:03:30,741 - INFO -   ✓ Found at: https://lawphil.net/judjuris/juri2006/dec2006/gr_161950_2006.html
2025-12-05 19:03:30,743 - INFO -   ✓ Saved: RESTRUCTURED_DB/2006/december/161950.json
2025-12-05 19:03:31,243 - INFO - Scraping G.R. No. 167812 (2006): Jesus M. Gozun vs. Jose Teofilo T. Mercado...
2025-12-05 19:03:31,721 - INFO -   ✓ Found at: https://lawphil.net/judjuris/juri2006/dec2006/gr_167812_2006.html
2025-12-05 19:03:31,722 - INFO -   ✓ Saved: RESTRUCTURED_DB/2006/december/167812.json
2025-12-05 19:03:32,223 - INFO - Scraping G.R. No. 171901 (2006): First United Constructors Corporation vs. Court of...
2025-12-05 19:03:32,481 - INFO -   ✓ Found at: https://lawphil.net/judjuris/juri2006/dec2006/gr_171901_2006.html
2025-12-05 19:03:32,482 - INFO -   ✓ Saved: RESTRUCTURED_DB/2006/december/171901.json
2025-12-05 19:03:32,982 - INFO - Scraping G.R. No. 140687 (2006): China Banking Corporation vs. Court of Appeals, et...
2025-12-05 19:03:33,469 - INFO -   ✓ Found at: https://lawphil.net/judjuris/juri2006/dec2006/gr_140687_2006.html
2025-12-05 19:03:33,470 - INFO -   ✓ Saved: RESTRUCTURED_DB/2006/december/140687.json
2025-12-05 19:03:33,970 - INFO - Scraping G.R. No. 158261 (2006): In Re: Petition for Assistance in the liquidation ...
2025-12-05 19:03:34,685 - INFO -   ✓ Found at: https://lawphil.net/judjuris/juri2006/dec2006/gr_158261_2006.html
2025-12-05 19:03:34,687 - INFO -   ✓ Saved: RESTRUCTURED_DB/2006/december/158261.json
2025-12-05 19:03:35,187 - INFO - Scraping G.R. No. 166177 (2006): Herbert Williams vs. Court of Appeals, et al....
2025-12-05 19:03:35,672 - INFO -   ✓ Found at: https://lawphil.net/judjuris/juri2006/dec2006/gr_166177_2006.html
2025-12-05 19:03:35,673 - INFO -   ✓ Saved: RESTRUCTURED_DB/2006/december/166177.json
2025-12-05 19:03:36,174 - INFO - Scraping G.R. No. 168071 (2006): Luciano Tan vs. Rodil Enterprises...
2025-12-05 19:03:36,660 - INFO -   ✓ Found at: https://lawphil.net/judjuris/juri2006/dec2006/gr_168071_2006.html
2025-12-05 19:03:36,662 - INFO -   ✓ Saved: RESTRUCTURED_DB/2006/december/168071.json
2025-12-05 19:03:37,162 - INFO - Scraping G.R. No. 153031 (2006): PCL Shipping Philippines, Inc., et al. vs. Nationa...
2025-12-05 19:03:37,421 - INFO -   ✓ Found at: https://lawphil.net/judjuris/juri2006/dec2006/gr_153031_2006.html
2025-12-05 19:03:37,422 - INFO -   ✓ Saved: RESTRUCTURED_DB/2006/december/153031.json
2025-12-05 19:03:37,923 - INFO - Scraping G.R. No. 165732 (2006): Safeguard Security Agency, Inc., et al. vs. Lauro ...
2025-12-05 19:03:38,181 - INFO -   ✓ Found at: https://lawphil.net/judjuris/juri2006/dec2006/gr_165732_2006.html
2025-12-05 19:03:38,183 - INFO -   ✓ Saved: RESTRUCTURED_DB/2006/december/165732.json
2025-12-05 19:03:38,683 - INFO - Scraping G.R. No. 166315 (2006): Alfredo Sy, et al. vs. Hon. Secretary of Justice, ...
2025-12-05 19:03:38,944 - INFO -   ✓ Found at: https://lawphil.net/judjuris/juri2006/dec2006/gr_166315_2006.html
2025-12-05 19:03:38,945 - INFO -   ✓ Saved: RESTRUCTURED_DB/2006/december/166315.json
2025-12-05 19:03:39,445 - INFO - Scraping G.R. No. 173421 (2006): Oscar Z. Benares vs. Josephine Lim...
2025-12-05 19:03:39,703 - INFO -   ✓ Found at: https://lawphil.net/judjuris/juri2006/dec2006/gr_173421_2006.html
2025-12-05 19:03:39,704 - INFO -   ✓ Saved: RESTRUCTURED_DB/2006/december/173421.json
2025-12-05 19:03:40,205 - INFO - Scraping G.R. No. 168444 (2006): People of the Philippines vs. Romeo Canare y Mendo...
2025-12-05 19:03:40,463 - INFO -   ✓ Found at: https://lawphil.net/judjuris/juri2006/dec2006/gr_168444_2006.html
2025-12-05 19:03:40,464 - INFO -   ✓ Saved: RESTRUCTURED_DB/2006/december/168444.json
2025-12-05 19:03:40,964 - INFO - Scraping G.R. No. 132925 (2006): Marcial Sienes, et al. vs. People of the Philippin...
2025-12-05 19:03:41,450 - INFO -   ✓ Found at: https://lawphil.net/judjuris/juri2006/dec2006/gr_132925_2006.html
2025-12-05 19:03:41,452 - INFO -   ✓ Saved: RESTRUCTURED_DB/2006/december/132925.json
2025-12-05 19:03:41,952 - INFO - Scraping G.R. No. 163878 (2006): Far East Bank and Trust Company vs. Shemberg Marke...
2025-12-05 19:03:42,440 - INFO -   ✓ Found at: https://lawphil.net/judjuris/juri2006/dec2006/gr_163878_2006.html
2025-12-05 19:03:42,441 - INFO -   ✓ Saved: RESTRUCTURED_DB/2006/december/163878.json
2025-12-05 19:03:42,942 - INFO - Scraping G.R. No. 163584 (2006): Remelita M. Robinson vs. Celita B. Miralles...
2025-12-05 19:03:43,207 - INFO -   ✓ Found at: https://lawphil.net/judjuris/juri2006/dec2006/gr_163584_2006.html
2025-12-05 19:03:43,208 - INFO -   ✓ Saved: RESTRUCTURED_DB/2006/december/163584.json
2025-12-05 19:03:43,708 - INFO - Scraping G.R. No. 129098 (2006): Amelia Cabrera vs. Manuel Lapid, et al....
2025-12-05 19:03:44,204 - INFO -   ✓ Found at: https://lawphil.net/judjuris/juri2006/dec2006/gr_129098_2006.html
2025-12-05 19:03:44,205 - INFO -   ✓ Saved: RESTRUCTURED_DB/2006/december/129098.json
2025-12-05 19:03:44,705 - INFO - Scraping G.R. No. 131260 (2006): Santos Ventura Hocorma Foundation, Inc. vs. Richar...
2025-12-05 19:03:44,963 - INFO -   ✓ Found at: https://lawphil.net/judjuris/juri2006/dec2006/gr_131260_2006.html
2025-12-05 19:03:44,964 - INFO -   ✓ Saved: RESTRUCTURED_DB/2006/december/131260.json
2025-12-05 19:03:45,464 - INFO - Scraping G.R. No. 136433 (2006): Antonio B. Baltazar vs. Honorable Ombudsman, et al...
2025-12-05 19:03:45,724 - INFO -   ✓ Found at: https://lawphil.net/judjuris/juri2006/dec2006/gr_136433_2006.html
2025-12-05 19:03:45,725 - INFO -   ✓ Saved: RESTRUCTURED_DB/2006/december/136433.json
2025-12-05 19:03:46,225 - INFO - Scraping G.R. No. 139442 (2006): Lourdes Dela Cruz vs. Court of Appeals, et al....
2025-12-05 19:03:46,484 - INFO -   ✓ Found at: https://lawphil.net/judjuris/juri2006/dec2006/gr_139442_2006.html
2025-12-05 19:03:46,486 - INFO -   ✓ Saved: RESTRUCTURED_DB/2006/december/139442.json
2025-12-05 19:03:46,987 - INFO - Scraping G.R. No. 143527 (2006): United Field Sea Watchman and Checkers Agency, et ...
2025-12-05 19:03:47,247 - INFO -   ✓ Found at: https://lawphil.net/judjuris/juri2006/dec2006/gr_143527_2006.html
2025-12-05 19:03:47,248 - INFO -   ✓ Saved: RESTRUCTURED_DB/2006/december/143527.json
2025-12-05 19:03:47,749 - INFO - Scraping G.R. No. 146322 (2006): Ernesto Ramas Uypitching, et al. vs. Ernesto Quiam...
2025-12-05 19:03:48,235 - INFO -   ✓ Found at: https://lawphil.net/judjuris/juri2006/dec2006/gr_146322_2006.html
2025-12-05 19:03:48,236 - INFO -   ✓ Saved: RESTRUCTURED_DB/2006/december/146322.json
2025-12-05 19:03:48,736 - INFO - Scraping G.R. No. 147832 (2006): People of the Philippines vs. Danilo P. Gabriel...
2025-12-05 19:03:48,994 - INFO -   ✓ Found at: https://lawphil.net/judjuris/juri2006/dec2006/gr_147832_2006.html
2025-12-05 19:03:48,995 - INFO -   ✓ Saved: RESTRUCTURED_DB/2006/december/147832.json
2025-12-05 19:03:49,495 - INFO - Scraping G.R. No. 148423 (2006): Esperanza G. Frondarina vs. Napoleon Malazarte, et...
2025-12-05 19:03:49,992 - INFO -   ✓ Found at: https://lawphil.net/judjuris/juri2006/dec2006/gr_148423_2006.html
2025-12-05 19:03:49,994 - INFO -   ✓ Saved: RESTRUCTURED_DB/2006/december/148423.json
2025-12-05 19:03:50,494 - INFO - Scraping G.R. No. 159751 (2006): Gaudencio E. Fernando, et al. vs. Court of Appeals...
2025-12-05 19:03:50,980 - INFO -   ✓ Found at: https://lawphil.net/judjuris/juri2006/dec2006/gr_159751_2006.html
2025-12-05 19:03:50,981 - INFO -   ✓ Saved: RESTRUCTURED_DB/2006/december/159751.json
2025-12-05 19:03:51,482 - INFO - Scraping G.R. No. 164575 (2006): Robert P. Wa-Acon vs. People of the Philippines...
2025-12-05 19:03:51,749 - INFO -   ✓ Found at: https://lawphil.net/judjuris/juri2006/dec2006/gr_164575_2006.html
2025-12-05 19:03:51,750 - INFO -   ✓ Saved: RESTRUCTURED_DB/2006/december/164575.json
2025-12-05 19:03:52,251 - INFO - Scraping G.R. No. 166854 (2006): Semirara Coal Corporation vs. Hgl Development Corp...
2025-12-05 19:03:52,736 - INFO -   ✓ Found at: https://lawphil.net/judjuris/juri2006/dec2006/gr_166854_2006.html
2025-12-05 19:03:52,737 - INFO -   ✓ Saved: RESTRUCTURED_DB/2006/december/166854.json
2025-12-05 19:03:53,238 - INFO - Scraping G.R. No. 168649 (2006): People of the Philippines vs. Jose Alvizo Audine...
2025-12-05 19:03:53,724 - INFO -   ✓ Found at: https://lawphil.net/judjuris/juri2006/dec2006/gr_168649_2006.html
2025-12-05 19:03:53,726 - INFO -   ✓ Saved: RESTRUCTURED_DB/2006/december/168649.json
2025-12-05 19:03:54,226 - INFO - Scraping G.R. No. 173054 (2006): People of the Philippines vs. Elmercito Manalo y D...
2025-12-05 19:03:54,484 - INFO -   ✓ Found at: https://lawphil.net/judjuris/juri2006/dec2006/gr_173054_2006.html
2025-12-05 19:03:54,486 - INFO -   ✓ Saved: RESTRUCTURED_DB/2006/december/173054.json
2025-12-05 19:03:54,986 - INFO - Scraping G.R. No. 138939 (2006): Mr. and Mrs. Alejandro Pang-Oden vs. Isabel Leonen...
2025-12-05 19:03:55,251 - INFO -   ✓ Found at: https://lawphil.net/judjuris/juri2006/dec2006/gr_138939_2006.html
2025-12-05 19:03:55,253 - INFO -   ✓ Saved: RESTRUCTURED_DB/2006/december/138939.json
2025-12-05 19:03:55,753 - INFO - Scraping G.R. No. 142439 (2006): Filinvest Land, Inc. vs. Court of Appeals, et al....
2025-12-05 19:03:56,238 - INFO -   ✓ Found at: https://lawphil.net/judjuris/juri2006/dec2006/gr_142439_2006.html
2025-12-05 19:03:56,240 - INFO -   ✓ Saved: RESTRUCTURED_DB/2006/december/142439.json
2025-12-05 19:03:56,741 - INFO - Scraping G.R. No. 143491 (2006): Republic of the Philippines vs. Efren M. Carrasco...
2025-12-05 19:03:57,001 - INFO -   ✓ Found at: https://lawphil.net/judjuris/juri2006/dec2006/gr_143491_2006.html
2025-12-05 19:03:57,002 - INFO -   ✓ Saved: RESTRUCTURED_DB/2006/december/143491.json
2025-12-05 19:03:57,503 - INFO - Scraping G.R. No. 147566 (2006): San Miguel Corporation vs. National Labor Relation...
2025-12-05 19:03:57,761 - INFO -   ✓ Found at: https://lawphil.net/judjuris/juri2006/dec2006/gr_147566_2006.html
2025-12-05 19:03:57,763 - INFO -   ✓ Saved: RESTRUCTURED_DB/2006/december/147566.json
2025-12-05 19:03:58,263 - INFO - Scraping G.R. No. 148021 (2006): Sime Darby Employees Association, et al. vs. Natio...
2025-12-05 19:03:58,524 - INFO -   ✓ Found at: https://lawphil.net/judjuris/juri2006/dec2006/gr_148021_2006.html
2025-12-05 19:03:58,525 - INFO -   ✓ Saved: RESTRUCTURED_DB/2006/december/148021.json
2025-12-05 19:03:59,026 - INFO - Scraping G.R. No. 153193 (2006): Pamplona Plantation Company vs. Ramon Acosta, et a...
2025-12-05 19:03:59,284 - INFO -   ✓ Found at: https://lawphil.net/judjuris/juri2006/dec2006/gr_153193_2006.html
2025-12-05 19:03:59,285 - INFO -   ✓ Saved: RESTRUCTURED_DB/2006/december/153193.json
2025-12-05 19:03:59,785 - INFO - Scraping G.R. No. 154469 (2006): Metropolitan Bank and Trust Company vs. Renato D. ...
2025-12-05 19:04:00,272 - INFO -   ✓ Found at: https://lawphil.net/judjuris/juri2006/dec2006/gr_154469_2006.html
2025-12-05 19:04:00,273 - INFO -   ✓ Saved: RESTRUCTURED_DB/2006/december/154469.json
2025-12-05 19:04:00,773 - INFO - Scraping G.R. No. 154493 (2006): Reynaldo Villanueva vs. Philippine National Bank...
2025-12-05 19:04:01,032 - INFO -   ✓ Found at: https://lawphil.net/judjuris/juri2006/dec2006/gr_154493_2006.html
2025-12-05 19:04:01,033 - INFO -   ✓ Saved: RESTRUCTURED_DB/2006/december/154493.json
2025-12-05 19:04:01,533 - INFO - Scraping G.R. No. 154628 (2006): Estrellita G. Salazar vs. Philippine Duplicators, ...
2025-12-05 19:04:02,250 - INFO -   ✓ Found at: https://lawphil.net/judjuris/juri2006/dec2006/gr_154628_2006.html
2025-12-05 19:04:02,252 - INFO -   ✓ Saved: RESTRUCTURED_DB/2006/december/154628.json
2025-12-05 19:04:02,752 - INFO - Scraping G.R. No. 155392 (2006): Erlinda Guanzon vs. Andrew P. Arradaza, et al....
2025-12-05 19:04:03,010 - INFO -   ✓ Found at: https://lawphil.net/judjuris/juri2006/dec2006/gr_155392_2006.html
2025-12-05 19:04:03,011 - INFO -   ✓ Saved: RESTRUCTURED_DB/2006/december/155392.json
2025-12-05 19:04:03,511 - INFO - Scraping G.R. No. 155488 (2006): Erlinda R. Velayo-Fong vs. Spouses Raymond and Mar...
2025-12-05 19:04:03,998 - INFO -   ✓ Found at: https://lawphil.net/judjuris/juri2006/dec2006/gr_155488_2006.html
2025-12-05 19:04:03,999 - INFO -   ✓ Saved: RESTRUCTURED_DB/2006/december/155488.json
2025-12-05 19:04:04,499 - INFO - Scraping G.R. No. 157632 (2006): Jose S. Roque, Jr. vs. Jaime T. Torres, et al....
2025-12-05 19:04:04,985 - INFO -   ✓ Found at: https://lawphil.net/judjuris/juri2006/dec2006/gr_157632_2006.html
2025-12-05 19:04:04,986 - INFO -   ✓ Saved: RESTRUCTURED_DB/2006/december/157632.json
2025-12-05 19:04:05,486 - INFO - Scraping G.R. No. 161007 (2006): Celerino Sanchez vs. People of the Philippines...
2025-12-05 19:04:05,974 - INFO -   ✓ Found at: https://lawphil.net/judjuris/juri2006/dec2006/gr_161007_2006.html
2025-12-05 19:04:05,975 - INFO -   ✓ Saved: RESTRUCTURED_DB/2006/december/161007.json
2025-12-05 19:04:06,476 - INFO - Scraping G.R. No. 163089 (2006): Republic of the Philippines vs. Jesus Francisco, e...
2025-12-05 19:04:07,190 - INFO -   ✓ Found at: https://lawphil.net/judjuris/juri2006/dec2006/gr_163089_2006.html
2025-12-05 19:04:07,192 - INFO -   ✓ Saved: RESTRUCTURED_DB/2006/december/163089.json
2025-12-05 19:04:07,692 - INFO - Scraping G.R. No. 163509 (2006): Picop Resources, Inc. vs. Base Metals Mineral Reso...
2025-12-05 19:04:08,178 - INFO -   ✓ Found at: https://lawphil.net/judjuris/juri2006/dec2006/gr_163509_2006.html
2025-12-05 19:04:08,180 - INFO -   ✓ Saved: RESTRUCTURED_DB/2006/december/163509.json
2025-12-05 19:04:08,681 - INFO - Scraping G.R. No. 164888 (2006): Rural Bank of Coron, Inc., et al. vs. Annalisa Cor...
2025-12-05 19:04:08,938 - INFO -   ✓ Found at: https://lawphil.net/judjuris/juri2006/dec2006/gr_164888_2006.html
2025-12-05 19:04:08,940 - INFO -   ✓ Saved: RESTRUCTURED_DB/2006/december/164888.json
2025-12-05 19:04:09,440 - INFO - Scraping G.R. No. 166769 (2006): Manila Electric Company, Inc. vs. Genaro Lualhati,...
2025-12-05 19:04:10,155 - INFO -   ✓ Found at: https://lawphil.net/judjuris/juri2006/dec2006/gr_166769_2006.html
2025-12-05 19:04:10,157 - INFO -   ✓ Saved: RESTRUCTURED_DB/2006/december/166769.json
2025-12-05 19:04:10,657 - INFO - Scraping G.R. No. 168156 (2006): Heirs of Rosendo Lasam vs. Vicenta Umengan...
2025-12-05 19:04:10,915 - INFO -   ✓ Found at: https://lawphil.net/judjuris/juri2006/dec2006/gr_168156_2006.html
2025-12-05 19:04:10,917 - INFO -   ✓ Saved: RESTRUCTURED_DB/2006/december/168156.json
2025-12-05 19:04:11,418 - INFO - Scraping G.R. No. 168628 (2006): People of the Philippines vs. Emeterio Ricamora y ...
2025-12-05 19:04:11,675 - INFO -   ✓ Found at: https://lawphil.net/judjuris/juri2006/dec2006/gr_168628_2006.html
2025-12-05 19:04:11,677 - INFO -   ✓ Saved: RESTRUCTURED_DB/2006/december/168628.json
2025-12-05 19:04:12,177 - INFO - Scraping G.R. No. 169141 (2006): People of the Philippines vs. Romeo Del Mundo y St...
2025-12-05 19:04:12,437 - INFO -   ✓ Found at: https://lawphil.net/judjuris/juri2006/dec2006/gr_169141_2006.html
2025-12-05 19:04:12,438 - INFO -   ✓ Saved: RESTRUCTURED_DB/2006/december/169141.json
2025-12-05 19:04:12,938 - INFO - Scraping G.R. No. 169372 (2006): Narciso Guiang vs. Court of Appeals, et al....
2025-12-05 19:04:13,208 - INFO -   ✓ Found at: https://lawphil.net/judjuris/juri2006/dec2006/gr_169372_2006.html
2025-12-05 19:04:13,210 - INFO -   ✓ Saved: RESTRUCTURED_DB/2006/december/169372.json
2025-12-05 19:04:13,710 - INFO - Scraping G.R. No. 169453 (2006): Capitol Steel Corporation vs. Phividec Industrial ...
2025-12-05 19:04:13,969 - INFO -   ✓ Found at: https://lawphil.net/judjuris/juri2006/dec2006/gr_169453_2006.html
2025-12-05 19:04:13,971 - INFO -   ✓ Saved: RESTRUCTURED_DB/2006/december/169453.json
2025-12-05 19:04:14,471 - INFO - Scraping G.R. No. 170092 (2006): Xavierville III Homeowners Association, Inc. vs. X...
2025-12-05 19:04:14,729 - INFO -   ✓ Found at: https://lawphil.net/judjuris/juri2006/dec2006/gr_170092_2006.html
2025-12-05 19:04:14,730 - INFO -   ✓ Saved: RESTRUCTURED_DB/2006/december/170092.json
2025-12-05 19:04:15,230 - INFO - Scraping G.R. No. 171017 (2006): People of the Philippines vs. Zosimo Aguila y Atie...
2025-12-05 19:04:15,716 - INFO -   ✓ Found at: https://lawphil.net/judjuris/juri2006/dec2006/gr_171017_2006.html
2025-12-05 19:04:15,717 - INFO -   ✓ Saved: RESTRUCTURED_DB/2006/december/171017.json
2025-12-05 19:04:16,217 - INFO - Scraping G.R. No. 170132 (2006): Government Service Insurance System, et al.vs. Kap...
2025-12-05 19:04:16,703 - INFO -   ✓ Found at: https://lawphil.net/judjuris/juri2006/dec2006/gr_170132_2006.html
2025-12-05 19:04:16,705 - INFO -   ✓ Saved: RESTRUCTURED_DB/2006/december/170132.json
2025-12-05 19:04:17,205 - INFO - Scraping G.R. No. 148014 (2006): Spouses Antonio Vizarra and Brenda Logatoc Vizarra...
2025-12-05 19:04:17,473 - INFO -   ✓ Found at: https://lawphil.net/judjuris/juri2006/dec2006/gr_148014_2006.html
2025-12-05 19:04:17,475 - INFO -   ✓ Saved: RESTRUCTURED_DB/2006/december/148014.json
2025-12-05 19:04:17,975 - INFO - Scraping G.R. No. 172259 (2006): Sps. Jaime Benos and Marina Benos vs. Sps. Gregori...
2025-12-05 19:04:18,462 - INFO -   ✓ Found at: https://lawphil.net/judjuris/juri2006/dec2006/gr_172259_2006.html
2025-12-05 19:04:18,464 - INFO -   ✓ Saved: RESTRUCTURED_DB/2006/december/172259.json
