nohup: ignoring input
2025-12-05 19:18:02,774 - INFO - Loading missing cases list...
2025-12-05 19:18:02,801 - INFO - ================================================================================
2025-12-05 19:18:02,801 - INFO - LAWPHIL BATCH SCRAPER
2025-12-05 19:18:02,801 - INFO - ================================================================================
2025-12-05 19:18:02,801 - INFO - Database path: RESTRUCTURED_DB
2025-12-05 19:18:02,801 - INFO - Cases to scrape: 819
2025-12-05 19:18:02,801 - INFO - Year range: 2021-2021
2025-12-05 19:18:02,801 - INFO - Batch size: 100
2025-12-05 19:18:02,801 - INFO - ================================================================================
2025-12-05 19:18:02,802 - INFO - 
================================================================================
2025-12-05 19:18:02,802 - INFO - BATCH 1/9 (100 cases)
2025-12-05 19:18:02,802 - INFO - ================================================================================
2025-12-05 19:18:02,802 - INFO - Scraping G.R. No. 181764 (2021): Maynilad Water Services, Inc. vs.  National Water ...
2025-12-05 19:18:10,923 - WARNING -   ✗ Not found for G.R. No. 181764
2025-12-05 19:18:11,424 - INFO - Scraping G.R. No. 252965 (2021): Saint Wealth Ltd., as represented by David Buenave...
2025-12-05 19:18:12,441 - INFO -   ✓ Found at: https://lawphil.net/judjuris/juri2021/dec2021/gr_252965_2021.html
2025-12-05 19:18:12,445 - INFO -   ✓ Saved: RESTRUCTURED_DB/2021/december/252965.json
2025-12-05 19:18:12,946 - INFO - Scraping G.R. No. 252007 (2021): Hon. Zaldy Uy Ampatuan, former Regional Governor, ...
2025-12-05 19:18:13,197 - INFO -   ✓ Found at: https://lawphil.net/judjuris/juri2021/dec2021/gr_252007_2021.html
2025-12-05 19:18:13,199 - INFO -   ✓ Saved: RESTRUCTURED_DB/2021/december/252007.json
2025-12-05 19:18:13,699 - INFO - Scraping G.R. No. 219630 (2021): Commissioner of Internal Revenue vs. Taganito Mini...
2025-12-05 19:18:22,315 - WARNING -   ✗ Not found for G.R. No. 219630
2025-12-05 19:18:22,815 - INFO - Scraping G.R. No. 196199 (2021): Manila International Ports Terminal, Inc. vs. Phil...
2025-12-05 19:18:23,273 - INFO -   ✓ Found at: https://lawphil.net/judjuris/juri2021/dec2021/gr_196199_2021.html
2025-12-05 19:18:23,277 - INFO -   ✓ Saved: RESTRUCTURED_DB/2021/december/196199.json
2025-12-05 19:18:23,777 - INFO - Scraping G.R. No. 251669 (2021): Spouses Marcelo G. Flores and Madelyn Flores vs. S...
2025-12-05 19:18:24,445 - INFO -   ✓ Found at: https://lawphil.net/judjuris/juri2021/dec2021/gr_251669_2021.html
2025-12-05 19:18:24,447 - INFO -   ✓ Saved: RESTRUCTURED_DB/2021/december/251669.json
2025-12-05 19:18:24,948 - INFO - Scraping G.R. No. 248643 (2021): Lovelle S. Cariaga vs. the Republic of the Philipp...
2025-12-05 19:18:25,498 - INFO -   ✓ Found at: https://lawphil.net/judjuris/juri2021/dec2021/gr_248643_2021.html
2025-12-05 19:18:25,501 - INFO -   ✓ Saved: RESTRUCTURED_DB/2021/december/248643.json
2025-12-05 19:18:26,001 - INFO - Scraping G.R. No. 248518 (2021): Janice Maristela-Cuan vs. Marcelino A. Cuan, Jr., ...
2025-12-05 19:18:26,326 - INFO -   ✓ Found at: https://lawphil.net/judjuris/juri2021/dec2021/gr_248518_2021.html
2025-12-05 19:18:26,329 - INFO -   ✓ Saved: RESTRUCTURED_DB/2021/december/248518.json
2025-12-05 19:18:26,830 - INFO - Scraping G.R. No. 242087 (2021): Ma. Julieta B. Bendecio and Merlyn Mascariñas vs. ...
2025-12-05 19:18:27,074 - INFO -   ✓ Found at: https://lawphil.net/judjuris/juri2021/dec2021/gr_242087_2021.html
2025-12-05 19:18:27,076 - INFO -   ✓ Saved: RESTRUCTURED_DB/2021/december/242087.json
2025-12-05 19:18:27,576 - INFO - Scraping G.R. No. 217148 (2021): Rapid City Realty and Development Corporation vs. ...
2025-12-05 19:18:27,895 - INFO -   ✓ Found at: https://lawphil.net/judjuris/juri2021/dec2021/gr_217148_2021.html
2025-12-05 19:18:27,897 - INFO -   ✓ Saved: RESTRUCTURED_DB/2021/december/217148.json
2025-12-05 19:18:28,397 - INFO - Scraping G.R. No. 252578 (2021): Atty. Howard M. Calleja, et al. vs. Executive Secr...
2025-12-05 19:18:29,334 - INFO -   ✓ Found at: https://lawphil.net/judjuris/juri2021/dec2021/gr_252578_2021.html
2025-12-05 19:18:29,353 - INFO -   ✓ Saved: RESTRUCTURED_DB/2021/december/252578.json
2025-12-05 19:18:29,853 - INFO - Scraping G.R. No. 201631 (2021): Angelina Dayrit, represented by Julie E. Dayrit vs...
2025-12-05 19:18:30,117 - INFO -   ✓ Found at: https://lawphil.net/judjuris/juri2021/dec2021/gr_201631_2021.html
2025-12-05 19:18:30,120 - INFO -   ✓ Saved: RESTRUCTURED_DB/2021/december/201631.json
2025-12-05 19:18:30,621 - INFO - Scraping G.R. No. 246816 (2021): ANGKLA: Ang Partido ng mga Marinong Pilipino, Inc....
2025-12-05 19:18:31,239 - INFO -   ✓ Found at: https://lawphil.net/judjuris/juri2021/dec2021/gr_246816_2021.html
2025-12-05 19:18:31,241 - INFO -   ✓ Saved: RESTRUCTURED_DB/2021/december/246816.json
2025-12-05 19:18:31,741 - INFO - Scraping G.R. No. 208912 (2021): Amadea Angela K. Aquino vs. Rodolfo C. Aquino and ...
2025-12-05 19:18:32,642 - INFO -   ✓ Found at: https://lawphil.net/judjuris/juri2021/dec2021/gr_208912_2021.html
2025-12-05 19:18:32,647 - INFO -   ✓ Saved: RESTRUCTURED_DB/2021/december/208912.json
2025-12-05 19:18:33,148 - INFO - Scraping G.R. No. 200070 (2021): Total Office Products and Services (TOPROS), Inc. ...
2025-12-05 19:18:41,283 - WARNING -   ✗ Not found for G.R. No. 200070
2025-12-05 19:18:41,784 - INFO - Scraping G.R. No. 211376 (2021): Power Sector Assets and Liabilities Management Cor...
2025-12-05 19:18:42,193 - INFO -   ✓ Found at: https://lawphil.net/judjuris/juri2021/dec2021/gr_211376_2021.html
2025-12-05 19:18:42,195 - INFO -   ✓ Saved: RESTRUCTURED_DB/2021/december/211376.json
2025-12-05 19:18:42,695 - INFO - Scraping G.R. No. 182630 (2021): City of Bacolod City, City Engineering and the San...
2025-12-05 19:18:42,938 - INFO -   ✓ Found at: https://lawphil.net/judjuris/juri2021/dec2021/gr_182630_2021.html
2025-12-05 19:18:42,941 - INFO -   ✓ Saved: RESTRUCTURED_DB/2021/december/182630.json
2025-12-05 19:18:43,441 - INFO - Scraping G.R. No. 200434 (2021): Carmela C. Tiangco vs. ABS-CBN Broadcasting Corpor...
2025-12-05 19:18:43,703 - INFO -   ✓ Found at: https://lawphil.net/judjuris/juri2021/dec2021/gr_200434_2021.html
2025-12-05 19:18:43,705 - INFO -   ✓ Saved: RESTRUCTURED_DB/2021/december/200434.json
2025-12-05 19:18:44,205 - INFO - Scraping G.R. No. 249500 (2021): People of the Philippines vs. PO2 Rhyan Concepcion...
2025-12-05 19:18:44,502 - INFO -   ✓ Found at: https://lawphil.net/judjuris/juri2021/dec2021/gr_249500_2021.html
2025-12-05 19:18:44,504 - INFO -   ✓ Saved: RESTRUCTURED_DB/2021/december/249500.json
2025-12-05 19:18:45,004 - INFO - Scraping G.R. No. 249131 (2021): Titus A. Barona vs. People of the Philippines and ...
2025-12-05 19:18:45,490 - INFO -   ✓ Found at: https://lawphil.net/judjuris/juri2021/dec2021/gr_249131_2021.html
2025-12-05 19:18:45,492 - INFO -   ✓ Saved: RESTRUCTURED_DB/2021/december/249131.json
2025-12-05 19:18:45,993 - INFO - Scraping G.R. No. 191867 (2021): Amlayon Ende and Quezon Ende, Surviving Children a...
2025-12-05 19:18:47,101 - INFO -   ✓ Found at: https://lawphil.net/judjuris/juri2021/dec2021/gr_191867_2021.html
2025-12-05 19:18:47,107 - INFO -   ✓ Saved: RESTRUCTURED_DB/2021/december/191867.json
2025-12-05 19:18:47,607 - INFO - Scraping G.R. No. 219715 (2021): Edward Cumigad y De Castro vs. AAA...
2025-12-05 19:18:47,865 - INFO -   ✓ Found at: https://lawphil.net/judjuris/juri2021/dec2021/gr_219715_2021.html
2025-12-05 19:18:47,868 - INFO -   ✓ Saved: RESTRUCTURED_DB/2021/december/219715.json
2025-12-05 19:18:48,368 - INFO - Scraping G.R. No. 213287 (2021): Metropolitan Manila Development Authority, represe...
2025-12-05 19:18:48,921 - INFO -   ✓ Found at: https://lawphil.net/judjuris/juri2021/dec2021/gr_213287_2021.html
2025-12-05 19:18:48,922 - INFO -   ✓ Saved: RESTRUCTURED_DB/2021/december/213287.json
2025-12-05 19:18:49,422 - INFO - Scraping G.R. No. 211122 (2021): Harbour Centre Port Terminal, Inc. vs. Hon. Armand...
2025-12-05 19:18:49,739 - INFO -   ✓ Found at: https://lawphil.net/judjuris/juri2021/dec2021/gr_211122_2021.html
2025-12-05 19:18:49,742 - INFO -   ✓ Saved: RESTRUCTURED_DB/2021/december/211122.json
2025-12-05 19:18:50,242 - INFO - Scraping G.R. No. 222908 (2021): Patricia Q. Austria-Carreon vs. Luis Emmanuel G. C...
2025-12-05 19:18:50,552 - INFO -   ✓ Found at: https://lawphil.net/judjuris/juri2021/dec2021/gr_222908_2021.html
2025-12-05 19:18:50,554 - INFO -   ✓ Saved: RESTRUCTURED_DB/2021/december/222908.json
2025-12-05 19:18:51,054 - INFO - Scraping G.R. No. 224052 (2021): Agdao Landless Residents Association, Inc. vs. Jim...
2025-12-05 19:18:51,510 - INFO -   ✓ Found at: https://lawphil.net/judjuris/juri2021/dec2021/gr_224052_2021.html
2025-12-05 19:18:51,512 - INFO -   ✓ Saved: RESTRUCTURED_DB/2021/december/224052.json
2025-12-05 19:18:52,012 - INFO - Scraping G.R. No. 240671 (2021): Eastern Heights Investment and Development Corpora...
2025-12-05 19:18:52,475 - INFO -   ✓ Found at: https://lawphil.net/judjuris/juri2021/dec2021/gr_240671_2021.html
2025-12-05 19:18:52,477 - INFO -   ✓ Saved: RESTRUCTURED_DB/2021/december/240671.json
2025-12-05 19:18:52,977 - INFO - Scraping G.R. No. 204778 (2021): Khoo Boo Boon, Petitioner, vs. Belle Corporation, ...
2025-12-05 19:18:53,654 - INFO -   ✓ Found at: https://lawphil.net/judjuris/juri2021/dec2021/gr_204778_2021.html
2025-12-05 19:18:53,656 - INFO -   ✓ Saved: RESTRUCTURED_DB/2021/december/204778.json
2025-12-05 19:18:54,156 - INFO - Scraping G.R. No. 233839 (2021): People of the Philippines vs. Zulkifli/Julkifi @ D...
2025-12-05 19:18:54,397 - INFO -   ✓ Found at: https://lawphil.net/judjuris/juri2021/dec2021/gr_233839_2021.html
2025-12-05 19:18:54,400 - INFO -   ✓ Saved: RESTRUCTURED_DB/2021/december/233839.json
2025-12-05 19:18:54,900 - INFO - Scraping G.R. No. 254328 (2021): Andrew N. Baysa vs. Marietta V. Santos...
2025-12-05 19:18:55,361 - INFO -   ✓ Found at: https://lawphil.net/judjuris/juri2021/dec2021/gr_254328_2021.html
2025-12-05 19:18:55,363 - INFO -   ✓ Saved: RESTRUCTURED_DB/2021/december/254328.json
2025-12-05 19:18:55,863 - INFO - Scraping G.R. No. 229506 (2021): People of the Philippines vs. Sonny Encinas y Sali...
2025-12-05 19:18:56,106 - INFO -   ✓ Found at: https://lawphil.net/judjuris/juri2021/dec2021/gr_229506_2021.html
2025-12-05 19:18:56,108 - INFO -   ✓ Saved: RESTRUCTURED_DB/2021/december/229506.json
2025-12-05 19:18:56,608 - INFO - Scraping G.R. No. 214426 (2021): Rolen Peñaranda vs. People of the Philippines...
2025-12-05 19:18:56,853 - INFO -   ✓ Found at: https://lawphil.net/judjuris/juri2021/dec2021/gr_214426_2021.html
2025-12-05 19:18:56,855 - INFO -   ✓ Saved: RESTRUCTURED_DB/2021/december/214426.json
2025-12-05 19:18:57,356 - INFO - Scraping G.R. No. 220674 (2021): Sefyan Abdelhakim Mohamed a.k.a. Sefyan Abdelhakim...
2025-12-05 19:18:58,095 - INFO -   ✓ Found at: https://lawphil.net/judjuris/juri2021/dec2021/gr_220674_2021.html
2025-12-05 19:18:58,097 - INFO -   ✓ Saved: RESTRUCTURED_DB/2021/december/220674.json
2025-12-05 19:18:58,597 - INFO - Scraping G.R. No. 211443 (2021): East Asia Utilities Corp., Rogelio Q. Lim, Macario...
2025-12-05 19:18:58,851 - INFO -   ✓ Found at: https://lawphil.net/judjuris/juri2021/dec2021/gr_211443_2021.html
2025-12-05 19:18:58,853 - INFO -   ✓ Saved: RESTRUCTURED_DB/2021/december/211443.json
2025-12-05 19:18:59,353 - INFO - Scraping G.R. No. 210488 (2021): Jose Miguel T. Arroyo vs. the Hon. Sandiganbayan ...
2025-12-05 19:18:59,600 - INFO -   ✓ Found at: https://lawphil.net/judjuris/juri2021/dec2021/gr_210488_2021.html
2025-12-05 19:18:59,602 - INFO -   ✓ Saved: RESTRUCTURED_DB/2021/december/210488.json
2025-12-05 19:19:00,103 - INFO - Scraping G.R. No. 206579 (2021): People of the Philippines vs. Gloria F. Tuyay...
2025-12-05 19:19:00,346 - INFO -   ✓ Found at: https://lawphil.net/judjuris/juri2021/dec2021/gr_206579_2021.html
2025-12-05 19:19:00,347 - INFO -   ✓ Saved: RESTRUCTURED_DB/2021/december/206579.json
2025-12-05 19:19:00,848 - INFO - Scraping G.R. No. 240163 (2021): Department of Finance (DOF), represented by its Se...
2025-12-05 19:19:01,542 - INFO -   ✓ Found at: https://lawphil.net/judjuris/juri2021/dec2021/gr_240163_2021.html
2025-12-05 19:19:01,544 - INFO -   ✓ Saved: RESTRUCTURED_DB/2021/december/240163.json
2025-12-05 19:19:02,045 - INFO - Scraping G.R. No. 221347 (2021): Kolin Electronics Cp., Inc. vs. Taiwan Kolin Corp....
2025-12-05 19:19:02,782 - INFO -   ✓ Found at: https://lawphil.net/judjuris/juri2021/dec2021/gr_221347_2021.html
2025-12-05 19:19:02,786 - INFO -   ✓ Saved: RESTRUCTURED_DB/2021/december/221347.json
2025-12-05 19:19:03,287 - INFO - Scraping G.R. No. 235316 (2021): Municipality of Makati (Now City of Makati) vs. Mu...
2025-12-05 19:19:03,761 - INFO -   ✓ Found at: https://lawphil.net/judjuris/juri2021/dec2021/gr_235316_2021.html
2025-12-05 19:19:03,765 - INFO -   ✓ Saved: RESTRUCTURED_DB/2021/december/235316.json
2025-12-05 19:19:04,266 - INFO - Scraping G.R. No. 231538 (2021): Judith B. Cardenas, Jimmy L. Clerigo, Diego E. San...
2025-12-05 19:19:12,316 - WARNING -   ✗ Not found for G.R. No. 231538
2025-12-05 19:19:12,817 - INFO - Scraping G.R. No. 225299 (2021): Bank of Commerce, vs. DHN Consturction and Develop...
2025-12-05 19:19:13,068 - INFO -   ✓ Found at: https://lawphil.net/judjuris/juri2021/dec2021/gr_225299_2021.html
2025-12-05 19:19:13,070 - INFO -   ✓ Saved: RESTRUCTURED_DB/2021/december/225299.json
2025-12-05 19:19:13,570 - INFO - Scraping G.R. No. 250128 (2021): People of the Philippines vs. Jay Cordial Y Brez...
2025-12-05 19:19:13,832 - INFO -   ✓ Found at: https://lawphil.net/judjuris/juri2021/nov2021/gr_250128_2021.html
2025-12-05 19:19:13,834 - INFO -   ✓ Saved: RESTRUCTURED_DB/2021/november/250128.json
2025-12-05 19:19:14,334 - INFO - Scraping G.R. No. 225154 (2021): J.R. Nereus O. Acosta and Socorro O. Acosta vs. Pe...
2025-12-05 19:19:22,616 - WARNING -   ✗ Not found for G.R. No. 225154
2025-12-05 19:19:23,117 - INFO - Scraping G.R. No. 254596 (2021): Lesther S. Barretto, Ronn Vincent H. Arevalo, Rich...
2025-12-05 19:19:31,438 - WARNING -   ✗ Not found for G.R. No. 254596
2025-12-05 19:19:31,939 - INFO - Scraping G.R. No. 202177 (2021): BW Shipping Philippines, Inc., BW Gas ASA/Norway a...
2025-12-05 19:19:32,276 - INFO -   ✓ Found at: https://lawphil.net/judjuris/juri2021/nov2021/gr_202177_2021.html
2025-12-05 19:19:32,277 - INFO -   ✓ Saved: RESTRUCTURED_DB/2021/november/202177.json
2025-12-05 19:19:32,778 - INFO - Scraping G.R. No. 230642 (2021): Oscar B. Pimentel, Errol B. Comafay, Jr., Rene B. ...
2025-12-05 19:19:33,656 - INFO -   ✓ Found at: https://lawphil.net/judjuris/juri2021/nov2021/gr_230642_2021.html
2025-12-05 19:19:33,661 - INFO -   ✓ Saved: RESTRUCTURED_DB/2021/november/230642.json
2025-12-05 19:19:34,162 - INFO - Scraping G.R. No. 231495 (2021): Bcd Foreign Exchange Corp. vs. Republic of the Phi...
2025-12-05 19:19:34,463 - INFO -   ✓ Found at: https://lawphil.net/judjuris/juri2021/oct2021/gr_231495_2021.html
2025-12-05 19:19:34,464 - INFO -   ✓ Saved: RESTRUCTURED_DB/2021/october/231495.json
2025-12-05 19:19:34,964 - INFO - Scraping G.R. No. 241872 (2021): Mark Anthony Nieto and Filemon Vicente, Petitioner...
2025-12-05 19:19:35,215 - INFO -   ✓ Found at: https://lawphil.net/judjuris/juri2021/oct2021/gr_241872_2021.html
2025-12-05 19:19:35,216 - INFO -   ✓ Saved: RESTRUCTURED_DB/2021/october/241872.json
2025-12-05 19:19:35,716 - INFO - Scraping G.R. No. 193728 (2021): Patria C. Gutierrez, Petitioner, vs. Flo Water Res...
2025-12-05 19:19:35,972 - INFO -   ✓ Found at: https://lawphil.net/judjuris/juri2021/oct2021/gr_193728_2021.html
2025-12-05 19:19:35,973 - INFO -   ✓ Saved: RESTRUCTURED_DB/2021/october/193728.json
2025-12-05 19:19:36,473 - INFO - Scraping G.R. No. 238322 (2021): Metro Iloilo Water District, Petitioner, vs. Flo W...
2025-12-05 19:19:36,945 - INFO -   ✓ Found at: https://lawphil.net/judjuris/juri2021/oct2021/gr_238322_2021.html
2025-12-05 19:19:36,946 - INFO -   ✓ Saved: RESTRUCTURED_DB/2021/october/238322.json
2025-12-05 19:19:37,446 - INFO - Scraping G.R. No. 227403 (2021): People of the Philippines, Plaintiff-appellee, vs....
2025-12-05 19:19:37,726 - INFO -   ✓ Found at: https://lawphil.net/judjuris/juri2021/oct2021/gr_227403_2021.html
2025-12-05 19:19:37,728 - INFO -   ✓ Saved: RESTRUCTURED_DB/2021/october/227403.json
2025-12-05 19:19:38,228 - INFO - Scraping G.R. No. 199284 (2021): Jose S. Ramiscal, Jr. vs. People of the Philippine...
2025-12-05 19:19:46,239 - WARNING -   ✗ Not found for G.R. No. 199284
2025-12-05 19:19:46,740 - INFO - Scraping G.R. No. 233892 (2021): SPO4 Ma. Linda A. Padojinog vs. Field Investigatio...
2025-12-05 19:19:47,098 - INFO -   ✓ Found at: https://lawphil.net/judjuris/juri2021/oct2021/gr_233892_2021.html
2025-12-05 19:19:47,100 - INFO -   ✓ Saved: RESTRUCTURED_DB/2021/october/233892.json
2025-12-05 19:19:47,600 - INFO - Scraping G.R. No. 254269 (2021): PO2 Randolph Cambe vs. People of the Philippines/A...
2025-12-05 19:19:48,061 - INFO -   ✓ Found at: https://lawphil.net/judjuris/juri2021/oct2021/gr_254269_2021.html
2025-12-05 19:19:48,063 - INFO -   ✓ Saved: RESTRUCTURED_DB/2021/october/254269.json
2025-12-05 19:19:48,564 - INFO - Scraping G.R. No. 248202 (2021): People of the Philippines vs. Leonardo Macalindong...
2025-12-05 19:19:48,810 - INFO -   ✓ Found at: https://lawphil.net/judjuris/juri2021/oct2021/gr_248202_2021.html
2025-12-05 19:19:48,812 - INFO -   ✓ Saved: RESTRUCTURED_DB/2021/october/248202.json
2025-12-05 19:19:49,313 - INFO - Scraping G.R. No. 235274 (2021): Humphrey T. Moteroso vs. Special Panel No. 13-01-I...
2025-12-05 19:19:57,943 - WARNING -   ✗ Not found for G.R. No. 235274
2025-12-05 19:19:58,444 - INFO - Scraping G.R. No. 219876 (2021): Jaime V. Serrano vs. Fact-Finding Investigation Bu...
2025-12-05 19:19:58,698 - INFO -   ✓ Found at: https://lawphil.net/judjuris/juri2021/oct2021/gr_219876_2021.html
2025-12-05 19:19:58,700 - INFO -   ✓ Saved: RESTRUCTURED_DB/2021/october/219876.json
2025-12-05 19:19:59,200 - INFO - Scraping G.R. No. 247985 (2021): Raphy Valdez De Silva vs. Donald De Silva and Repu...
2025-12-05 19:19:59,886 - INFO -   ✓ Found at: https://lawphil.net/judjuris/juri2021/oct2021/gr_247985_2021.html
2025-12-05 19:19:59,888 - INFO -   ✓ Saved: RESTRUCTURED_DB/2021/october/247985.json
2025-12-05 19:20:00,388 - INFO - Scraping G.R. No. 222822 (2021): Stefani C. Saño vs. Subic Bay Metropolitan Authori...
2025-12-05 19:20:00,641 - INFO -   ✓ Found at: https://lawphil.net/judjuris/juri2021/oct2021/gr_222822_2021.html
2025-12-05 19:20:00,642 - INFO -   ✓ Saved: RESTRUCTURED_DB/2021/october/222822.json
2025-12-05 19:20:01,143 - INFO - Scraping G.R. No. 213499 (2021): Santos Ventura Hocorma Foundation, Inc. vs. Doming...
2025-12-05 19:20:01,830 - INFO -   ✓ Found at: https://lawphil.net/judjuris/juri2021/oct2021/gr_213499_2021.html
2025-12-05 19:20:01,833 - INFO -   ✓ Saved: RESTRUCTURED_DB/2021/october/213499.json
2025-12-05 19:20:02,333 - INFO - Scraping G.R. No. 228904 (2021): Philippine National Bank vs. AIC Construction Corp...
2025-12-05 19:20:03,400 - INFO -   ✓ Found at: https://lawphil.net/judjuris/juri2021/oct2021/gr_228904_2021.html
2025-12-05 19:20:03,403 - INFO -   ✓ Saved: RESTRUCTURED_DB/2021/october/228904.json
2025-12-05 19:20:03,903 - INFO - Scraping G.R. No. 224610 (2021): Vines Realty Corporation vs. Rodel Ret...
2025-12-05 19:20:04,521 - INFO -   ✓ Found at: https://lawphil.net/judjuris/juri2021/oct2021/gr_224610_2021.html
2025-12-05 19:20:04,523 - INFO -   ✓ Saved: RESTRUCTURED_DB/2021/october/224610.json
2025-12-05 19:20:05,023 - INFO - Scraping G.R. No. 242977 (2021): Jose Apolinario, Jr. y Llauder vs. People of the P...
2025-12-05 19:20:05,280 - INFO -   ✓ Found at: https://lawphil.net/judjuris/juri2021/oct2021/gr_242977_2021.html
2025-12-05 19:20:05,282 - INFO -   ✓ Saved: RESTRUCTURED_DB/2021/october/242977.json
2025-12-05 19:20:05,782 - INFO - Scraping G.R. No. 217915 (2021): The National Tobacco Administration (NTA), represe...
2025-12-05 19:20:06,446 - INFO -   ✓ Found at: https://lawphil.net/judjuris/juri2021/oct2021/gr_217915_2021.html
2025-12-05 19:20:06,448 - INFO -   ✓ Saved: RESTRUCTURED_DB/2021/october/217915.json
2025-12-05 19:20:06,948 - INFO - Scraping G.R. No. 210314 (2021): Bangko Sentral ng Pilipinas vs. the Commission on ...
2025-12-05 19:20:07,404 - INFO -   ✓ Found at: https://lawphil.net/judjuris/juri2021/oct2021/gr_210314_2021.html
2025-12-05 19:20:07,408 - INFO -   ✓ Saved: RESTRUCTURED_DB/2021/october/210314.json
2025-12-05 19:20:07,908 - INFO - Scraping G.R. No. 247677 (2021): Belina A. Concepcion vs. the Field Investigation O...
2025-12-05 19:20:08,346 - INFO -   ✓ Found at: https://lawphil.net/judjuris/juri2021/oct2021/gr_247677_2021.html
2025-12-05 19:20:08,347 - INFO -   ✓ Saved: RESTRUCTURED_DB/2021/october/247677.json
2025-12-05 19:20:08,848 - INFO - Scraping G.R. No. 246356 (2021): Republic of the Philippines, represented by the De...
2025-12-05 19:20:09,099 - INFO -   ✓ Found at: https://lawphil.net/judjuris/juri2021/oct2021/gr_246356_2021.html
2025-12-05 19:20:09,102 - INFO -   ✓ Saved: RESTRUCTURED_DB/2021/october/246356.json
2025-12-05 19:20:09,602 - INFO - Scraping G.R. No. 249616 (2021): Roberto M. Mecaydor, et al. vs. Saekyung Realty Co...
2025-12-05 19:20:10,291 - INFO -   ✓ Found at: https://lawphil.net/judjuris/juri2021/oct2021/gr_249616_2021.html
2025-12-05 19:20:10,293 - INFO -   ✓ Saved: RESTRUCTURED_DB/2021/october/249616.json
2025-12-05 19:20:10,793 - INFO - Scraping G.R. No. 247501 (2021): People of the Philippines vs. Romeo Carcueva Togon...
2025-12-05 19:20:11,281 - INFO -   ✓ Found at: https://lawphil.net/judjuris/juri2021/oct2021/gr_247501_2021.html
2025-12-05 19:20:11,283 - INFO -   ✓ Saved: RESTRUCTURED_DB/2021/october/247501.json
2025-12-05 19:20:11,783 - INFO - Scraping G.R. No. 226167 (2021): Dominador G. Marzan vs. People of the Philippines...
2025-12-05 19:20:12,239 - INFO -   ✓ Found at: https://lawphil.net/judjuris/juri2021/oct2021/gr_226167_2021.html
2025-12-05 19:20:12,241 - INFO -   ✓ Saved: RESTRUCTURED_DB/2021/october/226167.json
2025-12-05 19:20:12,741 - INFO - Scraping G.R. No. 218311 (2021): Dolores Gallevo Rodriguez, substituting her late h...
2025-12-05 19:20:13,212 - INFO -   ✓ Found at: https://lawphil.net/judjuris/juri2021/oct2021/gr_218311_2021.html
2025-12-05 19:20:13,214 - INFO -   ✓ Saved: RESTRUCTURED_DB/2021/october/218311.json
2025-12-05 19:20:13,714 - INFO - Scraping G.R. No. 230648 (2021): National Power Corporation vs. the Province of Pam...
2025-12-05 19:20:14,171 - INFO -   ✓ Found at: https://lawphil.net/judjuris/juri2021/oct2021/gr_230648_2021.html
2025-12-05 19:20:14,172 - INFO -   ✓ Saved: RESTRUCTURED_DB/2021/october/230648.json
2025-12-05 19:20:14,673 - INFO - Scraping G.R. No. 249843 (2021): Ascent Skills Human Resources Services, Inc., Pris...
2025-12-05 19:20:15,136 - INFO -   ✓ Found at: https://lawphil.net/judjuris/juri2021/oct2021/gr_249843_2021.html
2025-12-05 19:20:15,137 - INFO -   ✓ Saved: RESTRUCTURED_DB/2021/october/249843.json
2025-12-05 19:20:15,638 - INFO - Scraping G.R. No. 194931 (2021): FLB Construction, Fidel Bermudez, and Marly Bermud...
2025-12-05 19:20:16,105 - INFO -   ✓ Found at: https://lawphil.net/judjuris/juri2021/oct2021/gr_194931_2021.html
2025-12-05 19:20:16,106 - INFO -   ✓ Saved: RESTRUCTURED_DB/2021/october/194931.json
2025-12-05 19:20:16,606 - INFO - Scraping G.R. No. 243874 (2021): Evangeline C. Descallar, Patricia Marie C. Descall...
2025-12-05 19:20:16,855 - INFO -   ✓ Found at: https://lawphil.net/judjuris/juri2021/oct2021/gr_243874_2021.html
2025-12-05 19:20:16,857 - INFO -   ✓ Saved: RESTRUCTURED_DB/2021/october/243874.json
2025-12-05 19:20:17,357 - INFO - Scraping G.R. No. 242017 (2021): People of the Philippines vs. Jr S. Macarona and M...
2025-12-05 19:20:17,645 - INFO -   ✓ Found at: https://lawphil.net/judjuris/juri2021/oct2021/gr_242017_2021.html
2025-12-05 19:20:17,646 - INFO -   ✓ Saved: RESTRUCTURED_DB/2021/october/242017.json
2025-12-05 19:20:18,147 - INFO - Scraping G.R. No. 238709 (2021): Hon. Amifaith S. Fider-Reyes, the Presiding Judge ...
2025-12-05 19:20:18,603 - INFO -   ✓ Found at: https://lawphil.net/judjuris/juri2021/oct2021/gr_238709_2021.html
2025-12-05 19:20:18,605 - INFO -   ✓ Saved: RESTRUCTURED_DB/2021/october/238709.json
2025-12-05 19:20:19,105 - INFO - Scraping G.R. No. 232390 (2021): People of the Philippines vs. Ramil Antigua y Quil...
2025-12-05 19:20:19,348 - INFO -   ✓ Found at: https://lawphil.net/judjuris/juri2021/oct2021/gr_232390_2021.html
2025-12-05 19:20:19,350 - INFO -   ✓ Saved: RESTRUCTURED_DB/2021/october/232390.json
2025-12-05 19:20:19,850 - INFO - Scraping G.R. No. 224760 (2021): Land Bank of the Philippines vs. Corazon M. Villeg...
2025-12-05 19:20:20,111 - INFO -   ✓ Found at: https://lawphil.net/judjuris/juri2021/oct2021/gr_224760_2021.html
2025-12-05 19:20:20,114 - INFO -   ✓ Saved: RESTRUCTURED_DB/2021/october/224760.json
2025-12-05 19:20:20,614 - INFO - Scraping G.R. No. 233217 (2021): Alberto C. Hidalgo vs. Conrado Bascuguin and Evely...
2025-12-05 19:20:20,859 - INFO -   ✓ Found at: https://lawphil.net/judjuris/juri2021/oct2021/gr_233217_2021.html
2025-12-05 19:20:20,861 - INFO -   ✓ Saved: RESTRUCTURED_DB/2021/october/233217.json
2025-12-05 19:20:21,361 - INFO - Scraping G.R. No. 247207 (2021): Kristine Angel Cabilin Hui vs. CGI UK, Ltd., Inc.,...
2025-12-05 19:20:21,776 - INFO -   ✓ Found at: https://lawphil.net/judjuris/juri2021/oct2021/gr_247207_2021.html
2025-12-05 19:20:21,777 - INFO -   ✓ Saved: RESTRUCTURED_DB/2021/october/247207.json
2025-12-05 19:20:22,278 - INFO - Scraping G.R. No. 205817 (2021): Republic of the Philippines vs. Luisa Abellanosa a...
2025-12-05 19:20:22,527 - INFO -   ✓ Found at: https://lawphil.net/judjuris/juri2021/oct2021/gr_205817_2021.html
2025-12-05 19:20:22,529 - INFO -   ✓ Saved: RESTRUCTURED_DB/2021/october/205817.json
2025-12-05 19:20:23,029 - INFO - Scraping G.R. No. 248682 (2021): Silverio Remolano y Caluscusan vs. People of the P...
2025-12-05 19:20:23,710 - INFO -   ✓ Found at: https://lawphil.net/judjuris/juri2021/oct2021/gr_248682_2021.html
2025-12-05 19:20:23,712 - INFO -   ✓ Saved: RESTRUCTURED_DB/2021/october/248682.json
2025-12-05 19:20:24,214 - INFO - Scraping G.R. No. 247583 (2021): Rommel M. Espiritu vs. Shirley Ann Boac-Espiritu...
2025-12-05 19:20:24,492 - INFO -   ✓ Found at: https://lawphil.net/judjuris/juri2021/oct2021/gr_247583_2021.html
2025-12-05 19:20:24,494 - INFO -   ✓ Saved: RESTRUCTURED_DB/2021/october/247583.json
2025-12-05 19:20:24,994 - INFO - Scraping G.R. No. 243900 (2021): Republic of the Philippines, represented by the De...
2025-12-05 19:20:25,459 - INFO -   ✓ Found at: https://lawphil.net/judjuris/juri2021/oct2021/gr_243900_2021.html
2025-12-05 19:20:25,461 - INFO -   ✓ Saved: RESTRUCTURED_DB/2021/october/243900.json
2025-12-05 19:20:25,961 - INFO - Scraping G.R. No. 224138 (2021): Development Bank of the Philippines vs. Evelina To...
2025-12-05 19:20:26,673 - INFO -   ✓ Found at: https://lawphil.net/judjuris/juri2021/oct2021/gr_224138_2021.html
2025-12-05 19:20:26,675 - INFO -   ✓ Saved: RESTRUCTURED_DB/2021/october/224138.json
2025-12-05 19:20:27,175 - INFO - Scraping G.R. No. 132073 (2021): Remman Enterprises, Inc. vs. Hon. Ernesto D. Garil...
2025-12-05 19:20:27,572 - INFO -   ✓ Found at: https://lawphil.net/judjuris/juri2021/oct2021/gr_132073_2021.html
2025-12-05 19:20:27,574 - INFO -   ✓ Saved: RESTRUCTURED_DB/2021/october/132073.json
2025-12-05 19:20:28,075 - INFO - Scraping G.R. No. 238870 (2021): The People of the Philippines vs. Abdul Racman Oso...
2025-12-05 19:20:28,539 - INFO -   ✓ Found at: https://lawphil.net/judjuris/juri2021/oct2021/gr_238870_2021.html
2025-12-05 19:20:28,542 - INFO -   ✓ Saved: RESTRUCTURED_DB/2021/october/238870.json
2025-12-05 19:20:29,042 - INFO - Scraping G.R. No. 247532 (2021): Wero Jocosol Grona vs. Singa Ship Management Phils...
2025-12-05 19:20:29,505 - INFO -   ✓ Found at: https://lawphil.net/judjuris/juri2021/oct2021/gr_247532_2021.html
2025-12-05 19:20:29,507 - INFO -   ✓ Saved: RESTRUCTURED_DB/2021/october/247532.json
2025-12-05 19:20:30,007 - INFO - Scraping G.R. No. 247472 (2021): Eliseo N. Hao vs. Emerlinda S. Galang...
2025-12-05 19:20:30,484 - INFO -   ✓ Found at: https://lawphil.net/judjuris/juri2021/oct2021/gr_247472_2021.html
2025-12-05 19:20:30,485 - INFO -   ✓ Saved: RESTRUCTURED_DB/2021/october/247472.json
2025-12-05 19:20:30,985 - INFO - Scraping G.R. No. 205743 (2021): Rosalinda Z. Turla and Spouses Ricardo and Myrna T...
2025-12-05 19:20:31,453 - INFO -   ✓ Found at: https://lawphil.net/judjuris/juri2021/oct2021/gr_205743_2021.html
2025-12-05 19:20:31,455 - INFO -   ✓ Saved: RESTRUCTURED_DB/2021/october/205743.json
2025-12-05 19:20:31,955 - INFO - Scraping G.R. No. 211389 (2021): Edgardo C. De Leon vs. Philippine Long Distance Te...
2025-12-05 19:20:32,437 - INFO -   ✓ Found at: https://lawphil.net/judjuris/juri2021/oct2021/gr_211389_2021.html
2025-12-05 19:20:32,441 - INFO -   ✓ Saved: RESTRUCTURED_DB/2021/october/211389.json
2025-12-05 19:20:32,941 - INFO - Scraping G.R. No. 230211 (2021): Jerzon Manpower and Trading, Inc., United Taiwan C...
2025-12-05 19:20:33,623 - INFO -   ✓ Found at: https://lawphil.net/judjuris/juri2021/oct2021/gr_230211_2021.html
2025-12-05 19:20:33,625 - INFO -   ✓ Saved: RESTRUCTURED_DB/2021/october/230211.json
2025-12-05 19:20:34,126 - INFO - Scraping G.R. No. 249660 (2021): Toyota Shaw, Inc. vs. Carlina Valdecañas, and Depa...
2025-12-05 19:20:34,590 - INFO -   ✓ Found at: https://lawphil.net/judjuris/juri2021/oct2021/gr_249660_2021.html
2025-12-05 19:20:34,592 - INFO -   ✓ Saved: RESTRUCTURED_DB/2021/october/249660.json
2025-12-05 19:20:35,092 - INFO - Scraping G.R. No. 230049 (2021): Bernie Santiago vs. Rommel C. Jornacion and the Ci...
2025-12-05 19:20:35,778 - INFO -   ✓ Found at: https://lawphil.net/judjuris/juri2021/oct2021/gr_230049_2021.html
2025-12-05 19:20:35,782 - INFO -   ✓ Saved: RESTRUCTURED_DB/2021/october/230049.json
2025-12-05 19:20:36,283 - INFO - Scraping G.R. No. 231695 (2021): Ma. Virginia D.R. Halog vs. Wilbur Francis G. Halo...
2025-12-05 19:20:36,961 - INFO -   ✓ Found at: https://lawphil.net/judjuris/juri2021/oct2021/gr_231695_2021.html
2025-12-05 19:20:36,964 - INFO -   ✓ Saved: RESTRUCTURED_DB/2021/october/231695.json
2025-12-05 19:20:37,464 - INFO - Scraping G.R. No. 247323 (2021): People of the Philippines vs. Michael Gregorio Yut...
2025-12-05 19:20:37,723 - INFO -   ✓ Found at: https://lawphil.net/judjuris/juri2021/oct2021/gr_247323_2021.html
2025-12-05 19:20:37,725 - INFO -   ✓ Saved: RESTRUCTURED_DB/2021/october/247323.json
2025-12-05 19:20:38,225 - INFO - Scraping G.R. No. 235761 (2021): Nestor Ilustrisimo, Edu A. Olivar, Joel M. Oftana,...
2025-12-05 19:20:38,476 - INFO -   ✓ Found at: https://lawphil.net/judjuris/juri2021/oct2021/gr_235761_2021.html
2025-12-05 19:20:38,478 - INFO -   ✓ Saved: RESTRUCTURED_DB/2021/october/235761.json
2025-12-05 19:20:38,978 - INFO - Scraping G.R. No. 208494 (2021): Manuel M. Serrano vs. Intercontinental Development...
2025-12-05 19:20:39,228 - INFO -   ✓ Found at: https://lawphil.net/judjuris/juri2021/oct2021/gr_208494_2021.html
2025-12-05 19:20:39,233 - INFO -   ✓ Saved: RESTRUCTURED_DB/2021/october/208494.json
2025-12-05 19:20:39,733 - INFO - 
Batch 1 complete:
2025-12-05 19:20:39,733 - INFO -   Successful: 91
2025-12-05 19:20:39,733 - INFO -   Failed: 8
2025-12-05 19:20:39,733 - INFO -   Skipped: 1
2025-12-05 19:20:39,733 - INFO - 
Overall progress: 100/819 cases
2025-12-05 19:20:39,733 - INFO - 
================================================================================
2025-12-05 19:20:39,733 - INFO - BATCH 2/9 (100 cases)
2025-12-05 19:20:39,733 - INFO - ================================================================================
2025-12-05 19:20:39,733 - INFO - Scraping G.R. No. 224040 (2021): Josefina B. Marcelo, Eligio Capule, and Carlito Ni...
2025-12-05 19:20:40,188 - INFO -   ✓ Found at: https://lawphil.net/judjuris/juri2021/oct2021/gr_224040_2021.html
2025-12-05 19:20:40,190 - INFO -   ✓ Saved: RESTRUCTURED_DB/2021/october/224040.json
2025-12-05 19:20:40,690 - INFO - Scraping G.R. No. 225660 (2021): Dionisio S. De Cillo vs. Mountain Star Textile Mil...
2025-12-05 19:20:41,154 - INFO -   ✓ Found at: https://lawphil.net/judjuris/juri2021/oct2021/gr_225660_2021.html
2025-12-05 19:20:41,155 - INFO -   ✓ Saved: RESTRUCTURED_DB/2021/october/225660.json
2025-12-05 19:20:41,656 - INFO - Scraping G.R. No. 225152 (2021): Partido Demokratiko Pilipino-Lakas Ng Bayan(Pdp-La...
2025-12-05 19:20:42,118 - INFO -   ✓ Found at: https://lawphil.net/judjuris/juri2021/oct2021/gr_225152_2021.html
2025-12-05 19:20:42,122 - INFO -   ✓ Saved: RESTRUCTURED_DB/2021/october/225152.json
2025-12-05 19:20:42,622 - INFO - Scraping G.R. No. 248985 (2021): Philip Hernandez Piccio vs. House of Representativ...
2025-12-05 19:20:43,085 - INFO -   ✓ Found at: https://lawphil.net/judjuris/juri2021/oct2021/gr_248985_2021.html
2025-12-05 19:20:43,093 - INFO -   ✓ Saved: RESTRUCTURED_DB/2021/october/248985.json
2025-12-05 19:20:43,593 - INFO - Scraping G.R. No. 213409 (2021): Land Bank of the Philippines, represented by its P...
2025-12-05 19:20:43,842 - INFO -   ✓ Found at: https://lawphil.net/judjuris/juri2021/oct2021/gr_213409_2021.html
2025-12-05 19:20:43,843 - INFO -   ✓ Saved: RESTRUCTURED_DB/2021/october/213409.json
2025-12-05 19:20:44,344 - INFO - Scraping G.R. No. 228607 (2021): Reynaldo A. Bodo vs. Commission on Audit...
2025-12-05 19:20:44,799 - INFO -   ✓ Found at: https://lawphil.net/judjuris/juri2021/oct2021/gr_228607_2021.html
2025-12-05 19:20:44,801 - INFO -   ✓ Saved: RESTRUCTURED_DB/2021/october/228607.json
2025-12-05 19:20:45,301 - INFO - Scraping G.R. No. 250370 (2021): Mayor Rovelyn Echave Villamor vs. Commission on El...
2025-12-05 19:20:53,460 - WARNING -   ✗ Not found for G.R. No. 250370
2025-12-05 19:20:53,960 - INFO - Scraping G.R. No. 218124 (2021): Philippine Charity Sweepstakes Office, Carlito Kho...
2025-12-05 19:20:54,415 - INFO -   ✓ Found at: https://lawphil.net/judjuris/juri2021/oct2021/gr_218124_2021.html
2025-12-05 19:20:54,417 - INFO -   ✓ Saved: RESTRUCTURED_DB/2021/october/218124.json
2025-12-05 19:20:54,918 - INFO - Scraping G.R. No. 217492 (2021): Philippine Veterans Bank vs. Bases Conversion and ...
2025-12-05 19:20:55,162 - INFO -   ✓ Found at: https://lawphil.net/judjuris/juri2021/oct2021/gr_217492_2021.html
2025-12-05 19:20:55,165 - INFO -   ✓ Saved: RESTRUCTURED_DB/2021/october/217492.json
2025-12-05 19:20:55,665 - INFO - Scraping G.R. No. 212136 (2021): KLM Royal Dutch Airlines vs. Dr. Jose M. Tiongco...
2025-12-05 19:20:56,494 - INFO -   ✓ Found at: https://lawphil.net/judjuris/juri2021/oct2021/gr_212136_2021.html
2025-12-05 19:20:56,496 - INFO -   ✓ Saved: RESTRUCTURED_DB/2021/october/212136.json
2025-12-05 19:20:56,996 - INFO - Scraping G.R. No. 202392 (2021): Pacific Royal Baisc Foods, Inc. vs. Violeta Noche,...
2025-12-05 19:20:57,238 - INFO -   ✓ Found at: https://lawphil.net/judjuris/juri2021/oct2021/gr_202392_2021.html
2025-12-05 19:20:57,241 - INFO -   ✓ Saved: RESTRUCTURED_DB/2021/october/202392.json
2025-12-05 19:20:57,741 - INFO - Scraping G.R. No. 211969 (2021): The Linden Suites, Inc. vs. Meriden Far East Prope...
2025-12-05 19:20:57,985 - INFO -   ✓ Found at: https://lawphil.net/judjuris/juri2021/oct2021/gr_211969_2021.html
2025-12-05 19:20:57,986 - INFO -   ✓ Saved: RESTRUCTURED_DB/2021/october/211969.json
2025-12-05 19:20:58,488 - INFO - Scraping G.R. No. 208191 (2021): Herman Lucero and Virgilio Lucero vs. Rory Delfino...
2025-12-05 19:20:58,738 - INFO -   ✓ Found at: https://lawphil.net/judjuris/juri2021/sep2021/gr_208191_2021.html
2025-12-05 19:20:58,740 - INFO -   ✓ Saved: RESTRUCTURED_DB/2021/september/208191.json
2025-12-05 19:20:59,240 - INFO - Scraping G.R. No. 238941 (2021): Bernilo M. Aguilera vs. Coa-Cola Femsa Philippines...
2025-12-05 19:20:59,494 - INFO -   ✓ Found at: https://lawphil.net/judjuris/juri2021/sep2021/gr_238941_2021.html
2025-12-05 19:20:59,497 - INFO -   ✓ Saved: RESTRUCTURED_DB/2021/september/238941.json
2025-12-05 19:20:59,997 - INFO - Scraping G.R. No. 250806 (2021): Avior Marine, Inc., Carina Marine N.V., and/or Edn...
2025-12-05 19:21:00,481 - INFO -   ✓ Found at: https://lawphil.net/judjuris/juri2021/sep2021/gr_250806_2021.html
2025-12-05 19:21:00,483 - INFO -   ✓ Saved: RESTRUCTURED_DB/2021/september/250806.json
2025-12-05 19:21:00,983 - INFO - Scraping G.R. No. 222557 (2021): Engr. Juan B. Berces vs. Civil Service Commission ...
2025-12-05 19:21:01,576 - INFO -   ✓ Found at: https://lawphil.net/judjuris/juri2021/sep2021/gr_222557_2021.html
2025-12-05 19:21:01,577 - INFO -   ✓ Saved: RESTRUCTURED_DB/2021/september/222557.json
2025-12-05 19:21:02,078 - INFO - Scraping G.R. No. 238206 (2021): People of the Philippines vs. SSS...
2025-12-05 19:21:10,860 - WARNING -   ✗ Not found for G.R. No. 238206
2025-12-05 19:21:11,361 - INFO - Scraping G.R. No. 249126 (2021): Civil Service Commission vs. Marilyn L. Gagabuan...
2025-12-05 19:21:11,691 - INFO -   ✓ Found at: https://lawphil.net/judjuris/juri2021/sep2021/gr_249126_2021.html
2025-12-05 19:21:11,692 - INFO -   ✓ Saved: RESTRUCTURED_DB/2021/september/249126.json
2025-12-05 19:21:12,192 - INFO - Scraping G.R. No. 237159 (2021): Alberto Wong vs. Benny H. Wong, Estelita Wong, and...
2025-12-05 19:21:13,817 - INFO -   ✓ Found at: https://lawphil.net/judjuris/juri2021/sep2021/gr_237159_2021.html
2025-12-05 19:21:13,818 - INFO -   ✓ Saved: RESTRUCTURED_DB/2021/september/237159.json
2025-12-05 19:21:14,319 - INFO - Scraping G.R. No. 229603 (2021): Ana Maria Que Tan, et al. vs. Geminiano Que Yabut ...
2025-12-05 19:21:14,794 - INFO -   ✓ Found at: https://lawphil.net/judjuris/juri2021/sep2021/gr_229603_2021.html
2025-12-05 19:21:14,796 - INFO -   ✓ Saved: RESTRUCTURED_DB/2021/september/229603.json
2025-12-05 19:21:15,296 - INFO - Scraping G.R. No. 211563 (2021): Santos Ventura Hocorma Foundation, Inc. vs. Mabala...
2025-12-05 19:21:15,542 - INFO -   ✓ Found at: https://lawphil.net/judjuris/juri2021/sep2021/gr_211563_2021.html
2025-12-05 19:21:15,544 - INFO -   ✓ Saved: RESTRUCTURED_DB/2021/september/211563.json
