nohup: ignoring input
2025-12-05 19:17:56,784 - INFO - Loading missing cases list...
2025-12-05 19:17:56,805 - INFO - ================================================================================
2025-12-05 19:17:56,805 - INFO - LAWPHIL BATCH SCRAPER
2025-12-05 19:17:56,805 - INFO - ================================================================================
2025-12-05 19:17:56,805 - INFO - Database path: RESTRUCTURED_DB
2025-12-05 19:17:56,805 - INFO - Cases to scrape: 37
2025-12-05 19:17:56,806 - INFO - Year range: 2024-2024
2025-12-05 19:17:56,806 - INFO - Batch size: 100
2025-12-05 19:17:56,806 - INFO - ================================================================================
2025-12-05 19:17:56,806 - INFO - 
================================================================================
2025-12-05 19:17:56,806 - INFO - BATCH 1/1 (37 cases)
2025-12-05 19:17:56,806 - INFO - ================================================================================
2025-12-05 19:17:56,806 - INFO - Scraping G.R. No. 255466 (2024): BBB255466 vs. People of the Philippines...
2025-12-05 19:18:04,839 - WARNING -   ✗ Not found for G.R. No. 255466
2025-12-05 19:18:05,340 - INFO - Scraping G.R. No. 263047 (2024): Spouses Noel John M. Kaw And Josephine Caseres-Kaw...
2025-12-05 19:18:13,523 - WARNING -   ✗ Not found for G.R. No. 263047
2025-12-05 19:18:14,024 - INFO - Scraping G.R. No. 267310 (2024): Fleet Marine Cable Solutions Inc. vs. Mjas Zenith ...
2025-12-05 19:18:22,538 - WARNING -   ✗ Not found for G.R. No. 267310
2025-12-05 19:18:23,039 - INFO - Scraping G.R. No. 261123 (2024): Duty to Energize The Republic Through the Enlighte...
2025-12-05 19:18:31,099 - WARNING -   ✗ Not found for G.R. No. 261123
2025-12-05 19:18:31,599 - INFO - Scraping G.R. No. 254976 (2024): Marcelino Dela Cruz Lingganay vs. Del Monte Land T...
2025-12-05 19:18:39,580 - WARNING -   ✗ Not found for G.R. No. 254976
2025-12-05 19:18:40,081 - INFO - Scraping G.R. No. 260973 (2024): Benjamin Togado y Pailan vs. People of the Philipp...
2025-12-05 19:18:48,056 - WARNING -   ✗ Not found for G.R. No. 260973
2025-12-05 19:18:48,557 - INFO - Scraping G.R. No. 214042 (2024): Foundation for Economic Freedom vs. Energy Regulat...
2025-12-05 19:18:56,976 - WARNING -   ✗ Not found for G.R. No. 214042
2025-12-05 19:18:57,476 - INFO - Scraping G.R. No. 270257 (2024): XXX270257 vs. People of the Philippines and AAACon...
2025-12-05 19:19:06,139 - WARNING -   ✗ Not found for G.R. No. 270257
2025-12-05 19:19:06,639 - INFO - Scraping G.R. No. 256720 (2024): Maibarara Geothermal, Inc. vs. Commissioner of Int...
2025-12-05 19:19:14,744 - WARNING -   ✗ Not found for G.R. No. 256720
2025-12-05 19:19:15,245 - INFO - Scraping G.R. No. 239983 (2024): Republic of the Philippines vs. Spouses Johnny and...
2025-12-05 19:19:23,587 - WARNING -   ✗ Not found for G.R. No. 239983
2025-12-05 19:19:24,088 - INFO - Scraping G.R. No. 221043 (2024): Nozomi Fortune Services, Inc. vs. Celestino A. Nar...
2025-12-05 19:19:32,409 - WARNING -   ✗ Not found for G.R. No. 221043
2025-12-05 19:19:32,910 - INFO - Scraping G.R. No. 264260 (2024): Iloilo I Electric Cooperative, Inc. (ILLECO I), et...
2025-12-05 19:19:41,323 - WARNING -   ✗ Not found for G.R. No. 264260
2025-12-05 19:19:41,824 - INFO - Scraping G.R. No. 258449 (2024): Juan Juan Olila Ollesca vs. Commission on Election...
2025-12-05 19:19:50,212 - WARNING -   ✗ Not found for G.R. No. 258449
2025-12-05 19:19:50,712 - INFO - Scraping G.R. No. 268457 (2024): XXX vs. People of the Philippines...
2025-12-05 19:19:59,309 - WARNING -   ✗ Not found for G.R. No. 268457
2025-12-05 19:19:59,809 - INFO - Scraping G.R. No. 237120 (2024): Alex Besenio y Cledoro vs. People of the Philippin...
2025-12-05 19:20:08,102 - WARNING -   ✗ Not found for G.R. No. 237120
2025-12-05 19:20:08,603 - INFO - Scraping G.R. No. 267609 (2024): People of the Philippines vs. Wilfreda Laput Campo...
2025-12-05 19:20:17,191 - WARNING -   ✗ Not found for G.R. No. 267609
2025-12-05 19:20:17,692 - INFO - Scraping G.R. No. 254838 (2024): Jessica Lucila G. Reyes vs. Director or Whoever Is...
2025-12-05 19:20:25,745 - WARNING -   ✗ Not found for G.R. No. 254838
2025-12-05 19:20:26,245 - INFO - Scraping G.R. No. 262749 (2024): People of the Philippines vs. JJJ...
2025-12-05 19:20:34,697 - WARNING -   ✗ Not found for G.R. No. 262749
2025-12-05 19:20:35,198 - INFO - Scraping G.R. No. 258269 (2024): Jose Antonio Paulo I. Reyes vs. Samsung Electronic...
2025-12-05 19:20:43,626 - WARNING -   ✗ Not found for G.R. No. 258269
2025-12-05 19:20:44,126 - INFO - Scraping G.R. No. 199479 (2024): Napoleon Sanota, Bambi Magno Purisima, et al. vs. ...
2025-12-05 19:20:52,749 - WARNING -   ✗ Not found for G.R. No. 199479
2025-12-05 19:20:53,249 - INFO - Scraping G.R. No. 198425 (2024): Securities and Exchange Commission vs. Hon. Rodolf...
2025-12-05 19:20:53,497 - INFO -   ✓ Found at: https://lawphil.net/judjuris/juri2024/jan2024/gr_198425_2024.html
2025-12-05 19:20:53,501 - INFO -   ✓ Saved: RESTRUCTURED_DB/2024/january/198425.json
2025-12-05 19:20:54,001 - INFO - Scraping G.R. No. 261107 (2024): Ana Liza Arriola Peralta vs. Commission on Electio...
2025-12-05 19:20:54,247 - INFO -   ✓ Found at: https://lawphil.net/judjuris/juri2024/jan2024/gr_261107_2024.html
2025-12-05 19:20:54,249 - INFO -   ✓ Saved: RESTRUCTURED_DB/2024/january/261107.json
2025-12-05 19:20:54,749 - INFO - Scraping G.R. No. 266754 (2024): People of the Philippines vs. Marivic Saldivar y R...
2025-12-05 19:20:55,205 - INFO -   ✓ Found at: https://lawphil.net/judjuris/juri2024/jan2024/gr_266754_2024.html
2025-12-05 19:20:55,207 - INFO -   ✓ Saved: RESTRUCTURED_DB/2024/january/266754.json
2025-12-05 19:20:55,707 - INFO - Scraping G.R. No. 258417 (2024): Rommel Z. Borja vs. People of the Philippines...
2025-12-05 19:20:56,141 - INFO -   ✓ Found at: https://lawphil.net/judjuris/juri2024/jan2024/gr_258417_2024.html
2025-12-05 19:20:56,143 - INFO -   ✓ Saved: RESTRUCTURED_DB/2024/january/258417.json
2025-12-05 19:20:56,643 - INFO - Scraping G.R. No. 246489 (2024): Spouses Christopher and Carmen Nunez vs. Dr. Henry...
2025-12-05 19:20:56,886 - INFO -   ✓ Found at: https://lawphil.net/judjuris/juri2024/jan2024/gr_246489_2024.html
2025-12-05 19:20:56,887 - INFO -   ✓ Saved: RESTRUCTURED_DB/2024/january/246489.json
2025-12-05 19:20:57,388 - INFO - Scraping G.R. No. 246434 (2024): Herald Bermillo y De Vera vs. People of the Philip...
2025-12-05 19:20:57,874 - INFO -   ✓ Found at: https://lawphil.net/judjuris/juri2024/jan2024/gr_246434_2024.html
2025-12-05 19:20:57,875 - INFO -   ✓ Saved: RESTRUCTURED_DB/2024/january/246434.json
2025-12-05 19:20:58,375 - INFO - Scraping G.R. No. 267265 (2024): People of the Philippines vs. Edwin Cordova y Mana...
2025-12-05 19:20:59,064 - INFO -   ✓ Found at: https://lawphil.net/judjuris/juri2024/jan2024/gr_267265_2024.html
2025-12-05 19:20:59,066 - INFO -   ✓ Saved: RESTRUCTURED_DB/2024/january/267265.json
2025-12-05 19:20:59,566 - INFO - Scraping G.R. No. 268399 (2024): Francheska Aleen Balaba Buban vs. Nilo Dela Peña...
2025-12-05 19:21:00,292 - INFO -   ✓ Found at: https://lawphil.net/judjuris/juri2024/jan2024/gr_268399_2024.html
2025-12-05 19:21:00,294 - INFO -   ✓ Saved: RESTRUCTURED_DB/2024/january/268399.json
2025-12-05 19:21:00,794 - INFO - Scraping G.R. No. 253450 (2024): Lani Nayve-Pua vs. Union Bank of the PhilippinesDi...
2025-12-05 19:21:01,553 - INFO -   ✓ Found at: https://lawphil.net/judjuris/juri2024/jan2024/gr_253450_2024.html
2025-12-05 19:21:01,556 - INFO -   ✓ Saved: RESTRUCTURED_DB/2024/january/253450.json
2025-12-05 19:21:02,056 - INFO - Scraping G.R. No. 266552 (2024): Rico B. Escauriaga, Et Al. vs. Fitness First, Phil...
2025-12-05 19:21:02,319 - INFO -   ✓ Found at: https://lawphil.net/judjuris/juri2024/jan2024/gr_266552_2024.html
2025-12-05 19:21:02,321 - INFO -   ✓ Saved: RESTRUCTURED_DB/2024/january/266552.json
2025-12-05 19:21:02,821 - INFO - Scraping G.R. No. 266921 (2024): National Transmission Corporation vs. Spouses Loui...
2025-12-05 19:21:03,289 - INFO -   ✓ Found at: https://lawphil.net/judjuris/juri2024/jan2024/gr_266921_2024.html
2025-12-05 19:21:03,291 - INFO -   ✓ Saved: RESTRUCTURED_DB/2024/january/266921.json
2025-12-05 19:21:03,791 - INFO - Scraping G.R. No. 258182 (2024): People of the Philippines vs. Romeo Chan RealesDis...
2025-12-05 19:21:04,466 - INFO -   ✓ Found at: https://lawphil.net/judjuris/juri2024/jan2024/gr_258182_2024.html
2025-12-05 19:21:04,468 - INFO -   ✓ Saved: RESTRUCTURED_DB/2024/january/258182.json
2025-12-05 19:21:04,969 - INFO - Scraping G.R. No. 242353 (2024): Cecilia Que Yabut, et al. vs. Carolina Que Villong...
2025-12-05 19:21:05,224 - INFO -   ✓ Found at: https://lawphil.net/judjuris/juri2024/jan2024/gr_242353_2024.html
2025-12-05 19:21:05,226 - INFO -   ✓ Saved: RESTRUCTURED_DB/2024/january/242353.json
2025-12-05 19:21:05,726 - INFO - Scraping G.R. No. 202430 (2024): Metro Bottled Water Corporation vs. Andrada Constr...
2025-12-05 19:21:14,613 - WARNING -   ✗ Not found for G.R. No. 202430
2025-12-05 19:21:15,114 - INFO - Scraping G.R. No. 202448 (2024): Joseph O. Regalado vs. Emma Dela Rama Vda. Dela Pe...
