nohup: ignoring input
2025-12-05 19:18:02,774 - INFO - Loading missing cases list...
2025-12-05 19:18:02,801 - INFO - ================================================================================
2025-12-05 19:18:02,801 - INFO - LAWPHIL BATCH SCRAPER
2025-12-05 19:18:02,801 - INFO - ================================================================================
2025-12-05 19:18:02,801 - INFO - Database path: RESTRUCTURED_DB
2025-12-05 19:18:02,801 - INFO - Cases to scrape: 821
2025-12-05 19:18:02,801 - INFO - Year range: 2015-2015
2025-12-05 19:18:02,801 - INFO - Batch size: 100
2025-12-05 19:18:02,801 - INFO - ================================================================================
2025-12-05 19:18:02,801 - INFO - 
================================================================================
2025-12-05 19:18:02,801 - INFO - BATCH 1/9 (100 cases)
2025-12-05 19:18:02,802 - INFO - ================================================================================
2025-12-05 19:18:02,802 - INFO - Scraping G.R. No. 201580 (2015): Alcid C. Balbarino (now deceased) substituted by h...
2025-12-05 19:18:10,900 - WARNING -   ✗ Not found for G.R. No. 201580
2025-12-05 19:18:11,401 - INFO - Scraping G.R. No. 221318 (2015): Kabataan Party List, et al. vs. Commission on Elec...
2025-12-05 19:18:12,204 - INFO -   ✓ Found at: https://lawphil.net/judjuris/juri2015/dec2015/gr_221318_2015.html
2025-12-05 19:18:12,207 - INFO -   ✓ Saved: RESTRUCTURED_DB/2015/december/221318.json
2025-12-05 19:18:12,707 - INFO - Scraping G.R. No. 159979 (2015): Capital Insurance and Surety Co., Inc. vs. Del Mon...
2025-12-05 19:18:13,230 - INFO -   ✓ Found at: https://lawphil.net/judjuris/juri2015/dec2015/gr_159979_2015.html
2025-12-05 19:18:13,231 - INFO -   ✓ Saved: RESTRUCTURED_DB/2015/december/159979.json
2025-12-05 19:18:13,732 - INFO - Scraping G.R. No. 179741 (2015): Heirs of Spouses Hilario Marinas and Bernardina N....
2025-12-05 19:18:14,689 - INFO -   ✓ Found at: https://lawphil.net/judjuris/juri2015/dec2015/gr_179741_2015.html
2025-12-05 19:18:14,692 - INFO -   ✓ Saved: RESTRUCTURED_DB/2015/december/179741.json
2025-12-05 19:18:15,192 - INFO - Scraping G.R. No. 190482 (2015): Department of Agrarian Reform vs. Igmidio D. Roble...
2025-12-05 19:18:15,923 - INFO -   ✓ Found at: https://lawphil.net/judjuris/juri2015/dec2015/gr_190482_2015.html
2025-12-05 19:18:15,926 - INFO -   ✓ Saved: RESTRUCTURED_DB/2015/december/190482.json
2025-12-05 19:18:16,427 - INFO - Scraping G.R. No. 202215 (2015): Vicmar Development Corporation vs. Camilo Elarcosa...
2025-12-05 19:18:17,098 - INFO -   ✓ Found at: https://lawphil.net/judjuris/juri2015/dec2015/gr_202215_2015.html
2025-12-05 19:18:17,100 - INFO -   ✓ Saved: RESTRUCTURED_DB/2015/december/202215.json
2025-12-05 19:18:17,600 - INFO - Scraping G.R. No. 203397 (2015): Augusto Ong Trinidad II, et al. vs. Spouses Bonifa...
2025-12-05 19:18:17,913 - INFO -   ✓ Found at: https://lawphil.net/judjuris/juri2015/dec2015/gr_203397_2015.html
2025-12-05 19:18:17,914 - INFO -   ✓ Saved: RESTRUCTURED_DB/2015/december/203397.json
2025-12-05 19:18:18,414 - INFO - Scraping G.R. No. 204275 (2015): Liliosa C. Lisondra vs. Megacraft International Co...
2025-12-05 19:18:18,901 - INFO -   ✓ Found at: https://lawphil.net/judjuris/juri2015/dec2015/gr_204275_2015.html
2025-12-05 19:18:18,902 - INFO -   ✓ Saved: RESTRUCTURED_DB/2015/december/204275.json
2025-12-05 19:18:19,403 - INFO - Scraping G.R. No. 207633 (2015): People of the Philippines vs. Johnlie Lagangga y D...
2025-12-05 19:18:19,845 - INFO -   ✓ Found at: https://lawphil.net/judjuris/juri2015/dec2015/gr_207633_2015.html
2025-12-05 19:18:19,846 - INFO -   ✓ Saved: RESTRUCTURED_DB/2015/december/207633.json
2025-12-05 19:18:20,346 - INFO - Scraping G.R. No. 209559 (2015): Enchanted Kingdom, Inc. vs. Miguel J. Verzo...
2025-12-05 19:18:20,808 - INFO -   ✓ Found at: https://lawphil.net/judjuris/juri2015/dec2015/gr_209559_2015.html
2025-12-05 19:18:20,810 - INFO -   ✓ Saved: RESTRUCTURED_DB/2015/december/209559.json
2025-12-05 19:18:21,310 - INFO - Scraping G.R. No. 206942 (2015): Vicente C. Tatel vs. JLFP Investigation and Securi...
2025-12-05 19:18:21,594 - INFO -   ✓ Found at: https://lawphil.net/judjuris/juri2015/dec2015/gr_206942_2015.html
2025-12-05 19:18:21,596 - INFO -   ✓ Saved: RESTRUCTURED_DB/2015/december/206942.json
2025-12-05 19:18:22,096 - INFO - Scraping G.R. No. 210215 (2015): Rogelio S. Nolasco, et al. vs. Celerino S. Cuerpo,...
2025-12-05 19:18:22,550 - INFO -   ✓ Found at: https://lawphil.net/judjuris/juri2015/dec2015/gr_210215_2015.html
2025-12-05 19:18:22,551 - INFO -   ✓ Saved: RESTRUCTURED_DB/2015/december/210215.json
2025-12-05 19:18:23,052 - INFO - Scraping G.R. No. 174387 (2015): BF Corporation vs. Verdenberg International Corpor...
2025-12-05 19:18:23,895 - INFO -   ✓ Found at: https://lawphil.net/judjuris/juri2015/dec2015/gr_174387_2015.html
2025-12-05 19:18:23,897 - INFO -   ✓ Saved: RESTRUCTURED_DB/2015/december/174387.json
2025-12-05 19:18:24,398 - INFO - Scraping G.R. No. 160399 (2015): The City of Iloilo, Represented by Hon. Mayor Jerr...
2025-12-05 19:18:24,860 - INFO -   ✓ Found at: https://lawphil.net/judjuris/juri2015/dec2015/gr_160399_2015.html
2025-12-05 19:18:24,862 - INFO -   ✓ Saved: RESTRUCTURED_DB/2015/december/160399.json
2025-12-05 19:18:25,363 - INFO - Scraping G.R. No. 188638 (2015): Philippine Transmarine Carriers, Inc. and Northern...
2025-12-05 19:18:25,624 - INFO -   ✓ Found at: https://lawphil.net/judjuris/juri2015/dec2015/gr_188638_2015.html
2025-12-05 19:18:25,626 - INFO -   ✓ Saved: RESTRUCTURED_DB/2015/december/188638.json
2025-12-05 19:18:26,126 - INFO - Scraping G.R. No. 198270 (2015): Armilyn Morillo vs. People of the Philippines and ...
2025-12-05 19:18:27,050 - INFO -   ✓ Found at: https://lawphil.net/judjuris/juri2015/dec2015/gr_198270_2015.html
2025-12-05 19:18:27,052 - INFO -   ✓ Saved: RESTRUCTURED_DB/2015/december/198270.json
2025-12-05 19:18:27,552 - INFO - Scraping G.R. No. 209039 (2015): People of the Philippines vs. Miraflor Uganiel Ler...
2025-12-05 19:18:27,886 - INFO -   ✓ Found at: https://lawphil.net/judjuris/juri2015/dec2015/gr_209039_2015.html
2025-12-05 19:18:27,887 - INFO -   ✓ Saved: RESTRUCTURED_DB/2015/december/209039.json
2025-12-05 19:18:28,387 - INFO - Scraping G.R. No. 209040 (2015): People of the Philippines vs. Rodolfo Pateño Dayap...
2025-12-05 19:18:28,638 - INFO -   ✓ Found at: https://lawphil.net/judjuris/juri2015/dec2015/gr_209040_2015.html
2025-12-05 19:18:28,639 - INFO -   ✓ Saved: RESTRUCTURED_DB/2015/december/209040.json
2025-12-05 19:18:29,139 - INFO - Scraping G.R. No. 209324 (2015): Republic of the Philippines, represented by the Bu...
2025-12-05 19:18:29,546 - INFO -   ✓ Found at: https://lawphil.net/judjuris/juri2015/dec2015/gr_209324_2015.html
2025-12-05 19:18:29,548 - INFO -   ✓ Saved: RESTRUCTURED_DB/2015/december/209324.json
2025-12-05 19:18:30,049 - INFO - Scraping G.R. No. 211543 (2015): Domingo G. Panganiban vs. People of the Philippine...
2025-12-05 19:18:30,295 - INFO -   ✓ Found at: https://lawphil.net/judjuris/juri2015/dec2015/gr_211543_2015.html
2025-12-05 19:18:30,297 - INFO -   ✓ Saved: RESTRUCTURED_DB/2015/december/211543.json
2025-12-05 19:18:30,797 - INFO - Scraping G.R. No. 204172 (2015): Hon. Hermogenes E. Ebdane, Jr., et al. vs. Alvaro ...
2025-12-05 19:18:31,056 - INFO -   ✓ Found at: https://lawphil.net/judjuris/juri2015/dec2015/gr_204172_2015.html
2025-12-05 19:18:31,057 - INFO -   ✓ Saved: RESTRUCTURED_DB/2015/december/204172.json
2025-12-05 19:18:31,557 - INFO - Scraping G.R. No. 215424 (2015): Adina B. Manansala vs. People of the Philippines...
2025-12-05 19:18:31,813 - INFO -   ✓ Found at: https://lawphil.net/judjuris/juri2015/dec2015/gr_215424_2015.html
2025-12-05 19:18:31,816 - INFO -   ✓ Saved: RESTRUCTURED_DB/2015/december/215424.json
2025-12-05 19:18:32,317 - INFO - Scraping G.R. No. 210855 (2015): Rolando S. Abadilla, Jr. vs. Sps. Bonifacio P. Obr...
2025-12-05 19:18:32,620 - INFO -   ✓ Found at: https://lawphil.net/judjuris/juri2015/dec2015/gr_210855_2015.html
2025-12-05 19:18:32,621 - INFO -   ✓ Saved: RESTRUCTURED_DB/2015/december/210855.json
2025-12-05 19:18:33,121 - INFO - Scraping G.R. No. 213696 (2015): Quantum Foods, Inc. vs. Marcelino Esloyo and Glen ...
2025-12-05 19:18:33,582 - INFO -   ✓ Found at: https://lawphil.net/judjuris/juri2015/dec2015/gr_213696_2015.html
2025-12-05 19:18:33,584 - INFO -   ✓ Saved: RESTRUCTURED_DB/2015/december/213696.json
2025-12-05 19:18:34,084 - INFO - Scraping G.R. No. 215201 (2015): People of the Philippines vs. Mark Anthony Roaquin...
2025-12-05 19:18:34,413 - INFO -   ✓ Found at: https://lawphil.net/judjuris/juri2015/dec2015/gr_215201_2015.html
2025-12-05 19:18:34,414 - INFO -   ✓ Saved: RESTRUCTURED_DB/2015/december/215201.json
2025-12-05 19:18:34,914 - INFO - Scraping G.R. No. 197792 (2015): Civil Service Commission vs. Madlawi B. Magoyag...
2025-12-05 19:18:35,168 - INFO -   ✓ Found at: https://lawphil.net/judjuris/juri2015/dec2015/gr_197792_2015.html
2025-12-05 19:18:35,169 - INFO -   ✓ Saved: RESTRUCTURED_DB/2015/december/197792.json
2025-12-05 19:18:35,670 - INFO - Scraping G.R. No. 202877 (2015): Narra Nickel Mining and Development Corporation, e...
2025-12-05 19:18:36,291 - INFO -   ✓ Found at: https://lawphil.net/judjuris/juri2015/dec2015/gr_202877_2015.html
2025-12-05 19:18:36,294 - INFO -   ✓ Saved: RESTRUCTURED_DB/2015/december/202877.json
2025-12-05 19:18:36,794 - INFO - Scraping G.R. No. 202947 (2015): ASB Realty Corporation vs. Ortigas & Company Limit...
2025-12-05 19:18:37,472 - INFO -   ✓ Found at: https://lawphil.net/judjuris/juri2015/dec2015/gr_202947_2015.html
2025-12-05 19:18:37,474 - INFO -   ✓ Saved: RESTRUCTURED_DB/2015/december/202947.json
2025-12-05 19:18:37,974 - INFO - Scraping G.R. No. 213229 (2015): Filinvest Alabang, Inc. vs. Century Iro Works, Inc...
2025-12-05 19:18:38,435 - INFO -   ✓ Found at: https://lawphil.net/judjuris/juri2015/dec2015/gr_213229_2015.html
2025-12-05 19:18:38,436 - INFO -   ✓ Saved: RESTRUCTURED_DB/2015/december/213229.json
2025-12-05 19:18:38,937 - INFO - Scraping G.R. No. 192947 (2015): Melanie E. De Ocampo vs. RPN-9/Radio Philippines N...
2025-12-05 19:18:39,180 - INFO -   ✓ Found at: https://lawphil.net/judjuris/juri2015/dec2015/gr_192947_2015.html
2025-12-05 19:18:39,181 - INFO -   ✓ Saved: RESTRUCTURED_DB/2015/december/192947.json
2025-12-05 19:18:39,681 - INFO - Scraping G.R. No. 212256 (2015): Farida Yap Bitte and the heirs of Benjamin Bitte, ...
2025-12-05 19:18:40,063 - INFO -   ✓ Found at: https://lawphil.net/judjuris/juri2015/dec2015/gr_212256_2015.html
2025-12-05 19:18:40,065 - INFO -   ✓ Saved: RESTRUCTURED_DB/2015/december/212256.json
2025-12-05 19:18:40,566 - INFO - Scraping G.R. No. 207112 (2015): Pilipinas Total Gas, Inc. vs. Commissioner of Inte...
2025-12-05 19:18:41,240 - INFO -   ✓ Found at: https://lawphil.net/judjuris/juri2015/dec2015/gr_207112_2015.html
2025-12-05 19:18:41,243 - INFO -   ✓ Saved: RESTRUCTURED_DB/2015/december/207112.json
2025-12-05 19:18:41,743 - INFO - Scraping G.R. No. 218787 (2015): Leo Y. Querubin, et al. vs. Commission on Election...
2025-12-05 19:18:42,408 - INFO -   ✓ Found at: https://lawphil.net/judjuris/juri2015/dec2015/gr_218787_2015.html
2025-12-05 19:18:42,414 - INFO -   ✓ Saved: RESTRUCTURED_DB/2015/december/218787.json
2025-12-05 19:18:42,914 - INFO - Scraping G.R. No. 209276 (2015): International Service for the Aquisition of Agri-B...
2025-12-05 19:18:51,339 - WARNING -   ✗ Not found for G.R. No. 209276
2025-12-05 19:18:51,840 - INFO - Scraping G.R. No. 190583 (2015): Maria Paz Frontreras y Ilagan vs. People of the Ph...
2025-12-05 19:18:52,504 - INFO -   ✓ Found at: https://lawphil.net/judjuris/juri2015/dec2015/gr_190583_2015.html
2025-12-05 19:18:52,506 - INFO -   ✓ Saved: RESTRUCTURED_DB/2015/december/190583.json
2025-12-05 19:18:53,006 - INFO - Scraping G.R. No. 203115 (2015): Island Overseas Transport Corporation vs. Armando ...
2025-12-05 19:18:53,688 - INFO -   ✓ Found at: https://lawphil.net/judjuris/juri2015/dec2015/gr_203115_2015.html
2025-12-05 19:18:53,690 - INFO -   ✓ Saved: RESTRUCTURED_DB/2015/december/203115.json
2025-12-05 19:18:54,190 - INFO - Scraping G.R. No. 214915 (2015): Oikonomos Int'l Resources Corporation vs. Antonio ...
2025-12-05 19:18:54,485 - INFO -   ✓ Found at: https://lawphil.net/judjuris/juri2015/dec2015/gr_214915_2015.html
2025-12-05 19:18:54,487 - INFO -   ✓ Saved: RESTRUCTURED_DB/2015/december/214915.json
2025-12-05 19:18:54,987 - INFO - Scraping G.R. No. 197763 (2015): Smart Communications, Inc., Mr. Napoleon L. Nazare...
2025-12-05 19:18:55,590 - INFO -   ✓ Found at: https://lawphil.net/judjuris/juri2015/dec2015/gr_197763_2015.html
2025-12-05 19:18:55,592 - INFO -   ✓ Saved: RESTRUCTURED_DB/2015/december/197763.json
2025-12-05 19:18:56,092 - INFO - Scraping G.R. No. 210445 (2015): Nilo B. Rosit vs. Davao Doctors Hospital and Dr. R...
2025-12-05 19:18:56,334 - INFO -   ✓ Found at: https://lawphil.net/judjuris/juri2015/dec2015/gr_210445_2015.html
2025-12-05 19:18:56,336 - INFO -   ✓ Saved: RESTRUCTURED_DB/2015/december/210445.json
2025-12-05 19:18:56,836 - INFO - Scraping G.R. No. 212058 (2015): Star Electric Corporation vs. R&G Construction Dev...
2025-12-05 19:18:57,089 - INFO -   ✓ Found at: https://lawphil.net/judjuris/juri2015/dec2015/gr_212058_2015.html
2025-12-05 19:18:57,090 - INFO -   ✓ Saved: RESTRUCTURED_DB/2015/december/212058.json
2025-12-05 19:18:57,591 - INFO - Scraping G.R. No. 209418 (2015): W.M. Manufacturing, Inc. vs. Richard R. Dalag and ...
2025-12-05 19:18:58,256 - INFO -   ✓ Found at: https://lawphil.net/judjuris/juri2015/dec2015/gr_209418_2015.html
2025-12-05 19:18:58,259 - INFO -   ✓ Saved: RESTRUCTURED_DB/2015/december/209418.json
2025-12-05 19:18:58,759 - INFO - Scraping G.R. No. 212825 (2015): Commissioner of Internal Revenue vs. Next Mobile, ...
2025-12-05 19:18:59,150 - INFO -   ✓ Found at: https://lawphil.net/judjuris/juri2015/dec2015/gr_212825_2015.html
2025-12-05 19:18:59,152 - INFO -   ✓ Saved: RESTRUCTURED_DB/2015/december/212825.json
2025-12-05 19:18:59,652 - INFO - Scraping G.R. No. 166581 (2015): Solidbank Corporation vs. Court of Appeals, et al....
2025-12-05 19:18:59,908 - INFO -   ✓ Found at: https://lawphil.net/judjuris/juri2015/dec2015/gr_166581_2015.html
2025-12-05 19:18:59,910 - INFO -   ✓ Saved: RESTRUCTURED_DB/2015/december/166581.json
2025-12-05 19:19:00,410 - INFO - Scraping G.R. No. 200901 (2015): SM Investments Corporation vs. Estela Marfori Posa...
2025-12-05 19:19:00,832 - INFO -   ✓ Found at: https://lawphil.net/judjuris/juri2015/dec2015/gr_200901_2015.html
2025-12-05 19:19:00,833 - INFO -   ✓ Saved: RESTRUCTURED_DB/2015/december/200901.json
2025-12-05 19:19:01,334 - INFO - Scraping G.R. No. 213832 (2015): People of the Philippines vs. Gilbert Mercado a.k....
2025-12-05 19:19:01,582 - INFO -   ✓ Found at: https://lawphil.net/judjuris/juri2015/dec2015/gr_213832_2015.html
2025-12-05 19:19:01,583 - INFO -   ✓ Saved: RESTRUCTURED_DB/2015/december/213832.json
2025-12-05 19:19:02,083 - INFO - Scraping G.R. No. 179814 (2015): Wilfred N. Chiok vs. People of the Philippines / R...
2025-12-05 19:19:02,587 - INFO -   ✓ Found at: https://lawphil.net/judjuris/juri2015/dec2015/gr_179814_2015.html
2025-12-05 19:19:02,590 - INFO -   ✓ Saved: RESTRUCTURED_DB/2015/december/179814.json
2025-12-05 19:19:03,090 - INFO - Scraping G.R. No. 199314 (2015): Tamblot Security & General Services, Inc. vs. Flor...
2025-12-05 19:19:03,349 - INFO -   ✓ Found at: https://lawphil.net/judjuris/juri2015/dec2015/gr_199314_2015.html
2025-12-05 19:19:03,351 - INFO -   ✓ Saved: RESTRUCTURED_DB/2015/december/199314.json
2025-12-05 19:19:03,851 - INFO - Scraping G.R. No. 195547 (2015): Ma. Corazon M. Ola vs. People of the Philippines...
2025-12-05 19:19:04,198 - INFO -   ✓ Found at: https://lawphil.net/judjuris/juri2015/dec2015/gr_195547_2015.html
2025-12-05 19:19:04,199 - INFO -   ✓ Saved: RESTRUCTURED_DB/2015/december/195547.json
2025-12-05 19:19:04,700 - INFO - Scraping G.R. No. 182375 (2015): Hadja Rawiya Suib vs. Emong Ebbah and Hon. Court o...
2025-12-05 19:19:04,960 - INFO -   ✓ Found at: https://lawphil.net/judjuris/juri2015/dec2015/gr_182375_2015.html
2025-12-05 19:19:04,961 - INFO -   ✓ Saved: RESTRUCTURED_DB/2015/december/182375.json
2025-12-05 19:19:05,461 - INFO - Scraping G.R. No. 192659 (2015): Philippine Race Horse Trainer's Association, Inc. ...
2025-12-05 19:19:05,708 - INFO -   ✓ Found at: https://lawphil.net/judjuris/juri2015/dec2015/gr_192659_2015.html
2025-12-05 19:19:05,709 - INFO -   ✓ Saved: RESTRUCTURED_DB/2015/december/192659.json
2025-12-05 19:19:06,209 - INFO - Scraping G.R. No. 193964 (2015): Engineer Ben Y. Lim, et al. vs. Hon. Sulpicio G. G...
2025-12-05 19:19:07,008 - INFO -   ✓ Found at: https://lawphil.net/judjuris/juri2015/dec2015/gr_193964_2015.html
2025-12-05 19:19:07,013 - INFO -   ✓ Saved: RESTRUCTURED_DB/2015/december/193964.json
2025-12-05 19:19:07,514 - INFO - Scraping G.R. No. 203918 (2015): Spouses Amador C. Cayago, Jr. and Ermalinda B. Cay...
2025-12-05 19:19:07,772 - INFO -   ✓ Found at: https://lawphil.net/judjuris/juri2015/dec2015/gr_203918_2015.html
2025-12-05 19:19:07,773 - INFO -   ✓ Saved: RESTRUCTURED_DB/2015/december/203918.json
2025-12-05 19:19:08,273 - INFO - Scraping G.R. No. 206972 (2015): People of the Philippines vs. Pamuel A. Magno...
2025-12-05 19:19:08,591 - INFO -   ✓ Found at: https://lawphil.net/judjuris/juri2015/dec2015/gr_206972_2015.html
2025-12-05 19:19:08,592 - INFO -   ✓ Saved: RESTRUCTURED_DB/2015/december/206972.json
2025-12-05 19:19:09,092 - INFO - Scraping G.R. No. 208113 (2015): Dolores Diaz vs. People of the Philippines and Let...
2025-12-05 19:19:09,547 - INFO -   ✓ Found at: https://lawphil.net/judjuris/juri2015/dec2015/gr_208113_2015.html
2025-12-05 19:19:09,548 - INFO -   ✓ Saved: RESTRUCTURED_DB/2015/december/208113.json
2025-12-05 19:19:10,048 - INFO - Scraping G.R. No. 211210 (2015): Radar Security & Watchman Agency, Inc. vs. Jose D....
2025-12-05 19:19:10,308 - INFO -   ✓ Found at: https://lawphil.net/judjuris/juri2015/dec2015/gr_211210_2015.html
2025-12-05 19:19:10,309 - INFO -   ✓ Saved: RESTRUCTURED_DB/2015/december/211210.json
2025-12-05 19:19:10,809 - INFO - Scraping G.R. No. 213814 (2015): Rafael B. Quillopa vs. Quality Guards Services and...
2025-12-05 19:19:11,340 - INFO -   ✓ Found at: https://lawphil.net/judjuris/juri2015/dec2015/gr_213814_2015.html
2025-12-05 19:19:11,341 - INFO -   ✓ Saved: RESTRUCTURED_DB/2015/december/213814.json
2025-12-05 19:19:11,841 - INFO - Scraping G.R. No. 196415 (2015): Commissioner of Internal Revenue vs. Toledo Power ...
2025-12-05 19:19:12,744 - INFO -   ✓ Found at: https://lawphil.net/judjuris/juri2015/dec2015/gr_196415_2015.html
2025-12-05 19:19:12,746 - INFO -   ✓ Saved: RESTRUCTURED_DB/2015/december/196415.json
2025-12-05 19:19:13,246 - INFO - Scraping G.R. No. 201652 (2015): Heirs of Simeon Latayan, et al. vs. Peing Tan, et ...
2025-12-05 19:19:13,499 - INFO -   ✓ Found at: https://lawphil.net/judjuris/juri2015/dec2015/gr_201652_2015.html
2025-12-05 19:19:13,501 - INFO -   ✓ Saved: RESTRUCTURED_DB/2015/december/201652.json
2025-12-05 19:19:14,002 - INFO - Scraping G.R. No. 209689 (2015): Marissa B. Quirante vs. Oroport Cargo Handling Ser...
2025-12-05 19:19:14,301 - INFO -   ✓ Found at: https://lawphil.net/judjuris/juri2015/dec2015/gr_209689_2015.html
2025-12-05 19:19:14,303 - INFO -   ✓ Saved: RESTRUCTURED_DB/2015/december/209689.json
2025-12-05 19:19:14,803 - INFO - Scraping G.R. No. 195654 (2015): Reynaldo Inutan, et al.vs. Napar Contracting & All...
2025-12-05 19:19:15,058 - INFO -   ✓ Found at: https://lawphil.net/judjuris/juri2015/nov2015/gr_195654_2015.html
2025-12-05 19:19:15,060 - INFO -   ✓ Saved: RESTRUCTURED_DB/2015/november/195654.json
2025-12-05 19:19:15,560 - INFO - Scraping G.R. No. 214502 (2015): People of the Philippines vs Franco Darmo De Guzma...
2025-12-05 19:19:15,980 - INFO -   ✓ Found at: https://lawphil.net/judjuris/juri2015/nov2015/gr_214502_2015.html
2025-12-05 19:19:15,982 - INFO -   ✓ Saved: RESTRUCTURED_DB/2015/november/214502.json
2025-12-05 19:19:16,482 - INFO - Scraping G.R. No. 210616 (2015): People of the Philippines vs Eddie Salibad y Dilo...
2025-12-05 19:19:16,820 - INFO -   ✓ Found at: https://lawphil.net/judjuris/juri2015/nov2015/gr_210616_2015.html
2025-12-05 19:19:16,821 - INFO -   ✓ Saved: RESTRUCTURED_DB/2015/november/210616.json
2025-12-05 19:19:17,321 - INFO - Scraping G.R. No. 217456 (2015): Marilou S. Laude and Mesehilda S. Laude vs Hon. Ro...
2025-12-05 19:19:17,999 - INFO -   ✓ Found at: https://lawphil.net/judjuris/juri2015/nov2015/gr_217456_2015.html
2025-12-05 19:19:18,001 - INFO -   ✓ Saved: RESTRUCTURED_DB/2015/november/217456.json
2025-12-05 19:19:18,502 - INFO - Scraping G.R. No. 203087 (2015): People of the Philippines vs Edgardo Zabala y Bala...
2025-12-05 19:19:18,977 - INFO -   ✓ Found at: https://lawphil.net/judjuris/juri2015/nov2015/gr_203087_2015.html
2025-12-05 19:19:18,978 - INFO -   ✓ Saved: RESTRUCTURED_DB/2015/november/203087.json
2025-12-05 19:19:19,479 - INFO - Scraping G.R. No. 193821 (2015): Phil-Air Conditioning Center vs. RCJ Lines and Rol...
2025-12-05 19:19:19,956 - INFO -   ✓ Found at: https://lawphil.net/judjuris/juri2015/nov2015/gr_193821_2015.html
2025-12-05 19:19:19,959 - INFO -   ✓ Saved: RESTRUCTURED_DB/2015/november/193821.json
2025-12-05 19:19:20,459 - INFO - Scraping G.R. No. 179257 (2015): United Alloy Philippines Corporation vs. United Co...
2025-12-05 19:19:20,717 - INFO -   ✓ Found at: https://lawphil.net/judjuris/juri2015/nov2015/gr_179257_2015.html
2025-12-05 19:19:20,718 - INFO -   ✓ Saved: RESTRUCTURED_DB/2015/november/179257.json
2025-12-05 19:19:21,219 - INFO - Scraping G.R. No. 202611 (2015): Abner Mangubat vs. Belen Morga-Sey a...
2025-12-05 19:19:21,477 - INFO -   ✓ Found at: https://lawphil.net/judjuris/juri2015/nov2015/gr_202611_2015.html
2025-12-05 19:19:21,478 - INFO -   ✓ Saved: RESTRUCTURED_DB/2015/november/202611.json
2025-12-05 19:19:21,978 - INFO - Scraping G.R. No. 215471 (2015): Marlow Navigation Philippines Inc. vs. Braulio A. ...
2025-12-05 19:19:22,468 - INFO -   ✓ Found at: https://lawphil.net/judjuris/juri2015/nov2015/gr_215471_2015.html
2025-12-05 19:19:22,470 - INFO -   ✓ Saved: RESTRUCTURED_DB/2015/november/215471.json
2025-12-05 19:19:22,970 - INFO - Scraping G.R. No. 189229 (2015): Reynaldo Noblado, et al. vs. Princesita K. Alfonso...
2025-12-05 19:19:23,504 - INFO -   ✓ Found at: https://lawphil.net/judjuris/juri2015/nov2015/gr_189229_2015.html
2025-12-05 19:19:23,505 - INFO -   ✓ Saved: RESTRUCTURED_DB/2015/november/189229.json
2025-12-05 19:19:24,006 - INFO - Scraping G.R. No. 188118 (2015): Federal Phoenix Assurance Co., Ltd. vs. Fortune Se...
2025-12-05 19:19:24,372 - INFO -   ✓ Found at: https://lawphil.net/judjuris/juri2015/nov2015/gr_188118_2015.html
2025-12-05 19:19:24,373 - INFO -   ✓ Saved: RESTRUCTURED_DB/2015/november/188118.json
2025-12-05 19:19:24,873 - INFO - Scraping G.R. No. 192443 (2015): Allied Banking Corporation vs. Cristina B. Fukuoka...
2025-12-05 19:19:25,426 - INFO -   ✓ Found at: https://lawphil.net/judjuris/juri2015/nov2015/gr_192443_2015.html
2025-12-05 19:19:25,427 - INFO -   ✓ Saved: RESTRUCTURED_DB/2015/november/192443.json
2025-12-05 19:19:25,927 - INFO - Scraping G.R. No. 173864 (2015): Bangko Sentral Ng Pilipinas vs. Agustin Libo-On...
2025-12-05 19:19:26,392 - INFO -   ✓ Found at: https://lawphil.net/judjuris/juri2015/nov2015/gr_173864_2015.html
2025-12-05 19:19:26,393 - INFO -   ✓ Saved: RESTRUCTURED_DB/2015/november/173864.json
2025-12-05 19:19:26,894 - INFO - Scraping G.R. No. 199601 (2015): Philippine Commercial International Bank(Now Bdo U...
2025-12-05 19:19:27,154 - INFO -   ✓ Found at: https://lawphil.net/judjuris/juri2015/nov2015/gr_199601_2015.html
2025-12-05 19:19:27,155 - INFO -   ✓ Saved: RESTRUCTURED_DB/2015/november/199601.json
2025-12-05 19:19:27,656 - INFO - Scraping G.R. No. 179121 (2015): Margarita M. Benedicto-Muñoz vs Maria Angeles Cach...
2025-12-05 19:19:28,333 - INFO -   ✓ Found at: https://lawphil.net/judjuris/juri2015/nov2015/gr_179121_2015.html
2025-12-05 19:19:28,336 - INFO -   ✓ Saved: RESTRUCTURED_DB/2015/november/179121.json
2025-12-05 19:19:28,836 - INFO - Scraping G.R. No. 213330 (2015): Aleli C. Almadovar vs Chairperson Ma. Gracia M. Pu...
2025-12-05 19:19:29,190 - INFO -   ✓ Found at: https://lawphil.net/judjuris/juri2015/nov2015/gr_213330_2015.html
2025-12-05 19:19:29,191 - INFO -   ✓ Saved: RESTRUCTURED_DB/2015/november/213330.json
2025-12-05 19:19:29,691 - INFO - Scraping G.R. No. 175378 (2015): Multi-International Business Data System, Inc. vs....
2025-12-05 19:19:30,028 - INFO -   ✓ Found at: https://lawphil.net/judjuris/juri2015/nov2015/gr_175378_2015.html
2025-12-05 19:19:30,029 - INFO -   ✓ Saved: RESTRUCTURED_DB/2015/november/175378.json
2025-12-05 19:19:30,529 - INFO - Scraping G.R. No. 202859 (2015): New Filipino Maritime Agencies, Inc. vs. Vincent H...
2025-12-05 19:19:31,001 - INFO -   ✓ Found at: https://lawphil.net/judjuris/juri2015/nov2015/gr_202859_2015.html
2025-12-05 19:19:31,003 - INFO -   ✓ Saved: RESTRUCTURED_DB/2015/november/202859.json
2025-12-05 19:19:31,503 - INFO - Scraping G.R. No. 197458 (2015): Nicanor Pinlac y Resolme vs. People of the Philipp...
2025-12-05 19:19:31,751 - INFO -   ✓ Found at: https://lawphil.net/judjuris/juri2015/nov2015/gr_197458_2015.html
2025-12-05 19:19:31,752 - INFO -   ✓ Saved: RESTRUCTURED_DB/2015/november/197458.json
2025-12-05 19:19:32,253 - INFO - Scraping G.R. No. 176908 (2015): Purisimo M. Cabaobas, et al. vs Pepsi-Cola Product...
2025-12-05 19:19:32,766 - INFO -   ✓ Found at: https://lawphil.net/judjuris/juri2015/nov2015/gr_176908_2015.html
2025-12-05 19:19:32,767 - INFO -   ✓ Saved: RESTRUCTURED_DB/2015/november/176908.json
2025-12-05 19:19:33,267 - INFO - Scraping G.R. No. 199087 (2015): People of the Philippines vs Jerry Punzalan and Pa...
2025-12-05 19:19:34,019 - INFO -   ✓ Found at: https://lawphil.net/judjuris/juri2015/nov2015/gr_199087_2015.html
2025-12-05 19:19:34,021 - INFO -   ✓ Saved: RESTRUCTURED_DB/2015/november/199087.json
2025-12-05 19:19:34,521 - INFO - Scraping G.R. No. 196083 (2015): Milagros C. Reyes vs Felix P. Asuncion...
2025-12-05 19:19:34,765 - INFO -   ✓ Found at: https://lawphil.net/judjuris/juri2015/nov2015/gr_196083_2015.html
2025-12-05 19:19:34,766 - INFO -   ✓ Saved: RESTRUCTURED_DB/2015/november/196083.json
2025-12-05 19:19:35,266 - INFO - Scraping G.R. No. 197802 (2015): Zuneca Pharmaceutical, Akram Arain and/or Venus Ar...
2025-12-05 19:19:35,515 - INFO -   ✓ Found at: https://lawphil.net/judjuris/juri2015/nov2015/gr_197802_2015.html
2025-12-05 19:19:35,516 - INFO -   ✓ Saved: RESTRUCTURED_DB/2015/november/197802.json
2025-12-05 19:19:36,016 - INFO - Scraping G.R. No. 193158 (2015): Philippine Health Insurance Corporation vs Our Lad...
2025-12-05 19:19:36,506 - INFO -   ✓ Found at: https://lawphil.net/judjuris/juri2015/nov2015/gr_193158_2015.html
2025-12-05 19:19:36,507 - INFO -   ✓ Saved: RESTRUCTURED_DB/2015/november/193158.json
2025-12-05 19:19:37,007 - INFO - Scraping G.R. No. 208842 (2015): People of the Philippines, vs. Reynaldo Simbulan A...
2025-12-05 19:19:37,277 - INFO -   ✓ Found at: https://lawphil.net/judjuris/juri2015/nov2015/gr_208842_2015.html
2025-12-05 19:19:37,278 - INFO -   ✓ Saved: RESTRUCTURED_DB/2015/november/208842.json
2025-12-05 19:19:37,778 - INFO - Scraping G.R. No. 207105 (2015): Arsenio A. Agustin vs. Commission on Elections...
2025-12-05 19:19:38,027 - INFO -   ✓ Found at: https://lawphil.net/judjuris/juri2015/nov2015/gr_207105_2015.html
2025-12-05 19:19:38,029 - INFO -   ✓ Saved: RESTRUCTURED_DB/2015/november/207105.json
2025-12-05 19:19:38,529 - INFO - Scraping G.R. No. 201830 (2015): Office of the Ombudsman vs. Roger F. Borja...
2025-12-05 19:19:39,002 - INFO -   ✓ Found at: https://lawphil.net/judjuris/juri2015/nov2015/gr_201830_2015.html
2025-12-05 19:19:39,003 - INFO -   ✓ Saved: RESTRUCTURED_DB/2015/november/201830.json
2025-12-05 19:19:39,503 - INFO - Scraping G.R. No. 205915 (2015): Asset Pool a (SPV-AMC), Inc. vs. Clark Development...
2025-12-05 19:19:39,862 - INFO -   ✓ Found at: https://lawphil.net/judjuris/juri2015/nov2015/gr_205915_2015.html
2025-12-05 19:19:39,863 - INFO -   ✓ Saved: RESTRUCTURED_DB/2015/november/205915.json
2025-12-05 19:19:40,363 - INFO - Scraping G.R. No. 211056 (2015): People of the Philippines vs. Bienvenido Remedios ...
2025-12-05 19:19:40,821 - INFO -   ✓ Found at: https://lawphil.net/judjuris/juri2015/nov2015/gr_211056_2015.html
2025-12-05 19:19:40,822 - INFO -   ✓ Saved: RESTRUCTURED_DB/2015/november/211056.json
2025-12-05 19:19:41,323 - INFO - Scraping G.R. No. 209284 (2015): Renee B. Tanchuling, vs. Sotero C. Cantela...
2025-12-05 19:19:41,797 - INFO -   ✓ Found at: https://lawphil.net/judjuris/juri2015/nov2015/gr_209284_2015.html
2025-12-05 19:19:41,799 - INFO -   ✓ Saved: RESTRUCTURED_DB/2015/november/209284.json
2025-12-05 19:19:42,299 - INFO - Scraping G.R. No. 206593 (2015): People of the Philippines vs. Ramonito B. Asignar...
2025-12-05 19:19:42,646 - INFO -   ✓ Found at: https://lawphil.net/judjuris/juri2015/nov2015/gr_206593_2015.html
2025-12-05 19:19:42,647 - INFO -   ✓ Saved: RESTRUCTURED_DB/2015/november/206593.json
2025-12-05 19:19:43,147 - INFO - Scraping G.R. No. 190641 (2015): Valley Golf and Country Club, Inc vs. Dr. Victor R...
2025-12-05 19:19:43,388 - INFO -   ✓ Found at: https://lawphil.net/judjuris/juri2015/nov2015/gr_190641_2015.html
2025-12-05 19:19:43,389 - INFO -   ✓ Saved: RESTRUCTURED_DB/2015/november/190641.json
2025-12-05 19:19:43,890 - INFO - Scraping G.R. No. 208844 (2015): F & S Velasco Company, Inc., Irwin J. Sev A, Rosin...
2025-12-05 19:19:44,141 - INFO -   ✓ Found at: https://lawphil.net/judjuris/juri2015/nov2015/gr_208844_2015.html
2025-12-05 19:19:44,143 - INFO -   ✓ Saved: RESTRUCTURED_DB/2015/november/208844.json
2025-12-05 19:19:44,643 - INFO - Scraping G.R. No. 202664 (2015): Manuel Luis C. Gonzales and Francis Martin D. Gonz...
2025-12-05 19:19:44,910 - INFO -   ✓ Found at: https://lawphil.net/judjuris/juri2015/nov2015/gr_202664_2015.html
2025-12-05 19:19:44,912 - INFO -   ✓ Saved: RESTRUCTURED_DB/2015/november/202664.json
2025-12-05 19:19:45,412 - INFO - Scraping G.R. No. 203883 (2015): Homeowners Association of Talayan Village, Inc. vs...
2025-12-05 19:19:45,660 - INFO -   ✓ Found at: https://lawphil.net/judjuris/juri2015/nov2015/gr_203883_2015.html
2025-12-05 19:19:45,662 - INFO -   ✓ Saved: RESTRUCTURED_DB/2015/november/203883.json
2025-12-05 19:19:46,162 - INFO - Scraping G.R. No. 197925 (2015): People of the Philippines vs Edwin Dalawis y Hidal...
2025-12-05 19:19:46,609 - INFO -   ✓ Found at: https://lawphil.net/judjuris/juri2015/nov2015/gr_197925_2015.html
2025-12-05 19:19:46,610 - INFO -   ✓ Saved: RESTRUCTURED_DB/2015/november/197925.json
2025-12-05 19:19:47,111 - INFO - Scraping G.R. No. 207041 (2015): People of the Philippines vs Jesus A. Arrojado...
2025-12-05 19:19:47,637 - INFO -   ✓ Found at: https://lawphil.net/judjuris/juri2015/nov2015/gr_207041_2015.html
2025-12-05 19:19:47,638 - INFO -   ✓ Saved: RESTRUCTURED_DB/2015/november/207041.json
2025-12-05 19:19:48,138 - INFO - Scraping G.R. No. 171172 (2015): Bank of the Philippines vs. Spouses Johnson & Evel...
2025-12-05 19:19:48,507 - INFO -   ✓ Found at: https://lawphil.net/judjuris/juri2015/nov2015/gr_171172_2015.html
2025-12-05 19:19:48,509 - INFO -   ✓ Saved: RESTRUCTURED_DB/2015/november/171172.json
2025-12-05 19:19:49,010 - INFO - Scraping G.R. No. 174115 (2015): Punongbayan and Araullo (P&A), et al. vs. Roberto ...
2025-12-05 19:19:49,736 - INFO -   ✓ Found at: https://lawphil.net/judjuris/juri2015/nov2015/gr_174115_2015.html
2025-12-05 19:19:49,738 - INFO -   ✓ Saved: RESTRUCTURED_DB/2015/november/174115.json
2025-12-05 19:19:50,239 - INFO - Scraping G.R. No. 205760 (2015): Francisco T. Inocencio vs. People of the Philippin...
2025-12-05 19:19:50,485 - INFO -   ✓ Found at: https://lawphil.net/judjuris/juri2015/nov2015/gr_205760_2015.html
2025-12-05 19:19:50,486 - INFO -   ✓ Saved: RESTRUCTURED_DB/2015/november/205760.json
2025-12-05 19:19:50,987 - INFO - Scraping G.R. No. 192955 (2015): Edilberto P. Etom, Jr. vs. Aroma Lodging House...
2025-12-05 19:19:51,239 - INFO -   ✓ Found at: https://lawphil.net/judjuris/juri2015/nov2015/gr_192955_2015.html
2025-12-05 19:19:51,241 - INFO -   ✓ Saved: RESTRUCTURED_DB/2015/november/192955.json
2025-12-05 19:19:51,741 - INFO - 
Batch 1 complete:
2025-12-05 19:19:51,741 - INFO -   Successful: 98
2025-12-05 19:19:51,741 - INFO -   Failed: 2
2025-12-05 19:19:51,741 - INFO -   Skipped: 0
2025-12-05 19:19:51,741 - INFO - 
Overall progress: 100/821 cases
2025-12-05 19:19:51,741 - INFO - 
================================================================================
2025-12-05 19:19:51,741 - INFO - BATCH 2/9 (100 cases)
2025-12-05 19:19:51,741 - INFO - ================================================================================
2025-12-05 19:19:51,741 - INFO - Scraping G.R. No. 185058 (2015): Jovita S. Manalo vs. Ateneo De Naga University...
2025-12-05 19:19:52,204 - INFO -   ✓ Found at: https://lawphil.net/judjuris/juri2015/nov2015/gr_185058_2015.html
2025-12-05 19:19:52,207 - INFO -   ✓ Saved: RESTRUCTURED_DB/2015/november/185058.json
2025-12-05 19:19:52,708 - INFO - Scraping G.R. No. 205039 (2015): Spouses Rozelle Raymond Martin and Claudine Margar...
2025-12-05 19:19:52,967 - INFO -   ✓ Found at: https://lawphil.net/judjuris/juri2015/oct2015/gr_205039_2015.html
2025-12-05 19:19:52,969 - INFO -   ✓ Saved: RESTRUCTURED_DB/2015/october/205039.json
2025-12-05 19:19:53,469 - INFO - Scraping G.R. No. 215313 (2015): Olimpio O. Olidana vs. Jebsens Maritime. Inc....
2025-12-05 19:19:53,820 - INFO -   ✓ Found at: https://lawphil.net/judjuris/juri2015/oct2015/gr_215313_2015.html
2025-12-05 19:19:53,821 - INFO -   ✓ Saved: RESTRUCTURED_DB/2015/october/215313.json
2025-12-05 19:19:54,321 - INFO - Scraping G.R. No. 203969 (2015): Ernesto Oppen, Inc. vs. Alberto Compas, Substitute...
2025-12-05 19:19:54,698 - INFO -   ✓ Found at: https://lawphil.net/judjuris/juri2015/oct2015/gr_203969_2015.html
2025-12-05 19:19:54,700 - INFO -   ✓ Saved: RESTRUCTURED_DB/2015/october/203969.json
2025-12-05 19:19:55,200 - INFO - Scraping G.R. No. 213197 (2015): Remegio A. Ching vs. San Pedro College of Business...
2025-12-05 19:19:55,883 - INFO -   ✓ Found at: https://lawphil.net/judjuris/juri2015/oct2015/gr_213197_2015.html
2025-12-05 19:19:55,885 - INFO -   ✓ Saved: RESTRUCTURED_DB/2015/october/213197.json
2025-12-05 19:19:56,385 - INFO - Scraping G.R. No. 184076 (2015): St. Raphael Montessori School, Inc., represented b...
2025-12-05 19:19:56,736 - INFO -   ✓ Found at: https://lawphil.net/judjuris/juri2015/oct2015/gr_184076_2015.html
2025-12-05 19:19:56,737 - INFO -   ✓ Saved: RESTRUCTURED_DB/2015/october/184076.json
2025-12-05 19:19:57,237 - INFO - Scraping G.R. No. 215319 (2015): People of the Philippines vs. Apolonio Babor @ "Ju...
2025-12-05 19:19:57,484 - INFO -   ✓ Found at: https://lawphil.net/judjuris/juri2015/oct2015/gr_215319_2015.html
2025-12-05 19:19:57,486 - INFO -   ✓ Saved: RESTRUCTURED_DB/2015/october/215319.json
2025-12-05 19:19:57,986 - INFO - Scraping G.R. No. 194159 (2015): Presidential Commission on Good Government vs. Ma....
2025-12-05 19:19:58,244 - INFO -   ✓ Found at: https://lawphil.net/judjuris/juri2015/oct2015/gr_194159_2015.html
2025-12-05 19:19:58,246 - INFO -   ✓ Saved: RESTRUCTURED_DB/2015/october/194159.json
2025-12-05 19:19:58,746 - INFO - Scraping G.R. No. 199270 (2015): People of the Philippines vs. Vergel Ancajas and A...
2025-12-05 19:19:59,047 - INFO -   ✓ Found at: https://lawphil.net/judjuris/juri2015/oct2015/gr_199270_2015.html
2025-12-05 19:19:59,050 - INFO -   ✓ Saved: RESTRUCTURED_DB/2015/october/199270.json
2025-12-05 19:19:59,550 - INFO - Scraping G.R. No. 196597 (2015): Modesto W. Rivera vs. Allied Banking Corporation, ...
2025-12-05 19:19:59,809 - INFO -   ✓ Found at: https://lawphil.net/judjuris/juri2015/oct2015/gr_196597_2015.html
2025-12-05 19:19:59,812 - INFO -   ✓ Saved: RESTRUCTURED_DB/2015/october/196597.json
2025-12-05 19:20:00,312 - INFO - Scraping G.R. No. 166391 (2015): Microsoft Corporation vs. Rolando D. Manansala, et...
2025-12-05 19:20:00,790 - INFO -   ✓ Found at: https://lawphil.net/judjuris/juri2015/oct2015/gr_166391_2015.html
2025-12-05 19:20:00,791 - INFO -   ✓ Saved: RESTRUCTURED_DB/2015/october/166391.json
2025-12-05 19:20:01,291 - INFO - Scraping G.R. No. 176394 (2015): Col. Orlando E. De Leon vs. Lt. Gen. Hermogenes C....
2025-12-05 19:20:01,753 - INFO -   ✓ Found at: https://lawphil.net/judjuris/juri2015/oct2015/gr_176394_2015.html
2025-12-05 19:20:01,755 - INFO -   ✓ Saved: RESTRUCTURED_DB/2015/october/176394.json
2025-12-05 19:20:02,255 - INFO - Scraping G.R. No. 172902 (2015): Ramon Ike V. Señeres vs. Delfin Jay M. Sabido IX, ...
2025-12-05 19:20:02,649 - INFO -   ✓ Found at: https://lawphil.net/judjuris/juri2015/oct2015/gr_172902_2015.html
2025-12-05 19:20:02,651 - INFO -   ✓ Saved: RESTRUCTURED_DB/2015/october/172902.json
2025-12-05 19:20:03,152 - INFO - Scraping G.R. No. 171953 (2015): National Housing Authority vs. Ernesto Roxas...
2025-12-05 19:20:03,619 - INFO -   ✓ Found at: https://lawphil.net/judjuris/juri2015/oct2015/gr_171953_2015.html
2025-12-05 19:20:03,620 - INFO -   ✓ Saved: RESTRUCTURED_DB/2015/october/171953.json
2025-12-05 19:20:04,120 - INFO - Scraping G.R. No. 194814 (2015): Rosario Enriquez Vda. De Santiago vs. Atty. Jose A...
2025-12-05 19:20:04,679 - INFO -   ✓ Found at: https://lawphil.net/judjuris/juri2015/oct2015/gr_194814_2015.html
2025-12-05 19:20:04,682 - INFO -   ✓ Saved: RESTRUCTURED_DB/2015/october/194814.json
2025-12-05 19:20:05,182 - INFO - Scraping G.R. No. 181284 (2015): Loloy Unduran, et al. vs. Ramon Aberasturi, et al....
2025-12-05 19:20:05,498 - INFO -   ✓ Found at: https://lawphil.net/judjuris/juri2015/oct2015/gr_181284_2015.html
2025-12-05 19:20:05,501 - INFO -   ✓ Saved: RESTRUCTURED_DB/2015/october/181284.json
2025-12-05 19:20:06,001 - INFO - Scraping G.R. No. 206513 (2015): Mustapha Dimakuta Maruhom vs. People of the Philip...
2025-12-05 19:20:06,295 - INFO -   ✓ Found at: https://lawphil.net/judjuris/juri2015/oct2015/gr_206513_2015.html
2025-12-05 19:20:06,298 - INFO -   ✓ Saved: RESTRUCTURED_DB/2015/october/206513.json
2025-12-05 19:20:06,799 - INFO - Scraping G.R. No. 169457 (2015): The Consolidated Bank and Trust Corporation vs. th...
2025-12-05 19:20:07,046 - INFO -   ✓ Found at: https://lawphil.net/judjuris/juri2015/oct2015/gr_169457_2015.html
2025-12-05 19:20:07,048 - INFO -   ✓ Saved: RESTRUCTURED_DB/2015/october/169457.json
2025-12-05 19:20:07,548 - INFO - Scraping G.R. No. 214057 (2015): Florentina Baustista-Spille, rep. by her attorney-...
2025-12-05 19:20:07,796 - INFO -   ✓ Found at: https://lawphil.net/judjuris/juri2015/oct2015/gr_214057_2015.html
2025-12-05 19:20:07,797 - INFO -   ✓ Saved: RESTRUCTURED_DB/2015/october/214057.json
2025-12-05 19:20:08,298 - INFO - Scraping G.R. No. 214506 (2015): People of the Philippines vs. Oscar Parba y Solon...
2025-12-05 19:20:08,822 - INFO -   ✓ Found at: https://lawphil.net/judjuris/juri2015/oct2015/gr_214506_2015.html
2025-12-05 19:20:08,823 - INFO -   ✓ Saved: RESTRUCTURED_DB/2015/october/214506.json
2025-12-05 19:20:09,323 - INFO - Scraping G.R. No. 197852 (2015): Pasig Agricultural Development and Industrial Supp...
2025-12-05 19:20:10,004 - INFO -   ✓ Found at: https://lawphil.net/judjuris/juri2015/oct2015/gr_197852_2015.html
2025-12-05 19:20:10,005 - INFO -   ✓ Saved: RESTRUCTURED_DB/2015/october/197852.json
2025-12-05 19:20:10,505 - INFO - Scraping G.R. No. 177600 (2015): Mayor Anwar Berua Balindong, et al. vs. Court of A...
2025-12-05 19:20:10,747 - INFO -   ✓ Found at: https://lawphil.net/judjuris/juri2015/oct2015/gr_177600_2015.html
2025-12-05 19:20:10,749 - INFO -   ✓ Saved: RESTRUCTURED_DB/2015/october/177600.json
2025-12-05 19:20:11,250 - INFO - Scraping G.R. No. 193420 (2015): 7107 Islands Publishing, Inc. vs. the House Printe...
2025-12-05 19:20:11,706 - INFO -   ✓ Found at: https://lawphil.net/judjuris/juri2015/oct2015/gr_193420_2015.html
2025-12-05 19:20:11,707 - INFO -   ✓ Saved: RESTRUCTURED_DB/2015/october/193420.json
2025-12-05 19:20:12,207 - INFO - Scraping G.R. No. 212096 (2015): Nightowl Watchman & Security Agency, Inc. vs. Nest...
2025-12-05 19:20:12,452 - INFO -   ✓ Found at: https://lawphil.net/judjuris/juri2015/oct2015/gr_212096_2015.html
2025-12-05 19:20:12,454 - INFO -   ✓ Saved: RESTRUCTURED_DB/2015/october/212096.json
2025-12-05 19:20:12,954 - INFO - Scraping G.R. No. 197058 (2015): Gregory Baluyo y Gamora vs. Spouses Joaquin and Re...
2025-12-05 19:20:13,201 - INFO -   ✓ Found at: https://lawphil.net/judjuris/juri2015/oct2015/gr_197058_2015.html
2025-12-05 19:20:13,203 - INFO -   ✓ Saved: RESTRUCTURED_DB/2015/october/197058.json
2025-12-05 19:20:13,703 - INFO - Scraping G.R. No. 191176 (2015): Department of the Interior and Local Government (D...
2025-12-05 19:20:13,950 - INFO -   ✓ Found at: https://lawphil.net/judjuris/juri2015/oct2015/gr_191176_2015.html
2025-12-05 19:20:13,951 - INFO -   ✓ Saved: RESTRUCTURED_DB/2015/october/191176.json
2025-12-05 19:20:14,451 - INFO - Scraping G.R. No. 175483 (2015): Valentino S. Clemente vs. the Court of Appeals, An...
2025-12-05 19:20:15,096 - INFO -   ✓ Found at: https://lawphil.net/judjuris/juri2015/oct2015/gr_175483_2015.html
2025-12-05 19:20:15,098 - INFO -   ✓ Saved: RESTRUCTURED_DB/2015/october/175483.json
2025-12-05 19:20:15,598 - INFO - Scraping G.R. No. 166573 (2015): Nememcio C. Pulumbarit, Sr. vs. the Court of Appea...
2025-12-05 19:20:23,801 - WARNING -   ✗ Not found for G.R. No. 166573
2025-12-05 19:20:24,302 - INFO - Scraping G.R. No. 161006 (2015): Rogelio Baronda vs. Hon. Court of Appeals and Hide...
2025-12-05 19:20:24,758 - INFO -   ✓ Found at: https://lawphil.net/judjuris/juri2015/oct2015/gr_161006_2015.html
2025-12-05 19:20:24,759 - INFO -   ✓ Saved: RESTRUCTURED_DB/2015/october/161006.json
2025-12-05 19:20:25,260 - INFO - Scraping G.R. No. 171897 (2015): Philippine Trust Company vs. Floro Roxas and Eufem...
2025-12-05 19:20:25,732 - INFO -   ✓ Found at: https://lawphil.net/judjuris/juri2015/oct2015/gr_171897_2015.html
2025-12-05 19:20:25,734 - INFO -   ✓ Saved: RESTRUCTURED_DB/2015/october/171897.json
2025-12-05 19:20:26,234 - INFO - Scraping G.R. No. 182208 (2015): Asian Terminals, Inc. vs. Allied Guarantee Insuran...
2025-12-05 19:20:26,690 - INFO -   ✓ Found at: https://lawphil.net/judjuris/juri2015/oct2015/gr_182208_2015.html
2025-12-05 19:20:26,691 - INFO -   ✓ Saved: RESTRUCTURED_DB/2015/october/182208.json
2025-12-05 19:20:27,192 - INFO - Scraping G.R. No. 193990 (2015): Eastern Shipping Lines, Inc. and/or Congressman Er...
2025-12-05 19:20:27,592 - INFO -   ✓ Found at: https://lawphil.net/judjuris/juri2015/oct2015/gr_193990_2015.html
2025-12-05 19:20:27,593 - INFO -   ✓ Saved: RESTRUCTURED_DB/2015/october/193990.json
2025-12-05 19:20:28,093 - INFO - Scraping G.R. No. 194410 (2015): Ocean East Agency, et al. vs. Allan I. Lopez...
2025-12-05 19:20:28,785 - INFO -   ✓ Found at: https://lawphil.net/judjuris/juri2015/oct2015/gr_194410_2015.html
2025-12-05 19:20:28,787 - INFO -   ✓ Saved: RESTRUCTURED_DB/2015/october/194410.json
2025-12-05 19:20:29,287 - INFO - Scraping G.R. No. 194767 (2015): Edgar T. Barroso vs. Hon. Judge George E. Omelio, ...
2025-12-05 19:20:29,910 - INFO -   ✓ Found at: https://lawphil.net/judjuris/juri2015/oct2015/gr_194767_2015.html
2025-12-05 19:20:29,912 - INFO -   ✓ Saved: RESTRUCTURED_DB/2015/october/194767.json
2025-12-05 19:20:30,412 - INFO - Scraping G.R. No. 204105 (2015): Geronimo S. Rosas vs. Dilausan Montor and Imra-Ali...
2025-12-05 19:20:30,690 - INFO -   ✓ Found at: https://lawphil.net/judjuris/juri2015/oct2015/gr_204105_2015.html
2025-12-05 19:20:30,692 - INFO -   ✓ Saved: RESTRUCTURED_DB/2015/october/204105.json
2025-12-05 19:20:31,192 - INFO - Scraping G.R. No. 212861 (2015): Melvin P. Mallo vs. Southeast Asian College, Inc. ...
2025-12-05 19:20:31,921 - INFO -   ✓ Found at: https://lawphil.net/judjuris/juri2015/oct2015/gr_212861_2015.html
2025-12-05 19:20:31,922 - INFO -   ✓ Saved: RESTRUCTURED_DB/2015/october/212861.json
2025-12-05 19:20:32,423 - INFO - Scraping G.R. No. 210841 (2015): People of the Philippines vs. Enrico Mirondo y Izo...
2025-12-05 19:20:32,674 - INFO -   ✓ Found at: https://lawphil.net/judjuris/juri2015/oct2015/gr_210841_2015.html
2025-12-05 19:20:32,676 - INFO -   ✓ Saved: RESTRUCTURED_DB/2015/october/210841.json
2025-12-05 19:20:33,176 - INFO - Scraping G.R. No. 211145 (2015): Samahan ng Manggagawa sa Hanjin Shipyard rep. by i...
2025-12-05 19:20:33,427 - INFO -   ✓ Found at: https://lawphil.net/judjuris/juri2015/oct2015/gr_211145_2015.html
2025-12-05 19:20:33,430 - INFO -   ✓ Saved: RESTRUCTURED_DB/2015/october/211145.json
2025-12-05 19:20:33,931 - INFO - Scraping G.R. No. 169442 (2015): Republic of the Philippines vs. Antonio V. Bañez, ...
2025-12-05 19:20:34,587 - INFO -   ✓ Found at: https://lawphil.net/judjuris/juri2015/oct2015/gr_169442_2015.html
2025-12-05 19:20:34,590 - INFO -   ✓ Saved: RESTRUCTURED_DB/2015/october/169442.json
2025-12-05 19:20:35,090 - INFO - Scraping G.R. No. 206910 (2015): People of the Philippines vs. Juliet Pancho...
2025-12-05 19:20:35,333 - INFO -   ✓ Found at: https://lawphil.net/judjuris/juri2015/oct2015/gr_206910_2015.html
2025-12-05 19:20:35,334 - INFO -   ✓ Saved: RESTRUCTURED_DB/2015/october/206910.json
2025-12-05 19:20:35,834 - INFO - Scraping G.R. No. 208015 (2015): People of the Philippines vs. Ronwaldo Lafaran y A...
2025-12-05 19:20:36,250 - INFO -   ✓ Found at: https://lawphil.net/judjuris/juri2015/oct2015/gr_208015_2015.html
2025-12-05 19:20:36,252 - INFO -   ✓ Saved: RESTRUCTURED_DB/2015/october/208015.json
2025-12-05 19:20:36,752 - INFO - Scraping G.R. No. 208802 (2015): G.V. Florida Transport, Inc. vs. Heirs of Romeo L....
2025-12-05 19:20:37,012 - INFO -   ✓ Found at: https://lawphil.net/judjuris/juri2015/oct2015/gr_208802_2015.html
2025-12-05 19:20:37,013 - INFO -   ✓ Saved: RESTRUCTURED_DB/2015/october/208802.json
2025-12-05 19:20:37,514 - INFO - Scraping G.R. No. 213014 (2015): Maybank Philippines, Inc. vs. Spouses Oscar and Ne...
2025-12-05 19:20:37,764 - INFO -   ✓ Found at: https://lawphil.net/judjuris/juri2015/oct2015/gr_213014_2015.html
2025-12-05 19:20:37,765 - INFO -   ✓ Saved: RESTRUCTURED_DB/2015/october/213014.json
2025-12-05 19:20:38,266 - INFO - Scraping G.R. No. 186114 (2015): Chevron (Phils.), Inc. vs. Vitalino C. Galit, SJS ...
2025-12-05 19:20:38,693 - INFO -   ✓ Found at: https://lawphil.net/judjuris/juri2015/oct2015/gr_186114_2015.html
2025-12-05 19:20:38,694 - INFO -   ✓ Saved: RESTRUCTURED_DB/2015/october/186114.json
2025-12-05 19:20:39,194 - INFO - Scraping G.R. No. 194969 (2015): Convoy Marketing Corporation and/or Arnold Laab vs...
2025-12-05 19:20:39,445 - INFO -   ✓ Found at: https://lawphil.net/judjuris/juri2015/oct2015/gr_194969_2015.html
2025-12-05 19:20:39,447 - INFO -   ✓ Saved: RESTRUCTURED_DB/2015/october/194969.json
2025-12-05 19:20:39,947 - INFO - Scraping G.R. No. 211638 (2015): Mark Anthony Saso vs. 88 Aces Maritime Services, I...
2025-12-05 19:20:40,472 - INFO -   ✓ Found at: https://lawphil.net/judjuris/juri2015/oct2015/gr_211638_2015.html
2025-12-05 19:20:40,473 - INFO -   ✓ Saved: RESTRUCTURED_DB/2015/october/211638.json
2025-12-05 19:20:40,973 - INFO - Scraping G.R. No. 181683 (2015): Lorenzo Shipping Corporation vs.  National Power C...
2025-12-05 19:20:41,333 - INFO -   ✓ Found at: https://lawphil.net/judjuris/juri2015/oct2015/gr_181683_2015.html
2025-12-05 19:20:41,335 - INFO -   ✓ Saved: RESTRUCTURED_DB/2015/october/181683.json
2025-12-05 19:20:41,835 - INFO - Scraping G.R. No. 182395 (2015): Marito T. Bernales vs. Northwest Airlines...
2025-12-05 19:20:42,181 - INFO -   ✓ Found at: https://lawphil.net/judjuris/juri2015/oct2015/gr_182395_2015.html
2025-12-05 19:20:42,182 - INFO -   ✓ Saved: RESTRUCTURED_DB/2015/october/182395.json
2025-12-05 19:20:42,682 - INFO - Scraping G.R. No. 191031 (2015): Dolores L. Hacbang and Bernardo J. Hacbang vs. Att...
2025-12-05 19:20:42,932 - INFO -   ✓ Found at: https://lawphil.net/judjuris/juri2015/oct2015/gr_191031_2015.html
2025-12-05 19:20:42,934 - INFO -   ✓ Saved: RESTRUCTURED_DB/2015/october/191031.json
2025-12-05 19:20:43,434 - INFO - Scraping G.R. No. 193271 (2015): Lolita M. Santiago vs.  Silvestre H. Bello IV...
2025-12-05 19:20:44,115 - INFO -   ✓ Found at: https://lawphil.net/judjuris/juri2015/oct2015/gr_193271_2015.html
2025-12-05 19:20:44,116 - INFO -   ✓ Saved: RESTRUCTURED_DB/2015/october/193271.json
2025-12-05 19:20:44,617 - INFO - Scraping G.R. No. 191526 (2015): Spouses Florentino and Consolacion Tabalno vs. Pau...
2025-12-05 19:20:45,013 - INFO -   ✓ Found at: https://lawphil.net/judjuris/juri2015/oct2015/gr_191526_2015.html
2025-12-05 19:20:45,015 - INFO -   ✓ Saved: RESTRUCTURED_DB/2015/october/191526.json
2025-12-05 19:20:45,515 - INFO - Scraping G.R. No. 182210 (2015): Paz T. Bernardo, et al. vs. People of the Philippi...
2025-12-05 19:20:46,012 - INFO -   ✓ Found at: https://lawphil.net/judjuris/juri2015/oct2015/gr_182210_2015.html
2025-12-05 19:20:46,014 - INFO -   ✓ Saved: RESTRUCTURED_DB/2015/october/182210.json
2025-12-05 19:20:46,514 - INFO - Scraping G.R. No. 201535 (2015): Nec System Integrated Construction (NESIC) Phils.,...
2025-12-05 19:20:47,115 - INFO -   ✓ Found at: https://lawphil.net/judjuris/juri2015/oct2015/gr_201535_2015.html
2025-12-05 19:20:47,117 - INFO -   ✓ Saved: RESTRUCTURED_DB/2015/october/201535.json
2025-12-05 19:20:47,617 - INFO - Scraping G.R. No. 158836 (2015): Sunrise Corporation vs Court of Appeals and First ...
2025-12-05 19:20:48,142 - INFO -   ✓ Found at: https://lawphil.net/judjuris/juri2015/sep2015/gr_158836_2015.html
2025-12-05 19:20:48,146 - INFO -   ✓ Saved: RESTRUCTURED_DB/2015/september/158836.json
2025-12-05 19:20:48,646 - INFO - Scraping G.R. No. 191479 (2015): Jesus Velasquez vs Spouses Paterno C. Cruz and Ros...
2025-12-05 19:20:48,931 - INFO -   ✓ Found at: https://lawphil.net/judjuris/juri2015/sep2015/gr_191479_2015.html
2025-12-05 19:20:48,932 - INFO -   ✓ Saved: RESTRUCTURED_DB/2015/september/191479.json
2025-12-05 19:20:49,433 - INFO - Scraping G.R. No. 205505 (2015): Atty. Isidro Q. Lico, et al. vs the Commission on ...
2025-12-05 19:20:49,909 - INFO -   ✓ Found at: https://lawphil.net/judjuris/juri2015/sep2015/gr_205505_2015.html
2025-12-05 19:20:49,910 - INFO -   ✓ Saved: RESTRUCTURED_DB/2015/september/205505.json
2025-12-05 19:20:50,411 - INFO - Scraping G.R. No. 202515 (2015): Lucena B. Rallos vs Honorable Justices Gabriel T. ...
2025-12-05 19:20:50,872 - INFO -   ✓ Found at: https://lawphil.net/judjuris/juri2015/sep2015/gr_202515_2015.html
2025-12-05 19:20:50,873 - INFO -   ✓ Saved: RESTRUCTURED_DB/2015/september/202515.json
2025-12-05 19:20:51,373 - INFO - Scraping G.R. No. 198531 (2015): Ethel Acampado, et al. vs Sps. Lourdes R. Cosmilla...
2025-12-05 19:20:51,684 - INFO -   ✓ Found at: https://lawphil.net/judjuris/juri2015/sep2015/gr_198531_2015.html
2025-12-05 19:20:51,685 - INFO -   ✓ Saved: RESTRUCTURED_DB/2015/september/198531.json
2025-12-05 19:20:52,185 - INFO - Scraping G.R. No. 187418 (2015): Rapid Manpower Consultants, Inc. vs Eduardo P. De ...
2025-12-05 19:20:52,487 - INFO -   ✓ Found at: https://lawphil.net/judjuris/juri2015/sep2015/gr_187418_2015.html
2025-12-05 19:20:52,488 - INFO -   ✓ Saved: RESTRUCTURED_DB/2015/september/187418.json
2025-12-05 19:20:52,988 - INFO - Scraping G.R. No. 196258 (2015): People of the Philippines vs Bonifacio Dandanon y ...
2025-12-05 19:20:53,242 - INFO -   ✓ Found at: https://lawphil.net/judjuris/juri2015/sep2015/gr_196258_2015.html
2025-12-05 19:20:53,244 - INFO -   ✓ Saved: RESTRUCTURED_DB/2015/september/196258.json
2025-12-05 19:20:53,744 - INFO - Scraping G.R. No. 175198 (2015): Alejandro Ceprado, Jr., Ronilo Sebial, Nicanor Oli...
2025-12-05 19:20:54,540 - INFO -   ✓ Found at: https://lawphil.net/judjuris/juri2015/sep2015/gr_175198_2015.html
2025-12-05 19:20:54,541 - INFO -   ✓ Saved: RESTRUCTURED_DB/2015/september/175198.json
2025-12-05 19:20:55,041 - INFO - Scraping G.R. No. 212686 (2015): Sergio R. Osmeña III vs Power Sector Assets and Li...
2025-12-05 19:20:55,293 - INFO -   ✓ Found at: https://lawphil.net/judjuris/juri2015/sep2015/gr_212686_2015.html
2025-12-05 19:20:55,297 - INFO -   ✓ Saved: RESTRUCTURED_DB/2015/september/212686.json
2025-12-05 19:20:55,797 - INFO - Scraping G.R. No. 197099 (2015): Eugenio San Juan Geronimo vs Karen Santos...
2025-12-05 19:20:56,580 - INFO -   ✓ Found at: https://lawphil.net/judjuris/juri2015/sep2015/gr_197099_2015.html
2025-12-05 19:20:56,582 - INFO -   ✓ Saved: RESTRUCTURED_DB/2015/september/197099.json
2025-12-05 19:20:57,083 - INFO - Scraping G.R. No. 175278 (2015): GSIS Family Bank-Thrift Bank (Formerly Comsavings ...
2025-12-05 19:20:57,519 - INFO -   ✓ Found at: https://lawphil.net/judjuris/juri2015/sep2015/gr_175278_2015.html
2025-12-05 19:20:57,521 - INFO -   ✓ Saved: RESTRUCTURED_DB/2015/september/175278.json
2025-12-05 19:20:58,021 - INFO - Scraping G.R. No. 205379 (2015): People of the Philippines vs Henry Caladcadan...
2025-12-05 19:20:58,267 - INFO -   ✓ Found at: https://lawphil.net/judjuris/juri2015/sep2015/gr_205379_2015.html
2025-12-05 19:20:58,268 - INFO -   ✓ Saved: RESTRUCTURED_DB/2015/september/205379.json
2025-12-05 19:20:58,768 - INFO - Scraping G.R. No. 191849 (2015): Frederick F. Felipe vs MGM Motor Trading Corporati...
2025-12-05 19:20:59,014 - INFO -   ✓ Found at: https://lawphil.net/judjuris/juri2015/sep2015/gr_191849_2015.html
2025-12-05 19:20:59,014 - INFO -   ✓ Saved: RESTRUCTURED_DB/2015/september/191849.json
2025-12-05 19:20:59,515 - INFO - Scraping G.R. No. 192389 (2015): C.F. Sharp Crew Management vs Rolando F. Obligado...
2025-12-05 19:20:59,981 - INFO -   ✓ Found at: https://lawphil.net/judjuris/juri2015/sep2015/gr_192389_2015.html
2025-12-05 19:20:59,982 - INFO -   ✓ Saved: RESTRUCTURED_DB/2015/september/192389.json
2025-12-05 19:21:00,482 - INFO - Scraping G.R. No. 209587 (2015): People of the Philippines vs Joel "Anjoy" Buca...
2025-12-05 19:21:00,777 - INFO -   ✓ Found at: https://lawphil.net/judjuris/juri2015/sep2015/gr_209587_2015.html
2025-12-05 19:21:00,779 - INFO -   ✓ Saved: RESTRUCTURED_DB/2015/september/209587.json
2025-12-05 19:21:01,279 - INFO - Scraping G.R. No. 194686 (2015): Tri-C General Services vs Nolasco B. Matuto, Romeo...
2025-12-05 19:21:01,530 - INFO -   ✓ Found at: https://lawphil.net/judjuris/juri2015/sep2015/gr_194686_2015.html
2025-12-05 19:21:01,532 - INFO -   ✓ Saved: RESTRUCTURED_DB/2015/september/194686.json
2025-12-05 19:21:02,032 - INFO - Scraping G.R. No. 198675 (2015): Ilaw Buklod ng Manggawa (IBM) Nestle Philippines, ...
2025-12-05 19:21:02,285 - INFO -   ✓ Found at: https://lawphil.net/judjuris/juri2015/sep2015/gr_198675_2015.html
2025-12-05 19:21:02,287 - INFO -   ✓ Saved: RESTRUCTURED_DB/2015/september/198675.json
2025-12-05 19:21:02,787 - INFO - Scraping G.R. No. 201359 (2015): Magsaysay Maritime Corporation, et al. vs Vigilio ...
2025-12-05 19:21:03,034 - INFO -   ✓ Found at: https://lawphil.net/judjuris/juri2015/sep2015/gr_201359_2015.html
2025-12-05 19:21:03,036 - INFO -   ✓ Saved: RESTRUCTURED_DB/2015/september/201359.json
2025-12-05 19:21:03,536 - INFO - Scraping G.R. No. 178317 (2015): Spouses Ricardo and Elena C. Golez vs Meliton Neme...
2025-12-05 19:21:03,777 - INFO -   ✓ Found at: https://lawphil.net/judjuris/juri2015/sep2015/gr_178317_2015.html
2025-12-05 19:21:03,779 - INFO -   ✓ Saved: RESTRUCTURED_DB/2015/september/178317.json
2025-12-05 19:21:04,279 - INFO - Scraping G.R. No. 204835 (2015): Movertrade Corporation vs the Commission on Audit ...
2025-12-05 19:21:04,925 - INFO -   ✓ Found at: https://lawphil.net/judjuris/juri2015/sep2015/gr_204835_2015.html
2025-12-05 19:21:04,927 - INFO -   ✓ Saved: RESTRUCTURED_DB/2015/september/204835.json
2025-12-05 19:21:05,427 - INFO - Scraping G.R. No. 209835 (2015): Rogelio Batin Caballero vs Commission on Elections...
2025-12-05 19:21:05,696 - INFO -   ✓ Found at: https://lawphil.net/judjuris/juri2015/sep2015/gr_209835_2015.html
2025-12-05 19:21:05,698 - INFO -   ✓ Saved: RESTRUCTURED_DB/2015/september/209835.json
2025-12-05 19:21:06,198 - INFO - Scraping G.R. No. 182151 (2015): Igliceria Vda. De Karaan vs Atty. Salvador Aguinal...
2025-12-05 19:21:06,629 - INFO -   ✓ Found at: https://lawphil.net/judjuris/juri2015/sep2015/gr_182151_2015.html
2025-12-05 19:21:06,631 - INFO -   ✓ Saved: RESTRUCTURED_DB/2015/september/182151.json
2025-12-05 19:21:07,131 - INFO - Scraping G.R. No. 198057 (2015): The People of the Philippines vs Randy Bañez y Bay...
2025-12-05 19:21:07,623 - INFO -   ✓ Found at: https://lawphil.net/judjuris/juri2015/sep2015/gr_198057_2015.html
2025-12-05 19:21:07,624 - INFO -   ✓ Saved: RESTRUCTURED_DB/2015/september/198057.json
2025-12-05 19:21:08,124 - INFO - Scraping G.R. No. 201945 (2015): Maersk-Filipinas Crewing, Inc./A.P. Moller A/C vs ...
2025-12-05 19:21:08,395 - INFO -   ✓ Found at: https://lawphil.net/judjuris/juri2015/sep2015/gr_201945_2015.html
2025-12-05 19:21:08,397 - INFO -   ✓ Saved: RESTRUCTURED_DB/2015/september/201945.json
2025-12-05 19:21:08,897 - INFO - Scraping G.R. No. 194589 (2015): Balayan Bay Rural Bank, Inc. represented by its St...
2025-12-05 19:21:09,377 - INFO -   ✓ Found at: https://lawphil.net/judjuris/juri2015/sep2015/gr_194589_2015.html
2025-12-05 19:21:09,379 - INFO -   ✓ Saved: RESTRUCTURED_DB/2015/september/194589.json
2025-12-05 19:21:09,879 - INFO - Scraping G.R. No. 214961 (2015): Banco De Oro Unibank, Inc. vs. Guillermo C. Sagays...
2025-12-05 19:21:10,617 - INFO -   ✓ Found at: https://lawphil.net/judjuris/juri2015/sep2015/gr_214961_2015.html
2025-12-05 19:21:10,619 - INFO -   ✓ Saved: RESTRUCTURED_DB/2015/september/214961.json
2025-12-05 19:21:11,119 - INFO - Scraping G.R. No. 173186 (2015): Aniceto Uy vs Court of Appeals, Mindanao Station, ...
2025-12-05 19:21:11,801 - INFO -   ✓ Found at: https://lawphil.net/judjuris/juri2015/sep2015/gr_173186_2015.html
2025-12-05 19:21:11,804 - INFO -   ✓ Saved: RESTRUCTURED_DB/2015/september/173186.json
2025-12-05 19:21:12,305 - INFO - Scraping G.R. No. 198796 (2015): The People of the Philippines vs Abdul Mammad y Ma...
2025-12-05 19:21:12,724 - INFO -   ✓ Found at: https://lawphil.net/judjuris/juri2015/sep2015/gr_198796_2015.html
2025-12-05 19:21:12,725 - INFO -   ✓ Saved: RESTRUCTURED_DB/2015/september/198796.json
2025-12-05 19:21:13,226 - INFO - Scraping G.R. No. 197728 (2015): Spouses Armado and Lorna Trinidad vs Dona Marie Gl...
2025-12-05 19:21:14,008 - INFO -   ✓ Found at: https://lawphil.net/judjuris/juri2015/sep2015/gr_197728_2015.html
2025-12-05 19:21:14,009 - INFO -   ✓ Saved: RESTRUCTURED_DB/2015/september/197728.json
2025-12-05 19:21:14,509 - INFO - Scraping G.R. No. 202446 (2015): Eduardo Bandillion, et al. vs La Filipina Uygongco...
2025-12-05 19:21:14,980 - INFO -   ✓ Found at: https://lawphil.net/judjuris/juri2015/sep2015/gr_202446_2015.html
2025-12-05 19:21:14,984 - INFO -   ✓ Saved: RESTRUCTURED_DB/2015/september/202446.json
2025-12-05 19:21:15,484 - INFO - Scraping G.R. No. 180323 (2015): Purina Philippines, Inc. vs Hon. Waldo Q. Flores, ...
2025-12-05 19:21:15,731 - INFO -   ✓ Found at: https://lawphil.net/judjuris/juri2015/sep2015/gr_180323_2015.html
2025-12-05 19:21:15,733 - INFO -   ✓ Saved: RESTRUCTURED_DB/2015/september/180323.json
