nohup: ignoring input
2025-12-05 19:17:54,779 - INFO - Loading missing cases list...
2025-12-05 19:17:54,794 - INFO - ================================================================================
2025-12-05 19:17:54,794 - INFO - LAWPHIL BATCH SCRAPER
2025-12-05 19:17:54,794 - INFO - ================================================================================
2025-12-05 19:17:54,794 - INFO - Database path: RESTRUCTURED_DB
2025-12-05 19:17:54,794 - INFO - Cases to scrape: 499
2025-12-05 19:17:54,794 - INFO - Year range: 2017-2017
2025-12-05 19:17:54,794 - INFO - Batch size: 100
2025-12-05 19:17:54,794 - INFO - ================================================================================
2025-12-05 19:17:54,795 - INFO - 
================================================================================
2025-12-05 19:17:54,795 - INFO - BATCH 1/5 (100 cases)
2025-12-05 19:17:54,795 - INFO - ================================================================================
2025-12-05 19:17:54,795 - INFO - Scraping G.R. No. 201763 (2017): Sultan Cawal P. Mangondaya Abdullatif vs. Naga Amp...
2025-12-05 19:18:04,140 - WARNING -   ✗ Not found for G.R. No. 201763
2025-12-05 19:18:04,641 - INFO - Scraping G.R. No. 201792 (2017): Wilfredo P. Asayas vs. Sea Power Shipping Enterpri...
2025-12-05 19:18:12,659 - WARNING -   ✗ Not found for G.R. No. 201792
2025-12-05 19:18:13,159 - INFO - Scraping G.R. No. 188493 (2017): Vivian B. Torreon and Felomina F. Abellana vs. Gen...
2025-12-05 19:18:13,834 - INFO -   ✓ Found at: https://lawphil.net/judjuris/juri2017/dec2017/gr_188493_2017.html
2025-12-05 19:18:13,837 - INFO -   ✓ Saved: RESTRUCTURED_DB/2017/december/188493.json
2025-12-05 19:18:14,338 - INFO - Scraping G.R. No. 209468 (2017): United Doctors Medical Center vs. Cesario Bernadas...
2025-12-05 19:18:14,808 - INFO -   ✓ Found at: https://lawphil.net/judjuris/juri2017/dec2017/gr_209468_2017.html
2025-12-05 19:18:14,809 - INFO -   ✓ Saved: RESTRUCTURED_DB/2017/december/209468.json
2025-12-05 19:18:15,309 - INFO - Scraping G.R. No. 223833 (2017): Joshua Casanas Y Cabantac A.K.A. Joshua Geronimo Y...
2025-12-05 19:18:15,938 - INFO -   ✓ Found at: https://lawphil.net/judjuris/juri2017/dec2017/gr_223833_2017.html
2025-12-05 19:18:15,940 - INFO -   ✓ Saved: RESTRUCTURED_DB/2017/december/223833.json
2025-12-05 19:18:16,440 - INFO - Scraping G.R. No. 191274 (2017): Erma Industries, Inc. vs. Security Bank Corporatio...
2025-12-05 19:18:17,054 - INFO -   ✓ Found at: https://lawphil.net/judjuris/juri2017/dec2017/gr_191274_2017.html
2025-12-05 19:18:17,056 - INFO -   ✓ Saved: RESTRUCTURED_DB/2017/december/191274.json
2025-12-05 19:18:17,557 - INFO - Scraping G.R. No. 228449 (2017): Grace R. Aluag vs. BIR Multi-Purpose Cooperative, ...
2025-12-05 19:18:18,088 - INFO -   ✓ Found at: https://lawphil.net/judjuris/juri2017/dec2017/gr_228449_2017.html
2025-12-05 19:18:18,090 - INFO -   ✓ Saved: RESTRUCTURED_DB/2017/december/228449.json
2025-12-05 19:18:18,590 - INFO - Scraping G.R. No. 227124 (2017): Heirs of Victor Amistoso vs. Elmer T. Vallecer...
2025-12-05 19:18:19,322 - INFO -   ✓ Found at: https://lawphil.net/judjuris/juri2017/dec2017/gr_227124_2017.html
2025-12-05 19:18:19,324 - INFO -   ✓ Saved: RESTRUCTURED_DB/2017/december/227124.json
2025-12-05 19:18:19,824 - INFO - Scraping G.R. No. 222366 (2017): W Land Holdings, Inc. vs. Starwood Hotels and Reso...
2025-12-05 19:18:20,529 - INFO -   ✓ Found at: https://lawphil.net/judjuris/juri2017/dec2017/gr_222366_2017.html
2025-12-05 19:18:20,531 - INFO -   ✓ Saved: RESTRUCTURED_DB/2017/december/222366.json
2025-12-05 19:18:21,032 - INFO - Scraping G.R. No. 217426 (2017): St. Martin Polyclinic, Inc. vs. LWV Construction C...
2025-12-05 19:18:21,377 - INFO -   ✓ Found at: https://lawphil.net/judjuris/juri2017/dec2017/gr_217426_2017.html
2025-12-05 19:18:21,379 - INFO -   ✓ Saved: RESTRUCTURED_DB/2017/december/217426.json
2025-12-05 19:18:21,880 - INFO - Scraping G.R. No. 225544 (2017): Rogel N. Zaragoza vs. Katherine L. Tan and Emperad...
2025-12-05 19:18:22,338 - INFO -   ✓ Found at: https://lawphil.net/judjuris/juri2017/dec2017/gr_225544_2017.html
2025-12-05 19:18:22,339 - INFO -   ✓ Saved: RESTRUCTURED_DB/2017/december/225544.json
2025-12-05 19:18:22,840 - INFO - Scraping G.R. No. 221815 (2017): Glynna Foronda-Crystal vs. Aniana Lawas Son...
2025-12-05 19:18:23,310 - INFO -   ✓ Found at: https://lawphil.net/judjuris/juri2017/nov2017/gr_221815_2017.html
2025-12-05 19:18:23,311 - INFO -   ✓ Saved: RESTRUCTURED_DB/2017/november/221815.json
2025-12-05 19:18:23,812 - INFO - Scraping G.R. No. 216139 (2017): Bernardo S. Zamora vs. Emmanuel Z. Quinan, Jr., et...
2025-12-05 19:18:24,272 - INFO -   ✓ Found at: https://lawphil.net/judjuris/juri2017/nov2017/gr_216139_2017.html
2025-12-05 19:18:24,273 - INFO -   ✓ Saved: RESTRUCTURED_DB/2017/november/216139.json
2025-12-05 19:18:24,773 - INFO - Scraping G.R. No. 229335 (2017): Republic of the Philippines, represented by the De...
2025-12-05 19:18:25,386 - INFO -   ✓ Found at: https://lawphil.net/judjuris/juri2017/nov2017/gr_229335_2017.html
2025-12-05 19:18:25,387 - INFO -   ✓ Saved: RESTRUCTURED_DB/2017/november/229335.json
2025-12-05 19:18:25,890 - INFO - Scraping G.R. No. 184819 (2017): Veterans Federation of the Philippines vs. Eduardo...
2025-12-05 19:18:26,360 - INFO -   ✓ Found at: https://lawphil.net/judjuris/juri2017/nov2017/gr_184819_2017.html
2025-12-05 19:18:26,362 - INFO -   ✓ Saved: RESTRUCTURED_DB/2017/november/184819.json
2025-12-05 19:18:26,862 - INFO - Scraping G.R. No. 193085 (2017): Petronilo Napone, Jr. and Edgar Napone vs. People ...
2025-12-05 19:18:27,974 - INFO -   ✓ Found at: https://lawphil.net/judjuris/juri2017/nov2017/gr_193085_2017.html
2025-12-05 19:18:27,976 - INFO -   ✓ Saved: RESTRUCTURED_DB/2017/november/193085.json
2025-12-05 19:18:28,476 - INFO - Scraping G.R. No. 203121 (2017): People of the Philippines vs. Golem Sota and Amida...
2025-12-05 19:18:28,725 - INFO -   ✓ Found at: https://lawphil.net/judjuris/juri2017/nov2017/gr_203121_2017.html
2025-12-05 19:18:28,728 - INFO -   ✓ Saved: RESTRUCTURED_DB/2017/november/203121.json
2025-12-05 19:18:29,228 - INFO - Scraping G.R. No. 223114 (2017): People of the Philippines vs. Jonas Pantoja y Asto...
2025-12-05 19:18:29,891 - INFO -   ✓ Found at: https://lawphil.net/judjuris/juri2017/nov2017/gr_223114_2017.html
2025-12-05 19:18:29,893 - INFO -   ✓ Saved: RESTRUCTURED_DB/2017/november/223114.json
2025-12-05 19:18:30,393 - INFO - Scraping G.R. No. 229701 (2017): Edwina Rimando y Fernando vs. People of the Philip...
2025-12-05 19:18:30,728 - INFO -   ✓ Found at: https://lawphil.net/judjuris/juri2017/nov2017/gr_229701_2017.html
2025-12-05 19:18:30,729 - INFO -   ✓ Saved: RESTRUCTURED_DB/2017/november/229701.json
2025-12-05 19:18:31,230 - INFO - Scraping G.R. No. 189290 (2017): Republic of the Philippines represented by the Env...
2025-12-05 19:18:31,698 - INFO -   ✓ Found at: https://lawphil.net/judjuris/juri2017/nov2017/gr_189290_2017.html
2025-12-05 19:18:31,700 - INFO -   ✓ Saved: RESTRUCTURED_DB/2017/november/189290.json
2025-12-05 19:18:32,200 - INFO - Scraping G.R. No. 197849 (2017): Raffy Brodeth and Rolan B. Onal vs. People of the ...
2025-12-05 19:18:32,918 - INFO -   ✓ Found at: https://lawphil.net/judjuris/juri2017/nov2017/gr_197849_2017.html
2025-12-05 19:18:32,919 - INFO -   ✓ Saved: RESTRUCTURED_DB/2017/november/197849.json
2025-12-05 19:18:33,420 - INFO - Scraping G.R. No. 220685 (2017): People of the Philippines vs. Ernesto L. Delos San...
2025-12-05 19:18:33,665 - INFO -   ✓ Found at: https://lawphil.net/judjuris/juri2017/nov2017/gr_220685_2017.html
2025-12-05 19:18:33,666 - INFO -   ✓ Saved: RESTRUCTURED_DB/2017/november/220685.json
2025-12-05 19:18:34,167 - INFO - Scraping G.R. No. 230682 (2017): Jolo's Kiddie Carts/Fun4Kids/Marlo U. Cabili vs. E...
2025-12-05 19:18:34,890 - INFO -   ✓ Found at: https://lawphil.net/judjuris/juri2017/nov2017/gr_230682_2017.html
2025-12-05 19:18:34,891 - INFO -   ✓ Saved: RESTRUCTURED_DB/2017/november/230682.json
2025-12-05 19:18:35,392 - INFO - Scraping G.R. No. 205838 (2017): Joseph Harry Poole-Blunden vs. Union Bank of the P...
2025-12-05 19:18:36,100 - INFO -   ✓ Found at: https://lawphil.net/judjuris/juri2017/nov2017/gr_205838_2017.html
2025-12-05 19:18:36,103 - INFO -   ✓ Saved: RESTRUCTURED_DB/2017/november/205838.json
2025-12-05 19:18:36,603 - INFO - Scraping G.R. No. 206965 (2017): People of the Philippines vs. Emma Bofill Pangan...
2025-12-05 19:18:37,287 - INFO -   ✓ Found at: https://lawphil.net/judjuris/juri2017/nov2017/gr_206965_2017.html
2025-12-05 19:18:37,289 - INFO -   ✓ Saved: RESTRUCTURED_DB/2017/november/206965.json
2025-12-05 19:18:37,789 - INFO - Scraping G.R. No. 211053 (2017): People of the Philippines vs. Segfred L. Orozco, e...
2025-12-05 19:18:38,043 - INFO -   ✓ Found at: https://lawphil.net/judjuris/juri2017/nov2017/gr_211053_2017.html
2025-12-05 19:18:38,045 - INFO -   ✓ Saved: RESTRUCTURED_DB/2017/november/211053.json
2025-12-05 19:18:38,545 - INFO - Scraping G.R. No. 213039 (2017): Polytechnic University of the Philippines vs. Nati...
2025-12-05 19:18:39,027 - INFO -   ✓ Found at: https://lawphil.net/judjuris/juri2017/nov2017/gr_213039_2017.html
2025-12-05 19:18:39,029 - INFO -   ✓ Saved: RESTRUCTURED_DB/2017/november/213039.json
2025-12-05 19:18:39,529 - INFO - Scraping G.R. No. 193228 (2017): Boston Equity Resources Inc., and William Hernande...
2025-12-05 19:18:39,852 - INFO -   ✓ Found at: https://lawphil.net/judjuris/juri2017/nov2017/gr_193228_2017.html
2025-12-05 19:18:39,854 - INFO -   ✓ Saved: RESTRUCTURED_DB/2017/november/193228.json
2025-12-05 19:18:40,354 - INFO - Scraping G.R. No. 213748 (2017): Ricardo G. Sy and Henry B. Alix vs. Neat, Inc. Ban...
2025-12-05 19:18:41,254 - INFO -   ✓ Found at: https://lawphil.net/judjuris/juri2017/nov2017/gr_213748_2017.html
2025-12-05 19:18:41,257 - INFO -   ✓ Saved: RESTRUCTURED_DB/2017/november/213748.json
2025-12-05 19:18:41,758 - INFO - Scraping G.R. No. 208614 (2017): Simeon Trinidad Piedad (deceased) survived and ass...
2025-12-05 19:18:42,003 - INFO -   ✓ Found at: https://lawphil.net/judjuris/juri2017/nov2017/gr_208614_2017.html
2025-12-05 19:18:42,005 - INFO -   ✓ Saved: RESTRUCTURED_DB/2017/november/208614.json
2025-12-05 19:18:42,505 - INFO - Scraping G.R. No. 207666 (2017): People of the Philippines vs. Floriano Tayaban...
2025-12-05 19:18:42,756 - INFO -   ✓ Found at: https://lawphil.net/judjuris/juri2017/nov2017/gr_207666_2017.html
2025-12-05 19:18:42,758 - INFO -   ✓ Saved: RESTRUCTURED_DB/2017/november/207666.json
2025-12-05 19:18:43,258 - INFO - Scraping G.R. No. 194001 (2017): Maria Vilma G. Doctor and Jaime Lao, Jr. vs. Nii E...
2025-12-05 19:18:44,061 - INFO -   ✓ Found at: https://lawphil.net/judjuris/juri2017/nov2017/gr_194001_2017.html
2025-12-05 19:18:44,063 - INFO -   ✓ Saved: RESTRUCTURED_DB/2017/november/194001.json
2025-12-05 19:18:44,563 - INFO - Scraping G.R. No. 204289 (2017): Fernando Mancol, Jr. vs. Development Bank of the P...
2025-12-05 19:18:45,017 - INFO -   ✓ Found at: https://lawphil.net/judjuris/juri2017/nov2017/gr_204289_2017.html
2025-12-05 19:18:45,018 - INFO -   ✓ Saved: RESTRUCTURED_DB/2017/november/204289.json
2025-12-05 19:18:45,518 - INFO - Scraping G.R. No. 209544 (2017): Sps. Ellis R. Miles and Carolina Ronquillo-Miles v...
2025-12-05 19:18:45,977 - INFO -   ✓ Found at: https://lawphil.net/judjuris/juri2017/nov2017/gr_209544_2017.html
2025-12-05 19:18:45,978 - INFO -   ✓ Saved: RESTRUCTURED_DB/2017/november/209544.json
2025-12-05 19:18:46,478 - INFO - Scraping G.R. No. 218570 (2017): Ben Manangan vs. People of the Philippines...
2025-12-05 19:18:46,728 - INFO -   ✓ Found at: https://lawphil.net/judjuris/juri2017/nov2017/gr_218570_2017.html
2025-12-05 19:18:46,730 - INFO -   ✓ Saved: RESTRUCTURED_DB/2017/november/218570.json
2025-12-05 19:18:47,230 - INFO - Scraping G.R. No. 195248 (2017): John Dennis G. Chua vs. People of the Philippines ...
2025-12-05 19:18:47,477 - INFO -   ✓ Found at: https://lawphil.net/judjuris/juri2017/nov2017/gr_195248_2017.html
2025-12-05 19:18:47,478 - INFO -   ✓ Saved: RESTRUCTURED_DB/2017/november/195248.json
2025-12-05 19:18:47,978 - INFO - Scraping G.R. No. 205787 (2017): People of the Philippines vs. Pablo Aproseple y Sa...
2025-12-05 19:18:48,524 - INFO -   ✓ Found at: https://lawphil.net/judjuris/juri2017/nov2017/gr_205787_2017.html
2025-12-05 19:18:48,527 - INFO -   ✓ Saved: RESTRUCTURED_DB/2017/november/205787.json
2025-12-05 19:18:49,027 - INFO - Scraping G.R. No. 222031 (2017): Emilio Calma vs. Atty. Jose M. Lachica, Jr....
2025-12-05 19:18:49,528 - INFO -   ✓ Found at: https://lawphil.net/judjuris/juri2017/nov2017/gr_222031_2017.html
2025-12-05 19:18:49,529 - INFO -   ✓ Saved: RESTRUCTURED_DB/2017/november/222031.json
2025-12-05 19:18:50,030 - INFO - Scraping G.R. No. 224888 (2017): People of the Philippines vs. Roderick R. Ramelo...
2025-12-05 19:18:50,272 - INFO -   ✓ Found at: https://lawphil.net/judjuris/juri2017/nov2017/gr_224888_2017.html
2025-12-05 19:18:50,273 - INFO -   ✓ Saved: RESTRUCTURED_DB/2017/november/224888.json
2025-12-05 19:18:50,773 - INFO - Scraping G.R. No. 206437 (2017): Leandro Cruz, et al. vs. People of the Philippines...
2025-12-05 19:18:51,241 - INFO -   ✓ Found at: https://lawphil.net/judjuris/juri2017/nov2017/gr_206437_2017.html
2025-12-05 19:18:51,242 - INFO -   ✓ Saved: RESTRUCTURED_DB/2017/november/206437.json
2025-12-05 19:18:51,742 - INFO - Scraping G.R. No. 210592 (2017): Regino Dela Cruz, substituted by his heirs, namely...
2025-12-05 19:18:52,205 - INFO -   ✓ Found at: https://lawphil.net/judjuris/juri2017/nov2017/gr_210592_2017.html
2025-12-05 19:18:52,206 - INFO -   ✓ Saved: RESTRUCTURED_DB/2017/november/210592.json
2025-12-05 19:18:52,707 - INFO - Scraping G.R. No. 229256 (2017): Marieta Maglaya De Guzman vs. the Office of the Om...
2025-12-05 19:18:53,372 - INFO -   ✓ Found at: https://lawphil.net/judjuris/juri2017/nov2017/gr_229256_2017.html
2025-12-05 19:18:53,374 - INFO -   ✓ Saved: RESTRUCTURED_DB/2017/november/229256.json
2025-12-05 19:18:53,874 - INFO - Scraping G.R. No. 212904 (2017): Yolanda Villanueva-Ong vs. Juan Ponce Enrile...
2025-12-05 19:18:54,114 - INFO -   ✓ Found at: https://lawphil.net/judjuris/juri2017/nov2017/gr_212904_2017.html
2025-12-05 19:18:54,115 - INFO -   ✓ Saved: RESTRUCTURED_DB/2017/november/212904.json
2025-12-05 19:18:54,616 - INFO - Scraping G.R. No. 210080 (2017): Macario S. Padilla vs. Airborne Security Service, ...
2025-12-05 19:18:55,161 - INFO -   ✓ Found at: https://lawphil.net/judjuris/juri2017/nov2017/gr_210080_2017.html
2025-12-05 19:18:55,163 - INFO -   ✓ Saved: RESTRUCTURED_DB/2017/november/210080.json
2025-12-05 19:18:55,663 - INFO - Scraping G.R. No. 208224 (2017): Dr. Joseph L. Malixi, et al. vs. Dr. Glory V. Balt...
2025-12-05 19:18:56,354 - INFO -   ✓ Found at: https://lawphil.net/judjuris/juri2017/nov2017/gr_208224_2017.html
2025-12-05 19:18:56,356 - INFO -   ✓ Saved: RESTRUCTURED_DB/2017/november/208224.json
2025-12-05 19:18:56,857 - INFO - Scraping G.R. No. 227544 (2017): Commission of Internal Revenue vs. Transitions Phi...
2025-12-05 19:18:57,256 - INFO -   ✓ Found at: https://lawphil.net/judjuris/juri2017/nov2017/gr_227544_2017.html
2025-12-05 19:18:57,257 - INFO -   ✓ Saved: RESTRUCTURED_DB/2017/november/227544.json
2025-12-05 19:18:57,757 - INFO - Scraping G.R. No. 210689 (2017): Philippine Amusement and Gaming Corporation (PAGCO...
2025-12-05 19:18:58,221 - INFO -   ✓ Found at: https://lawphil.net/judjuris/juri2017/nov2017/gr_210689_2017.html
2025-12-05 19:18:58,223 - INFO -   ✓ Saved: RESTRUCTURED_DB/2017/november/210689.json
2025-12-05 19:18:58,723 - INFO - Scraping G.R. No. 218574 (2017): People of the Philippines vs. Raul Macapagal y Man...
2025-12-05 19:18:59,557 - INFO -   ✓ Found at: https://lawphil.net/judjuris/juri2017/nov2017/gr_218574_2017.html
2025-12-05 19:18:59,560 - INFO -   ✓ Saved: RESTRUCTURED_DB/2017/november/218574.json
2025-12-05 19:19:00,060 - INFO - Scraping G.R. No. 202872 (2017): Lourdes M.Padayhag Vs.Director of Lands and Southe...
2025-12-05 19:19:00,306 - INFO -   ✓ Found at: https://lawphil.net/judjuris/juri2017/nov2017/gr_202872_2017.html
2025-12-05 19:19:00,308 - INFO -   ✓ Saved: RESTRUCTURED_DB/2017/november/202872.json
2025-12-05 19:19:00,808 - INFO - Scraping G.R. No. 209906 (2017): Coca-Cola Bottlers Phils., Inc. Vs.Ernani Guingona...
2025-12-05 19:19:01,069 - INFO -   ✓ Found at: https://lawphil.net/judjuris/juri2017/nov2017/gr_209906_2017.html
2025-12-05 19:19:01,071 - INFO -   ✓ Saved: RESTRUCTURED_DB/2017/november/209906.json
2025-12-05 19:19:01,571 - INFO - Scraping G.R. No. 219309 (2017): Angelina Chua and Heirs of Jose Ma.Cheng Sing Phua...
2025-12-05 19:19:02,049 - INFO -   ✓ Found at: https://lawphil.net/judjuris/juri2017/nov2017/gr_219309_2017.html
2025-12-05 19:19:02,051 - INFO -   ✓ Saved: RESTRUCTURED_DB/2017/november/219309.json
2025-12-05 19:19:02,551 - INFO - Scraping G.R. No. 222180 (2017): People of the Philippines vs. Eleuterio Bragat...
2025-12-05 19:19:02,795 - INFO -   ✓ Found at: https://lawphil.net/judjuris/juri2017/nov2017/gr_222180_2017.html
2025-12-05 19:19:02,797 - INFO -   ✓ Saved: RESTRUCTURED_DB/2017/november/222180.json
2025-12-05 19:19:03,297 - INFO - Scraping G.R. No. 227069 (2017): Hilario Lamsen vs. People of the Philippines...
2025-12-05 19:19:03,568 - INFO -   ✓ Found at: https://lawphil.net/judjuris/juri2017/nov2017/gr_227069_2017.html
2025-12-05 19:19:03,570 - INFO -   ✓ Saved: RESTRUCTURED_DB/2017/november/227069.json
2025-12-05 19:19:04,070 - INFO - Scraping G.R. No. 207805 (2017): People of the Philippines vs. Cesar Balao y Lopez...
2025-12-05 19:19:04,319 - INFO -   ✓ Found at: https://lawphil.net/judjuris/juri2017/nov2017/gr_207805_2017.html
2025-12-05 19:19:04,328 - INFO -   ✓ Saved: RESTRUCTURED_DB/2017/november/207805.json
2025-12-05 19:19:04,828 - INFO - Scraping G.R. No. 195105 (2017): Metropolitan Waterworks and Sewerage System vs. Co...
2025-12-05 19:19:05,096 - INFO -   ✓ Found at: https://lawphil.net/judjuris/juri2017/nov2017/gr_195105_2017.html
2025-12-05 19:19:05,098 - INFO -   ✓ Saved: RESTRUCTURED_DB/2017/november/195105.json
2025-12-05 19:19:05,598 - INFO - Scraping G.R. No. 205837 (2017): Philippine International Trading Corporation vs. C...
2025-12-05 19:19:05,925 - INFO -   ✓ Found at: https://lawphil.net/judjuris/juri2017/nov2017/gr_205837_2017.html
2025-12-05 19:19:05,928 - INFO -   ✓ Saved: RESTRUCTURED_DB/2017/november/205837.json
2025-12-05 19:19:06,428 - INFO - Scraping G.R. No. 213525 (2017): Fortune Life Insurance Company, Inc. vs. Commissio...
2025-12-05 19:19:06,676 - INFO -   ✓ Found at: https://lawphil.net/judjuris/juri2017/nov2017/gr_213525_2017.html
2025-12-05 19:19:06,677 - INFO -   ✓ Saved: RESTRUCTURED_DB/2017/november/213525.json
2025-12-05 19:19:07,177 - INFO - Scraping G.R. No. 215748 (2017): People of the Philippines vs. Paul Duran, Jr. y Mi...
2025-12-05 19:19:07,758 - INFO -   ✓ Found at: https://lawphil.net/judjuris/juri2017/nov2017/gr_215748_2017.html
2025-12-05 19:19:07,761 - INFO -   ✓ Saved: RESTRUCTURED_DB/2017/november/215748.json
2025-12-05 19:19:08,261 - INFO - Scraping G.R. No. 216788 (2017): United Interior Manggahan Homeowners Association v...
2025-12-05 19:19:08,503 - INFO -   ✓ Found at: https://lawphil.net/judjuris/juri2017/nov2017/gr_216788_2017.html
2025-12-05 19:19:08,505 - INFO -   ✓ Saved: RESTRUCTURED_DB/2017/november/216788.json
2025-12-05 19:19:09,005 - INFO - Scraping G.R. No. 180586 (2017): Arnelio B. Calma vs. People of the Philippines...
2025-12-05 19:19:09,477 - INFO -   ✓ Found at: https://lawphil.net/judjuris/juri2017/nov2017/gr_180586_2017.html
2025-12-05 19:19:09,478 - INFO -   ✓ Saved: RESTRUCTURED_DB/2017/november/180586.json
2025-12-05 19:19:09,978 - INFO - Scraping G.R. No. 195043 (2017): Arnel Calahi, et al. vs. People of the Philippines...
2025-12-05 19:19:10,236 - INFO -   ✓ Found at: https://lawphil.net/judjuris/juri2017/nov2017/gr_195043_2017.html
2025-12-05 19:19:10,237 - INFO -   ✓ Saved: RESTRUCTURED_DB/2017/november/195043.json
2025-12-05 19:19:10,737 - INFO - Scraping G.R. No. 195726 (2017): Marcelino Dela Paz vs. Republic of the Philippines...
2025-12-05 19:19:11,542 - INFO -   ✓ Found at: https://lawphil.net/judjuris/juri2017/nov2017/gr_195726_2017.html
2025-12-05 19:19:11,544 - INFO -   ✓ Saved: RESTRUCTURED_DB/2017/november/195726.json
2025-12-05 19:19:12,044 - INFO - Scraping G.R. No. 198647 (2017): SN Aboitiz Power-Magat, Inc. vs. the Municipality ...
2025-12-05 19:19:12,520 - INFO -   ✓ Found at: https://lawphil.net/judjuris/juri2017/nov2017/gr_198647_2017.html
2025-12-05 19:19:12,521 - INFO -   ✓ Saved: RESTRUCTURED_DB/2017/november/198647.json
2025-12-05 19:19:13,021 - INFO - Scraping G.R. No. 231998 (2017): Eric Sibayan Chua vs. Republic of the Philippines...
2025-12-05 19:19:13,476 - INFO -   ✓ Found at: https://lawphil.net/judjuris/juri2017/nov2017/gr_231998_2017.html
2025-12-05 19:19:13,477 - INFO -   ✓ Saved: RESTRUCTURED_DB/2017/november/231998.json
2025-12-05 19:19:13,977 - INFO - Scraping G.R. No. 211564 (2017): Benjamin Evangelista vs. Screenex, Inc., represent...
2025-12-05 19:19:14,433 - INFO -   ✓ Found at: https://lawphil.net/judjuris/juri2017/nov2017/gr_211564_2017.html
2025-12-05 19:19:14,434 - INFO -   ✓ Saved: RESTRUCTURED_DB/2017/november/211564.json
2025-12-05 19:19:14,935 - INFO - Scraping G.R. No. 193500 (2017): Government Services Insurance System vs. Simeon Ta...
2025-12-05 19:19:15,191 - INFO -   ✓ Found at: https://lawphil.net/judjuris/juri2017/nov2017/gr_193500_2017.html
2025-12-05 19:19:15,192 - INFO -   ✓ Saved: RESTRUCTURED_DB/2017/november/193500.json
2025-12-05 19:19:15,692 - INFO - Scraping G.R. No. 219952 (2017): People of the Philippines vs. Jehlson Aguirre y Ar...
2025-12-05 19:19:16,106 - INFO -   ✓ Found at: https://lawphil.net/judjuris/juri2017/nov2017/gr_219952_2017.html
2025-12-05 19:19:16,107 - INFO -   ✓ Saved: RESTRUCTURED_DB/2017/november/219952.json
2025-12-05 19:19:16,607 - INFO - Scraping G.R. No. 220367 (2017): National Power Corporation vs. Apolonio V. Marasig...
2025-12-05 19:19:17,157 - INFO -   ✓ Found at: https://lawphil.net/judjuris/juri2017/nov2017/gr_220367_2017.html
2025-12-05 19:19:17,159 - INFO -   ✓ Saved: RESTRUCTURED_DB/2017/november/220367.json
2025-12-05 19:19:17,660 - INFO - Scraping G.R. No. 230791 (2017): Froel M. Pu-Od, et al. vs. Ablaze Builders, Inc./R...
2025-12-05 19:19:18,067 - INFO -   ✓ Found at: https://lawphil.net/judjuris/juri2017/nov2017/gr_230791_2017.html
2025-12-05 19:19:18,068 - INFO -   ✓ Saved: RESTRUCTURED_DB/2017/november/230791.json
2025-12-05 19:19:18,569 - INFO - Scraping G.R. No. 215042 (2017): Field Investigation Office vs. P/Director George Q...
2025-12-05 19:19:19,625 - INFO -   ✓ Found at: https://lawphil.net/judjuris/juri2017/nov2017/gr_215042_2017.html
2025-12-05 19:19:19,627 - INFO -   ✓ Saved: RESTRUCTURED_DB/2017/november/215042.json
2025-12-05 19:19:20,127 - INFO - Scraping G.R. No. 224319 (2017): Dela Salle Araneta University, Inc. vs. Dr. Eloisa...
2025-12-05 19:19:20,860 - INFO -   ✓ Found at: https://lawphil.net/judjuris/juri2017/nov2017/gr_224319_2017.html
2025-12-05 19:19:20,862 - INFO -   ✓ Saved: RESTRUCTURED_DB/2017/november/224319.json
2025-12-05 19:19:21,362 - INFO - Scraping G.R. No. 229100 (2017): People of the Philippines vs. Romeo Agoncillo y Vi...
2025-12-05 19:19:22,100 - INFO -   ✓ Found at: https://lawphil.net/judjuris/juri2017/nov2017/gr_229100_2017.html
2025-12-05 19:19:22,101 - INFO -   ✓ Saved: RESTRUCTURED_DB/2017/november/229100.json
2025-12-05 19:19:22,602 - INFO - Scraping G.R. No. 230230 (2017): People of the Philippines vs. Niño Calibod y Henob...
2025-12-05 19:19:23,117 - INFO -   ✓ Found at: https://lawphil.net/judjuris/juri2017/nov2017/gr_230230_2017.html
2025-12-05 19:19:23,119 - INFO -   ✓ Saved: RESTRUCTURED_DB/2017/november/230230.json
2025-12-05 19:19:23,619 - INFO - Scraping G.R. No. 214673 (2017): Rizaldo L. Orsos vs. People of the Philippines...
2025-12-05 19:19:24,100 - INFO -   ✓ Found at: https://lawphil.net/judjuris/juri2017/nov2017/gr_214673_2017.html
2025-12-05 19:19:24,102 - INFO -   ✓ Saved: RESTRUCTURED_DB/2017/november/214673.json
2025-12-05 19:19:24,602 - INFO - Scraping G.R. No. 225146 (2017): Rogelio B. Antone vs. People of the Philippines...
2025-12-05 19:19:25,073 - INFO -   ✓ Found at: https://lawphil.net/judjuris/juri2017/nov2017/gr_225146_2017.html
2025-12-05 19:19:25,074 - INFO -   ✓ Saved: RESTRUCTURED_DB/2017/november/225146.json
2025-12-05 19:19:25,574 - INFO - Scraping G.R. No. 226454 (2017): Digna Ramos vs. People of the Philippines...
2025-12-05 19:19:25,888 - INFO -   ✓ Found at: https://lawphil.net/judjuris/juri2017/nov2017/gr_226454_2017.html
2025-12-05 19:19:25,890 - INFO -   ✓ Saved: RESTRUCTURED_DB/2017/november/226454.json
2025-12-05 19:19:26,390 - INFO - Scraping G.R. No. 205576 (2017): Miguel D. Escobar, et al. vs. People of the Philip...
2025-12-05 19:19:26,654 - INFO -   ✓ Found at: https://lawphil.net/judjuris/juri2017/nov2017/gr_205576_2017.html
2025-12-05 19:19:26,657 - INFO -   ✓ Saved: RESTRUCTURED_DB/2017/november/205576.json
2025-12-05 19:19:27,158 - INFO - Scraping G.R. No. 219408 (2017): Donald Francis Gaffney vs. Gina V. Butler...
2025-12-05 19:19:27,421 - INFO -   ✓ Found at: https://lawphil.net/judjuris/juri2017/nov2017/gr_219408_2017.html
2025-12-05 19:19:27,423 - INFO -   ✓ Saved: RESTRUCTURED_DB/2017/november/219408.json
2025-12-05 19:19:27,923 - INFO - Scraping G.R. No. 220440 (2017): Katherine Rose Salva vs. Ildefonso P. Magpile...
2025-12-05 19:19:28,377 - INFO -   ✓ Found at: https://lawphil.net/judjuris/juri2017/nov2017/gr_220440_2017.html
2025-12-05 19:19:28,379 - INFO -   ✓ Saved: RESTRUCTURED_DB/2017/november/220440.json
2025-12-05 19:19:28,879 - INFO - Scraping G.R. No. 197519 (2017): Mindanao I Geothermal Partnership vs. Commissioner...
2025-12-05 19:19:29,287 - INFO -   ✓ Found at: https://lawphil.net/judjuris/juri2017/nov2017/gr_197519_2017.html
2025-12-05 19:19:29,289 - INFO -   ✓ Saved: RESTRUCTURED_DB/2017/november/197519.json
2025-12-05 19:19:29,790 - INFO - Scraping G.R. No. 202613 (2017): Symex Security Services, Inc. and Rafael Y Arcega ...
2025-12-05 19:19:30,245 - INFO -   ✓ Found at: https://lawphil.net/judjuris/juri2017/nov2017/gr_202613_2017.html
2025-12-05 19:19:30,247 - INFO -   ✓ Saved: RESTRUCTURED_DB/2017/november/202613.json
2025-12-05 19:19:30,747 - INFO - Scraping G.R. No. 226158 (2017): People of the Philippines vs. Liberato Pentecostes...
2025-12-05 19:19:31,461 - INFO -   ✓ Found at: https://lawphil.net/judjuris/juri2017/nov2017/gr_226158_2017.html
2025-12-05 19:19:31,463 - INFO -   ✓ Saved: RESTRUCTURED_DB/2017/november/226158.json
2025-12-05 19:19:31,963 - INFO - Scraping G.R. No. 199232 (2017): Robert Emmanuel T. Feliciano vs. Department of Nat...
2025-12-05 19:19:32,329 - INFO -   ✓ Found at: https://lawphil.net/judjuris/juri2017/nov2017/gr_199232_2017.html
2025-12-05 19:19:32,331 - INFO -   ✓ Saved: RESTRUCTURED_DB/2017/november/199232.json
2025-12-05 19:19:32,831 - INFO - Scraping G.R. No. 204288 (2017): Demex Rattancraft, Inc. and Narciso T. Dela Merced...
2025-12-05 19:19:33,572 - INFO -   ✓ Found at: https://lawphil.net/judjuris/juri2017/nov2017/gr_204288_2017.html
2025-12-05 19:19:33,574 - INFO -   ✓ Saved: RESTRUCTURED_DB/2017/november/204288.json
2025-12-05 19:19:34,074 - INFO - Scraping G.R. No. 207772 (2017): People of the Philippines vs. Gavino Pagamucan y M...
2025-12-05 19:19:34,333 - INFO -   ✓ Found at: https://lawphil.net/judjuris/juri2017/nov2017/gr_207772_2017.html
2025-12-05 19:19:34,335 - INFO -   ✓ Saved: RESTRUCTURED_DB/2017/november/207772.json
2025-12-05 19:19:34,835 - INFO - Scraping G.R. No. 164482 (2017): Lourdes J. Estrellado, et al. vs. the Presiding Ju...
2025-12-05 19:19:35,084 - INFO -   ✓ Found at: https://lawphil.net/judjuris/juri2017/nov2017/gr_164482_2017.html
2025-12-05 19:19:35,086 - INFO -   ✓ Saved: RESTRUCTURED_DB/2017/november/164482.json
2025-12-05 19:19:35,586 - INFO - Scraping G.R. No. 181796 (2017): Republic of the Philippines, represented by the Di...
2025-12-05 19:19:35,953 - INFO -   ✓ Found at: https://lawphil.net/judjuris/juri2017/nov2017/gr_181796_2017.html
2025-12-05 19:19:35,955 - INFO -   ✓ Saved: RESTRUCTURED_DB/2017/november/181796.json
2025-12-05 19:19:36,455 - INFO - Scraping G.R. No. 207342 (2017): Government of Hongkong Special Adminsitrative Regi...
2025-12-05 19:19:36,933 - INFO -   ✓ Found at: https://lawphil.net/judjuris/juri2017/nov2017/gr_207342_2017.html
2025-12-05 19:19:36,934 - INFO -   ✓ Saved: RESTRUCTURED_DB/2017/november/207342.json
2025-12-05 19:19:37,434 - INFO - Scraping G.R. No. 223762 (2017): Tomas N. Joson III vs. Commission on Audit...
2025-12-05 19:19:37,691 - INFO -   ✓ Found at: https://lawphil.net/judjuris/juri2017/nov2017/gr_223762_2017.html
2025-12-05 19:19:37,693 - INFO -   ✓ Saved: RESTRUCTURED_DB/2017/november/223762.json
2025-12-05 19:19:38,193 - INFO - Scraping G.R. No. 206113 (2017): Sharpe Sea Personnel, Inc., Monte Carlo Shipping, ...
2025-12-05 19:19:38,440 - INFO -   ✓ Found at: https://lawphil.net/judjuris/juri2017/nov2017/gr_206113_2017.html
2025-12-05 19:19:38,443 - INFO -   ✓ Saved: RESTRUCTURED_DB/2017/november/206113.json
2025-12-05 19:19:38,944 - INFO - Scraping G.R. No. 219260 (2017): Bernice Joan Ti vs. Manuel S. Diño...
2025-12-05 19:19:39,222 - INFO -   ✓ Found at: https://lawphil.net/judjuris/juri2017/nov2017/gr_219260_2017.html
2025-12-05 19:19:39,224 - INFO -   ✓ Saved: RESTRUCTURED_DB/2017/november/219260.json
2025-12-05 19:19:39,724 - INFO - Scraping G.R. No. 223210 (2017): Wilson T. Lim vs. P/S Insp. Eustiquio Fuentes...
2025-12-05 19:19:40,079 - INFO -   ✓ Found at: https://lawphil.net/judjuris/juri2017/nov2017/gr_223210_2017.html
2025-12-05 19:19:40,081 - INFO -   ✓ Saved: RESTRUCTURED_DB/2017/november/223210.json
2025-12-05 19:19:40,581 - INFO - Scraping G.R. No. 208053 (2017): Meatworld International, Inc. vs. Dominique A. Hec...
2025-12-05 19:19:41,167 - INFO -   ✓ Found at: https://lawphil.net/judjuris/juri2017/oct2017/gr_208053_2017.html
2025-12-05 19:19:41,169 - INFO -   ✓ Saved: RESTRUCTURED_DB/2017/october/208053.json
2025-12-05 19:19:41,669 - INFO - Scraping G.R. No. 205912 (2017): Rogelia R. Gatan and the Heirs of Bernardino Gatan...
2025-12-05 19:19:42,212 - INFO -   ✓ Found at: https://lawphil.net/judjuris/juri2017/oct2017/gr_205912_2017.html
2025-12-05 19:19:42,214 - INFO -   ✓ Saved: RESTRUCTURED_DB/2017/october/205912.json
2025-12-05 19:19:42,715 - INFO - Scraping G.R. No. 201378 (2017): G.V. Florida Transport, Inc. vs. Tiara Commercial ...
2025-12-05 19:19:42,983 - INFO -   ✓ Found at: https://lawphil.net/judjuris/juri2017/oct2017/gr_201378_2017.html
2025-12-05 19:19:42,985 - INFO -   ✓ Saved: RESTRUCTURED_DB/2017/october/201378.json
2025-12-05 19:19:43,485 - INFO - Scraping G.R. No. 227705 (2017): People of the Philippines vs. Hermin Romobio y Pau...
2025-12-05 19:19:43,941 - INFO -   ✓ Found at: https://lawphil.net/judjuris/juri2017/oct2017/gr_227705_2017.html
2025-12-05 19:19:43,943 - INFO -   ✓ Saved: RESTRUCTURED_DB/2017/october/227705.json
2025-12-05 19:19:44,443 - INFO - Scraping G.R. No. 217296 (2017): Sps. Erwin C. Santiago and Marinela A. Santiago, e...
2025-12-05 19:19:44,789 - INFO -   ✓ Found at: https://lawphil.net/judjuris/juri2017/oct2017/gr_217296_2017.html
2025-12-05 19:19:44,790 - INFO -   ✓ Saved: RESTRUCTURED_DB/2017/october/217296.json
2025-12-05 19:19:45,290 - INFO - Scraping G.R. No. 190922 (2017): Francisca Taar, et al. vs. Claudio Lawan, et al....
2025-12-05 19:19:45,965 - INFO -   ✓ Found at: https://lawphil.net/judjuris/juri2017/oct2017/gr_190922_2017.html
2025-12-05 19:19:45,969 - INFO -   ✓ Saved: RESTRUCTURED_DB/2017/october/190922.json
2025-12-05 19:19:46,469 - INFO - Scraping G.R. No. 201988 (2017): Maria Victoria Socorro Lonton-Cruz vs. Nilo Santos...
2025-12-05 19:19:46,715 - INFO -   ✓ Found at: https://lawphil.net/judjuris/juri2017/oct2017/gr_201988_2017.html
2025-12-05 19:19:46,718 - INFO -   ✓ Saved: RESTRUCTURED_DB/2017/october/201988.json
2025-12-05 19:19:47,218 - INFO - Scraping G.R. No. 229746 (2017): Abbott Laboratories (Philippines), Inc. and Stepha...
2025-12-05 19:19:47,590 - INFO -   ✓ Found at: https://lawphil.net/judjuris/juri2017/oct2017/gr_229746_2017.html
2025-12-05 19:19:47,591 - INFO -   ✓ Saved: RESTRUCTURED_DB/2017/october/229746.json
2025-12-05 19:19:48,092 - INFO - 
Batch 1 complete:
2025-12-05 19:19:48,092 - INFO -   Successful: 98
2025-12-05 19:19:48,092 - INFO -   Failed: 2
2025-12-05 19:19:48,092 - INFO -   Skipped: 0
2025-12-05 19:19:48,092 - INFO - 
Overall progress: 100/499 cases
2025-12-05 19:19:48,092 - INFO - 
================================================================================
2025-12-05 19:19:48,092 - INFO - BATCH 2/5 (100 cases)
2025-12-05 19:19:48,092 - INFO - ================================================================================
2025-12-05 19:19:48,092 - INFO - Scraping G.R. No. 206292 (2017): People of the Philippines vs. Estrillo Escobal y S...
2025-12-05 19:19:48,351 - INFO -   ✓ Found at: https://lawphil.net/judjuris/juri2017/oct2017/gr_206292_2017.html
2025-12-05 19:19:48,353 - INFO -   ✓ Saved: RESTRUCTURED_DB/2017/october/206292.json
2025-12-05 19:19:48,853 - INFO - Scraping G.R. No. 207938 (2017): Evy Construction and Development Corporation vs. V...
2025-12-05 19:19:49,257 - INFO -   ✓ Found at: https://lawphil.net/judjuris/juri2017/oct2017/gr_207938_2017.html
2025-12-05 19:19:49,258 - INFO -   ✓ Saved: RESTRUCTURED_DB/2017/october/207938.json
2025-12-05 19:19:49,759 - INFO - Scraping G.R. No. 189524 (2017): Oriental Assurance Corporation vs. Manuel Ong...
2025-12-05 19:19:50,020 - INFO -   ✓ Found at: https://lawphil.net/judjuris/juri2017/oct2017/gr_189524_2017.html
2025-12-05 19:19:50,022 - INFO -   ✓ Saved: RESTRUCTURED_DB/2017/october/189524.json
2025-12-05 19:19:50,523 - INFO - Scraping G.R. No. 213716 (2017): Jose S. Ramiscal, Jr. vs. Commission on Audit...
2025-12-05 19:19:51,016 - INFO -   ✓ Found at: https://lawphil.net/judjuris/juri2017/oct2017/gr_213716_2017.html
2025-12-05 19:19:51,018 - INFO -   ✓ Saved: RESTRUCTURED_DB/2017/october/213716.json
2025-12-05 19:19:51,518 - INFO - Scraping G.R. No. 229781 (2017): Senator Leila M. De Lima vs. Hon. Juanita Guerrero...
2025-12-05 19:19:52,002 - INFO -   ✓ Found at: https://lawphil.net/judjuris/juri2017/oct2017/gr_229781_2017.html
2025-12-05 19:19:52,007 - INFO -   ✓ Saved: RESTRUCTURED_DB/2017/october/229781.json
2025-12-05 19:19:52,507 - INFO - Scraping G.R. No. 210612 (2017): People of the Philippines vs. Ervin Y Mateo, et al...
2025-12-05 19:19:52,753 - INFO -   ✓ Found at: https://lawphil.net/judjuris/juri2017/oct2017/gr_210612_2017.html
2025-12-05 19:19:52,754 - INFO -   ✓ Saved: RESTRUCTURED_DB/2017/october/210612.json
2025-12-05 19:19:53,254 - INFO - Scraping G.R. No. 223556 (2017): People of the Philippines vs. Manuel Lim Ching...
2025-12-05 19:19:53,505 - INFO -   ✓ Found at: https://lawphil.net/judjuris/juri2017/oct2017/gr_223556_2017.html
2025-12-05 19:19:53,506 - INFO -   ✓ Saved: RESTRUCTURED_DB/2017/october/223556.json
2025-12-05 19:19:54,007 - INFO - Scraping G.R. No. 197886 (2017): Office of the Ombudsman vs. Antonio Z. De Guzman...
2025-12-05 19:19:54,678 - INFO -   ✓ Found at: https://lawphil.net/judjuris/juri2017/oct2017/gr_197886_2017.html
2025-12-05 19:19:54,680 - INFO -   ✓ Saved: RESTRUCTURED_DB/2017/october/197886.json
2025-12-05 19:19:55,181 - INFO - Scraping G.R. No. 209342 (2017): People of the Philippines vs. Crisente Pepaño Nuñe...
2025-12-05 19:19:55,891 - INFO -   ✓ Found at: https://lawphil.net/judjuris/juri2017/oct2017/gr_209342_2017.html
2025-12-05 19:19:55,895 - INFO -   ✓ Saved: RESTRUCTURED_DB/2017/october/209342.json
2025-12-05 19:19:56,395 - INFO - Scraping G.R. No. 196074 (2017): Florencia Arjonillo vs. Demetria Pagulayan, as sub...
2025-12-05 19:19:56,826 - INFO -   ✓ Found at: https://lawphil.net/judjuris/juri2017/oct2017/gr_196074_2017.html
2025-12-05 19:19:56,828 - INFO -   ✓ Saved: RESTRUCTURED_DB/2017/october/196074.json
2025-12-05 19:19:57,328 - INFO - Scraping G.R. No. 218575 (2017): People of the Philippines vs. Francis Ursua y Bern...
2025-12-05 19:19:57,790 - INFO -   ✓ Found at: https://lawphil.net/judjuris/juri2017/oct2017/gr_218575_2017.html
2025-12-05 19:19:57,792 - INFO -   ✓ Saved: RESTRUCTURED_DB/2017/october/218575.json
2025-12-05 19:19:58,292 - INFO - Scraping G.R. No. 222816 (2017): Allan John Uy Reyes vs. Global Beer Below Zero, In...
2025-12-05 19:19:58,539 - INFO -   ✓ Found at: https://lawphil.net/judjuris/juri2017/oct2017/gr_222816_2017.html
2025-12-05 19:19:58,540 - INFO -   ✓ Saved: RESTRUCTURED_DB/2017/october/222816.json
2025-12-05 19:19:59,040 - INFO - Scraping G.R. No. 200026 (2017): People of the Philippines vs. Armando Delector...
2025-12-05 19:19:59,290 - INFO -   ✓ Found at: https://lawphil.net/judjuris/juri2017/oct2017/gr_200026_2017.html
2025-12-05 19:19:59,291 - INFO -   ✓ Saved: RESTRUCTURED_DB/2017/october/200026.json
2025-12-05 19:19:59,791 - INFO - Scraping G.R. No. 196419 (2017): Pilipinas Makro, Inc. vs. Coco Charcoal Philippine...
2025-12-05 19:20:00,044 - INFO -   ✓ Found at: https://lawphil.net/judjuris/juri2017/oct2017/gr_196419_2017.html
2025-12-05 19:20:00,045 - INFO -   ✓ Saved: RESTRUCTURED_DB/2017/october/196419.json
2025-12-05 19:20:00,545 - INFO - Scraping G.R. No. 205539 (2017): Velia J. Cruz vs. Spouses Maximo and Susan Christe...
2025-12-05 19:20:00,859 - INFO -   ✓ Found at: https://lawphil.net/judjuris/juri2017/oct2017/gr_205539_2017.html
2025-12-05 19:20:00,861 - INFO -   ✓ Saved: RESTRUCTURED_DB/2017/october/205539.json
2025-12-05 19:20:01,361 - INFO - Scraping G.R. No. 203986 (2017): People of the Philippines vs. Jerson Dasmariñas y ...
2025-12-05 19:20:02,031 - INFO -   ✓ Found at: https://lawphil.net/judjuris/juri2017/oct2017/gr_203986_2017.html
2025-12-05 19:20:02,033 - INFO -   ✓ Saved: RESTRUCTURED_DB/2017/october/203986.json
2025-12-05 19:20:02,533 - INFO - Scraping G.R. No. 214073 (2017): Bicol Medical Center, represented by Dr. Efren SJ....
2025-12-05 19:20:03,458 - INFO -   ✓ Found at: https://lawphil.net/judjuris/juri2017/oct2017/gr_214073_2017.html
2025-12-05 19:20:03,459 - INFO -   ✓ Saved: RESTRUCTURED_DB/2017/october/214073.json
2025-12-05 19:20:03,960 - INFO - Scraping G.R. No. 200499 (2017): San Fernando Coca-Cola Rank-and-File Union (SACORU...
2025-12-05 19:20:04,252 - INFO -   ✓ Found at: https://lawphil.net/judjuris/juri2017/oct2017/gr_200499_2017.html
2025-12-05 19:20:04,254 - INFO -   ✓ Saved: RESTRUCTURED_DB/2017/october/200499.json
2025-12-05 19:20:04,754 - INFO - Scraping G.R. No. 201622 (2017): Angelito L. Cristobal vs. Philippine Airlines, Inc...
2025-12-05 19:20:04,997 - INFO -   ✓ Found at: https://lawphil.net/judjuris/juri2017/oct2017/gr_201622_2017.html
2025-12-05 19:20:04,998 - INFO -   ✓ Saved: RESTRUCTURED_DB/2017/october/201622.json
2025-12-05 19:20:05,498 - INFO - Scraping G.R. No. 205665 (2017): Republic of the Philippines vs. Metro Cebu Pacific...
2025-12-05 19:20:05,756 - INFO -   ✓ Found at: https://lawphil.net/judjuris/juri2017/oct2017/gr_205665_2017.html
2025-12-05 19:20:05,758 - INFO -   ✓ Saved: RESTRUCTURED_DB/2017/october/205665.json
2025-12-05 19:20:06,258 - INFO - Scraping G.R. No. 223730 (2017): Dohle Philman Manning Agency, Inc., Dohle (IOM) Li...
2025-12-05 19:20:06,658 - INFO -   ✓ Found at: https://lawphil.net/judjuris/juri2017/oct2017/gr_223730_2017.html
2025-12-05 19:20:06,660 - INFO -   ✓ Saved: RESTRUCTURED_DB/2017/october/223730.json
2025-12-05 19:20:07,160 - INFO - Scraping G.R. No. 223505 (2017): Philippine Association of Detective and Protective...
2025-12-05 19:20:07,622 - INFO -   ✓ Found at: https://lawphil.net/judjuris/juri2017/oct2017/gr_223505_2017.html
2025-12-05 19:20:07,624 - INFO -   ✓ Saved: RESTRUCTURED_DB/2017/october/223505.json
2025-12-05 19:20:08,124 - INFO - Scraping G.R. No. 188163 (2017): Lt. Sg. Mary Nancy P. Gadian vs. Armed Forces of t...
2025-12-05 19:20:09,025 - INFO -   ✓ Found at: https://lawphil.net/judjuris/juri2017/oct2017/gr_188163_2017.html
2025-12-05 19:20:09,026 - INFO -   ✓ Saved: RESTRUCTURED_DB/2017/october/188163.json
2025-12-05 19:20:09,527 - INFO - Scraping G.R. No. 230628 (2017): Small Business Corporation vs. Commission on Audit...
2025-12-05 19:20:10,283 - INFO -   ✓ Found at: https://lawphil.net/judjuris/juri2017/oct2017/gr_230628_2017.html
2025-12-05 19:20:10,285 - INFO -   ✓ Saved: RESTRUCTURED_DB/2017/october/230628.json
2025-12-05 19:20:10,785 - INFO - Scraping G.R. No. 227505 (2017): People of the Philippines vs. Erlinda Racho y Some...
2025-12-05 19:20:11,642 - INFO -   ✓ Found at: https://lawphil.net/judjuris/juri2017/oct2017/gr_227505_2017.html
2025-12-05 19:20:11,644 - INFO -   ✓ Saved: RESTRUCTURED_DB/2017/october/227505.json
2025-12-05 19:20:12,144 - INFO - Scraping G.R. No. 192708 (2017): Manila Public School Teachers' Association (MPSTA)...
2025-12-05 19:20:12,388 - INFO -   ✓ Found at: https://lawphil.net/judjuris/juri2017/oct2017/gr_192708_2017.html
2025-12-05 19:20:12,390 - INFO -   ✓ Saved: RESTRUCTURED_DB/2017/october/192708.json
2025-12-05 19:20:12,891 - INFO - Scraping G.R. No. 181435 (2017): Republic of the Philippines vs. Rosario L. Nicolas...
2025-12-05 19:20:13,133 - INFO -   ✓ Found at: https://lawphil.net/judjuris/juri2017/oct2017/gr_181435_2017.html
2025-12-05 19:20:13,134 - INFO -   ✓ Saved: RESTRUCTURED_DB/2017/october/181435.json
2025-12-05 19:20:13,635 - INFO - Scraping G.R. No. 199885 (2017): Jesusa Dujali Buot vs. Roque Rasay Dujali...
2025-12-05 19:20:14,108 - INFO -   ✓ Found at: https://lawphil.net/judjuris/juri2017/oct2017/gr_199885_2017.html
2025-12-05 19:20:14,109 - INFO -   ✓ Saved: RESTRUCTURED_DB/2017/october/199885.json
2025-12-05 19:20:14,610 - INFO - Scraping G.R. No. 206826 (2017): Career Philippines Shipmanagement, Inc. and Columb...
2025-12-05 19:20:15,280 - INFO -   ✓ Found at: https://lawphil.net/judjuris/juri2017/oct2017/gr_206826_2017.html
2025-12-05 19:20:15,283 - INFO -   ✓ Saved: RESTRUCTURED_DB/2017/october/206826.json
2025-12-05 19:20:15,784 - INFO - Scraping G.R. No. 171836 (2017): Department of Agrarian Reform vs. Susie Irene Gall...
2025-12-05 19:20:16,286 - INFO -   ✓ Found at: https://lawphil.net/judjuris/juri2017/oct2017/gr_171836_2017.html
2025-12-05 19:20:16,288 - INFO -   ✓ Saved: RESTRUCTURED_DB/2017/october/171836.json
2025-12-05 19:20:16,788 - INFO - Scraping G.R. No. 214866 (2017): Apex Bancrights Holdings, Inc. et al. vs. Bangko S...
2025-12-05 19:20:17,259 - INFO -   ✓ Found at: https://lawphil.net/judjuris/juri2017/oct2017/gr_214866_2017.html
2025-12-05 19:20:17,260 - INFO -   ✓ Saved: RESTRUCTURED_DB/2017/october/214866.json
2025-12-05 19:20:17,760 - INFO - Scraping G.R. No. 224973 (2017): Gina Lefebre vs. Brown Company, Inc....
2025-12-05 19:20:18,012 - INFO -   ✓ Found at: https://lawphil.net/judjuris/juri2017/sep2017/gr_224973_2017.html
2025-12-05 19:20:18,013 - INFO -   ✓ Saved: RESTRUCTURED_DB/2017/september/224973.json
2025-12-05 19:20:18,513 - INFO - Scraping G.R. No. 196945 (2017): Danilo Remegio vs. People of the Philippines...
2025-12-05 19:20:18,777 - INFO -   ✓ Found at: https://lawphil.net/judjuris/juri2017/sep2017/gr_196945_2017.html
2025-12-05 19:20:18,778 - INFO -   ✓ Saved: RESTRUCTURED_DB/2017/september/196945.json
2025-12-05 19:20:19,279 - INFO - Scraping G.R. No. 204663 (2017): Municipal Rural Bank of Libmanan, Camarines Sur vs...
2025-12-05 19:20:19,741 - INFO -   ✓ Found at: https://lawphil.net/judjuris/juri2017/sep2017/gr_204663_2017.html
2025-12-05 19:20:19,743 - INFO -   ✓ Saved: RESTRUCTURED_DB/2017/september/204663.json
2025-12-05 19:20:20,243 - INFO - Scraping G.R. No. 226766 (2017): Oriental Shipmanagement Co., Inc. And/Or Mol Tanks...
2025-12-05 19:20:20,595 - INFO -   ✓ Found at: https://lawphil.net/judjuris/juri2017/sep2017/gr_226766_2017.html
2025-12-05 19:20:20,597 - INFO -   ✓ Saved: RESTRUCTURED_DB/2017/september/226766.json
2025-12-05 19:20:21,097 - INFO - Scraping G.R. No. 198225 (2017): Tsm Shipping (Phils.), Inc., and Mst Marine Servic...
2025-12-05 19:20:21,997 - INFO -   ✓ Found at: https://lawphil.net/judjuris/juri2017/sep2017/gr_198225_2017.html
2025-12-05 19:20:22,000 - INFO -   ✓ Saved: RESTRUCTURED_DB/2017/september/198225.json
2025-12-05 19:20:22,500 - INFO - Scraping G.R. No. 207946 (2017): People of the Philippines vs. Alfredo Reyes Alias ...
2025-12-05 19:20:22,746 - INFO -   ✓ Found at: https://lawphil.net/judjuris/juri2017/sep2017/gr_207946_2017.html
2025-12-05 19:20:22,747 - INFO -   ✓ Saved: RESTRUCTURED_DB/2017/september/207946.json
2025-12-05 19:20:23,248 - INFO - Scraping G.R. No. 223679 (2017): People of the Philippines vs. Wilfredo Layug, Noel...
2025-12-05 19:20:23,491 - INFO -   ✓ Found at: https://lawphil.net/judjuris/juri2017/sep2017/gr_223679_2017.html
2025-12-05 19:20:23,493 - INFO -   ✓ Saved: RESTRUCTURED_DB/2017/september/223679.json
2025-12-05 19:20:23,993 - INFO - Scraping G.R. No. 227185 (2017): People of the Philippines vs. EEE...
2025-12-05 19:20:24,239 - INFO -   ✓ Found at: https://lawphil.net/judjuris/juri2017/sep2017/gr_227185_2017.html
2025-12-05 19:20:24,241 - INFO -   ✓ Saved: RESTRUCTURED_DB/2017/september/227185.json
2025-12-05 19:20:24,741 - INFO - Scraping G.R. No. 226213 (2017): G. Holdings, Inc. vs. Cagayan Electric Power and L...
2025-12-05 19:20:25,519 - INFO -   ✓ Found at: https://lawphil.net/judjuris/juri2017/sep2017/gr_226213_2017.html
2025-12-05 19:20:25,520 - INFO -   ✓ Saved: RESTRUCTURED_DB/2017/september/226213.json
2025-12-05 19:20:26,021 - INFO - Scraping G.R. No. 199018 (2017): People of the Philippines vs. Wilson Cacho y Songc...
2025-12-05 19:20:26,398 - INFO -   ✓ Found at: https://lawphil.net/judjuris/juri2017/sep2017/gr_199018_2017.html
2025-12-05 19:20:26,401 - INFO -   ✓ Saved: RESTRUCTURED_DB/2017/september/199018.json
2025-12-05 19:20:26,901 - INFO - Scraping G.R. No. 202578 (2017): Heirs of Gilberto Roldan vs. Heirs of Silvela Rold...
2025-12-05 19:20:27,143 - INFO -   ✓ Found at: https://lawphil.net/judjuris/juri2017/sep2017/gr_202578_2017.html
2025-12-05 19:20:27,144 - INFO -   ✓ Saved: RESTRUCTURED_DB/2017/september/202578.json
2025-12-05 19:20:27,644 - INFO - Scraping G.R. No. 209306 (2017): Commissioner of Internal Revenue vs. Hedcor Sibula...
2025-12-05 19:20:28,106 - INFO -   ✓ Found at: https://lawphil.net/judjuris/juri2017/sep2017/gr_209306_2017.html
2025-12-05 19:20:28,107 - INFO -   ✓ Saved: RESTRUCTURED_DB/2017/september/209306.json
2025-12-05 19:20:28,607 - INFO - Scraping G.R. No. 205695 (2017): Jesus Aparente y Vocalan vs. People of the Philipp...
2025-12-05 19:20:29,072 - INFO -   ✓ Found at: https://lawphil.net/judjuris/juri2017/sep2017/gr_205695_2017.html
2025-12-05 19:20:29,073 - INFO -   ✓ Saved: RESTRUCTURED_DB/2017/september/205695.json
2025-12-05 19:20:29,573 - INFO - Scraping G.R. No. 198119 (2017): People of the Philippines vs. Sandiganbayan and Ju...
2025-12-05 19:20:29,821 - INFO -   ✓ Found at: https://lawphil.net/judjuris/juri2017/sep2017/gr_198119_2017.html
2025-12-05 19:20:29,823 - INFO -   ✓ Saved: RESTRUCTURED_DB/2017/september/198119.json
2025-12-05 19:20:30,324 - INFO - Scraping G.R. No. 218425 (2017): People of the Philippines vs. Wilson Cacho y Songc...
2025-12-05 19:20:30,590 - INFO -   ✓ Found at: https://lawphil.net/judjuris/juri2017/sep2017/gr_218425_2017.html
2025-12-05 19:20:30,592 - INFO -   ✓ Saved: RESTRUCTURED_DB/2017/september/218425.json
2025-12-05 19:20:31,092 - INFO - Scraping G.R. No. 230744 (2017): Mario O. Salvador vs. Commission on Elections and ...
2025-12-05 19:20:31,659 - INFO -   ✓ Found at: https://lawphil.net/judjuris/juri2017/sep2017/gr_230744_2017.html
2025-12-05 19:20:31,660 - INFO -   ✓ Saved: RESTRUCTURED_DB/2017/september/230744.json
2025-12-05 19:20:32,160 - INFO - Scraping G.R. No. 213953 (2017): Engr. Oscar A. Marmeto vs. Commission on Elections...
2025-12-05 19:20:32,984 - INFO -   ✓ Found at: https://lawphil.net/judjuris/juri2017/sep2017/gr_213953_2017.html
2025-12-05 19:20:32,986 - INFO -   ✓ Saved: RESTRUCTURED_DB/2017/september/213953.json
2025-12-05 19:20:33,486 - INFO - Scraping G.R. No. 177246 (2017): Antonio A. Sombilon vs. People of the Philippines...
2025-12-05 19:20:34,144 - INFO -   ✓ Found at: https://lawphil.net/judjuris/juri2017/sep2017/gr_177246_2017.html
2025-12-05 19:20:34,146 - INFO -   ✓ Saved: RESTRUCTURED_DB/2017/september/177246.json
2025-12-05 19:20:34,647 - INFO - Scraping G.R. No. 214249 (2017): Henry E. Yu, et al. vs. Sr Metals, Inc. (Srmi)...
2025-12-05 19:20:35,049 - INFO -   ✓ Found at: https://lawphil.net/judjuris/juri2017/sep2017/gr_214249_2017.html
2025-12-05 19:20:35,052 - INFO -   ✓ Saved: RESTRUCTURED_DB/2017/september/214249.json
2025-12-05 19:20:35,552 - INFO - Scraping G.R. No. 211111 (2017): C.F. Sharp Crew Management, Inc. and Gulf Energy M...
2025-12-05 19:20:35,819 - INFO -   ✓ Found at: https://lawphil.net/judjuris/juri2017/sep2017/gr_211111_2017.html
2025-12-05 19:20:35,821 - INFO -   ✓ Saved: RESTRUCTURED_DB/2017/september/211111.json
2025-12-05 19:20:36,321 - INFO - Scraping G.R. No. 196072 (2017): Steamship Mutual Underwriting Association (Bermuda...
2025-12-05 19:20:37,213 - INFO -   ✓ Found at: https://lawphil.net/judjuris/juri2017/sep2017/gr_196072_2017.html
2025-12-05 19:20:37,217 - INFO -   ✓ Saved: RESTRUCTURED_DB/2017/september/196072.json
2025-12-05 19:20:37,717 - INFO - Scraping G.R. No. 201271 (2017): Roberto A. Torres, et al. vs. Antonia F. Aruego...
2025-12-05 19:20:37,975 - INFO -   ✓ Found at: https://lawphil.net/judjuris/juri2017/sep2017/gr_201271_2017.html
2025-12-05 19:20:37,977 - INFO -   ✓ Saved: RESTRUCTURED_DB/2017/september/201271.json
2025-12-05 19:20:38,477 - INFO - Scraping G.R. No. 208095 (2017): People of the Philippines vs. Jefferson Del Mundo ...
2025-12-05 19:20:38,729 - INFO -   ✓ Found at: https://lawphil.net/judjuris/juri2017/sep2017/gr_208095_2017.html
2025-12-05 19:20:38,731 - INFO -   ✓ Saved: RESTRUCTURED_DB/2017/september/208095.json
2025-12-05 19:20:39,231 - INFO - Scraping G.R. No. 211721 (2017): People of the Philippines vs. Willington Rodriguez...
2025-12-05 19:20:39,492 - INFO -   ✓ Found at: https://lawphil.net/judjuris/juri2017/sep2017/gr_211721_2017.html
2025-12-05 19:20:39,493 - INFO -   ✓ Saved: RESTRUCTURED_DB/2017/september/211721.json
2025-12-05 19:20:39,994 - INFO - Scraping G.R. No. 214762 (2017): People of the Philippines vs. Rommel Ronquillo...
2025-12-05 19:20:40,487 - INFO -   ✓ Found at: https://lawphil.net/judjuris/juri2017/sep2017/gr_214762_2017.html
2025-12-05 19:20:40,489 - INFO -   ✓ Saved: RESTRUCTURED_DB/2017/september/214762.json
2025-12-05 19:20:40,990 - INFO - Scraping G.R. No. 224507 (2017): Privatization and Management Office vs. Edgardo V....
2025-12-05 19:20:41,377 - INFO -   ✓ Found at: https://lawphil.net/judjuris/juri2017/sep2017/gr_224507_2017.html
2025-12-05 19:20:41,378 - INFO -   ✓ Saved: RESTRUCTURED_DB/2017/september/224507.json
2025-12-05 19:20:41,878 - INFO - Scraping G.R. No. 228617 (2017): Planters Development Bank vs. Spouses Victoriano a...
2025-12-05 19:20:42,306 - INFO -   ✓ Found at: https://lawphil.net/judjuris/juri2017/sep2017/gr_228617_2017.html
2025-12-05 19:20:42,307 - INFO -   ✓ Saved: RESTRUCTURED_DB/2017/september/228617.json
2025-12-05 19:20:42,807 - INFO - Scraping G.R. No. 208426 (2017): Samuel M. Alvarado vs. Ayala Hillside Estates Home...
2025-12-05 19:20:43,286 - INFO -   ✓ Found at: https://lawphil.net/judjuris/juri2017/sep2017/gr_208426_2017.html
2025-12-05 19:20:43,288 - INFO -   ✓ Saved: RESTRUCTURED_DB/2017/september/208426.json
2025-12-05 19:20:43,789 - INFO - Scraping G.R. No. 207229 (2017): People of the Philippines vs. Siegfred Cabellon y ...
2025-12-05 19:20:44,057 - INFO -   ✓ Found at: https://lawphil.net/judjuris/juri2017/sep2017/gr_207229_2017.html
2025-12-05 19:20:44,058 - INFO -   ✓ Saved: RESTRUCTURED_DB/2017/september/207229.json
2025-12-05 19:20:44,559 - INFO - Scraping G.R. No. 204412 (2017): Vicente L. Luntao and Nanette L. Luntao vs. Bap Cr...
2025-12-05 19:20:44,984 - INFO -   ✓ Found at: https://lawphil.net/judjuris/juri2017/sep2017/gr_204412_2017.html
2025-12-05 19:20:44,985 - INFO -   ✓ Saved: RESTRUCTURED_DB/2017/september/204412.json
2025-12-05 19:20:45,485 - INFO - Scraping G.R. No. 227863 (2017): People of the Philippines vs. Pedrito Ordona y Ren...
2025-12-05 19:20:45,977 - INFO -   ✓ Found at: https://lawphil.net/judjuris/juri2017/sep2017/gr_227863_2017.html
2025-12-05 19:20:45,978 - INFO -   ✓ Saved: RESTRUCTURED_DB/2017/september/227863.json
2025-12-05 19:20:46,479 - INFO - Scraping G.R. No. 210571 (2017): Orestes S. Miralles vs. Commission on Audit...
2025-12-05 19:20:46,942 - INFO -   ✓ Found at: https://lawphil.net/judjuris/juri2017/sep2017/gr_210571_2017.html
2025-12-05 19:20:46,944 - INFO -   ✓ Saved: RESTRUCTURED_DB/2017/september/210571.json
2025-12-05 19:20:47,445 - INFO - Scraping G.R. No. 213581 (2017): Bangko Sentral Ng Pilipinas vs. Commission on Audi...
2025-12-05 19:20:48,115 - INFO -   ✓ Found at: https://lawphil.net/judjuris/juri2017/sep2017/gr_213581_2017.html
2025-12-05 19:20:48,117 - INFO -   ✓ Saved: RESTRUCTURED_DB/2017/september/213581.json
2025-12-05 19:20:48,617 - INFO - Scraping G.R. No. 213200 (2017): Nayong Filipino Foundation, Inc. vs. Chairperson M...
2025-12-05 19:20:49,092 - INFO -   ✓ Found at: https://lawphil.net/judjuris/juri2017/sep2017/gr_213200_2017.html
2025-12-05 19:20:49,094 - INFO -   ✓ Saved: RESTRUCTURED_DB/2017/september/213200.json
2025-12-05 19:20:49,594 - INFO - Scraping G.R. No. 230324 (2017): Lorie Marie Tomas Callo vs. Commissioner Jaime H. ...
2025-12-05 19:20:50,054 - INFO -   ✓ Found at: https://lawphil.net/judjuris/juri2017/sep2017/gr_230324_2017.html
2025-12-05 19:20:50,056 - INFO -   ✓ Saved: RESTRUCTURED_DB/2017/september/230324.json
2025-12-05 19:20:50,556 - INFO - Scraping G.R. No. 170316 (2017): Republic of the Philippines vs. Spouses Joel and A...
2025-12-05 19:20:51,019 - INFO -   ✓ Found at: https://lawphil.net/judjuris/juri2017/sep2017/gr_170316_2017.html
2025-12-05 19:20:51,022 - INFO -   ✓ Saved: RESTRUCTURED_DB/2017/september/170316.json
2025-12-05 19:20:51,522 - INFO - Scraping G.R. No. 194944 (2017): Philippine National Bank vs. Teresita Fe A. Gregor...
2025-12-05 19:20:51,791 - INFO -   ✓ Found at: https://lawphil.net/judjuris/juri2017/sep2017/gr_194944_2017.html
2025-12-05 19:20:51,794 - INFO -   ✓ Saved: RESTRUCTURED_DB/2017/september/194944.json
2025-12-05 19:20:52,294 - INFO - Scraping G.R. No. 194189 (2017): Rafael Almeda, et al. vs. Heirs of Ponciano Almeda...
2025-12-05 19:20:52,968 - INFO -   ✓ Found at: https://lawphil.net/judjuris/juri2017/sep2017/gr_194189_2017.html
2025-12-05 19:20:52,970 - INFO -   ✓ Saved: RESTRUCTURED_DB/2017/september/194189.json
2025-12-05 19:20:53,470 - INFO - Scraping G.R. No. 218830 (2017): Jesus V. Coson vs. People of the Philippines...
2025-12-05 19:20:54,116 - INFO -   ✓ Found at: https://lawphil.net/judjuris/juri2017/sep2017/gr_218830_2017.html
2025-12-05 19:20:54,117 - INFO -   ✓ Saved: RESTRUCTURED_DB/2017/september/218830.json
2025-12-05 19:20:54,617 - INFO - Scraping G.R. No. 228112 (2017): Sps. Rosalino R. Reyes, Jr. and Sylvia S. Reyes vs...
2025-12-05 19:20:54,873 - INFO -   ✓ Found at: https://lawphil.net/judjuris/juri2017/sep2017/gr_228112_2017.html
2025-12-05 19:20:54,875 - INFO -   ✓ Saved: RESTRUCTURED_DB/2017/september/228112.json
2025-12-05 19:20:55,375 - INFO - Scraping G.R. No. 179732 (2017): Department of Public Works and Highways vs. Cmc/Mo...
2025-12-05 19:20:55,716 - INFO -   ✓ Found at: https://lawphil.net/judjuris/juri2017/sep2017/gr_179732_2017.html
2025-12-05 19:20:55,718 - INFO -   ✓ Saved: RESTRUCTURED_DB/2017/september/179732.json
2025-12-05 19:20:56,219 - INFO - Scraping G.R. No. 187869 (2017): Teodulfo E. Lao, Jr. vs. Lgu of Cagayan De Oro Cit...
2025-12-05 19:20:56,467 - INFO -   ✓ Found at: https://lawphil.net/judjuris/juri2017/sep2017/gr_187869_2017.html
2025-12-05 19:20:56,469 - INFO -   ✓ Saved: RESTRUCTURED_DB/2017/september/187869.json
2025-12-05 19:20:56,970 - INFO - Scraping G.R. No. 191652 (2017): Solar Team Entertainment, Inc. vs. Team Image Ente...
2025-12-05 19:20:57,437 - INFO -   ✓ Found at: https://lawphil.net/judjuris/juri2017/sep2017/gr_191652_2017.html
2025-12-05 19:20:57,442 - INFO -   ✓ Saved: RESTRUCTURED_DB/2017/september/191652.json
2025-12-05 19:20:57,942 - INFO - Scraping G.R. No. 213237 (2017): Civil Service Commission, and the Municipality of ...
2025-12-05 19:20:58,404 - INFO -   ✓ Found at: https://lawphil.net/judjuris/juri2017/sep2017/gr_213237_2017.html
2025-12-05 19:20:58,407 - INFO -   ✓ Saved: RESTRUCTURED_DB/2017/september/213237.json
2025-12-05 19:20:58,907 - INFO - Scraping G.R. No. 172193 (2017): Celerino Chua Alias Suntay vs. People of the Phili...
2025-12-05 19:20:59,232 - INFO -   ✓ Found at: https://lawphil.net/judjuris/juri2017/sep2017/gr_172193_2017.html
2025-12-05 19:20:59,233 - INFO -   ✓ Saved: RESTRUCTURED_DB/2017/september/172193.json
2025-12-05 19:20:59,734 - INFO - Scraping G.R. No. 179757 (2017): Leonardo P. Casona vs. People of the Philippines...
2025-12-05 19:21:00,212 - INFO -   ✓ Found at: https://lawphil.net/judjuris/juri2017/sep2017/gr_179757_2017.html
2025-12-05 19:21:00,214 - INFO -   ✓ Saved: RESTRUCTURED_DB/2017/september/179757.json
2025-12-05 19:21:00,714 - INFO - Scraping G.R. No. 225142 (2017): Nyk-Fil Ship Management, Incorporated vs. Gener G....
2025-12-05 19:21:00,993 - INFO -   ✓ Found at: https://lawphil.net/judjuris/juri2017/sep2017/gr_225142_2017.html
2025-12-05 19:21:00,995 - INFO -   ✓ Saved: RESTRUCTURED_DB/2017/september/225142.json
2025-12-05 19:21:01,495 - INFO - Scraping G.R. No. 225065 (2017): People of the Philippines vs. Armando Labraque A.K...
2025-12-05 19:21:01,759 - INFO -   ✓ Found at: https://lawphil.net/judjuris/juri2017/sep2017/gr_225065_2017.html
2025-12-05 19:21:01,760 - INFO -   ✓ Saved: RESTRUCTURED_DB/2017/september/225065.json
2025-12-05 19:21:02,260 - INFO - Scraping G.R. No. 207943 (2017): People of the Philippines vs. Robert Balanza...
2025-12-05 19:21:02,723 - INFO -   ✓ Found at: https://lawphil.net/judjuris/juri2017/sep2017/gr_207943_2017.html
2025-12-05 19:21:02,724 - INFO -   ✓ Saved: RESTRUCTURED_DB/2017/september/207943.json
2025-12-05 19:21:03,225 - INFO - Scraping G.R. No. 225808 (2017): Spouses Edgardo M. Aguinaldo and Nelia T. Torres-A...
2025-12-05 19:21:03,684 - INFO -   ✓ Found at: https://lawphil.net/judjuris/juri2017/sep2017/gr_225808_2017.html
2025-12-05 19:21:03,685 - INFO -   ✓ Saved: RESTRUCTURED_DB/2017/september/225808.json
2025-12-05 19:21:04,185 - INFO - Scraping G.R. No. 180969 (2017): Noel Navaja vs. Hon. Manuel A. De Castro or His Su...
2025-12-05 19:21:04,495 - INFO -   ✓ Found at: https://lawphil.net/judjuris/juri2017/sep2017/gr_180969_2017.html
2025-12-05 19:21:04,496 - INFO -   ✓ Saved: RESTRUCTURED_DB/2017/september/180969.json
2025-12-05 19:21:04,996 - INFO - Scraping G.R. No. 219123 (2017): Desiderio C. Cutanda vs. Marlow Navigation Phils.,...
2025-12-05 19:21:05,263 - INFO -   ✓ Found at: https://lawphil.net/judjuris/juri2017/sep2017/gr_219123_2017.html
2025-12-05 19:21:05,265 - INFO -   ✓ Saved: RESTRUCTURED_DB/2017/september/219123.json
2025-12-05 19:21:05,765 - INFO - Scraping G.R. No. 221620 (2017): Teresa R. Ignacio vs. Office of the City Treasurer...
2025-12-05 19:21:06,239 - INFO -   ✓ Found at: https://lawphil.net/judjuris/juri2017/sep2017/gr_221620_2017.html
2025-12-05 19:21:06,241 - INFO -   ✓ Saved: RESTRUCTURED_DB/2017/september/221620.json
2025-12-05 19:21:06,741 - INFO - Scraping G.R. No. 225500 (2017): People of the Philippines vs. Jonas Geronimo y Pin...
2025-12-05 19:21:07,199 - INFO -   ✓ Found at: https://lawphil.net/judjuris/juri2017/sep2017/gr_225500_2017.html
2025-12-05 19:21:07,200 - INFO -   ✓ Saved: RESTRUCTURED_DB/2017/september/225500.json
2025-12-05 19:21:07,700 - INFO - Scraping G.R. No. 223262 (2017): Dennis M. Concejero vs. Court of Appeals and Phili...
2025-12-05 19:21:08,184 - INFO -   ✓ Found at: https://lawphil.net/judjuris/juri2017/sep2017/gr_223262_2017.html
2025-12-05 19:21:08,186 - INFO -   ✓ Saved: RESTRUCTURED_DB/2017/september/223262.json
2025-12-05 19:21:08,686 - INFO - Scraping G.R. No. 215730 (2017): People of the Philippines vs. Melchor Panes y Mags...
2025-12-05 19:21:09,179 - INFO -   ✓ Found at: https://lawphil.net/judjuris/juri2017/sep2017/gr_215730_2017.html
2025-12-05 19:21:09,181 - INFO -   ✓ Saved: RESTRUCTURED_DB/2017/september/215730.json
2025-12-05 19:21:09,681 - INFO - Scraping G.R. No. 205652 (2017): Procter & Gamble Asia Pte Ltd. vs. Commissioner of...
2025-12-05 19:21:10,148 - INFO -   ✓ Found at: https://lawphil.net/judjuris/juri2017/sep2017/gr_205652_2017.html
2025-12-05 19:21:10,149 - INFO -   ✓ Saved: RESTRUCTURED_DB/2017/september/205652.json
2025-12-05 19:21:10,649 - INFO - Scraping G.R. No. 185938 (2017): Alicia M.L. Coseteng and Diliman Preparatory Schoo...
2025-12-05 19:21:10,914 - INFO -   ✓ Found at: https://lawphil.net/judjuris/juri2017/sep2017/gr_185938_2017.html
2025-12-05 19:21:10,917 - INFO -   ✓ Saved: RESTRUCTURED_DB/2017/september/185938.json
2025-12-05 19:21:11,417 - INFO - Scraping G.R. No. 197745 (2017): Atty. Melita S. Recto-Sambajon vs. Public Attorney...
2025-12-05 19:21:11,759 - INFO -   ✓ Found at: https://lawphil.net/judjuris/juri2017/sep2017/gr_197745_2017.html
2025-12-05 19:21:11,761 - INFO -   ✓ Saved: RESTRUCTURED_DB/2017/september/197745.json
2025-12-05 19:21:12,261 - INFO - Scraping G.R. No. 212731 (2017): Sps. Firmo S. Rosario and Agnes Annabelle Dean-Ros...
2025-12-05 19:21:12,547 - INFO -   ✓ Found at: https://lawphil.net/judjuris/juri2017/sep2017/gr_212731_2017.html
2025-12-05 19:21:12,548 - INFO -   ✓ Saved: RESTRUCTURED_DB/2017/september/212731.json
2025-12-05 19:21:13,048 - INFO - Scraping G.R. No. 214880 (2017): People of the Philippines vs. Amante Padlan y Leon...
2025-12-05 19:21:13,756 - INFO -   ✓ Found at: https://lawphil.net/judjuris/juri2017/sep2017/gr_214880_2017.html
2025-12-05 19:21:13,758 - INFO -   ✓ Saved: RESTRUCTURED_DB/2017/september/214880.json
2025-12-05 19:21:14,258 - INFO - Scraping G.R. No. 202505 (2017): Express Padala (Italia) S.P.A. now BDO Remittance ...
2025-12-05 19:21:14,542 - INFO -   ✓ Found at: https://lawphil.net/judjuris/juri2017/sep2017/gr_202505_2017.html
2025-12-05 19:21:14,547 - INFO -   ✓ Saved: RESTRUCTURED_DB/2017/september/202505.json
2025-12-05 19:21:15,047 - INFO - Scraping G.R. No. 217194 (2017): Societe Des Products, Nestle, S.A. vs. Puregold Pr...
2025-12-05 19:21:15,313 - INFO -   ✓ Found at: https://lawphil.net/judjuris/juri2017/sep2017/gr_217194_2017.html
2025-12-05 19:21:15,315 - INFO -   ✓ Saved: RESTRUCTURED_DB/2017/september/217194.json
2025-12-05 19:21:15,815 - INFO - Scraping G.R. No. 218628 (2017): Evergreen Manufacturing Corporation vs. Republic o...
