nohup: ignoring input
2025-12-05 19:04:46,490 - INFO - Loading missing cases list...
2025-12-05 19:04:46,505 - INFO - ================================================================================
2025-12-05 19:04:46,505 - INFO - LAWPHIL BATCH SCRAPER
2025-12-05 19:04:46,505 - INFO - ================================================================================
2025-12-05 19:04:46,505 - INFO - Database path: RESTRUCTURED_DB
2025-12-05 19:04:46,505 - INFO - Cases to scrape: 1098
2025-12-05 19:04:46,505 - INFO - Year range: 2008-2008
2025-12-05 19:04:46,505 - INFO - Batch size: 100
2025-12-05 19:04:46,505 - INFO - ================================================================================
2025-12-05 19:04:46,505 - INFO - 
================================================================================
2025-12-05 19:04:46,505 - INFO - BATCH 1/11 (100 cases)
2025-12-05 19:04:46,505 - INFO - ================================================================================
2025-12-05 19:04:46,506 - INFO - Scraping G.R. No. 182924 (2008): People of the Philippines vs. Jose Perez Y Dalegde...
2025-12-05 19:04:46,998 - INFO -   ✓ Found at: https://lawphil.net/judjuris/juri2008/dec2008/gr_182924_2008.html
2025-12-05 19:04:47,001 - INFO -   ✓ Saved: RESTRUCTURED_DB/2008/december/182924.json
2025-12-05 19:04:47,501 - INFO - Scraping G.R. No. 182865 (2008): Romulo F. Pecson vs. Commission on Elections, et a...
2025-12-05 19:04:47,987 - INFO -   ✓ Found at: https://lawphil.net/judjuris/juri2008/dec2008/gr_182865_2008.html
2025-12-05 19:04:47,989 - INFO -   ✓ Saved: RESTRUCTURED_DB/2008/december/182865.json
2025-12-05 19:04:48,489 - INFO - Scraping G.R. No. 180501 (2008): People of the Philippines vs. Roger Mendoza y Dela...
2025-12-05 19:04:48,748 - INFO -   ✓ Found at: https://lawphil.net/judjuris/juri2008/dec2008/gr_180501_2008.html
2025-12-05 19:04:48,750 - INFO -   ✓ Saved: RESTRUCTURED_DB/2008/december/180501.json
2025-12-05 19:04:49,250 - INFO - Scraping G.R. No. 180051 (2008): Nardo M. Velasco vs. Commission on Elections, et a...
2025-12-05 19:04:49,961 - INFO -   ✓ Found at: https://lawphil.net/judjuris/juri2008/dec2008/gr_180051_2008.html
2025-12-05 19:04:49,963 - INFO -   ✓ Saved: RESTRUCTURED_DB/2008/december/180051.json
2025-12-05 19:04:50,463 - INFO - Scraping G.R. No. 179878 (2008): Negros Oriental Planters Association, Inc. (NOPA) ...
2025-12-05 19:04:50,980 - INFO -   ✓ Found at: https://lawphil.net/judjuris/juri2008/dec2008/gr_179878_2008.html
2025-12-05 19:04:50,981 - INFO -   ✓ Saved: RESTRUCTURED_DB/2008/december/179878.json
2025-12-05 19:04:51,481 - INFO - Scraping G.R. No. 179174 (2008): Reynaldo Madrigalejos vs. Geminilou Trucking Servi...
2025-12-05 19:04:51,750 - INFO -   ✓ Found at: https://lawphil.net/judjuris/juri2008/dec2008/gr_179174_2008.html
2025-12-05 19:04:51,751 - INFO -   ✓ Saved: RESTRUCTURED_DB/2008/december/179174.json
2025-12-05 19:04:52,251 - INFO - Scraping G.R. No. 177944 (2008): Judith P. Ortega vs. People of the Philippines...
2025-12-05 19:04:52,521 - INFO -   ✓ Found at: https://lawphil.net/judjuris/juri2008/dec2008/gr_177944_2008.html
2025-12-05 19:04:52,523 - INFO -   ✓ Saved: RESTRUCTURED_DB/2008/december/177944.json
2025-12-05 19:04:53,023 - INFO - Scraping G.R. No. 176263 (2008): People of the Philippines vs. Michael Muro Y Foste...
2025-12-05 19:04:53,513 - INFO -   ✓ Found at: https://lawphil.net/judjuris/juri2008/dec2008/gr_176263_2008.html
2025-12-05 19:04:53,514 - INFO -   ✓ Saved: RESTRUCTURED_DB/2008/december/176263.json
2025-12-05 19:04:54,015 - INFO - Scraping G.R. No. 174109 (2008): Rural Bank of the Seven Lakes (S.P.C.), Inc. vs. B...
2025-12-05 19:04:54,493 - INFO -   ✓ Found at: https://lawphil.net/judjuris/juri2008/dec2008/gr_174109_2008.html
2025-12-05 19:04:54,495 - INFO -   ✓ Saved: RESTRUCTURED_DB/2008/december/174109.json
2025-12-05 19:04:54,995 - INFO - Scraping G.R. No. 171812 (2008): Remia F. Boncalon vs. Ombudsman (Visayas), et al....
2025-12-05 19:04:55,250 - INFO -   ✓ Found at: https://lawphil.net/judjuris/juri2008/dec2008/gr_171812_2008.html
2025-12-05 19:04:55,252 - INFO -   ✓ Saved: RESTRUCTURED_DB/2008/december/171812.json
2025-12-05 19:04:55,752 - INFO - Scraping G.R. No. 168173 (2008): People of the Philippines vs. F01 Felipe dela Cruz...
2025-12-05 19:04:56,231 - INFO -   ✓ Found at: https://lawphil.net/judjuris/juri2008/dec2008/gr_168173_2008.html
2025-12-05 19:04:56,233 - INFO -   ✓ Saved: RESTRUCTURED_DB/2008/december/168173.json
2025-12-05 19:04:56,734 - INFO - Scraping G.R. No. 179898 (2008): Maunlad Homes, Inc. et al. vs. Union Bank of the P...
2025-12-05 19:04:57,003 - INFO -   ✓ Found at: https://lawphil.net/judjuris/juri2008/dec2008/gr_179898_2008.html
2025-12-05 19:04:57,004 - INFO -   ✓ Saved: RESTRUCTURED_DB/2008/december/179898.json
2025-12-05 19:04:57,504 - INFO - Scraping G.R. No. 176219 (2008): Rentokil (Initial) Philippines, Inc. and/or Ronan ...
2025-12-05 19:04:57,812 - INFO -   ✓ Found at: https://lawphil.net/judjuris/juri2008/dec2008/gr_176219_2008.html
2025-12-05 19:04:57,813 - INFO -   ✓ Saved: RESTRUCTURED_DB/2008/december/176219.json
2025-12-05 19:04:58,313 - INFO - Scraping G.R. No. 175554 (2008): Edsel Liga vs. Allegro Resources Corp....
2025-12-05 19:04:58,807 - INFO -   ✓ Found at: https://lawphil.net/judjuris/juri2008/dec2008/gr_175554_2008.html
2025-12-05 19:04:58,808 - INFO -   ✓ Saved: RESTRUCTURED_DB/2008/december/175554.json
2025-12-05 19:04:59,308 - INFO - Scraping G.R. No. 174103 (2008): Development Bank of the Philippines vs. West Negro...
2025-12-05 19:04:59,566 - INFO -   ✓ Found at: https://lawphil.net/judjuris/juri2008/dec2008/gr_174103_2008.html
2025-12-05 19:04:59,567 - INFO -   ✓ Saved: RESTRUCTURED_DB/2008/december/174103.json
2025-12-05 19:05:00,067 - INFO - Scraping G.R. No. 172192 (2008): China Banking Corp. vs. ASB Holdings, Inc. et al....
2025-12-05 19:05:00,336 - INFO -   ✓ Found at: https://lawphil.net/judjuris/juri2008/dec2008/gr_172192_2008.html
2025-12-05 19:05:00,338 - INFO -   ✓ Saved: RESTRUCTURED_DB/2008/december/172192.json
2025-12-05 19:05:00,838 - INFO - Scraping G.R. No. 170338 (2008): Virgilio O. Garcillano vs. the House of Representa...
2025-12-05 19:05:01,537 - INFO -   ✓ Found at: https://lawphil.net/judjuris/juri2008/dec2008/gr_170338_2008.html
2025-12-05 19:05:01,539 - INFO -   ✓ Saved: RESTRUCTURED_DB/2008/december/170338.json
2025-12-05 19:05:02,039 - INFO - Scraping G.R. No. 170116 (2008): Atty. Carolina R. Ramos vs. Court of Appeals, et a...
2025-12-05 19:05:02,296 - INFO -   ✓ Found at: https://lawphil.net/judjuris/juri2008/dec2008/gr_170116_2008.html
2025-12-05 19:05:02,297 - INFO -   ✓ Saved: RESTRUCTURED_DB/2008/december/170116.json
2025-12-05 19:05:02,797 - INFO - Scraping G.R. No. 167181 (2008): Sps. Carlos Munsalud and Winnie Munsalud vs. Natio...
2025-12-05 19:05:03,055 - INFO -   ✓ Found at: https://lawphil.net/judjuris/juri2008/dec2008/gr_167181_2008.html
2025-12-05 19:05:03,056 - INFO -   ✓ Saved: RESTRUCTURED_DB/2008/december/167181.json
2025-12-05 19:05:03,557 - INFO - Scraping G.R. No. 164026 (2008): Securities and Exchange Commission vs. GMA Network...
2025-12-05 19:05:04,035 - INFO -   ✓ Found at: https://lawphil.net/judjuris/juri2008/dec2008/gr_164026_2008.html
2025-12-05 19:05:04,036 - INFO -   ✓ Saved: RESTRUCTURED_DB/2008/december/164026.json
2025-12-05 19:05:04,536 - INFO - Scraping G.R. No. 163898 (2008): Roberto Barbasa vs. Hon. Artemio G. Tuquero, et al...
2025-12-05 19:05:05,018 - INFO -   ✓ Found at: https://lawphil.net/judjuris/juri2008/dec2008/gr_163898_2008.html
2025-12-05 19:05:05,019 - INFO -   ✓ Saved: RESTRUCTURED_DB/2008/december/163898.json
2025-12-05 19:05:05,520 - INFO - Scraping G.R. No. 159589 (2008): Republic of the Philippines vs. Heirs of Juan Fabi...
2025-12-05 19:05:06,006 - INFO -   ✓ Found at: https://lawphil.net/judjuris/juri2008/dec2008/gr_159589_2008.html
2025-12-05 19:05:06,008 - INFO -   ✓ Saved: RESTRUCTURED_DB/2008/december/159589.json
2025-12-05 19:05:06,508 - INFO - Scraping G.R. No. 183456 (2008): People of the Philippines vs. Regino Tormis...
2025-12-05 19:05:07,076 - INFO -   ✓ Found at: https://lawphil.net/judjuris/juri2008/dec2008/gr_183456_2008.html
2025-12-05 19:05:07,079 - INFO -   ✓ Saved: RESTRUCTURED_DB/2008/december/183456.json
2025-12-05 19:05:07,579 - INFO - Scraping G.R. No. 181818 (2008): Edgar Perpetuo Fermin E. Hipol vs. National Labor ...
2025-12-05 19:05:08,049 - INFO -   ✓ Found at: https://lawphil.net/judjuris/juri2008/dec2008/gr_181818_2008.html
2025-12-05 19:05:08,051 - INFO -   ✓ Saved: RESTRUCTURED_DB/2008/december/181818.json
2025-12-05 19:05:08,551 - INFO - Scraping G.R. No. 180146 (2008): P02 Ruel C. Montoya vs. Police Director Reynaldo P...
2025-12-05 19:05:09,041 - INFO -   ✓ Found at: https://lawphil.net/judjuris/juri2008/dec2008/gr_180146_2008.html
2025-12-05 19:05:09,044 - INFO -   ✓ Saved: RESTRUCTURED_DB/2008/december/180146.json
2025-12-05 19:05:09,544 - INFO - Scraping G.R. No. 179895 (2008): Ferdinand S. Topacio vs. Associate Justice of the ...
2025-12-05 19:05:09,810 - INFO -   ✓ Found at: https://lawphil.net/judjuris/juri2008/dec2008/gr_179895_2008.html
2025-12-05 19:05:09,812 - INFO -   ✓ Saved: RESTRUCTURED_DB/2008/december/179895.json
2025-12-05 19:05:10,313 - INFO - Scraping G.R. No. 179813 (2008): Datu Pax Pakung S. Mangudadatu vs. the House of Re...
2025-12-05 19:05:10,573 - INFO -   ✓ Found at: https://lawphil.net/judjuris/juri2008/dec2008/gr_179813_2008.html
2025-12-05 19:05:10,574 - INFO -   ✓ Saved: RESTRUCTURED_DB/2008/december/179813.json
2025-12-05 19:05:11,074 - INFO - Scraping G.R. No. 179695 (2008): Mike A. Fermin vs. Commission on Electons, et al....
2025-12-05 19:05:11,790 - INFO -   ✓ Found at: https://lawphil.net/judjuris/juri2008/dec2008/gr_179695_2008.html
2025-12-05 19:05:11,793 - INFO -   ✓ Saved: RESTRUCTURED_DB/2008/december/179695.json
2025-12-05 19:05:12,293 - INFO - Scraping G.R. No. 178306 (2008): Francisco R. Nunga, Jr., et al. vs. Francisco N. N...
2025-12-05 19:05:12,780 - INFO -   ✓ Found at: https://lawphil.net/judjuris/juri2008/dec2008/gr_178306_2008.html
2025-12-05 19:05:12,782 - INFO -   ✓ Saved: RESTRUCTURED_DB/2008/december/178306.json
2025-12-05 19:05:13,283 - INFO - Scraping G.R. No. 176609 (2008): Fernando Estabas Mahawan Alias Pado vs. People of ...
2025-12-05 19:05:13,998 - INFO -   ✓ Found at: https://lawphil.net/judjuris/juri2008/dec2008/gr_176609_2008.html
2025-12-05 19:05:14,000 - INFO -   ✓ Saved: RESTRUCTURED_DB/2008/december/176609.json
2025-12-05 19:05:14,500 - INFO - Scraping G.R. No. 172973 (2008): People of the Philippines vs. Marcelino Abare Y Is...
2025-12-05 19:05:15,007 - INFO -   ✓ Found at: https://lawphil.net/judjuris/juri2008/dec2008/gr_172973_2008.html
2025-12-05 19:05:15,009 - INFO -   ✓ Saved: RESTRUCTURED_DB/2008/december/172973.json
2025-12-05 19:05:15,509 - INFO - Scraping G.R. No. 172041 (2008): Gateway Electronics Corporation, et al. vs. Asianb...
2025-12-05 19:05:15,777 - INFO -   ✓ Found at: https://lawphil.net/judjuris/juri2008/dec2008/gr_172041_2008.html
2025-12-05 19:05:15,779 - INFO -   ✓ Saved: RESTRUCTURED_DB/2008/december/172041.json
2025-12-05 19:05:16,280 - INFO - Scraping G.R. No. 171947 (2008): Metropolitan Manila Development Authority, et al. ...
2025-12-05 19:05:16,544 - INFO -   ✓ Found at: https://lawphil.net/judjuris/juri2008/dec2008/gr_171947_2008.html
2025-12-05 19:05:16,547 - INFO -   ✓ Saved: RESTRUCTURED_DB/2008/december/171947.json
2025-12-05 19:05:17,048 - INFO - Scraping G.R. No. 171321 (2008): Mary Ann Deheza-Inamarga vs. Celenia C. Alano, et ...
2025-12-05 19:05:17,526 - INFO -   ✓ Found at: https://lawphil.net/judjuris/juri2008/dec2008/gr_171321_2008.html
2025-12-05 19:05:17,527 - INFO -   ✓ Saved: RESTRUCTURED_DB/2008/december/171321.json
2025-12-05 19:05:18,027 - INFO - Scraping G.R. No. 170282 (2008): Alexander and Jean J. Bacungan vs. Court of Appeal...
2025-12-05 19:05:18,281 - INFO -   ✓ Found at: https://lawphil.net/judjuris/juri2008/dec2008/gr_170282_2008.html
2025-12-05 19:05:18,283 - INFO -   ✓ Saved: RESTRUCTURED_DB/2008/december/170282.json
2025-12-05 19:05:18,783 - INFO - Scraping G.R. No. 164521 (2008): Allandale Sportsline, Inc. et al. vs. the Good Dev...
2025-12-05 19:05:19,048 - INFO -   ✓ Found at: https://lawphil.net/judjuris/juri2008/dec2008/gr_164521_2008.html
2025-12-05 19:05:19,050 - INFO -   ✓ Saved: RESTRUCTURED_DB/2008/december/164521.json
2025-12-05 19:05:19,550 - INFO - Scraping G.R. No. 162335 (2008): Severino M. Manotok IV, et al. vs. Heirs of Homer ...
2025-12-05 19:05:19,804 - INFO -   ✓ Found at: https://lawphil.net/judjuris/juri2008/dec2008/gr_162335_2008.html
2025-12-05 19:05:19,807 - INFO -   ✓ Saved: RESTRUCTURED_DB/2008/december/162335.json
2025-12-05 19:05:20,307 - INFO - Scraping G.R. No. 160031 (2008): Social Justice Society vs. Hon. Jose D. Lina etc. ...
2025-12-05 19:05:20,560 - INFO -   ✓ Found at: https://lawphil.net/judjuris/juri2008/dec2008/gr_160031_2008.html
2025-12-05 19:05:20,561 - INFO -   ✓ Saved: RESTRUCTURED_DB/2008/december/160031.json
2025-12-05 19:05:21,061 - INFO - Scraping G.R. No. 159132 (2008): Fe Cayao-Lasam vs. Spouses Claro & Editha Ramolete...
2025-12-05 19:05:21,447 - INFO -   ✓ Found at: https://lawphil.net/judjuris/juri2008/dec2008/gr_159132_2008.html
2025-12-05 19:05:21,448 - INFO -   ✓ Saved: RESTRUCTURED_DB/2008/december/159132.json
2025-12-05 19:05:21,949 - INFO - Scraping G.R. No. 156382 (2008): Mcdonald's Katipunan Branch, etc. vs. Ma. Dulce Al...
2025-12-05 19:05:22,222 - INFO -   ✓ Found at: https://lawphil.net/judjuris/juri2008/dec2008/gr_156382_2008.html
2025-12-05 19:05:22,223 - INFO -   ✓ Saved: RESTRUCTURED_DB/2008/december/156382.json
2025-12-05 19:05:22,723 - INFO - Scraping G.R. No. 144492 (2008): Luwalhati R. Antonino vs. Hon. Ombudsman Aniano A....
2025-12-05 19:05:22,993 - INFO -   ✓ Found at: https://lawphil.net/judjuris/juri2008/dec2008/gr_144492_2008.html
2025-12-05 19:05:22,996 - INFO -   ✓ Saved: RESTRUCTURED_DB/2008/december/144492.json
2025-12-05 19:05:23,496 - INFO - Scraping G.R. No. 177742 (2008): People of the Philippines vs. Joselito A. Lopit...
2025-12-05 19:05:23,766 - INFO -   ✓ Found at: https://lawphil.net/judjuris/juri2008/dec2008/gr_177742_2008.html
2025-12-05 19:05:23,768 - INFO -   ✓ Saved: RESTRUCTURED_DB/2008/december/177742.json
2025-12-05 19:05:24,268 - INFO - Scraping G.R. No. 173473 (2008): People of the Philippines vs. Beth TemporadaSepara...
2025-12-05 19:05:24,752 - INFO -   ✓ Found at: https://lawphil.net/judjuris/juri2008/dec2008/gr_173473_2008.html
2025-12-05 19:05:24,756 - INFO -   ✓ Saved: RESTRUCTURED_DB/2008/december/173473.json
2025-12-05 19:05:25,256 - INFO - Scraping G.R. No. 172874 (2008): People of the Philippines vs. Mario Castro...
2025-12-05 19:05:25,515 - INFO -   ✓ Found at: https://lawphil.net/judjuris/juri2008/dec2008/gr_172874_2008.html
2025-12-05 19:05:25,517 - INFO -   ✓ Saved: RESTRUCTURED_DB/2008/december/172874.json
2025-12-05 19:05:26,017 - INFO - Scraping G.R. No. 172776 (2008): Commission on Higher Education vs. Atty. Felina S....
2025-12-05 19:05:26,671 - INFO -   ✓ Found at: https://lawphil.net/judjuris/juri2008/dec2008/gr_172776_2008.html
2025-12-05 19:05:26,672 - INFO -   ✓ Saved: RESTRUCTURED_DB/2008/december/172776.json
2025-12-05 19:05:27,173 - INFO - Scraping G.R. No. 171654 (2008): People of the Philippines vs. Edwin Gayeta y Roblo...
2025-12-05 19:05:27,662 - INFO -   ✓ Found at: https://lawphil.net/judjuris/juri2008/dec2008/gr_171654_2008.html
2025-12-05 19:05:27,663 - INFO -   ✓ Saved: RESTRUCTURED_DB/2008/december/171654.json
2025-12-05 19:05:28,164 - INFO - Scraping G.R. No. 167449 (2008): Bristol Myers Squibb (Phil.), Inc. vs. Richard Nix...
2025-12-05 19:05:28,639 - INFO -   ✓ Found at: https://lawphil.net/judjuris/juri2008/dec2008/gr_167449_2008.html
2025-12-05 19:05:28,640 - INFO -   ✓ Saved: RESTRUCTURED_DB/2008/december/167449.json
2025-12-05 19:05:29,140 - INFO - Scraping G.R. No. 162729 (2008): Soledad Leonor Pena Suatengco, et al. vs. Carmenci...
2025-12-05 19:05:29,738 - INFO -   ✓ Found at: https://lawphil.net/judjuris/juri2008/dec2008/gr_162729_2008.html
2025-12-05 19:05:29,740 - INFO -   ✓ Saved: RESTRUCTURED_DB/2008/december/162729.json
2025-12-05 19:05:30,240 - INFO - Scraping G.R. No. 181492 (2008): The People of the Philippines vs. Samuel Obmiranis...
2025-12-05 19:05:30,503 - INFO -   ✓ Found at: https://lawphil.net/judjuris/juri2008/dec2008/gr_181492_2008.html
2025-12-05 19:05:30,505 - INFO -   ✓ Saved: RESTRUCTURED_DB/2008/december/181492.json
2025-12-05 19:05:31,005 - INFO - Scraping G.R. No. 179922 (2008): Juan De Delos Carlos vs. Felicidad Sandoval, et al...
2025-12-05 19:05:31,290 - INFO -   ✓ Found at: https://lawphil.net/judjuris/juri2008/dec2008/gr_179922_2008.html
2025-12-05 19:05:31,292 - INFO -   ✓ Saved: RESTRUCTURED_DB/2008/december/179922.json
2025-12-05 19:05:31,792 - INFO - Scraping G.R. No. 176141 (2008): Gertrudes Nabua, et al. vs. Douglas Lu Ym...
2025-12-05 19:05:32,256 - INFO -   ✓ Found at: https://lawphil.net/judjuris/juri2008/dec2008/gr_176141_2008.html
2025-12-05 19:05:32,258 - INFO -   ✓ Saved: RESTRUCTURED_DB/2008/december/176141.json
2025-12-05 19:05:32,758 - INFO - Scraping G.R. No. 175929 (2008): People of the Philippines vs. Rommel Dela Cruz...
2025-12-05 19:05:33,461 - INFO -   ✓ Found at: https://lawphil.net/judjuris/juri2008/dec2008/gr_175929_2008.html
2025-12-05 19:05:33,463 - INFO -   ✓ Saved: RESTRUCTURED_DB/2008/december/175929.json
2025-12-05 19:05:33,963 - INFO - Scraping G.R. No. 175339 (2008): Premiere Development Bank vs. Court of Appeals, et...
2025-12-05 19:05:34,218 - INFO -   ✓ Found at: https://lawphil.net/judjuris/juri2008/dec2008/gr_175339_2008.html
2025-12-05 19:05:34,219 - INFO -   ✓ Saved: RESTRUCTURED_DB/2008/december/175339.json
2025-12-05 19:05:34,719 - INFO - Scraping G.R. No. 173052 (2008): People of the Philippines vs. Rogelio Pelagio y Be...
2025-12-05 19:05:35,195 - INFO -   ✓ Found at: https://lawphil.net/judjuris/juri2008/dec2008/gr_173052_2008.html
2025-12-05 19:05:35,197 - INFO -   ✓ Saved: RESTRUCTURED_DB/2008/december/173052.json
2025-12-05 19:05:35,697 - INFO - Scraping G.R. No. 169013 (2008): Department of Education, etc. vs. Godofredo G. Cua...
2025-12-05 19:05:35,952 - INFO -   ✓ Found at: https://lawphil.net/judjuris/juri2008/dec2008/gr_169013_2008.html
2025-12-05 19:05:35,954 - INFO -   ✓ Saved: RESTRUCTURED_DB/2008/december/169013.json
2025-12-05 19:05:36,454 - INFO - Scraping G.R. No. 157784 (2008): Richard B. Lopez, etc. vs. Court of Appeals, et al...
2025-12-05 19:05:36,707 - INFO -   ✓ Found at: https://lawphil.net/judjuris/juri2008/dec2008/gr_157784_2008.html
2025-12-05 19:05:36,709 - INFO -   ✓ Saved: RESTRUCTURED_DB/2008/december/157784.json
2025-12-05 19:05:37,209 - INFO - Scraping G.R. No. 145941 (2008): The Manila Banking Corporation vs. Sps. Alfredo an...
2025-12-05 19:05:37,685 - INFO -   ✓ Found at: https://lawphil.net/judjuris/juri2008/dec2008/gr_145941_2008.html
2025-12-05 19:05:37,687 - INFO -   ✓ Saved: RESTRUCTURED_DB/2008/december/145941.json
2025-12-05 19:05:38,187 - INFO - Scraping G.R. No. 180730 (2008): Carlos Gonzales vs. Hon. Judge Mercedes Posada Lac...
2025-12-05 19:05:38,625 - INFO -   ✓ Found at: https://lawphil.net/judjuris/juri2008/dec2008/gr_180730_2008.html
2025-12-05 19:05:38,626 - INFO -   ✓ Saved: RESTRUCTURED_DB/2008/december/180730.json
2025-12-05 19:05:39,126 - INFO - Scraping G.R. No. 174371 (2008): People of the Philippines vs. Warren Dela Cruz y F...
2025-12-05 19:05:39,604 - INFO -   ✓ Found at: https://lawphil.net/judjuris/juri2008/dec2008/gr_174371_2008.html
2025-12-05 19:05:39,606 - INFO -   ✓ Saved: RESTRUCTURED_DB/2008/december/174371.json
2025-12-05 19:05:40,106 - INFO - Scraping G.R. No. 169498 (2008): Oscar De Los Santos, et al. vs. Court of Appeals, ...
2025-12-05 19:05:40,358 - INFO -   ✓ Found at: https://lawphil.net/judjuris/juri2008/dec2008/gr_169498_2008.html
2025-12-05 19:05:40,360 - INFO -   ✓ Saved: RESTRUCTURED_DB/2008/december/169498.json
2025-12-05 19:05:40,860 - INFO - Scraping G.R. No. 168537 (2008): Damian Aklan, et al. vs. San Miguel Corp., et al....
2025-12-05 19:05:41,117 - INFO -   ✓ Found at: https://lawphil.net/judjuris/juri2008/dec2008/gr_168537_2008.html
2025-12-05 19:05:41,119 - INFO -   ✓ Saved: RESTRUCTURED_DB/2008/december/168537.json
2025-12-05 19:05:41,619 - INFO - Scraping G.R. No. 167011 (2008): Sps. Carlos S. Romualdez etc. vs. Commission on El...
2025-12-05 19:05:41,872 - INFO -   ✓ Found at: https://lawphil.net/judjuris/juri2008/dec2008/gr_167011_2008.html
2025-12-05 19:05:41,873 - INFO -   ✓ Saved: RESTRUCTURED_DB/2008/december/167011.json
2025-12-05 19:05:42,374 - INFO - Scraping G.R. No. 156040 (2008): Digital Telecommunications Philippines, Inc. vs. C...
2025-12-05 19:05:43,039 - INFO -   ✓ Found at: https://lawphil.net/judjuris/juri2008/dec2008/gr_156040_2008.html
2025-12-05 19:05:43,042 - INFO -   ✓ Saved: RESTRUCTURED_DB/2008/december/156040.json
2025-12-05 19:05:43,542 - INFO - Scraping G.R. No. 180986 (2008): Norberto Altres, et al. vs. Camilo G. Empleo, et a...
2025-12-05 19:05:43,796 - INFO -   ✓ Found at: https://lawphil.net/judjuris/juri2008/dec2008/gr_180986_2008.html
2025-12-05 19:05:43,798 - INFO -   ✓ Saved: RESTRUCTURED_DB/2008/december/180986.json
2025-12-05 19:05:44,298 - INFO - Scraping G.R. No. 180926 (2008): People of the Philippines vs. Lourdes V Alenciano ...
2025-12-05 19:05:44,559 - INFO -   ✓ Found at: https://lawphil.net/judjuris/juri2008/dec2008/gr_180926_2008.html
2025-12-05 19:05:44,560 - INFO -   ✓ Saved: RESTRUCTURED_DB/2008/december/180926.json
2025-12-05 19:05:45,060 - INFO - Scraping G.R. No. 178198 (2008): People of the Philippines vs. Evelyn Bohol y Talao...
2025-12-05 19:05:45,842 - INFO -   ✓ Found at: https://lawphil.net/judjuris/juri2008/dec2008/gr_178198_2008.html
2025-12-05 19:05:45,844 - INFO -   ✓ Saved: RESTRUCTURED_DB/2008/december/178198.json
2025-12-05 19:05:46,344 - INFO - Scraping G.R. No. 177656 (2008): Linda Uy Lim vs. Helen O. Tong, et al....
2025-12-05 19:05:46,788 - INFO -   ✓ Found at: https://lawphil.net/judjuris/juri2008/dec2008/gr_177656_2008.html
2025-12-05 19:05:46,789 - INFO -   ✓ Saved: RESTRUCTURED_DB/2008/december/177656.json
2025-12-05 19:05:47,289 - INFO - Scraping G.R. No. 174988 (2008): Bank of the Philippine Islands vs. Sps. Homobono a...
2025-12-05 19:05:47,766 - INFO -   ✓ Found at: https://lawphil.net/judjuris/juri2008/dec2008/gr_174988_2008.html
2025-12-05 19:05:47,767 - INFO -   ✓ Saved: RESTRUCTURED_DB/2008/december/174988.json
2025-12-05 19:05:48,267 - INFO - Scraping G.R. No. 174195 (2008): People of the Philippines vs. Catalino Mingming y ...
2025-12-05 19:05:48,745 - INFO -   ✓ Found at: https://lawphil.net/judjuris/juri2008/dec2008/gr_174195_2008.html
2025-12-05 19:05:48,747 - INFO -   ✓ Saved: RESTRUCTURED_DB/2008/december/174195.json
2025-12-05 19:05:49,248 - INFO - Scraping G.R. No. 173804 (2008): Elpidio Bondad, Jr. y Burac vs. People of the Phil...
2025-12-05 19:05:49,726 - INFO -   ✓ Found at: https://lawphil.net/judjuris/juri2008/dec2008/gr_173804_2008.html
2025-12-05 19:05:49,728 - INFO -   ✓ Saved: RESTRUCTURED_DB/2008/december/173804.json
2025-12-05 19:05:50,228 - INFO - Scraping G.R. No. 172849 (2008): Mr. Tereso Tan, et al. vs. Manuel "Guy" Link, et a...
2025-12-05 19:05:50,711 - INFO -   ✓ Found at: https://lawphil.net/judjuris/juri2008/dec2008/gr_172849_2008.html
2025-12-05 19:05:50,713 - INFO -   ✓ Saved: RESTRUCTURED_DB/2008/december/172849.json
2025-12-05 19:05:51,213 - INFO - Scraping G.R. No. 172848 (2008): Republic of the Philippines vs. Jose Victorino K. ...
2025-12-05 19:05:51,701 - INFO -   ✓ Found at: https://lawphil.net/judjuris/juri2008/dec2008/gr_172848_2008.html
2025-12-05 19:05:51,702 - INFO -   ✓ Saved: RESTRUCTURED_DB/2008/december/172848.json
2025-12-05 19:05:52,203 - INFO - Scraping G.R. No. 171678 (2008): Rosa J. Sales, et al. vs. William Barro...
2025-12-05 19:05:52,458 - INFO -   ✓ Found at: https://lawphil.net/judjuris/juri2008/dec2008/gr_171678_2008.html
2025-12-05 19:05:52,459 - INFO -   ✓ Saved: RESTRUCTURED_DB/2008/december/171678.json
2025-12-05 19:05:52,959 - INFO - Scraping G.R. No. 163156 (2008): Negros Navigation Co. Inc. vs. Court of Appeals, e...
2025-12-05 19:05:53,673 - INFO -   ✓ Found at: https://lawphil.net/judjuris/juri2008/dec2008/gr_163156_2008.html
2025-12-05 19:05:53,675 - INFO -   ✓ Saved: RESTRUCTURED_DB/2008/december/163156.json
2025-12-05 19:05:54,175 - INFO - Scraping G.R. No. 158621 (2008): Royal Cargo Corporation vs. DFS Sports Unlimited, ...
2025-12-05 19:05:54,661 - INFO -   ✓ Found at: https://lawphil.net/judjuris/juri2008/dec2008/gr_158621_2008.html
2025-12-05 19:05:54,662 - INFO -   ✓ Saved: RESTRUCTURED_DB/2008/december/158621.json
2025-12-05 19:05:55,163 - INFO - Scraping G.R. No. 155454 (2008): Eduardo Colmenares, et al. vs. Heirs of Rosario Vd...
2025-12-05 19:05:55,432 - INFO -   ✓ Found at: https://lawphil.net/judjuris/juri2008/dec2008/gr_155454_2008.html
2025-12-05 19:05:55,433 - INFO -   ✓ Saved: RESTRUCTURED_DB/2008/december/155454.json
2025-12-05 19:05:55,933 - INFO - Scraping G.R. No. 154108 (2008): First United Construction Corp. vs. Menandro G. Va...
2025-12-05 19:05:56,192 - INFO -   ✓ Found at: https://lawphil.net/judjuris/juri2008/dec2008/gr_154108_2008.html
2025-12-05 19:05:56,194 - INFO -   ✓ Saved: RESTRUCTURED_DB/2008/december/154108.json
2025-12-05 19:05:56,694 - INFO - Scraping G.R. No. 152150 (2008): Sps. Reynaldo O. Padua, etc., et al. vs. Hon. Cour...
2025-12-05 19:05:56,948 - INFO -   ✓ Found at: https://lawphil.net/judjuris/juri2008/dec2008/gr_152150_2008.html
2025-12-05 19:05:56,949 - INFO -   ✓ Saved: RESTRUCTURED_DB/2008/december/152150.json
2025-12-05 19:05:57,450 - INFO - Scraping G.R. No. 136197 (2008): Natividad Bautista-Borja vs. Iluminada Bautista, e...
2025-12-05 19:05:57,713 - INFO -   ✓ Found at: https://lawphil.net/judjuris/juri2008/dec2008/gr_136197_2008.html
2025-12-05 19:05:57,714 - INFO -   ✓ Saved: RESTRUCTURED_DB/2008/december/136197.json
2025-12-05 19:05:58,215 - INFO - Scraping G.R. No. 124795 (2008): Forfom Development Corporation vs. Philippine Nati...
2025-12-05 19:05:58,473 - INFO -   ✓ Found at: https://lawphil.net/judjuris/juri2008/dec2008/gr_124795_2008.html
2025-12-05 19:05:58,475 - INFO -   ✓ Saved: RESTRUCTURED_DB/2008/december/124795.json
2025-12-05 19:05:58,975 - INFO - Scraping G.R. No. 181644 (2008): Hermilina N. Abainza vs. Ernesto Arellano, et al....
2025-12-05 19:05:59,234 - INFO -   ✓ Found at: https://lawphil.net/judjuris/juri2008/dec2008/gr_181644_2008.html
2025-12-05 19:05:59,235 - INFO -   ✓ Saved: RESTRUCTURED_DB/2008/december/181644.json
2025-12-05 19:05:59,736 - INFO - Scraping G.R. No. 177931 (2008): Philippine National Bank vs. Deang Marketing Corp,...
2025-12-05 19:06:00,218 - INFO -   ✓ Found at: https://lawphil.net/judjuris/juri2008/dec2008/gr_177931_2008.html
2025-12-05 19:06:00,220 - INFO -   ✓ Saved: RESTRUCTURED_DB/2008/december/177931.json
2025-12-05 19:06:00,720 - INFO - Scraping G.R. No. 175527 (2008): Hon. Gabriel Luis Quisumbing, et al. vs. Hon. Gwen...
2025-12-05 19:06:01,436 - INFO -   ✓ Found at: https://lawphil.net/judjuris/juri2008/dec2008/gr_175527_2008.html
2025-12-05 19:06:01,438 - INFO -   ✓ Saved: RESTRUCTURED_DB/2008/december/175527.json
2025-12-05 19:06:01,938 - INFO - Scraping G.R. No. 169095 (2008): Heunghwa Industry Co. Ltd vs. DJ Builders Corporat...
2025-12-05 19:06:02,694 - INFO -   ✓ Found at: https://lawphil.net/judjuris/juri2008/dec2008/gr_169095_2008.html
2025-12-05 19:06:02,695 - INFO -   ✓ Saved: RESTRUCTURED_DB/2008/december/169095.json
2025-12-05 19:06:03,196 - INFO - Scraping G.R. No. 168695 (2008): People of the Philippines vs. Maribel Lagman, et a...
2025-12-05 19:06:03,459 - INFO -   ✓ Found at: https://lawphil.net/judjuris/juri2008/dec2008/gr_168695_2008.html
2025-12-05 19:06:03,460 - INFO -   ✓ Saved: RESTRUCTURED_DB/2008/december/168695.json
2025-12-05 19:06:03,961 - INFO - Scraping G.R. No. 164820 (2008): Victory Liner, Inc. vs. Pablo Race...
2025-12-05 19:06:04,446 - INFO -   ✓ Found at: https://lawphil.net/judjuris/juri2008/dec2008/gr_164820_2008.html
2025-12-05 19:06:04,447 - INFO -   ✓ Saved: RESTRUCTURED_DB/2008/december/164820.json
2025-12-05 19:06:04,948 - INFO - Scraping G.R. No. 161844 (2008): Rafael M. Concepcion vs. Court of Appeals & Land B...
2025-12-05 19:06:05,215 - INFO -   ✓ Found at: https://lawphil.net/judjuris/juri2008/dec2008/gr_161844_2008.html
2025-12-05 19:06:05,216 - INFO -   ✓ Saved: RESTRUCTURED_DB/2008/december/161844.json
2025-12-05 19:06:05,716 - INFO - Scraping G.R. No. 183087 (2008): People of the Philippines vs. Ignacio Isang y Laga...
2025-12-05 19:06:05,970 - INFO -   ✓ Found at: https://lawphil.net/judjuris/juri2008/dec2008/gr_183087_2008.html
2025-12-05 19:06:05,971 - INFO -   ✓ Saved: RESTRUCTURED_DB/2008/december/183087.json
2025-12-05 19:06:06,472 - INFO - Scraping G.R. No. 178233 (2008): Joseph A. Gandol vs. People of the Philippines/Peo...
2025-12-05 19:06:06,927 - INFO -   ✓ Found at: https://lawphil.net/judjuris/juri2008/dec2008/gr_178233_2008.html
2025-12-05 19:06:06,929 - INFO -   ✓ Saved: RESTRUCTURED_DB/2008/december/178233.json
2025-12-05 19:06:07,429 - INFO - Scraping G.R. No. 177797 (2008): Spouses Pedro Tan and Nena Acero Tan vs. Republic ...
2025-12-05 19:06:07,684 - INFO -   ✓ Found at: https://lawphil.net/judjuris/juri2008/dec2008/gr_177797_2008.html
2025-12-05 19:06:07,686 - INFO -   ✓ Saved: RESTRUCTURED_DB/2008/december/177797.json
2025-12-05 19:06:08,187 - INFO - Scraping G.R. No. 177188 (2008): El Greco Ship Manning and Management Corp. vs. Com...
2025-12-05 19:06:08,440 - INFO -   ✓ Found at: https://lawphil.net/judjuris/juri2008/dec2008/gr_177188_2008.html
2025-12-05 19:06:08,441 - INFO -   ✓ Saved: RESTRUCTURED_DB/2008/december/177188.json
2025-12-05 19:06:08,942 - INFO - Scraping G.R. No. 162311 (2008): Levi Strauss (Phils.), Inc. vs. Tony Lim...
2025-12-05 19:06:09,419 - INFO -   ✓ Found at: https://lawphil.net/judjuris/juri2008/dec2008/gr_162311_2008.html
2025-12-05 19:06:09,421 - INFO -   ✓ Saved: RESTRUCTURED_DB/2008/december/162311.json
2025-12-05 19:06:09,922 - INFO - Scraping G.R. No. 143365 (2008): Generoso Saligumba, et al. vs. Monicapalanog...
2025-12-05 19:06:10,179 - INFO -   ✓ Found at: https://lawphil.net/judjuris/juri2008/dec2008/gr_143365_2008.html
2025-12-05 19:06:10,181 - INFO -   ✓ Saved: RESTRUCTURED_DB/2008/december/143365.json
2025-12-05 19:06:10,681 - INFO - Scraping G.R. No. 181901 (2008): People of the Philippines vs. Emilio Manchu, et al...
2025-12-05 19:06:11,104 - INFO -   ✓ Found at: https://lawphil.net/judjuris/juri2008/nov2008/gr_181901_2008.html
2025-12-05 19:06:11,106 - INFO -   ✓ Saved: RESTRUCTURED_DB/2008/november/181901.json
2025-12-05 19:06:11,606 - INFO - Scraping G.R. No. 179413 (2008): Priscila R. Justimbaste vs. Commission on Election...
2025-12-05 19:06:12,096 - INFO -   ✓ Found at: https://lawphil.net/judjuris/juri2008/nov2008/gr_179413_2008.html
2025-12-05 19:06:12,097 - INFO -   ✓ Saved: RESTRUCTURED_DB/2008/november/179413.json
2025-12-05 19:06:12,598 - INFO - Scraping G.R. No. 176276 (2008): Philippine Health Insurance Corporation vs. the Co...
2025-12-05 19:06:12,857 - INFO -   ✓ Found at: https://lawphil.net/judjuris/juri2008/nov2008/gr_176276_2008.html
2025-12-05 19:06:12,858 - INFO -   ✓ Saved: RESTRUCTURED_DB/2008/november/176276.json
2025-12-05 19:06:13,358 - INFO - Scraping G.R. No. 172584 (2008): Edmundo Y. Torres, Jr., et al. vs. Court of Appeal...
2025-12-05 19:06:13,638 - INFO -   ✓ Found at: https://lawphil.net/judjuris/juri2008/nov2008/gr_172584_2008.html
2025-12-05 19:06:13,639 - INFO -   ✓ Saved: RESTRUCTURED_DB/2008/november/172584.json
2025-12-05 19:06:14,140 - INFO - Scraping G.R. No. 172428 (2008): Herman C. Crystal, et al. vs. Bank of the Philippi...
2025-12-05 19:06:14,394 - INFO -   ✓ Found at: https://lawphil.net/judjuris/juri2008/nov2008/gr_172428_2008.html
2025-12-05 19:06:14,395 - INFO -   ✓ Saved: RESTRUCTURED_DB/2008/november/172428.json
2025-12-05 19:06:14,896 - INFO - Scraping G.R. No. 171961 (2008): Ferdinand dela Cruz, et al. vs. Amelia Quiazon...
2025-12-05 19:06:15,162 - INFO -   ✓ Found at: https://lawphil.net/judjuris/juri2008/nov2008/gr_171961_2008.html
2025-12-05 19:06:15,164 - INFO -   ✓ Saved: RESTRUCTURED_DB/2008/november/171961.json
2025-12-05 19:06:15,664 - INFO - Scraping G.R. No. 171164 (2008): People of the Philippines vs. Nasario Castel...
2025-12-05 19:06:16,145 - INFO -   ✓ Found at: https://lawphil.net/judjuris/juri2008/nov2008/gr_171164_2008.html
2025-12-05 19:06:16,148 - INFO -   ✓ Saved: RESTRUCTURED_DB/2008/november/171164.json
2025-12-05 19:06:16,648 - INFO - 
Batch 1 complete:
2025-12-05 19:06:16,649 - INFO -   Successful: 100
2025-12-05 19:06:16,649 - INFO -   Failed: 0
2025-12-05 19:06:16,649 - INFO -   Skipped: 0
2025-12-05 19:06:16,649 - INFO - 
Overall progress: 100/1098 cases
2025-12-05 19:06:16,649 - INFO - 
================================================================================
2025-12-05 19:06:16,649 - INFO - BATCH 2/11 (100 cases)
2025-12-05 19:06:16,649 - INFO - ================================================================================
2025-12-05 19:06:16,649 - INFO - Scraping G.R. No. 168923 (2008): Bienvenido M. Cadalin, et al. vs. Hon. Court of Ap...
2025-12-05 19:06:17,326 - INFO -   ✓ Found at: https://lawphil.net/judjuris/juri2008/nov2008/gr_168923_2008.html
2025-12-05 19:06:17,333 - INFO -   ✓ Saved: RESTRUCTURED_DB/2008/november/168923.json
2025-12-05 19:06:17,833 - INFO - Scraping G.R. No. 167755 (2008): People of the Philippines vs. Nestor Veluz...
2025-12-05 19:06:18,096 - INFO -   ✓ Found at: https://lawphil.net/judjuris/juri2008/nov2008/gr_167755_2008.html
2025-12-05 19:06:18,099 - INFO -   ✓ Saved: RESTRUCTURED_DB/2008/november/167755.json
2025-12-05 19:06:18,599 - INFO - Scraping G.R. No. 166377 (2008): Ma. Isabel T. Santos represented by Antonio P. San...
2025-12-05 19:06:18,853 - INFO -   ✓ Found at: https://lawphil.net/judjuris/juri2008/nov2008/gr_166377_2008.html
2025-12-05 19:06:18,855 - INFO -   ✓ Saved: RESTRUCTURED_DB/2008/november/166377.json
2025-12-05 19:06:19,355 - INFO - Scraping G.R. No. 163794 (2008): Republic of the Philippines, etc. vs. Hon. Normeli...
2025-12-05 19:06:19,831 - INFO -   ✓ Found at: https://lawphil.net/judjuris/juri2008/nov2008/gr_163794_2008.html
2025-12-05 19:06:19,832 - INFO -   ✓ Saved: RESTRUCTURED_DB/2008/november/163794.json
2025-12-05 19:06:20,332 - INFO - Scraping G.R. No. 149984 (2008): Sps Rolando M. Zosa and Luisa Y. Zosa vs. Hon. San...
2025-12-05 19:06:20,596 - INFO -   ✓ Found at: https://lawphil.net/judjuris/juri2008/nov2008/gr_149984_2008.html
2025-12-05 19:06:20,597 - INFO -   ✓ Saved: RESTRUCTURED_DB/2008/november/149984.json
2025-12-05 19:06:21,097 - INFO - Scraping G.R. No. 149322 (2008): Jaime L. Y Aneza vs. the Hon. Court of Appeals, et...
2025-12-05 19:06:21,371 - INFO -   ✓ Found at: https://lawphil.net/judjuris/juri2008/nov2008/gr_149322_2008.html
2025-12-05 19:06:21,373 - INFO -   ✓ Saved: RESTRUCTURED_DB/2008/november/149322.json
2025-12-05 19:06:21,873 - INFO - Scraping G.R. No. 149017 (2008): Valente Raymundo vs. Teofista Isagon Vda de Suarez...
2025-12-05 19:06:22,828 - INFO -   ✓ Found at: https://lawphil.net/judjuris/juri2008/nov2008/gr_149017_2008.html
2025-12-05 19:06:22,830 - INFO -   ✓ Saved: RESTRUCTURED_DB/2008/november/149017.json
2025-12-05 19:06:23,331 - INFO - Scraping G.R. No. 148435 (2008): Rogelio Guevarra, et al. vs. Spouses Engracio and ...
2025-12-05 19:06:23,595 - INFO -   ✓ Found at: https://lawphil.net/judjuris/juri2008/nov2008/gr_148435_2008.html
2025-12-05 19:06:23,596 - INFO -   ✓ Saved: RESTRUCTURED_DB/2008/november/148435.json
2025-12-05 19:06:24,096 - INFO - Scraping G.R. No. 181899 (2008): People of the Philippines vs. Rolly Montesa Y Lumi...
2025-12-05 19:06:24,798 - INFO -   ✓ Found at: https://lawphil.net/judjuris/juri2008/nov2008/gr_181899_2008.html
2025-12-05 19:06:24,801 - INFO -   ✓ Saved: RESTRUCTURED_DB/2008/november/181899.json
2025-12-05 19:06:25,301 - INFO - Scraping G.R. No. 179848 (2008): Nestor A. Jacot vs. Rogen T. Dal, et al....
2025-12-05 19:06:25,939 - INFO -   ✓ Found at: https://lawphil.net/judjuris/juri2008/nov2008/gr_179848_2008.html
2025-12-05 19:06:25,940 - INFO -   ✓ Saved: RESTRUCTURED_DB/2008/november/179848.json
2025-12-05 19:06:26,441 - INFO - Scraping G.R. No. 178923 (2008): Office of the Ombudsman vs. Rolando L. Magno and t...
2025-12-05 19:06:26,725 - INFO -   ✓ Found at: https://lawphil.net/judjuris/juri2008/nov2008/gr_178923_2008.html
2025-12-05 19:06:26,727 - INFO -   ✓ Saved: RESTRUCTURED_DB/2008/november/178923.json
2025-12-05 19:06:27,227 - INFO - Scraping G.R. No. 177947 (2008): Sps Gabriel Llanes and Maria Llanes vs. Republic o...
2025-12-05 19:06:27,484 - INFO -   ✓ Found at: https://lawphil.net/judjuris/juri2008/nov2008/gr_177947_2008.html
2025-12-05 19:06:27,485 - INFO -   ✓ Saved: RESTRUCTURED_DB/2008/november/177947.json
2025-12-05 19:06:27,986 - INFO - Scraping G.R. No. 177886 (2008): Spouses Leopoldo and Mercedita Viola vs. Equitable...
2025-12-05 19:06:28,466 - INFO -   ✓ Found at: https://lawphil.net/judjuris/juri2008/nov2008/gr_177886_2008.html
2025-12-05 19:06:28,467 - INFO -   ✓ Saved: RESTRUCTURED_DB/2008/november/177886.json
2025-12-05 19:06:28,968 - INFO - Scraping G.R. No. 176474 (2008): Heirs of Arturo Reyes Rep By Evelyn R. San Buena V...
2025-12-05 19:06:29,459 - INFO -   ✓ Found at: https://lawphil.net/judjuris/juri2008/nov2008/gr_176474_2008.html
2025-12-05 19:06:29,460 - INFO -   ✓ Saved: RESTRUCTURED_DB/2008/november/176474.json
2025-12-05 19:06:29,960 - INFO - Scraping G.R. No. 175049 (2008): Heirs of Sofia Nanaman Lonoy, et al. vs. Sec. of A...
2025-12-05 19:06:30,224 - INFO -   ✓ Found at: https://lawphil.net/judjuris/juri2008/nov2008/gr_175049_2008.html
2025-12-05 19:06:30,227 - INFO -   ✓ Saved: RESTRUCTURED_DB/2008/november/175049.json
2025-12-05 19:06:30,727 - INFO - Scraping G.R. No. 168819 (2008): Alfredo, Preciosa, Angelita & Crisostomo all surna...
2025-12-05 19:06:31,398 - INFO -   ✓ Found at: https://lawphil.net/judjuris/juri2008/nov2008/gr_168819_2008.html
2025-12-05 19:06:31,400 - INFO -   ✓ Saved: RESTRUCTURED_DB/2008/november/168819.json
2025-12-05 19:06:31,901 - INFO - Scraping G.R. No. 166554 (2008): Julito Sagales vs. Rustan's Comnmercial Corporatio...
2025-12-05 19:06:32,626 - INFO -   ✓ Found at: https://lawphil.net/judjuris/juri2008/nov2008/gr_166554_2008.html
2025-12-05 19:06:32,628 - INFO -   ✓ Saved: RESTRUCTURED_DB/2008/november/166554.json
2025-12-05 19:06:33,128 - INFO - Scraping G.R. No. 165060 (2008): Albino Josef vs. Otelio Santos...
2025-12-05 19:06:33,383 - INFO -   ✓ Found at: https://lawphil.net/judjuris/juri2008/nov2008/gr_165060_2008.html
2025-12-05 19:06:33,384 - INFO -   ✓ Saved: RESTRUCTURED_DB/2008/november/165060.json
2025-12-05 19:06:33,885 - INFO - Scraping G.R. No. 163609 (2008): Sps Buena Ventura Jayme and Rosario Jayme vs. Rodr...
2025-12-05 19:06:34,141 - INFO -   ✓ Found at: https://lawphil.net/judjuris/juri2008/nov2008/gr_163609_2008.html
2025-12-05 19:06:34,143 - INFO -   ✓ Saved: RESTRUCTURED_DB/2008/november/163609.json
2025-12-05 19:06:34,643 - INFO - Scraping G.R. No. 171348 (2008): People of the Philippines vs. Larry Erguiza...
2025-12-05 19:06:35,121 - INFO -   ✓ Found at: https://lawphil.net/judjuris/juri2008/nov2008/gr_171348_2008.html
2025-12-05 19:06:35,124 - INFO -   ✓ Saved: RESTRUCTURED_DB/2008/november/171348.json
2025-12-05 19:06:35,624 - INFO - Scraping G.R. No. 150270 (2008): City Engineer of Baguio, et al. vs. Rolando Baniqu...
2025-12-05 19:06:36,120 - INFO -   ✓ Found at: https://lawphil.net/judjuris/juri2008/nov2008/gr_150270_2008.html
2025-12-05 19:06:36,122 - INFO -   ✓ Saved: RESTRUCTURED_DB/2008/november/150270.json
2025-12-05 19:06:36,622 - INFO - Scraping G.R. No. 184098 (2008): Amado Taopa vs. People of the Philippines...
2025-12-05 19:06:37,108 - INFO -   ✓ Found at: https://lawphil.net/judjuris/juri2008/nov2008/gr_184098_2008.html
2025-12-05 19:06:37,109 - INFO -   ✓ Saved: RESTRUCTURED_DB/2008/november/184098.json
2025-12-05 19:06:37,609 - INFO - Scraping G.R. No. 182867 (2008): Roberto Laceda, Sr. vs. Randy L. Limena, et al....
2025-12-05 19:06:37,877 - INFO -   ✓ Found at: https://lawphil.net/judjuris/juri2008/nov2008/gr_182867_2008.html
2025-12-05 19:06:37,878 - INFO -   ✓ Saved: RESTRUCTURED_DB/2008/november/182867.json
2025-12-05 19:06:38,378 - INFO - Scraping G.R. No. 176484 (2008): Calamba Medical Center Inc. vs. National Labor Rel...
2025-12-05 19:06:38,644 - INFO -   ✓ Found at: https://lawphil.net/judjuris/juri2008/nov2008/gr_176484_2008.html
2025-12-05 19:06:38,645 - INFO -   ✓ Saved: RESTRUCTURED_DB/2008/november/176484.json
2025-12-05 19:06:39,146 - INFO - Scraping G.R. No. 176152 (2008): People of the Philippines vs. Nido Garte...
2025-12-05 19:06:39,484 - INFO -   ✓ Found at: https://lawphil.net/judjuris/juri2008/nov2008/gr_176152_2008.html
2025-12-05 19:06:39,486 - INFO -   ✓ Saved: RESTRUCTURED_DB/2008/november/176152.json
2025-12-05 19:06:39,986 - INFO - Scraping G.R. No. 169365 (2008): Sps Pedro Santiago and Liwanag Santiago vs. the Pe...
2025-12-05 19:06:40,319 - INFO -   ✓ Found at: https://lawphil.net/judjuris/juri2008/nov2008/gr_169365_2008.html
2025-12-05 19:06:40,320 - INFO -   ✓ Saved: RESTRUCTURED_DB/2008/november/169365.json
2025-12-05 19:06:40,821 - INFO - Scraping G.R. No. 167571 (2008): Luis Panaguiton, Jr. vs. Deparment of Justice, et ...
2025-12-05 19:06:41,311 - INFO -   ✓ Found at: https://lawphil.net/judjuris/juri2008/nov2008/gr_167571_2008.html
2025-12-05 19:06:41,312 - INFO -   ✓ Saved: RESTRUCTURED_DB/2008/november/167571.json
2025-12-05 19:06:41,812 - INFO - Scraping G.R. No. 167357 (2008): 88 Mart Duty Free, Inc. vs. Fernando U. Juan, etc....
2025-12-05 19:06:42,069 - INFO -   ✓ Found at: https://lawphil.net/judjuris/juri2008/nov2008/gr_167357_2008.html
2025-12-05 19:06:42,070 - INFO -   ✓ Saved: RESTRUCTURED_DB/2008/november/167357.json
2025-12-05 19:06:42,570 - INFO - Scraping G.R. No. 166309 (2008): Republic of the Philippines, etc. vs. Unimex Micro...
2025-12-05 19:06:42,827 - INFO -   ✓ Found at: https://lawphil.net/judjuris/juri2008/nov2008/gr_166309_2008.html
2025-12-05 19:06:42,827 - INFO -   ✓ Saved: RESTRUCTURED_DB/2008/november/166309.json
2025-12-05 19:06:43,327 - INFO - Scraping G.R. No. 164510 (2008): Sps. Santiago and Rufina C. Tanchan vs. Allied Ban...
2025-12-05 19:06:43,722 - INFO -   ✓ Found at: https://lawphil.net/judjuris/juri2008/nov2008/gr_164510_2008.html
2025-12-05 19:06:43,723 - INFO -   ✓ Saved: RESTRUCTURED_DB/2008/november/164510.json
2025-12-05 19:06:44,224 - INFO - Scraping G.R. No. 182348 (2008): People of the Philippines vs. Carlos dela Cruz...
2025-12-05 19:06:44,477 - INFO -   ✓ Found at: https://lawphil.net/judjuris/juri2008/nov2008/gr_182348_2008.html
2025-12-05 19:06:44,478 - INFO -   ✓ Saved: RESTRUCTURED_DB/2008/november/182348.json
2025-12-05 19:06:44,979 - INFO - Scraping G.R. No. 180507 (2008): People of the Philippines vs. Nestor Bajada y Baut...
2025-12-05 19:06:45,457 - INFO -   ✓ Found at: https://lawphil.net/judjuris/juri2008/nov2008/gr_180507_2008.html
2025-12-05 19:06:45,459 - INFO -   ✓ Saved: RESTRUCTURED_DB/2008/november/180507.json
2025-12-05 19:06:45,959 - INFO - Scraping G.R. No. 177356 (2008): People of the Philippines vs. Johbert Amodia y Bab...
2025-12-05 19:06:46,213 - INFO -   ✓ Found at: https://lawphil.net/judjuris/juri2008/nov2008/gr_177356_2008.html
2025-12-05 19:06:46,214 - INFO -   ✓ Saved: RESTRUCTURED_DB/2008/november/177356.json
2025-12-05 19:06:46,714 - INFO - Scraping G.R. No. 173856 (2008): Dao Heng Bank Inc. Now Banco de Oro Universal Bank...
2025-12-05 19:06:47,199 - INFO -   ✓ Found at: https://lawphil.net/judjuris/juri2008/nov2008/gr_173856_2008.html
2025-12-05 19:06:47,200 - INFO -   ✓ Saved: RESTRUCTURED_DB/2008/november/173856.json
2025-12-05 19:06:47,700 - INFO - Scraping G.R. No. 173608 (2008): Jesus Geraldo, et al. vs. People of the Philippine...
2025-12-05 19:06:48,188 - INFO -   ✓ Found at: https://lawphil.net/judjuris/juri2008/nov2008/gr_173608_2008.html
2025-12-05 19:06:48,189 - INFO -   ✓ Saved: RESTRUCTURED_DB/2008/november/173608.json
2025-12-05 19:06:48,689 - INFO - Scraping G.R. No. 172241 (2008): Purefoods Corporation (Now San Miguel Purefoods Co...
2025-12-05 19:06:49,168 - INFO -   ✓ Found at: https://lawphil.net/judjuris/juri2008/nov2008/gr_172241_2008.html
2025-12-05 19:06:49,169 - INFO -   ✓ Saved: RESTRUCTURED_DB/2008/november/172241.json
2025-12-05 19:06:49,670 - INFO - Scraping G.R. No. 156654 (2008): Philippine Airlines, Inc. vs. Vicente Lopez, Jr....
2025-12-05 19:06:49,930 - INFO -   ✓ Found at: https://lawphil.net/judjuris/juri2008/nov2008/gr_156654_2008.html
2025-12-05 19:06:49,931 - INFO -   ✓ Saved: RESTRUCTURED_DB/2008/november/156654.json
2025-12-05 19:06:50,431 - INFO - Scraping G.R. No. 176951 (2008): League of Cities of the Philippines vs. Commission...
2025-12-05 19:06:50,689 - INFO -   ✓ Found at: https://lawphil.net/judjuris/juri2008/nov2008/gr_176951_2008.html
2025-12-05 19:06:50,691 - INFO -   ✓ Saved: RESTRUCTURED_DB/2008/november/176951.json
2025-12-05 19:06:51,191 - INFO - Scraping G.R. No. 181441 (2008): People of the Philippines vs. Larry Lopez...
2025-12-05 19:06:51,675 - INFO -   ✓ Found at: https://lawphil.net/judjuris/juri2008/nov2008/gr_181441_2008.html
2025-12-05 19:06:51,676 - INFO -   ✓ Saved: RESTRUCTURED_DB/2008/november/181441.json
2025-12-05 19:06:52,176 - INFO - Scraping G.R. No. 179802 (2008): Maritime Corp et al. vs. Jaime M. Velasquez, et al...
2025-12-05 19:06:52,442 - INFO -   ✓ Found at: https://lawphil.net/judjuris/juri2008/nov2008/gr_179802_2008.html
2025-12-05 19:06:52,444 - INFO -   ✓ Saved: RESTRUCTURED_DB/2008/november/179802.json
2025-12-05 19:06:52,945 - INFO - Scraping G.R. No. 177414 (2008): Noel E. Mora vs. Avesco Marketing Corp....
2025-12-05 19:06:53,213 - INFO -   ✓ Found at: https://lawphil.net/judjuris/juri2008/nov2008/gr_177414_2008.html
2025-12-05 19:06:53,214 - INFO -   ✓ Saved: RESTRUCTURED_DB/2008/november/177414.json
2025-12-05 19:06:53,714 - INFO - Scraping G.R. No. 177354 (2008): People of the Philippines vs. Ricardo Talan Y Doe ...
2025-12-05 19:06:54,139 - INFO -   ✓ Found at: https://lawphil.net/judjuris/juri2008/nov2008/gr_177354_2008.html
2025-12-05 19:06:54,141 - INFO -   ✓ Saved: RESTRUCTURED_DB/2008/november/177354.json
2025-12-05 19:06:54,641 - INFO - Scraping G.R. No. 176169 (2008): Rosario Nasi-Villar vs. People of the Philippines...
2025-12-05 19:06:54,911 - INFO -   ✓ Found at: https://lawphil.net/judjuris/juri2008/nov2008/gr_176169_2008.html
2025-12-05 19:06:54,912 - INFO -   ✓ Saved: RESTRUCTURED_DB/2008/november/176169.json
2025-12-05 19:06:55,412 - INFO - Scraping G.R. No. 175894 (2008): NYK-Fil Ship Management, Inc. et al. vs. Alfonso T...
2025-12-05 19:06:55,707 - INFO -   ✓ Found at: https://lawphil.net/judjuris/juri2008/nov2008/gr_175894_2008.html
2025-12-05 19:06:55,709 - INFO -   ✓ Saved: RESTRUCTURED_DB/2008/november/175894.json
2025-12-05 19:06:56,210 - INFO - Scraping G.R. No. 174012 (2008): Mactan-Cebu International Airport Authority vs. Be...
2025-12-05 19:06:56,473 - INFO -   ✓ Found at: https://lawphil.net/judjuris/juri2008/nov2008/gr_174012_2008.html
2025-12-05 19:06:56,474 - INFO -   ✓ Saved: RESTRUCTURED_DB/2008/november/174012.json
2025-12-05 19:06:56,974 - INFO - Scraping G.R. No. 172910 (2008): Spouses Loreto Leyba and Matea Leyba vs. Rural Ban...
2025-12-05 19:06:57,463 - INFO -   ✓ Found at: https://lawphil.net/judjuris/juri2008/nov2008/gr_172910_2008.html
2025-12-05 19:06:57,463 - INFO -   ✓ Saved: RESTRUCTURED_DB/2008/november/172910.json
2025-12-05 19:06:57,964 - INFO - Scraping G.R. No. 171383 (2008): Silkair (Singapore) Pte. Ltd. vs. Commissioner of ...
2025-12-05 19:06:58,455 - INFO -   ✓ Found at: https://lawphil.net/judjuris/juri2008/nov2008/gr_171383_2008.html
2025-12-05 19:06:58,457 - INFO -   ✓ Saved: RESTRUCTURED_DB/2008/november/171383.json
2025-12-05 19:06:58,957 - INFO - Scraping G.R. No. 170567 (2008): People of the Philippines vs. Conrado Diocado...
2025-12-05 19:06:59,729 - INFO -   ✓ Found at: https://lawphil.net/judjuris/juri2008/nov2008/gr_170567_2008.html
2025-12-05 19:06:59,731 - INFO -   ✓ Saved: RESTRUCTURED_DB/2008/november/170567.json
2025-12-05 19:07:00,231 - INFO - Scraping G.R. No. 167805 (2008): Arnold Sta. Catalina vs. People of the Philippines...
2025-12-05 19:07:00,495 - INFO -   ✓ Found at: https://lawphil.net/judjuris/juri2008/nov2008/gr_167805_2008.html
2025-12-05 19:07:00,496 - INFO -   ✓ Saved: RESTRUCTURED_DB/2008/november/167805.json
2025-12-05 19:07:00,996 - INFO - Scraping G.R. No. 161946 (2008): Medardo AG. Cadiente vs. Bithuel Macas Magsaysay...
2025-12-05 19:07:01,445 - INFO -   ✓ Found at: https://lawphil.net/judjuris/juri2008/nov2008/gr_161946_2008.html
2025-12-05 19:07:01,446 - INFO -   ✓ Saved: RESTRUCTURED_DB/2008/november/161946.json
2025-12-05 19:07:01,946 - INFO - Scraping G.R. No. 158996 (2008): Sps Fredelicto Flores (Deceased) & Felicisima Flor...
2025-12-05 19:07:02,205 - INFO -   ✓ Found at: https://lawphil.net/judjuris/juri2008/nov2008/gr_158996_2008.html
2025-12-05 19:07:02,207 - INFO -   ✓ Saved: RESTRUCTURED_DB/2008/november/158996.json
2025-12-05 19:07:02,708 - INFO - Scraping G.R. No. 158312 (2008): John Dy vs. People of the Philippines, et al....
2025-12-05 19:07:03,793 - INFO -   ✓ Found at: https://lawphil.net/judjuris/juri2008/nov2008/gr_158312_2008.html
2025-12-05 19:07:03,795 - INFO -   ✓ Saved: RESTRUCTURED_DB/2008/november/158312.json
2025-12-05 19:07:04,295 - INFO - Scraping G.R. No. 156029 (2008): Santosa B. Datuman vs. First Cosmopolitan Manpower...
2025-12-05 19:07:04,549 - INFO -   ✓ Found at: https://lawphil.net/judjuris/juri2008/nov2008/gr_156029_2008.html
2025-12-05 19:07:04,551 - INFO -   ✓ Saved: RESTRUCTURED_DB/2008/november/156029.json
2025-12-05 19:07:05,051 - INFO - Scraping G.R. No. 154491 (2008): Coca-Cola Bottlers Phils. Inc. vs. Quintin J. Gome...
2025-12-05 19:07:05,316 - INFO -   ✓ Found at: https://lawphil.net/judjuris/juri2008/nov2008/gr_154491_2008.html
2025-12-05 19:07:05,318 - INFO -   ✓ Saved: RESTRUCTURED_DB/2008/november/154491.json
2025-12-05 19:07:05,818 - INFO - Scraping G.R. No. 138437 (2008): Ramon J. Quisumbing vs. Sandiganbayan...
2025-12-05 19:07:06,086 - INFO -   ✓ Found at: https://lawphil.net/judjuris/juri2008/nov2008/gr_138437_2008.html
2025-12-05 19:07:06,087 - INFO -   ✓ Saved: RESTRUCTURED_DB/2008/november/138437.json
2025-12-05 19:07:06,587 - INFO - Scraping G.R. No. 182374 (2008): Jemias V. Esteves vs. Rene V. Sarmiento, et al....
2025-12-05 19:07:06,854 - INFO -   ✓ Found at: https://lawphil.net/judjuris/juri2008/nov2008/gr_182374_2008.html
2025-12-05 19:07:06,855 - INFO -   ✓ Saved: RESTRUCTURED_DB/2008/november/182374.json
2025-12-05 19:07:07,355 - INFO - Scraping G.R. No. 174641 (2008): National Mines and Allied Workers Union vs. Marcop...
2025-12-05 19:07:07,839 - INFO -   ✓ Found at: https://lawphil.net/judjuris/juri2008/nov2008/gr_174641_2008.html
2025-12-05 19:07:07,840 - INFO -   ✓ Saved: RESTRUCTURED_DB/2008/november/174641.json
2025-12-05 19:07:08,340 - INFO - Scraping G.R. No. 169888 (2008): Ramon y. Talaga vs. Hon. Sandiganbayan, et al....
2025-12-05 19:07:08,600 - INFO -   ✓ Found at: https://lawphil.net/judjuris/juri2008/nov2008/gr_169888_2008.html
2025-12-05 19:07:08,601 - INFO -   ✓ Saved: RESTRUCTURED_DB/2008/november/169888.json
2025-12-05 19:07:09,101 - INFO - Scraping G.R. No. 163942 (2008): Nuwhrain-Apl-Iuf Dusit Hotel Nikko Chapter vs. the...
2025-12-05 19:07:09,732 - INFO -   ✓ Found at: https://lawphil.net/judjuris/juri2008/nov2008/gr_163942_2008.html
2025-12-05 19:07:09,734 - INFO -   ✓ Saved: RESTRUCTURED_DB/2008/november/163942.json
2025-12-05 19:07:10,234 - INFO - Scraping G.R. No. 163443 (2008): Liza M. Quirog, et al. vs. Gov. Erico B. Aumentado...
2025-12-05 19:07:10,625 - INFO -   ✓ Found at: https://lawphil.net/judjuris/juri2008/nov2008/gr_163443_2008.html
2025-12-05 19:07:10,627 - INFO -   ✓ Saved: RESTRUCTURED_DB/2008/november/163443.json
2025-12-05 19:07:11,127 - INFO - Scraping G.R. No. 160127 (2008): Rafael P. Lunaria vs. People of the Philippines...
2025-12-05 19:07:11,614 - INFO -   ✓ Found at: https://lawphil.net/judjuris/juri2008/nov2008/gr_160127_2008.html
2025-12-05 19:07:11,615 - INFO -   ✓ Saved: RESTRUCTURED_DB/2008/november/160127.json
2025-12-05 19:07:12,116 - INFO - Scraping G.R. No. 155407 (2008): Philippine National Oil Company vs. Leonilo Maglas...
2025-12-05 19:07:12,382 - INFO -   ✓ Found at: https://lawphil.net/judjuris/juri2008/nov2008/gr_155407_2008.html
2025-12-05 19:07:12,383 - INFO -   ✓ Saved: RESTRUCTURED_DB/2008/november/155407.json
2025-12-05 19:07:12,883 - INFO - Scraping G.R. No. 182193 (2008): People of the Philippines vs. Fidel Canete...
2025-12-05 19:07:13,380 - INFO -   ✓ Found at: https://lawphil.net/judjuris/juri2008/nov2008/gr_182193_2008.html
2025-12-05 19:07:13,382 - INFO -   ✓ Saved: RESTRUCTURED_DB/2008/november/182193.json
2025-12-05 19:07:13,882 - INFO - Scraping G.R. No. 180597 (2008): Raul Basilio D. Boac, et al. vs. People of the Phi...
2025-12-05 19:07:14,366 - INFO -   ✓ Found at: https://lawphil.net/judjuris/juri2008/nov2008/gr_180597_2008.html
2025-12-05 19:07:14,367 - INFO -   ✓ Saved: RESTRUCTURED_DB/2008/november/180597.json
2025-12-05 19:07:14,868 - INFO - Scraping G.R. No. 167622 (2008): Gregorio V. Tongko vs. the Manufacturers Life Insu...
2025-12-05 19:07:15,580 - INFO -   ✓ Found at: https://lawphil.net/judjuris/juri2008/nov2008/gr_167622_2008.html
2025-12-05 19:07:15,582 - INFO -   ✓ Saved: RESTRUCTURED_DB/2008/november/167622.json
2025-12-05 19:07:16,082 - INFO - Scraping G.R. No. 155635 (2008): Maria Rebecca Makapugay Bayot vs. the Hon. Court o...
2025-12-05 19:07:16,587 - INFO -   ✓ Found at: https://lawphil.net/judjuris/juri2008/nov2008/gr_155635_2008.html
2025-12-05 19:07:16,589 - INFO -   ✓ Saved: RESTRUCTURED_DB/2008/november/155635.json
2025-12-05 19:07:17,089 - INFO - Scraping G.R. No. 173248 (2008): People of the Philippines vs. Dante Nueva Y Samaro...
2025-12-05 19:07:17,553 - INFO -   ✓ Found at: https://lawphil.net/judjuris/juri2008/nov2008/gr_173248_2008.html
2025-12-05 19:07:17,554 - INFO -   ✓ Saved: RESTRUCTURED_DB/2008/november/173248.json
2025-12-05 19:07:18,055 - INFO - Scraping G.R. No. 169047 (2008): Eva Floyd, et al. vs. Benjamin Gonzales, et al....
2025-12-05 19:07:18,314 - INFO -   ✓ Found at: https://lawphil.net/judjuris/juri2008/nov2008/gr_169047_2008.html
2025-12-05 19:07:18,315 - INFO -   ✓ Saved: RESTRUCTURED_DB/2008/november/169047.json
2025-12-05 19:07:18,816 - INFO - Scraping G.R. No. 157870 (2008): Social Justice Society vs. Dangerous Drugs Board &...
2025-12-05 19:07:19,071 - INFO -   ✓ Found at: https://lawphil.net/judjuris/juri2008/nov2008/gr_157870_2008.html
2025-12-05 19:07:19,074 - INFO -   ✓ Saved: RESTRUCTURED_DB/2008/november/157870.json
2025-12-05 19:07:19,574 - INFO - Scraping G.R. No. 154379 (2008): PCI Travel Corporation vs. NLRC & Nube-Amexpea/PCI...
2025-12-05 19:07:20,068 - INFO -   ✓ Found at: https://lawphil.net/judjuris/juri2008/oct2008/gr_154379_2008.html
2025-12-05 19:07:20,069 - INFO -   ✓ Saved: RESTRUCTURED_DB/2008/october/154379.json
2025-12-05 19:07:20,569 - INFO - Scraping G.R. No. 155758 (2008): Heirs of Jose Esplana etc. vs. the CA & Heirs of P...
2025-12-05 19:07:20,841 - INFO -   ✓ Found at: https://lawphil.net/judjuris/juri2008/oct2008/gr_155758_2008.html
2025-12-05 19:07:20,842 - INFO -   ✓ Saved: RESTRUCTURED_DB/2008/october/155758.json
2025-12-05 19:07:21,343 - INFO - Scraping G.R. No. 177564 (2008): Arturo Revita "Alias" Arthur vs. People of the Phi...
2025-12-05 19:07:21,610 - INFO -   ✓ Found at: https://lawphil.net/judjuris/juri2008/oct2008/gr_177564_2008.html
2025-12-05 19:07:21,611 - INFO -   ✓ Saved: RESTRUCTURED_DB/2008/october/177564.json
2025-12-05 19:07:22,111 - INFO - Scraping G.R. No. 163515 (2008): Isidro T.Pajarillaga vs. Court of Appeals, et al....
2025-12-05 19:07:22,539 - INFO -   ✓ Found at: https://lawphil.net/judjuris/juri2008/oct2008/gr_163515_2008.html
2025-12-05 19:07:22,540 - INFO -   ✓ Saved: RESTRUCTURED_DB/2008/october/163515.json
2025-12-05 19:07:23,040 - INFO - Scraping G.R. No. 177647 (2008): U-BIX Corporation & Edilberto B. Bravo vs. Valerie...
2025-12-05 19:07:23,566 - INFO -   ✓ Found at: https://lawphil.net/judjuris/juri2008/oct2008/gr_177647_2008.html
2025-12-05 19:07:23,567 - INFO -   ✓ Saved: RESTRUCTURED_DB/2008/october/177647.json
2025-12-05 19:07:24,067 - INFO - Scraping G.R. No. 178271 (2008): Banco De Oro-Epci, Inc. vs. Hon. Zenaida R. Daguna...
2025-12-05 19:07:24,547 - INFO -   ✓ Found at: https://lawphil.net/judjuris/juri2008/oct2008/gr_178271_2008.html
2025-12-05 19:07:24,548 - INFO -   ✓ Saved: RESTRUCTURED_DB/2008/october/178271.json
2025-12-05 19:07:25,049 - INFO - Scraping G.R. No. 156882 (2008): Banco De Oro-Epci, Inc. vs. Hon. Zenaida R. Daguna...
2025-12-05 19:07:25,545 - INFO -   ✓ Found at: https://lawphil.net/judjuris/juri2008/oct2008/gr_156882_2008.html
2025-12-05 19:07:25,546 - INFO -   ✓ Saved: RESTRUCTURED_DB/2008/october/156882.json
2025-12-05 19:07:26,047 - INFO - Scraping G.R. No. 157707 (2008): Marcial Fajardo vs. Hon. Court of Appeals, et al....
2025-12-05 19:07:26,302 - INFO -   ✓ Found at: https://lawphil.net/judjuris/juri2008/oct2008/gr_157707_2008.html
2025-12-05 19:07:26,302 - INFO -   ✓ Saved: RESTRUCTURED_DB/2008/october/157707.json
2025-12-05 19:07:26,803 - INFO - Scraping G.R. No. 160240 (2008): Woodridge School (Now Known as Woodridge College I...
2025-12-05 19:07:27,559 - INFO -   ✓ Found at: https://lawphil.net/judjuris/juri2008/oct2008/gr_160240_2008.html
2025-12-05 19:07:27,560 - INFO -   ✓ Saved: RESTRUCTURED_DB/2008/october/160240.json
2025-12-05 19:07:28,061 - INFO - Scraping G.R. No. 164632 (2008): Urethane Trading Specialist Inc vs. Edwin Ong & Le...
2025-12-05 19:07:28,797 - INFO -   ✓ Found at: https://lawphil.net/judjuris/juri2008/oct2008/gr_164632_2008.html
2025-12-05 19:07:28,798 - INFO -   ✓ Saved: RESTRUCTURED_DB/2008/october/164632.json
2025-12-05 19:07:29,298 - INFO - Scraping G.R. No. 172901 (2008): American Express International Inc. vs. Hon. Judge...
2025-12-05 19:07:29,992 - INFO -   ✓ Found at: https://lawphil.net/judjuris/juri2008/oct2008/gr_172901_2008.html
2025-12-05 19:07:29,994 - INFO -   ✓ Saved: RESTRUCTURED_DB/2008/october/172901.json
2025-12-05 19:07:30,494 - INFO - Scraping G.R. No. 174536 (2008): Roberto Y. Ponciano, Jr. vs. Court of Appeals, et ...
2025-12-05 19:07:30,757 - INFO -   ✓ Found at: https://lawphil.net/judjuris/juri2008/oct2008/gr_174536_2008.html
2025-12-05 19:07:30,759 - INFO -   ✓ Saved: RESTRUCTURED_DB/2008/october/174536.json
2025-12-05 19:07:31,260 - INFO - Scraping G.R. No. 175162 (2008): Atty. Ernesto A. Tabujara III, et al. vs. People o...
2025-12-05 19:07:31,750 - INFO -   ✓ Found at: https://lawphil.net/judjuris/juri2008/oct2008/gr_175162_2008.html
2025-12-05 19:07:31,751 - INFO -   ✓ Saved: RESTRUCTURED_DB/2008/october/175162.json
2025-12-05 19:07:32,252 - INFO - Scraping G.R. No. 175692 (2008): Angel Ubales Y Velez vs. People of the Philippines...
2025-12-05 19:07:32,903 - INFO -   ✓ Found at: https://lawphil.net/judjuris/juri2008/oct2008/gr_175692_2008.html
2025-12-05 19:07:32,905 - INFO -   ✓ Saved: RESTRUCTURED_DB/2008/october/175692.json
2025-12-05 19:07:33,405 - INFO - Scraping G.R. No. 177222 (2008): The People of the Philippines vs. Ranilo Dela Cruz...
2025-12-05 19:07:33,738 - INFO -   ✓ Found at: https://lawphil.net/judjuris/juri2008/oct2008/gr_177222_2008.html
2025-12-05 19:07:33,740 - INFO -   ✓ Saved: RESTRUCTURED_DB/2008/october/177222.json
2025-12-05 19:07:34,240 - INFO - Scraping G.R. No. 182192 (2008): People of the Philippines vs. Agripino Guevarra Y ...
2025-12-05 19:07:35,201 - INFO -   ✓ Found at: https://lawphil.net/judjuris/juri2008/oct2008/gr_182192_2008.html
2025-12-05 19:07:35,204 - INFO -   ✓ Saved: RESTRUCTURED_DB/2008/october/182192.json
2025-12-05 19:07:35,704 - INFO - Scraping G.R. No. 156850 (2008): National Housing Authority vs. Perico V. Jao etc.,...
2025-12-05 19:07:36,185 - INFO -   ✓ Found at: https://lawphil.net/judjuris/juri2008/oct2008/gr_156850_2008.html
2025-12-05 19:07:36,186 - INFO -   ✓ Saved: RESTRUCTURED_DB/2008/october/156850.json
2025-12-05 19:07:36,686 - INFO - Scraping G.R. No. 160541 (2008): Ronelo Polo vs. People of the Philippines...
2025-12-05 19:07:36,946 - INFO -   ✓ Found at: https://lawphil.net/judjuris/juri2008/oct2008/gr_160541_2008.html
2025-12-05 19:07:36,947 - INFO -   ✓ Saved: RESTRUCTURED_DB/2008/october/160541.json
2025-12-05 19:07:37,447 - INFO - Scraping G.R. No. 183696 (2008): People of the Philippines vs. Nelson Arraz...
2025-12-05 19:07:37,939 - INFO -   ✓ Found at: https://lawphil.net/judjuris/juri2008/oct2008/gr_183696_2008.html
2025-12-05 19:07:37,941 - INFO -   ✓ Saved: RESTRUCTURED_DB/2008/october/183696.json
2025-12-05 19:07:38,441 - INFO - Scraping G.R. No. 153624 (2008): Judge Morae-ion G. Angeles vs. P/Insp. Jom A. Mama...
2025-12-05 19:07:38,695 - INFO -   ✓ Found at: https://lawphil.net/judjuris/juri2008/oct2008/gr_153624_2008.html
2025-12-05 19:07:38,696 - INFO -   ✓ Saved: RESTRUCTURED_DB/2008/october/153624.json
2025-12-05 19:07:39,197 - INFO - Scraping G.R. No. 177825 (2008): People of the Phil. vs. Rene Rosas...
2025-12-05 19:07:39,462 - INFO -   ✓ Found at: https://lawphil.net/judjuris/juri2008/oct2008/gr_177825_2008.html
2025-12-05 19:07:39,464 - INFO -   ✓ Saved: RESTRUCTURED_DB/2008/october/177825.json
2025-12-05 19:07:39,964 - INFO - Scraping G.R. No. 150180 (2008): Flavio S. Suarez, Jr. et al. vs. National Steel Co...
2025-12-05 19:07:40,338 - INFO -   ✓ Found at: https://lawphil.net/judjuris/juri2008/oct2008/gr_150180_2008.html
2025-12-05 19:07:40,340 - INFO -   ✓ Saved: RESTRUCTURED_DB/2008/october/150180.json
2025-12-05 19:07:40,840 - INFO - Scraping G.R. No. 154301 (2008): Carlos Manangan vs. People of the Philippines...
2025-12-05 19:07:41,355 - INFO -   ✓ Found at: https://lawphil.net/judjuris/juri2008/oct2008/gr_154301_2008.html
2025-12-05 19:07:41,357 - INFO -   ✓ Saved: RESTRUCTURED_DB/2008/october/154301.json
2025-12-05 19:07:41,857 - INFO - Scraping G.R. No. 164964 (2008): National Power Corporation vs. Maria Bagui, Vedast...
2025-12-05 19:07:42,338 - INFO -   ✓ Found at: https://lawphil.net/judjuris/juri2008/oct2008/gr_164964_2008.html
2025-12-05 19:07:42,339 - INFO -   ✓ Saved: RESTRUCTURED_DB/2008/october/164964.json
2025-12-05 19:07:42,839 - INFO - Scraping G.R. No. 165389 (2008): NFD International Manning Agents etc. vs. NLRC, et...
2025-12-05 19:07:43,325 - INFO -   ✓ Found at: https://lawphil.net/judjuris/juri2008/oct2008/gr_165389_2008.html
2025-12-05 19:07:43,327 - INFO -   ✓ Saved: RESTRUCTURED_DB/2008/october/165389.json
2025-12-05 19:07:43,827 - INFO - Scraping G.R. No. 165622 (2008): Mercury Drug Corporation, et al. vs. Raul De Leon...
2025-12-05 19:07:44,085 - INFO -   ✓ Found at: https://lawphil.net/judjuris/juri2008/oct2008/gr_165622_2008.html
2025-12-05 19:07:44,087 - INFO -   ✓ Saved: RESTRUCTURED_DB/2008/october/165622.json
2025-12-05 19:07:44,587 - INFO - Scraping G.R. No. 166502 (2008): Francisco De Guzman vs. People of the Philippines...
2025-12-05 19:07:45,260 - INFO -   ✓ Found at: https://lawphil.net/judjuris/juri2008/oct2008/gr_166502_2008.html
2025-12-05 19:07:45,261 - INFO -   ✓ Saved: RESTRUCTURED_DB/2008/october/166502.json
2025-12-05 19:07:45,761 - INFO - Scraping G.R. No. 171089 (2008): People of the Philippines vs. Rogelio Pascual...
2025-12-05 19:07:46,020 - INFO -   ✓ Found at: https://lawphil.net/judjuris/juri2008/oct2008/gr_171089_2008.html
2025-12-05 19:07:46,021 - INFO -   ✓ Saved: RESTRUCTURED_DB/2008/october/171089.json
2025-12-05 19:07:46,522 - INFO - Scraping G.R. No. 171452 (2008): People of the Philippines vs. Ricardo Santos...
2025-12-05 19:07:47,244 - INFO -   ✓ Found at: https://lawphil.net/judjuris/juri2008/oct2008/gr_171452_2008.html
2025-12-05 19:07:47,246 - INFO -   ✓ Saved: RESTRUCTURED_DB/2008/october/171452.json
2025-12-05 19:07:47,746 - INFO - Scraping G.R. No. 174224 (2008): Marcial Aparece vs. J. Marketing Corporation etc....
2025-12-05 19:07:48,094 - INFO -   ✓ Found at: https://lawphil.net/judjuris/juri2008/oct2008/gr_174224_2008.html
2025-12-05 19:07:48,096 - INFO -   ✓ Saved: RESTRUCTURED_DB/2008/october/174224.json
2025-12-05 19:07:48,596 - INFO - Scraping G.R. No. 176943 (2008): Danilo Aluad, et al. vs. Zenaido Aluad...
2025-12-05 19:07:48,877 - INFO -   ✓ Found at: https://lawphil.net/judjuris/juri2008/oct2008/gr_176943_2008.html
2025-12-05 19:07:48,879 - INFO -   ✓ Saved: RESTRUCTURED_DB/2008/october/176943.json
2025-12-05 19:07:49,379 - INFO - 
Batch 2 complete:
2025-12-05 19:07:49,379 - INFO -   Successful: 100
2025-12-05 19:07:49,379 - INFO -   Failed: 0
2025-12-05 19:07:49,379 - INFO -   Skipped: 0
2025-12-05 19:07:49,379 - INFO - 
Overall progress: 200/1098 cases
2025-12-05 19:07:49,379 - INFO - 
================================================================================
2025-12-05 19:07:49,380 - INFO - BATCH 3/11 (100 cases)
2025-12-05 19:07:49,380 - INFO - ================================================================================
2025-12-05 19:07:49,380 - INFO - Scraping G.R. No. 177237 (2008): William Ching vs. People of the Philippines...
2025-12-05 19:07:50,117 - INFO -   ✓ Found at: https://lawphil.net/judjuris/juri2008/oct2008/gr_177237_2008.html
2025-12-05 19:07:50,119 - INFO -   ✓ Saved: RESTRUCTURED_DB/2008/october/177237.json
2025-12-05 19:07:50,619 - INFO - Scraping G.R. No. 177348 (2008): Spouses Ramon Patron and Luzviminda Patron vs. Uni...
2025-12-05 19:07:50,874 - INFO -   ✓ Found at: https://lawphil.net/judjuris/juri2008/oct2008/gr_177348_2008.html
2025-12-05 19:07:50,875 - INFO -   ✓ Saved: RESTRUCTURED_DB/2008/october/177348.json
2025-12-05 19:07:51,376 - INFO - Scraping G.R. No. 177982 (2008): Fitness By Design Inc. vs. Commissioner of Interna...
2025-12-05 19:07:51,635 - INFO -   ✓ Found at: https://lawphil.net/judjuris/juri2008/oct2008/gr_177982_2008.html
2025-12-05 19:07:51,636 - INFO -   ✓ Saved: RESTRUCTURED_DB/2008/october/177982.json
2025-12-05 19:07:52,136 - INFO - Scraping G.R. No. 178024 (2008): Lawrence B. W Acnang vs. COMELEC, et al....
2025-12-05 19:07:52,390 - INFO -   ✓ Found at: https://lawphil.net/judjuris/juri2008/oct2008/gr_178024_2008.html
2025-12-05 19:07:52,391 - INFO -   ✓ Saved: RESTRUCTURED_DB/2008/october/178024.json
2025-12-05 19:07:52,891 - INFO - Scraping G.R. No. 180451 (2008): People of the Philippines vs. SPO1 Arnulfo a Aure,...
2025-12-05 19:07:53,147 - INFO -   ✓ Found at: https://lawphil.net/judjuris/juri2008/oct2008/gr_180451_2008.html
2025-12-05 19:07:53,149 - INFO -   ✓ Saved: RESTRUCTURED_DB/2008/october/180451.json
2025-12-05 19:07:53,650 - INFO - Scraping G.R. No. 180512 (2008): People of the Philippines vs. Noel Cuasay...
2025-12-05 19:07:53,907 - INFO -   ✓ Found at: https://lawphil.net/judjuris/juri2008/oct2008/gr_180512_2008.html
2025-12-05 19:07:53,908 - INFO -   ✓ Saved: RESTRUCTURED_DB/2008/october/180512.json
2025-12-05 19:07:54,409 - INFO - Scraping G.R. No. 182347 (2008): People of the Philippines vs. Emilio Rivera Y Cabl...
2025-12-05 19:07:54,664 - INFO -   ✓ Found at: https://lawphil.net/judjuris/juri2008/oct2008/gr_182347_2008.html
2025-12-05 19:07:54,665 - INFO -   ✓ Saved: RESTRUCTURED_DB/2008/october/182347.json
2025-12-05 19:07:55,166 - INFO - Scraping G.R. No. 121833 (2008): Aboitiz Shipping Corporation vs. Court of Appeals,...
2025-12-05 19:07:55,465 - INFO -   ✓ Found at: https://lawphil.net/judjuris/juri2008/oct2008/gr_121833_2008.html
2025-12-05 19:07:55,467 - INFO -   ✓ Saved: RESTRUCTURED_DB/2008/october/121833.json
2025-12-05 19:07:55,967 - INFO - Scraping G.R. No. 143786 (2008): Spouses Lourdes V. Rutaquio, et al. vs. Court of A...
2025-12-05 19:07:56,221 - INFO -   ✓ Found at: https://lawphil.net/judjuris/juri2008/oct2008/gr_143786_2008.html
2025-12-05 19:07:56,223 - INFO -   ✓ Saved: RESTRUCTURED_DB/2008/october/143786.json
2025-12-05 19:07:56,723 - INFO - Scraping G.R. No. 146141 (2008): Ernesto P. Canada etc. vs. All Commodities Marketi...
2025-12-05 19:07:56,977 - INFO -   ✓ Found at: https://lawphil.net/judjuris/juri2008/oct2008/gr_146141_2008.html
2025-12-05 19:07:56,979 - INFO -   ✓ Saved: RESTRUCTURED_DB/2008/october/146141.json
2025-12-05 19:07:57,479 - INFO - Scraping G.R. No. 157592 (2008): Presidential Commission on Good Government vs. San...
2025-12-05 19:07:57,849 - INFO -   ✓ Found at: https://lawphil.net/judjuris/juri2008/oct2008/gr_157592_2008.html
2025-12-05 19:07:57,850 - INFO -   ✓ Saved: RESTRUCTURED_DB/2008/october/157592.json
2025-12-05 19:07:58,350 - INFO - Scraping G.R. No. 164052 (2008): Anonas Construction and Industrial Supply Corp. et...
2025-12-05 19:07:58,838 - INFO -   ✓ Found at: https://lawphil.net/judjuris/juri2008/oct2008/gr_164052_2008.html
2025-12-05 19:07:58,840 - INFO -   ✓ Saved: RESTRUCTURED_DB/2008/october/164052.json
2025-12-05 19:07:59,340 - INFO - Scraping G.R. No. 164326 (2008): Seaoil Petroleum Corporation vs. Autocorp Group, e...
2025-12-05 19:07:59,595 - INFO -   ✓ Found at: https://lawphil.net/judjuris/juri2008/oct2008/gr_164326_2008.html
2025-12-05 19:07:59,596 - INFO -   ✓ Saved: RESTRUCTURED_DB/2008/october/164326.json
2025-12-05 19:08:00,097 - INFO - Scraping G.R. No. 167500 (2008): K-Phil., Inc. et al. vs. Metropolitan Bank & Trust...
2025-12-05 19:08:00,405 - INFO -   ✓ Found at: https://lawphil.net/judjuris/juri2008/oct2008/gr_167500_2008.html
2025-12-05 19:08:00,406 - INFO -   ✓ Saved: RESTRUCTURED_DB/2008/october/167500.json
2025-12-05 19:08:00,906 - INFO - Scraping G.R. No. 168081 (2008): Armando G. Yrasuegui vs. Philippine Airlines, Inc....
2025-12-05 19:08:01,532 - INFO -   ✓ Found at: https://lawphil.net/judjuris/juri2008/oct2008/gr_168081_2008.html
2025-12-05 19:08:01,535 - INFO -   ✓ Saved: RESTRUCTURED_DB/2008/october/168081.json
2025-12-05 19:08:02,035 - INFO - Scraping G.R. No. 169576 (2008): Leonides Mercado etc. vs. Court of Appeals & San M...
2025-12-05 19:08:02,375 - INFO -   ✓ Found at: https://lawphil.net/judjuris/juri2008/oct2008/gr_169576_2008.html
2025-12-05 19:08:02,376 - INFO -   ✓ Saved: RESTRUCTURED_DB/2008/october/169576.json
2025-12-05 19:08:02,876 - INFO - Scraping G.R. No. 171790 (2008): Brendo D. Merin vs. NLRC etc., et al....
2025-12-05 19:08:03,302 - INFO -   ✓ Found at: https://lawphil.net/judjuris/juri2008/oct2008/gr_171790_2008.html
2025-12-05 19:08:03,303 - INFO -   ✓ Saved: RESTRUCTURED_DB/2008/october/171790.json
2025-12-05 19:08:03,803 - INFO - Scraping G.R. No. 174154 (2008): Jesus Cuenco vs. Talisay Tourist Sports Complex, I...
2025-12-05 19:08:04,517 - INFO -   ✓ Found at: https://lawphil.net/judjuris/juri2008/oct2008/gr_174154_2008.html
2025-12-05 19:08:04,519 - INFO -   ✓ Saved: RESTRUCTURED_DB/2008/october/174154.json
2025-12-05 19:08:05,020 - INFO - Scraping G.R. No. 184182 (2008): People of the Philippines vs. Alfredo M. Papa...
2025-12-05 19:08:05,287 - INFO -   ✓ Found at: https://lawphil.net/judjuris/juri2008/oct2008/gr_184182_2008.html
2025-12-05 19:08:05,288 - INFO -   ✓ Saved: RESTRUCTURED_DB/2008/october/184182.json
2025-12-05 19:08:05,788 - INFO - Scraping G.R. No. 170625 (2008): Bank of the Philippine Islands vs. CA & TF KO Deve...
2025-12-05 19:08:06,273 - INFO -   ✓ Found at: https://lawphil.net/judjuris/juri2008/oct2008/gr_170625_2008.html
2025-12-05 19:08:06,274 - INFO -   ✓ Saved: RESTRUCTURED_DB/2008/october/170625.json
2025-12-05 19:08:06,775 - INFO - Scraping G.R. No. 171036 (2008): Adela G. Raymundo, et al. vs. Ernesto Lunaria, et ...
2025-12-05 19:08:07,031 - INFO -   ✓ Found at: https://lawphil.net/judjuris/juri2008/oct2008/gr_171036_2008.html
2025-12-05 19:08:07,032 - INFO -   ✓ Saved: RESTRUCTURED_DB/2008/october/171036.json
2025-12-05 19:08:07,533 - INFO - Scraping G.R. No. 172426 (2008): Air Transportation Office vs. Hon. Court of Appeal...
2025-12-05 19:08:07,792 - INFO -   ✓ Found at: https://lawphil.net/judjuris/juri2008/oct2008/gr_172426_2008.html
2025-12-05 19:08:07,793 - INFO -   ✓ Saved: RESTRUCTURED_DB/2008/october/172426.json
2025-12-05 19:08:08,293 - INFO - Scraping G.R. No. 172800 (2008): Marciano L. Masangcay vs. Trans-Global Maritime Ag...
2025-12-05 19:08:08,551 - INFO -   ✓ Found at: https://lawphil.net/judjuris/juri2008/oct2008/gr_172800_2008.html
2025-12-05 19:08:08,553 - INFO -   ✓ Saved: RESTRUCTURED_DB/2008/october/172800.json
2025-12-05 19:08:09,053 - INFO - Scraping G.R. No. 175176 (2008): National Power Corp. vs. Santa Loro Vda. De Capin,...
2025-12-05 19:08:09,552 - INFO -   ✓ Found at: https://lawphil.net/judjuris/juri2008/oct2008/gr_175176_2008.html
2025-12-05 19:08:09,554 - INFO -   ✓ Saved: RESTRUCTURED_DB/2008/october/175176.json
2025-12-05 19:08:10,054 - INFO - Scraping G.R. No. 176240 (2008): Rolando Sasan, Sr. et al. vs. NLRC, et al....
2025-12-05 19:08:10,983 - INFO -   ✓ Found at: https://lawphil.net/judjuris/juri2008/oct2008/gr_176240_2008.html
2025-12-05 19:08:10,985 - INFO -   ✓ Saved: RESTRUCTURED_DB/2008/october/176240.json
2025-12-05 19:08:11,485 - INFO - Scraping G.R. No. 177580 (2008): Ma. Ruby A. Dumalaog, et al. vs. Victorio N. Medra...
2025-12-05 19:08:12,372 - INFO -   ✓ Found at: https://lawphil.net/judjuris/juri2008/oct2008/gr_177580_2008.html
2025-12-05 19:08:12,374 - INFO -   ✓ Saved: RESTRUCTURED_DB/2008/october/177580.json
2025-12-05 19:08:12,874 - INFO - Scraping G.R. No. 177598 (2008): Robert San Pedro vs. Willy Ong & Norma Caballes...
2025-12-05 19:08:13,358 - INFO -   ✓ Found at: https://lawphil.net/judjuris/juri2008/oct2008/gr_177598_2008.html
2025-12-05 19:08:13,360 - INFO -   ✓ Saved: RESTRUCTURED_DB/2008/october/177598.json
2025-12-05 19:08:13,861 - INFO - Scraping G.R. No. 178449 (2008): Metropolitan Bank and Trust Company vs. Sps. Elisa...
2025-12-05 19:08:14,122 - INFO -   ✓ Found at: https://lawphil.net/judjuris/juri2008/oct2008/gr_178449_2008.html
2025-12-05 19:08:14,124 - INFO -   ✓ Saved: RESTRUCTURED_DB/2008/october/178449.json
2025-12-05 19:08:14,624 - INFO - Scraping G.R. No. 133347 (2008): Abs-Cbn Broadcasting Corporation, et al. vs. Offic...
2025-12-05 19:08:14,879 - INFO -   ✓ Found at: https://lawphil.net/judjuris/juri2008/oct2008/gr_133347_2008.html
2025-12-05 19:08:14,881 - INFO -   ✓ Saved: RESTRUCTURED_DB/2008/october/133347.json
2025-12-05 19:08:15,381 - INFO - Scraping G.R. No. 141854 (2008): Orlando Apostol vs. Court of Appeals, et al....
2025-12-05 19:08:15,719 - INFO -   ✓ Found at: https://lawphil.net/judjuris/juri2008/oct2008/gr_141854_2008.html
2025-12-05 19:08:15,721 - INFO -   ✓ Saved: RESTRUCTURED_DB/2008/october/141854.json
2025-12-05 19:08:16,221 - INFO - Scraping G.R. No. 147423 (2008): Tirso Z. Oporto vs. Members of the Board of Inquir...
2025-12-05 19:08:16,476 - INFO -   ✓ Found at: https://lawphil.net/judjuris/juri2008/oct2008/gr_147423_2008.html
2025-12-05 19:08:16,477 - INFO -   ✓ Saved: RESTRUCTURED_DB/2008/october/147423.json
2025-12-05 19:08:16,978 - INFO - Scraping G.R. No. 150746 (2008): Simeon Nicolas Chan, et al. vs. Yolanda Chan, et a...
2025-12-05 19:08:17,233 - INFO -   ✓ Found at: https://lawphil.net/judjuris/juri2008/oct2008/gr_150746_2008.html
2025-12-05 19:08:17,235 - INFO -   ✓ Saved: RESTRUCTURED_DB/2008/october/150746.json
2025-12-05 19:08:17,735 - INFO - Scraping G.R. No. 151309 (2008): Bisig Manggagawa sa Tryco etc., et al. vs. NLRC, e...
2025-12-05 19:08:18,005 - INFO -   ✓ Found at: https://lawphil.net/judjuris/juri2008/oct2008/gr_151309_2008.html
2025-12-05 19:08:18,006 - INFO -   ✓ Saved: RESTRUCTURED_DB/2008/october/151309.json
2025-12-05 19:08:18,507 - INFO - Scraping G.R. No. 155813 (2008): Cecilia S. Baldueza etc. vs. Hon. Court of Appeals...
2025-12-05 19:08:18,761 - INFO -   ✓ Found at: https://lawphil.net/judjuris/juri2008/oct2008/gr_155813_2008.html
2025-12-05 19:08:18,762 - INFO -   ✓ Saved: RESTRUCTURED_DB/2008/october/155813.json
2025-12-05 19:08:19,262 - INFO - Scraping G.R. No. 174971 (2008): Land Bank of the Philippines vs. AMS Farming Corpo...
2025-12-05 19:08:19,968 - INFO -   ✓ Found at: https://lawphil.net/judjuris/juri2008/oct2008/gr_174971_2008.html
2025-12-05 19:08:19,971 - INFO -   ✓ Saved: RESTRUCTURED_DB/2008/october/174971.json
2025-12-05 19:08:20,471 - INFO - Scraping G.R. No. 175832 (2008): People of the Philippines vs. Salvador Sanchez y E...
2025-12-05 19:08:20,746 - INFO -   ✓ Found at: https://lawphil.net/judjuris/juri2008/oct2008/gr_175832_2008.html
2025-12-05 19:08:20,749 - INFO -   ✓ Saved: RESTRUCTURED_DB/2008/october/175832.json
2025-12-05 19:08:21,249 - INFO - Scraping G.R. No. 177135 (2008): Arturo O. Radaza, et al. vs. the Hon. Court of App...
2025-12-05 19:08:22,098 - INFO -   ✓ Found at: https://lawphil.net/judjuris/juri2008/oct2008/gr_177135_2008.html
2025-12-05 19:08:22,099 - INFO -   ✓ Saved: RESTRUCTURED_DB/2008/october/177135.json
2025-12-05 19:08:22,600 - INFO - Scraping G.R. No. 178405 (2008): Reynaldo Deus Y Santos vs. People of the Philippin...
2025-12-05 19:08:22,857 - INFO -   ✓ Found at: https://lawphil.net/judjuris/juri2008/oct2008/gr_178405_2008.html
2025-12-05 19:08:22,858 - INFO -   ✓ Saved: RESTRUCTURED_DB/2008/october/178405.json
2025-12-05 19:08:23,358 - INFO - Scraping G.R. No. 172468 (2008): People of the Philippines vs. Julie Villacorta Gil...
2025-12-05 19:08:23,616 - INFO -   ✓ Found at: https://lawphil.net/judjuris/juri2008/oct2008/gr_172468_2008.html
2025-12-05 19:08:23,617 - INFO -   ✓ Saved: RESTRUCTURED_DB/2008/october/172468.json
2025-12-05 19:08:24,118 - INFO - Scraping G.R. No. 157542 (2008): Rebecca Abarbo, Eleonora R. De Jesus, Manolo A. Ka...
2025-12-05 19:08:24,761 - INFO -   ✓ Found at: https://lawphil.net/judjuris/juri2008/oct2008/gr_157542_2008.html
2025-12-05 19:08:24,762 - INFO -   ✓ Saved: RESTRUCTURED_DB/2008/october/157542.json
2025-12-05 19:08:25,262 - INFO - Scraping G.R. No. 166756 (2008): Republic of the Philippines vs. Katrina Isabel Sam...
2025-12-05 19:08:25,524 - INFO -   ✓ Found at: https://lawphil.net/judjuris/juri2008/oct2008/gr_166756_2008.html
2025-12-05 19:08:25,524 - INFO -   ✓ Saved: RESTRUCTURED_DB/2008/october/166756.json
2025-12-05 19:08:26,025 - INFO - Scraping G.R. No. 167627 (2008): Agusan Del Norte Elctric Cooperative, Inc & Horaci...
2025-12-05 19:08:26,281 - INFO -   ✓ Found at: https://lawphil.net/judjuris/juri2008/oct2008/gr_167627_2008.html
2025-12-05 19:08:26,282 - INFO -   ✓ Saved: RESTRUCTURED_DB/2008/october/167627.json
2025-12-05 19:08:26,782 - INFO - Scraping G.R. No. 167711 (2008): The Office of the Ombudsman vs. Ramon C. Galicia...
2025-12-05 19:08:27,036 - INFO -   ✓ Found at: https://lawphil.net/judjuris/juri2008/oct2008/gr_167711_2008.html
2025-12-05 19:08:27,037 - INFO -   ✓ Saved: RESTRUCTURED_DB/2008/october/167711.json
2025-12-05 19:08:27,537 - INFO - Scraping G.R. No. 168166 (2008): People of the Philippines vs. Salvadro C. Daco...
2025-12-05 19:08:27,852 - INFO -   ✓ Found at: https://lawphil.net/judjuris/juri2008/oct2008/gr_168166_2008.html
2025-12-05 19:08:27,853 - INFO -   ✓ Saved: RESTRUCTURED_DB/2008/october/168166.json
2025-12-05 19:08:28,354 - INFO - Scraping G.R. No. 168339 (2008): Ma. Gregorietta Leila C. Sy vs. ALC Industries, In...
2025-12-05 19:08:28,831 - INFO -   ✓ Found at: https://lawphil.net/judjuris/juri2008/oct2008/gr_168339_2008.html
2025-12-05 19:08:28,832 - INFO -   ✓ Saved: RESTRUCTURED_DB/2008/october/168339.json
2025-12-05 19:08:29,333 - INFO - Scraping G.R. No. 168782 (2008): Spouses Jovenal Toring & Cecilia Escalona-To Ring ...
2025-12-05 19:08:29,591 - INFO -   ✓ Found at: https://lawphil.net/judjuris/juri2008/oct2008/gr_168782_2008.html
2025-12-05 19:08:29,593 - INFO -   ✓ Saved: RESTRUCTURED_DB/2008/october/168782.json
2025-12-05 19:08:30,093 - INFO - Scraping G.R. No. 177563 (2008): People of the Philippines vs. Diosdado Balobalo...
2025-12-05 19:08:30,348 - INFO -   ✓ Found at: https://lawphil.net/judjuris/juri2008/oct2008/gr_177563_2008.html
2025-12-05 19:08:30,349 - INFO -   ✓ Saved: RESTRUCTURED_DB/2008/october/177563.json
2025-12-05 19:08:30,849 - INFO - Scraping G.R. No. 177775 (2008): People of the Philippines vs. Isaias Dizon...
2025-12-05 19:08:31,330 - INFO -   ✓ Found at: https://lawphil.net/judjuris/juri2008/oct2008/gr_177775_2008.html
2025-12-05 19:08:31,331 - INFO -   ✓ Saved: RESTRUCTURED_DB/2008/october/177775.json
2025-12-05 19:08:31,831 - INFO - Scraping G.R. No. 167707 (2008): DENR vs. Mayor Yap / Dr. Sacay vs. DENR...
2025-12-05 19:08:32,548 - INFO -   ✓ Found at: https://lawphil.net/judjuris/juri2008/oct2008/gr_167707_2008.html
2025-12-05 19:08:32,551 - INFO -   ✓ Saved: RESTRUCTURED_DB/2008/october/167707.json
2025-12-05 19:08:33,052 - INFO - Scraping G.R. No. 148133 (2008): Heritage Park Management Corp. vs. Construction In...
2025-12-05 19:08:33,329 - INFO -   ✓ Found at: https://lawphil.net/judjuris/juri2008/oct2008/gr_148133_2008.html
2025-12-05 19:08:33,330 - INFO -   ✓ Saved: RESTRUCTURED_DB/2008/october/148133.json
2025-12-05 19:08:33,830 - INFO - Scraping G.R. No. 157680 (2008): Equipment Technical Services etc. vs. Court of App...
2025-12-05 19:08:34,087 - INFO -   ✓ Found at: https://lawphil.net/judjuris/juri2008/oct2008/gr_157680_2008.html
2025-12-05 19:08:34,088 - INFO -   ✓ Saved: RESTRUCTURED_DB/2008/october/157680.json
2025-12-05 19:08:34,589 - INFO - Scraping G.R. No. 165550 (2008): Standard Chartered Bank vs. Standard Chartered Ban...
2025-12-05 19:08:34,848 - INFO -   ✓ Found at: https://lawphil.net/judjuris/juri2008/oct2008/gr_165550_2008.html
2025-12-05 19:08:34,850 - INFO -   ✓ Saved: RESTRUCTURED_DB/2008/october/165550.json
2025-12-05 19:08:35,350 - INFO - Scraping G.R. No. 167215 (2008): Republic of the Philippines vs. Heirs of Evaristo ...
2025-12-05 19:08:35,610 - INFO -   ✓ Found at: https://lawphil.net/judjuris/juri2008/oct2008/gr_167215_2008.html
2025-12-05 19:08:35,611 - INFO -   ✓ Saved: RESTRUCTURED_DB/2008/october/167215.json
2025-12-05 19:08:36,112 - INFO - Scraping G.R. No. 168448 (2008): People of the Philippines vs. Fajardo Napudo...
2025-12-05 19:08:36,374 - INFO -   ✓ Found at: https://lawphil.net/judjuris/juri2008/oct2008/gr_168448_2008.html
2025-12-05 19:08:36,376 - INFO -   ✓ Saved: RESTRUCTURED_DB/2008/october/168448.json
2025-12-05 19:08:36,876 - INFO - Scraping G.R. No. 175725 (2008): National Power Corporation vs. Angel Suarez, et al...
2025-12-05 19:08:37,200 - INFO -   ✓ Found at: https://lawphil.net/judjuris/juri2008/oct2008/gr_175725_2008.html
2025-12-05 19:08:37,201 - INFO -   ✓ Saved: RESTRUCTURED_DB/2008/october/175725.json
2025-12-05 19:08:37,701 - INFO - Scraping G.R. No. 176706 (2008): Manigo K. Ramos vs. Spouses Purita G. Alvendia & O...
2025-12-05 19:08:37,957 - INFO -   ✓ Found at: https://lawphil.net/judjuris/juri2008/oct2008/gr_176706_2008.html
2025-12-05 19:08:37,958 - INFO -   ✓ Saved: RESTRUCTURED_DB/2008/october/176706.json
2025-12-05 19:08:38,458 - INFO - Scraping G.R. No. 181043 (2008): The People of the Philippines vs. Millano Muit, et...
2025-12-05 19:08:38,871 - INFO -   ✓ Found at: https://lawphil.net/judjuris/juri2008/oct2008/gr_181043_2008.html
2025-12-05 19:08:38,873 - INFO -   ✓ Saved: RESTRUCTURED_DB/2008/october/181043.json
2025-12-05 19:08:39,373 - INFO - Scraping G.R. No. 181545 (2008): The People of the Philippines vs. Mark Dela Cruz...
2025-12-05 19:08:39,639 - INFO -   ✓ Found at: https://lawphil.net/judjuris/juri2008/oct2008/gr_181545_2008.html
2025-12-05 19:08:39,640 - INFO -   ✓ Saved: RESTRUCTURED_DB/2008/october/181545.json
2025-12-05 19:08:40,140 - INFO - Scraping G.R. No. 180906 (2008): The Secretary of National Defense, et al. vs. Mana...
2025-12-05 19:08:40,860 - INFO -   ✓ Found at: https://lawphil.net/judjuris/juri2008/oct2008/gr_180906_2008.html
2025-12-05 19:08:40,865 - INFO -   ✓ Saved: RESTRUCTURED_DB/2008/october/180906.json
2025-12-05 19:08:41,365 - INFO - Scraping G.R. No. 156962 (2008): Victorias Milling Co., Inc. vs. Luis J. Padilla, e...
2025-12-05 19:08:41,693 - INFO -   ✓ Found at: https://lawphil.net/judjuris/juri2008/oct2008/gr_156962_2008.html
2025-12-05 19:08:41,694 - INFO -   ✓ Saved: RESTRUCTURED_DB/2008/october/156962.json
2025-12-05 19:08:42,194 - INFO - Scraping G.R. No. 158997 (2008): Fort Bonifacio Development Corporation vs. Yllas L...
2025-12-05 19:08:42,520 - INFO -   ✓ Found at: https://lawphil.net/judjuris/juri2008/oct2008/gr_158997_2008.html
2025-12-05 19:08:42,522 - INFO -   ✓ Saved: RESTRUCTURED_DB/2008/october/158997.json
2025-12-05 19:08:43,022 - INFO - Scraping G.R. No. 160338 (2008): Ventis Maritime Corporation, et al. vs. Court of A...
2025-12-05 19:08:43,281 - INFO -   ✓ Found at: https://lawphil.net/judjuris/juri2008/oct2008/gr_160338_2008.html
2025-12-05 19:08:43,282 - INFO -   ✓ Saved: RESTRUCTURED_DB/2008/october/160338.json
2025-12-05 19:08:43,782 - INFO - Scraping G.R. No. 161219 (2008): Marinduque Mining and Industrial Corp, et al. vs. ...
2025-12-05 19:08:44,261 - INFO -   ✓ Found at: https://lawphil.net/judjuris/juri2008/oct2008/gr_161219_2008.html
2025-12-05 19:08:44,262 - INFO -   ✓ Saved: RESTRUCTURED_DB/2008/october/161219.json
2025-12-05 19:08:44,763 - INFO - Scraping G.R. No. 166408 (2008): Quezon City & the City Treasurer vs. ABS-CBN Broad...
2025-12-05 19:08:45,467 - INFO -   ✓ Found at: https://lawphil.net/judjuris/juri2008/oct2008/gr_166408_2008.html
2025-12-05 19:08:45,470 - INFO -   ✓ Saved: RESTRUCTURED_DB/2008/october/166408.json
2025-12-05 19:08:45,970 - INFO - Scraping G.R. No. 168299 (2008): People of the Philippines vs. Luis a Ycardo...
2025-12-05 19:08:47,170 - INFO -   ✓ Found at: https://lawphil.net/judjuris/juri2008/oct2008/gr_168299_2008.html
2025-12-05 19:08:47,171 - INFO -   ✓ Saved: RESTRUCTURED_DB/2008/october/168299.json
2025-12-05 19:08:47,671 - INFO - Scraping G.R. No. 168394 (2008): Agrarian Reform Beneficiaries Asso. etc. vs. Loret...
2025-12-05 19:08:48,070 - INFO -   ✓ Found at: https://lawphil.net/judjuris/juri2008/oct2008/gr_168394_2008.html
2025-12-05 19:08:48,072 - INFO -   ✓ Saved: RESTRUCTURED_DB/2008/october/168394.json
2025-12-05 19:08:48,572 - INFO - Scraping G.R. No. 170585 (2008): David C. Lao & Jose C. Lao vs. Dionisio C. Lao...
2025-12-05 19:08:48,859 - INFO -   ✓ Found at: https://lawphil.net/judjuris/juri2008/oct2008/gr_170585_2008.html
2025-12-05 19:08:48,861 - INFO -   ✓ Saved: RESTRUCTURED_DB/2008/october/170585.json
2025-12-05 19:08:49,361 - INFO - Scraping G.R. No. 172053 (2008): Union Bank of the Philippines vs. Pacific Equipmen...
2025-12-05 19:08:49,844 - INFO -   ✓ Found at: https://lawphil.net/judjuris/juri2008/oct2008/gr_172053_2008.html
2025-12-05 19:08:49,845 - INFO -   ✓ Saved: RESTRUCTURED_DB/2008/october/172053.json
2025-12-05 19:08:50,345 - INFO - Scraping G.R. No. 172933 (2008): Jesus E. Vergara vs. Hammonia Maritime Services In...
2025-12-05 19:08:50,785 - INFO -   ✓ Found at: https://lawphil.net/judjuris/juri2008/oct2008/gr_172933_2008.html
2025-12-05 19:08:50,786 - INFO -   ✓ Saved: RESTRUCTURED_DB/2008/october/172933.json
2025-12-05 19:08:51,287 - INFO - Scraping G.R. No. 173454 (2008): PNB vs. Mega Prime Realty and Holdings Corporation...
2025-12-05 19:08:51,823 - INFO -   ✓ Found at: https://lawphil.net/judjuris/juri2008/oct2008/gr_173454_2008.html
2025-12-05 19:08:51,825 - INFO -   ✓ Saved: RESTRUCTURED_DB/2008/october/173454.json
2025-12-05 19:08:52,325 - INFO - Scraping G.R. No. 176637 (2008): People of the Philippines vs. Reynaldo Dela Torre...
2025-12-05 19:08:52,768 - INFO -   ✓ Found at: https://lawphil.net/judjuris/juri2008/oct2008/gr_176637_2008.html
2025-12-05 19:08:52,769 - INFO -   ✓ Saved: RESTRUCTURED_DB/2008/october/176637.json
2025-12-05 19:08:53,270 - INFO - Scraping G.R. No. 177736 (2008): Melanie-P. Montuerto vs. Hon. Mayor Rolando E. Ty,...
2025-12-05 19:08:53,789 - INFO -   ✓ Found at: https://lawphil.net/judjuris/juri2008/oct2008/gr_177736_2008.html
2025-12-05 19:08:53,790 - INFO -   ✓ Saved: RESTRUCTURED_DB/2008/october/177736.json
2025-12-05 19:08:54,291 - INFO - Scraping G.R. No. 178443 (2008): Spouses Lorenzo H.Labayen, et al. vs. Leonardo. Se...
2025-12-05 19:08:54,774 - INFO -   ✓ Found at: https://lawphil.net/judjuris/juri2008/oct2008/gr_178443_2008.html
2025-12-05 19:08:54,775 - INFO -   ✓ Saved: RESTRUCTURED_DB/2008/october/178443.json
2025-12-05 19:08:55,275 - INFO - Scraping G.R. No. 182084 (2008): Librado M. Cabrera vs. the Commission on Elections...
2025-12-05 19:08:55,529 - INFO -   ✓ Found at: https://lawphil.net/judjuris/juri2008/oct2008/gr_182084_2008.html
2025-12-05 19:08:55,530 - INFO -   ✓ Saved: RESTRUCTURED_DB/2008/october/182084.json
2025-12-05 19:08:56,031 - INFO - Scraping G.R. No. 182232 (2008): People of the Philippines vs. Nenita B. Hu...
2025-12-05 19:08:56,340 - INFO -   ✓ Found at: https://lawphil.net/judjuris/juri2008/oct2008/gr_182232_2008.html
2025-12-05 19:08:56,342 - INFO -   ✓ Saved: RESTRUCTURED_DB/2008/october/182232.json
2025-12-05 19:08:56,842 - INFO - Scraping G.R. No. 182421 (2008): UCPB General Insurance Corporation vs. Owner of M/...
2025-12-05 19:08:57,100 - INFO -   ✓ Found at: https://lawphil.net/judjuris/juri2008/oct2008/gr_182421_2008.html
2025-12-05 19:08:57,101 - INFO -   ✓ Saved: RESTRUCTURED_DB/2008/october/182421.json
2025-12-05 19:08:57,601 - INFO - Scraping G.R. No. 142977 (2008): Leonor Camcam, et al. vs. Hon. CA, et al....
2025-12-05 19:08:58,079 - INFO -   ✓ Found at: https://lawphil.net/judjuris/juri2008/sep2008/gr_142977_2008.html
2025-12-05 19:08:58,081 - INFO -   ✓ Saved: RESTRUCTURED_DB/2008/september/142977.json
2025-12-05 19:08:58,581 - INFO - Scraping G.R. No. 148433 (2008): Zamboanga Barter Traders Kilusang Bayan, Inc. etc....
2025-12-05 19:08:59,231 - INFO -   ✓ Found at: https://lawphil.net/judjuris/juri2008/sep2008/gr_148433_2008.html
2025-12-05 19:08:59,233 - INFO -   ✓ Saved: RESTRUCTURED_DB/2008/september/148433.json
2025-12-05 19:08:59,734 - INFO - Scraping G.R. No. 159808 (2008): Leopard Integrated Services, Inc. and/or Jose Poe ...
2025-12-05 19:09:00,001 - INFO -   ✓ Found at: https://lawphil.net/judjuris/juri2008/sep2008/gr_159808_2008.html
2025-12-05 19:09:00,003 - INFO -   ✓ Saved: RESTRUCTURED_DB/2008/september/159808.json
2025-12-05 19:09:00,503 - INFO - Scraping G.R. No. 165993 (2008): Merida Water District, et al. vs. Francisco Bacarr...
2025-12-05 19:09:00,762 - INFO -   ✓ Found at: https://lawphil.net/judjuris/juri2008/sep2008/gr_165993_2008.html
2025-12-05 19:09:00,763 - INFO -   ✓ Saved: RESTRUCTURED_DB/2008/september/165993.json
2025-12-05 19:09:01,263 - INFO - Scraping G.R. No. 168578 (2008): Nieto A. Racho vs. Hon. Primo C. Miro, et al....
2025-12-05 19:09:01,644 - INFO -   ✓ Found at: https://lawphil.net/judjuris/juri2008/sep2008/gr_168578_2008.html
2025-12-05 19:09:01,645 - INFO -   ✓ Saved: RESTRUCTURED_DB/2008/september/168578.json
2025-12-05 19:09:02,145 - INFO - Scraping G.R. No. 168852 (2008): Sharica Marl L. Go-Tan vs. Spouses Perfecto C. Tan...
2025-12-05 19:09:02,464 - INFO -   ✓ Found at: https://lawphil.net/judjuris/juri2008/sep2008/gr_168852_2008.html
2025-12-05 19:09:02,465 - INFO -   ✓ Saved: RESTRUCTURED_DB/2008/september/168852.json
2025-12-05 19:09:02,965 - INFO - Scraping G.R. No. 170569 (2008): People of the Philippines vs. Norberto Mateo Y Diz...
2025-12-05 19:09:03,452 - INFO -   ✓ Found at: https://lawphil.net/judjuris/juri2008/sep2008/gr_170569_2008.html
2025-12-05 19:09:03,453 - INFO -   ✓ Saved: RESTRUCTURED_DB/2008/september/170569.json
2025-12-05 19:09:03,953 - INFO - Scraping G.R. No. 173106 (2008): Cosme Nacario vs. People of the Philippines...
2025-12-05 19:09:04,305 - INFO -   ✓ Found at: https://lawphil.net/judjuris/juri2008/sep2008/gr_173106_2008.html
2025-12-05 19:09:04,306 - INFO -   ✓ Saved: RESTRUCTURED_DB/2008/september/173106.json
2025-12-05 19:09:04,806 - INFO - Scraping G.R. No. 181631 (2008): The People of the Philippines vs. Jose Balinas, Jr...
2025-12-05 19:09:05,119 - INFO -   ✓ Found at: https://lawphil.net/judjuris/juri2008/sep2008/gr_181631_2008.html
2025-12-05 19:09:05,120 - INFO -   ✓ Saved: RESTRUCTURED_DB/2008/september/181631.json
2025-12-05 19:09:05,620 - INFO - Scraping G.R. No. 182548 (2008): People of the Philippines vs. Cesario Osianas, et ...
2025-12-05 19:09:06,123 - INFO -   ✓ Found at: https://lawphil.net/judjuris/juri2008/sep2008/gr_182548_2008.html
2025-12-05 19:09:06,124 - INFO -   ✓ Saved: RESTRUCTURED_DB/2008/september/182548.json
2025-12-05 19:09:06,625 - INFO - Scraping G.R. No. 169558 (2008): Philippine Crop Insurance Corp. vs. CA, et al....
2025-12-05 19:09:06,935 - INFO -   ✓ Found at: https://lawphil.net/judjuris/juri2008/sep2008/gr_169558_2008.html
2025-12-05 19:09:06,936 - INFO -   ✓ Saved: RESTRUCTURED_DB/2008/september/169558.json
2025-12-05 19:09:07,436 - INFO - Scraping G.R. No. 172306 (2008): Michael V. Santos vs. Shing Hung Plastics Co., Inc...
2025-12-05 19:09:07,917 - INFO -   ✓ Found at: https://lawphil.net/judjuris/juri2008/sep2008/gr_172306_2008.html
2025-12-05 19:09:07,918 - INFO -   ✓ Saved: RESTRUCTURED_DB/2008/september/172306.json
2025-12-05 19:09:08,418 - INFO - Scraping G.R. No. 172744 (2008): Marvin Angeles vs. People of the Philippines...
2025-12-05 19:09:08,906 - INFO -   ✓ Found at: https://lawphil.net/judjuris/juri2008/sep2008/gr_172744_2008.html
2025-12-05 19:09:08,908 - INFO -   ✓ Saved: RESTRUCTURED_DB/2008/september/172744.json
2025-12-05 19:09:09,408 - INFO - Scraping G.R. No. 175175 (2008): Land Bank of the Philippines vs. Heirs of Eleuteri...
2025-12-05 19:09:09,669 - INFO -   ✓ Found at: https://lawphil.net/judjuris/juri2008/sep2008/gr_175175_2008.html
2025-12-05 19:09:09,670 - INFO -   ✓ Saved: RESTRUCTURED_DB/2008/september/175175.json
2025-12-05 19:09:10,171 - INFO - Scraping G.R. No. 177571 (2008): People of the Philippines vs. Dean Martin Y Savida...
2025-12-05 19:09:10,428 - INFO -   ✓ Found at: https://lawphil.net/judjuris/juri2008/sep2008/gr_177571_2008.html
2025-12-05 19:09:10,430 - INFO -   ✓ Saved: RESTRUCTURED_DB/2008/september/177571.json
2025-12-05 19:09:10,931 - INFO - Scraping G.R. No. 177874 (2008): Jaime D. Ang vs. Bruno Soledad...
2025-12-05 19:09:11,445 - INFO -   ✓ Found at: https://lawphil.net/judjuris/juri2008/sep2008/gr_177874_2008.html
2025-12-05 19:09:11,446 - INFO -   ✓ Saved: RESTRUCTURED_DB/2008/september/177874.json
