nohup: ignoring input
2025-12-05 19:17:58,746 - INFO - Loading missing cases list...
2025-12-05 19:17:58,760 - INFO - ================================================================================
2025-12-05 19:17:58,760 - INFO - LAWPHIL BATCH SCRAPER
2025-12-05 19:17:58,760 - INFO - ================================================================================
2025-12-05 19:17:58,760 - INFO - Database path: RESTRUCTURED_DB
2025-12-05 19:17:58,760 - INFO - Cases to scrape: 520
2025-12-05 19:17:58,760 - INFO - Year range: 2019-2019
2025-12-05 19:17:58,760 - INFO - Batch size: 100
2025-12-05 19:17:58,760 - INFO - ================================================================================
2025-12-05 19:17:58,761 - INFO - 
================================================================================
2025-12-05 19:17:58,761 - INFO - BATCH 1/6 (100 cases)
2025-12-05 19:17:58,761 - INFO - ================================================================================
2025-12-05 19:17:58,761 - INFO - Scraping G.R. No. 201914 (2019): Josechito B. Gonzaga, Ruel A. Magsino, and Alfredo...
2025-12-05 19:18:06,579 - WARNING -   ✗ Not found for G.R. No. 201914
2025-12-05 19:18:07,079 - INFO - Scraping G.R. No. 201944 (2019): Bonifacio Communications Corporation and Philippin...
2025-12-05 19:18:15,444 - WARNING -   ✗ Not found for G.R. No. 201944
2025-12-05 19:18:15,945 - INFO - Scraping G.R. No. 187552 (2019): Shangri-la Properties, Inc. vs. BF Corporation/BF ...
2025-12-05 19:18:24,409 - WARNING -   ✗ Not found for G.R. No. 187552
2025-12-05 19:18:24,909 - INFO - Scraping G.R. No. 193893 (2019): Land Bank of the Philippines vs. Mega World Corpor...
2025-12-05 19:18:33,249 - WARNING -   ✗ Not found for G.R. No. 193893
2025-12-05 19:18:33,750 - INFO - Scraping G.R. No. 246605 (2019): Glasstemp Industries Corporation [Gic] vs. San M...
2025-12-05 19:18:41,584 - WARNING -   ✗ Not found for G.R. No. 246605
2025-12-05 19:18:42,085 - INFO - Scraping G.R. No. 204782 (2019): Genuino Agro-Industrial Development Corporation vs...
2025-12-05 19:18:42,441 - INFO -   ✓ Found at: https://lawphil.net/judjuris/juri2019/sep2019/gr_204782_2019.html
2025-12-05 19:18:42,444 - INFO -   ✓ Saved: RESTRUCTURED_DB/2019/september/204782.json
2025-12-05 19:18:42,944 - INFO - Scraping G.R. No. 203382 (2019): Pedro S. Cuerpo, Salvador Simbulan & Fernando H. R...
2025-12-05 19:18:43,391 - INFO -   ✓ Found at: https://lawphil.net/judjuris/juri2019/sep2019/gr_203382_2019.html
2025-12-05 19:18:43,392 - INFO -   ✓ Saved: RESTRUCTURED_DB/2019/september/203382.json
2025-12-05 19:18:43,893 - INFO - Scraping G.R. No. 200102 (2019): Republic of the Philippines vs. Arthur Tan Manda...
2025-12-05 19:18:44,179 - INFO -   ✓ Found at: https://lawphil.net/judjuris/juri2019/sep2019/gr_200102_2019.html
2025-12-05 19:18:44,180 - INFO -   ✓ Saved: RESTRUCTURED_DB/2019/september/200102.json
2025-12-05 19:18:44,680 - INFO - Scraping G.R. No. 222455 (2019): Gerry S. Mojica vs. Generali Pilipinas Life Assura...
2025-12-05 19:18:45,155 - INFO -   ✓ Found at: https://lawphil.net/judjuris/juri2019/sep2019/gr_222455_2019.html
2025-12-05 19:18:45,156 - INFO -   ✓ Saved: RESTRUCTURED_DB/2019/september/222455.json
2025-12-05 19:18:45,656 - INFO - Scraping G.R. No. 234273 (2019): People of the Philippines vs. Emalyn N. Moreno...
2025-12-05 19:18:45,911 - INFO -   ✓ Found at: https://lawphil.net/judjuris/juri2019/sep2019/gr_234273_2019.html
2025-12-05 19:18:45,913 - INFO -   ✓ Saved: RESTRUCTURED_DB/2019/september/234273.json
2025-12-05 19:18:46,413 - INFO - Scraping G.R. No. 237871 (2019): Margarita Fernando, Felix Fernando and Manuel Fern...
2025-12-05 19:18:46,866 - INFO -   ✓ Found at: https://lawphil.net/judjuris/juri2019/sep2019/gr_237871_2019.html
2025-12-05 19:18:46,868 - INFO -   ✓ Saved: RESTRUCTURED_DB/2019/september/237871.json
2025-12-05 19:18:47,369 - INFO - Scraping G.R. No. 240311 (2019): Philippine National Bank vs. Felina Giron-Roque, D...
2025-12-05 19:18:47,831 - INFO -   ✓ Found at: https://lawphil.net/judjuris/juri2019/sep2019/gr_240311_2019.html
2025-12-05 19:18:47,832 - INFO -   ✓ Saved: RESTRUCTURED_DB/2019/september/240311.json
2025-12-05 19:18:48,332 - INFO - Scraping G.R. No. 243639 (2019): People of the Philippines vs. Jose Rasos, Jr. Y Pa...
2025-12-05 19:18:49,113 - INFO -   ✓ Found at: https://lawphil.net/judjuris/juri2019/sep2019/gr_243639_2019.html
2025-12-05 19:18:49,114 - INFO -   ✓ Saved: RESTRUCTURED_DB/2019/september/243639.json
2025-12-05 19:18:49,615 - INFO - Scraping G.R. No. 242213 (2019): People of the Philippines vs. Roger Enero...
2025-12-05 19:18:50,071 - INFO -   ✓ Found at: https://lawphil.net/judjuris/juri2019/sep2019/gr_242213_2019.html
2025-12-05 19:18:50,073 - INFO -   ✓ Saved: RESTRUCTURED_DB/2019/september/242213.json
2025-12-05 19:18:50,573 - INFO - Scraping G.R. No. 242570 (2019): Philippine National Bank vs. Elenita V. Abello, et...
2025-12-05 19:18:50,817 - INFO -   ✓ Found at: https://lawphil.net/judjuris/juri2019/sep2019/gr_242570_2019.html
2025-12-05 19:18:50,818 - INFO -   ✓ Saved: RESTRUCTURED_DB/2019/september/242570.json
2025-12-05 19:18:51,319 - INFO - Scraping G.R. No. 208892 (2019): Spouses Anthony Rogelio Bernardo and Ma. Martha Be...
2025-12-05 19:18:51,791 - INFO -   ✓ Found at: https://lawphil.net/judjuris/juri2019/sep2019/gr_208892_2019.html
2025-12-05 19:18:51,793 - INFO -   ✓ Saved: RESTRUCTURED_DB/2019/september/208892.json
2025-12-05 19:18:52,293 - INFO - Scraping G.R. No. 224562 (2019): Excel Gurro y Maga vs. People of the Philippines/P...
2025-12-05 19:18:52,538 - INFO -   ✓ Found at: https://lawphil.net/judjuris/juri2019/sep2019/gr_224562_2019.html
2025-12-05 19:18:52,539 - INFO -   ✓ Saved: RESTRUCTURED_DB/2019/september/224562.json
2025-12-05 19:18:53,040 - INFO - Scraping G.R. No. 238457 (2019): People of the Philippines vs. Jojo Bacyaan y Saban...
2025-12-05 19:18:53,904 - INFO -   ✓ Found at: https://lawphil.net/judjuris/juri2019/sep2019/gr_238457_2019.html
2025-12-05 19:18:53,906 - INFO -   ✓ Saved: RESTRUCTURED_DB/2019/september/238457.json
2025-12-05 19:18:54,406 - INFO - Scraping G.R. No. 194469 (2019): Hubert Jeffrey P. Webb vs. NBI Director Magtanggol...
2025-12-05 19:18:54,927 - INFO -   ✓ Found at: https://lawphil.net/judjuris/juri2019/sep2019/gr_194469_2019.html
2025-12-05 19:18:54,930 - INFO -   ✓ Saved: RESTRUCTURED_DB/2019/september/194469.json
2025-12-05 19:18:55,430 - INFO - Scraping G.R. No. 237172 (2019): Mario Joel T. Reyes vs. People of the Philippines...
2025-12-05 19:18:55,904 - INFO -   ✓ Found at: https://lawphil.net/judjuris/juri2019/sep2019/gr_237172_2019.html
2025-12-05 19:18:55,907 - INFO -   ✓ Saved: RESTRUCTURED_DB/2019/september/237172.json
2025-12-05 19:18:56,408 - INFO - Scraping G.R. No. 221771 (2019): Terp Construction Corporation vs. Banco Filipino S...
2025-12-05 19:18:56,651 - INFO -   ✓ Found at: https://lawphil.net/judjuris/juri2019/sep2019/gr_221771_2019.html
2025-12-05 19:18:56,652 - INFO -   ✓ Saved: RESTRUCTURED_DB/2019/september/221771.json
2025-12-05 19:18:57,153 - INFO - Scraping G.R. No. 233280 (2019): People of the Philippines vs. Hon. Sandiganbayan (...
2025-12-05 19:19:05,689 - WARNING -   ✗ Not found for G.R. No. 233280
2025-12-05 19:19:06,190 - INFO - Scraping G.R. No. 152797 (2019): Fil-Estate Properties, Inc. vs. Paulino Reyes, et ...
2025-12-05 19:19:07,095 - INFO -   ✓ Found at: https://lawphil.net/judjuris/juri2019/sep2019/gr_152797_2019.html
2025-12-05 19:19:07,100 - INFO -   ✓ Saved: RESTRUCTURED_DB/2019/september/152797.json
2025-12-05 19:19:07,600 - INFO - Scraping G.R. No. 216024 (2019): Spouses Ernesto V. Yu & Elsie Yu vs. Eulogio A. To...
2025-12-05 19:19:07,853 - INFO -   ✓ Found at: https://lawphil.net/judjuris/juri2019/sep2019/gr_216024_2019.html
2025-12-05 19:19:07,854 - INFO -   ✓ Saved: RESTRUCTURED_DB/2019/september/216024.json
2025-12-05 19:19:08,354 - INFO - Scraping G.R. No. 224595 (2019): People of the Philippines vs. GGG...
2025-12-05 19:19:08,852 - INFO -   ✓ Found at: https://lawphil.net/judjuris/juri2019/sep2019/gr_224595_2019.html
2025-12-05 19:19:08,853 - INFO -   ✓ Saved: RESTRUCTURED_DB/2019/september/224595.json
2025-12-05 19:19:09,353 - INFO - Scraping G.R. No. 217787 (2019): Socorro F. Ongkingco and Marie Paz B. Ongkingco vs...
2025-12-05 19:19:10,022 - INFO -   ✓ Found at: https://lawphil.net/judjuris/juri2019/sep2019/gr_217787_2019.html
2025-12-05 19:19:10,025 - INFO -   ✓ Saved: RESTRUCTURED_DB/2019/september/217787.json
2025-12-05 19:19:10,525 - INFO - Scraping G.R. No. 217755 (2019): Elmer Montero vs. Santiago Montero, Jr. & Charlie ...
2025-12-05 19:19:10,986 - INFO -   ✓ Found at: https://lawphil.net/judjuris/juri2019/sep2019/gr_217755_2019.html
2025-12-05 19:19:10,987 - INFO -   ✓ Saved: RESTRUCTURED_DB/2019/september/217755.json
2025-12-05 19:19:11,487 - INFO - Scraping G.R. No. 244806 (2019): Amando M. Tetangco, Jr., et al. vs. Commission on ...
2025-12-05 19:19:12,117 - INFO -   ✓ Found at: https://lawphil.net/judjuris/juri2019/sep2019/gr_244806_2019.html
2025-12-05 19:19:12,120 - INFO -   ✓ Saved: RESTRUCTURED_DB/2019/september/244806.json
2025-12-05 19:19:12,621 - INFO - Scraping G.R. No. 205618 (2019): Elfleda, Albert, Napoleon, Eden, Severiano, Celia ...
2025-12-05 19:19:12,980 - INFO -   ✓ Found at: https://lawphil.net/judjuris/juri2019/sep2019/gr_205618_2019.html
2025-12-05 19:19:12,982 - INFO -   ✓ Saved: RESTRUCTURED_DB/2019/september/205618.json
2025-12-05 19:19:13,482 - INFO - Scraping G.R. No. 242817 (2019): People of the Philippines vs. Michael Roxas y Cama...
2025-12-05 19:19:13,946 - INFO -   ✓ Found at: https://lawphil.net/judjuris/juri2019/sep2019/gr_242817_2019.html
2025-12-05 19:19:13,947 - INFO -   ✓ Saved: RESTRUCTURED_DB/2019/september/242817.json
2025-12-05 19:19:14,447 - INFO - Scraping G.R. No. 234618 (2019): People of the Philippines vs. Mateo A. Lee, Jr....
2025-12-05 19:19:14,915 - INFO -   ✓ Found at: https://lawphil.net/judjuris/juri2019/sep2019/gr_234618_2019.html
2025-12-05 19:19:14,916 - INFO -   ✓ Saved: RESTRUCTURED_DB/2019/september/234618.json
2025-12-05 19:19:15,416 - INFO - Scraping G.R. No. 242101 (2019): XXX vs. People of the Philippines...
2025-12-05 19:19:15,673 - INFO -   ✓ Found at: https://lawphil.net/judjuris/juri2019/sep2019/gr_242101_2019.html
2025-12-05 19:19:15,675 - INFO -   ✓ Saved: RESTRUCTURED_DB/2019/september/242101.json
2025-12-05 19:19:16,175 - INFO - Scraping G.R. No. 205007 (2019): The Mercantile Insurance Co., Inc. vs. DMCI-Laing ...
2025-12-05 19:19:16,861 - INFO -   ✓ Found at: https://lawphil.net/judjuris/juri2019/sep2019/gr_205007_2019.html
2025-12-05 19:19:16,863 - INFO -   ✓ Saved: RESTRUCTURED_DB/2019/september/205007.json
2025-12-05 19:19:17,363 - INFO - Scraping G.R. No. 243936 (2019): People of the Philippines vs. Vernie Antonio y Mab...
2025-12-05 19:19:17,818 - INFO -   ✓ Found at: https://lawphil.net/judjuris/juri2019/sep2019/gr_243936_2019.html
2025-12-05 19:19:17,819 - INFO -   ✓ Saved: RESTRUCTURED_DB/2019/september/243936.json
2025-12-05 19:19:18,319 - INFO - Scraping G.R. No. 206795 (2019): Foodbev International and Lucila S. Dela Cruz vs. ...
2025-12-05 19:19:18,999 - INFO -   ✓ Found at: https://lawphil.net/judjuris/juri2019/sep2019/gr_206795_2019.html
2025-12-05 19:19:19,003 - INFO -   ✓ Saved: RESTRUCTURED_DB/2019/september/206795.json
2025-12-05 19:19:19,503 - INFO - Scraping G.R. No. 241324 (2019): People of the Philippines vs. Marivic Cohayco y Re...
2025-12-05 19:19:19,985 - INFO -   ✓ Found at: https://lawphil.net/judjuris/juri2019/sep2019/gr_241324_2019.html
2025-12-05 19:19:19,987 - INFO -   ✓ Saved: RESTRUCTURED_DB/2019/september/241324.json
2025-12-05 19:19:20,487 - INFO - Scraping G.R. No. 233556 (2019): City Treasurer of Manila vs. Philippine Berverage ...
2025-12-05 19:19:20,740 - INFO -   ✓ Found at: https://lawphil.net/judjuris/juri2019/sep2019/gr_233556_2019.html
2025-12-05 19:19:20,742 - INFO -   ✓ Saved: RESTRUCTURED_DB/2019/september/233556.json
2025-12-05 19:19:21,242 - INFO - Scraping G.R. No. 234655 (2019): Jessica Lio Martinez vs. Heirs of Remberto F. Lim,...
2025-12-05 19:19:21,728 - INFO -   ✓ Found at: https://lawphil.net/judjuris/juri2019/sep2019/gr_234655_2019.html
2025-12-05 19:19:21,730 - INFO -   ✓ Saved: RESTRUCTURED_DB/2019/september/234655.json
2025-12-05 19:19:22,231 - INFO - Scraping G.R. No. 201396 (2019): Yushi Kondo vs. Toyota Boshoku (Phils.) Corporatio...
2025-12-05 19:19:22,511 - INFO -   ✓ Found at: https://lawphil.net/judjuris/juri2019/sep2019/gr_201396_2019.html
2025-12-05 19:19:22,513 - INFO -   ✓ Saved: RESTRUCTURED_DB/2019/september/201396.json
2025-12-05 19:19:23,013 - INFO - Scraping G.R. No. 199469 (2019): Gertrudes D. Mejila vs. Wringley Philippines, Inc....
2025-12-05 19:19:23,426 - INFO -   ✓ Found at: https://lawphil.net/judjuris/juri2019/sep2019/gr_199469_2019.html
2025-12-05 19:19:23,428 - INFO -   ✓ Saved: RESTRUCTURED_DB/2019/september/199469.json
2025-12-05 19:19:23,928 - INFO - Scraping G.R. No. 242165 (2019): People of the Philippines vs. Abubacar Abdulwahab ...
2025-12-05 19:19:24,327 - INFO -   ✓ Found at: https://lawphil.net/judjuris/juri2019/sep2019/gr_242165_2019.html
2025-12-05 19:19:24,328 - INFO -   ✓ Saved: RESTRUCTURED_DB/2019/september/242165.json
2025-12-05 19:19:24,828 - INFO - Scraping G.R. No. 224039 (2019): Danilo De Villa y Guinto vs. People of the Philipp...
2025-12-05 19:19:25,191 - INFO -   ✓ Found at: https://lawphil.net/judjuris/juri2019/sep2019/gr_224039_2019.html
2025-12-05 19:19:25,193 - INFO -   ✓ Saved: RESTRUCTURED_DB/2019/september/224039.json
2025-12-05 19:19:25,693 - INFO - Scraping G.R. No. 206767 (2019): People of the Philippines vs. Orlando Ramos Ordiz...
2025-12-05 19:19:26,418 - INFO -   ✓ Found at: https://lawphil.net/judjuris/juri2019/sep2019/gr_206767_2019.html
2025-12-05 19:19:26,420 - INFO -   ✓ Saved: RESTRUCTURED_DB/2019/september/206767.json
2025-12-05 19:19:26,921 - INFO - Scraping G.R. No. 229046 (2019): People of the Philippines vs. Noel Cardenas y Hali...
2025-12-05 19:19:27,194 - INFO -   ✓ Found at: https://lawphil.net/judjuris/juri2019/sep2019/gr_229046_2019.html
2025-12-05 19:19:27,197 - INFO -   ✓ Saved: RESTRUCTURED_DB/2019/september/229046.json
2025-12-05 19:19:27,697 - INFO - Scraping G.R. No. 239866 (2019): Paulo Jackson Polangcos y Francisco vs. People of ...
2025-12-05 19:19:28,159 - INFO -   ✓ Found at: https://lawphil.net/judjuris/juri2019/sep2019/gr_239866_2019.html
2025-12-05 19:19:28,161 - INFO -   ✓ Saved: RESTRUCTURED_DB/2019/september/239866.json
2025-12-05 19:19:28,661 - INFO - Scraping G.R. No. 245391 (2019): People of the Philippines vs. Niña Caray y Emmanue...
2025-12-05 19:19:29,128 - INFO -   ✓ Found at: https://lawphil.net/judjuris/juri2019/sep2019/gr_245391_2019.html
2025-12-05 19:19:29,129 - INFO -   ✓ Saved: RESTRUCTURED_DB/2019/september/245391.json
2025-12-05 19:19:29,629 - INFO - Scraping G.R. No. 239903 (2019): People of the Philippines vs. Ronaldo Salenga y Go...
2025-12-05 19:19:30,151 - INFO -   ✓ Found at: https://lawphil.net/judjuris/juri2019/sep2019/gr_239903_2019.html
2025-12-05 19:19:30,153 - INFO -   ✓ Saved: RESTRUCTURED_DB/2019/september/239903.json
2025-12-05 19:19:30,653 - INFO - Scraping G.R. No. 231305 (2019): People of the Philippines vs. Alvin Galisim y Garc...
2025-12-05 19:19:30,908 - INFO -   ✓ Found at: https://lawphil.net/judjuris/juri2019/sep2019/gr_231305_2019.html
2025-12-05 19:19:30,910 - INFO -   ✓ Saved: RESTRUCTURED_DB/2019/september/231305.json
2025-12-05 19:19:31,410 - INFO - Scraping G.R. No. 246328 (2019): Vice Mayor Shirlyn L. Biñas-Nograles, et al. vs. C...
2025-12-05 19:19:31,657 - INFO -   ✓ Found at: https://lawphil.net/judjuris/juri2019/sep2019/gr_246328_2019.html
2025-12-05 19:19:31,658 - INFO -   ✓ Saved: RESTRUCTURED_DB/2019/september/246328.json
2025-12-05 19:19:32,159 - INFO - Scraping G.R. No. 222710 (2019): Philippines Health Insurance Corporation vs. Commi...
2025-12-05 19:19:32,500 - INFO -   ✓ Found at: https://lawphil.net/judjuris/juri2019/sep2019/gr_222710_2019.html
2025-12-05 19:19:32,501 - INFO -   ✓ Saved: RESTRUCTURED_DB/2019/september/222710.json
2025-12-05 19:19:33,002 - INFO - Scraping G.R. No. 217448 (2019): Elena A. Estalilla vs. Commission on Audit...
2025-12-05 19:19:33,782 - INFO -   ✓ Found at: https://lawphil.net/judjuris/juri2019/sep2019/gr_217448_2019.html
2025-12-05 19:19:33,784 - INFO -   ✓ Saved: RESTRUCTURED_DB/2019/september/217448.json
2025-12-05 19:19:34,284 - INFO - Scraping G.R. No. 230642 (2019): Oscar B. Pimentel, et al. vs. Legal Education Boar...
2025-12-05 19:19:34,970 - INFO -   ✓ Found at: https://lawphil.net/judjuris/juri2019/sep2019/gr_230642_2019.html
2025-12-05 19:19:34,986 - INFO -   ✓ Saved: RESTRUCTURED_DB/2019/september/230642.json
2025-12-05 19:19:35,486 - INFO - Scraping G.R. No. 246679 (2019): Governor Edgardo A. Tallado vs. Commission on Elec...
2025-12-05 19:19:35,737 - INFO -   ✓ Found at: https://lawphil.net/judjuris/juri2019/sep2019/gr_246679_2019.html
2025-12-05 19:19:35,740 - INFO -   ✓ Saved: RESTRUCTURED_DB/2019/september/246679.json
2025-12-05 19:19:36,240 - INFO - Scraping G.R. No. 202851 (2019): Feati University vs. Antolin Pangan...
2025-12-05 19:19:36,516 - INFO -   ✓ Found at: https://lawphil.net/judjuris/juri2019/sep2019/gr_202851_2019.html
2025-12-05 19:19:36,518 - INFO -   ✓ Saved: RESTRUCTURED_DB/2019/september/202851.json
2025-12-05 19:19:37,018 - INFO - Scraping G.R. No. 233200 (2019): People of the Philippines vs. Carmelo Carpio y Tar...
2025-12-05 19:19:37,499 - INFO -   ✓ Found at: https://lawphil.net/judjuris/juri2019/sep2019/gr_233200_2019.html
2025-12-05 19:19:37,500 - INFO -   ✓ Saved: RESTRUCTURED_DB/2019/september/233200.json
2025-12-05 19:19:38,000 - INFO - Scraping G.R. No. 242827 (2019): People of the Philippines vs. Rosemarie Gabunada y...
2025-12-05 19:19:38,336 - INFO -   ✓ Found at: https://lawphil.net/judjuris/juri2019/sep2019/gr_242827_2019.html
2025-12-05 19:19:38,338 - INFO -   ✓ Saved: RESTRUCTURED_DB/2019/september/242827.json
2025-12-05 19:19:38,838 - INFO - Scraping G.R. No. 218107 (2019): People of the Philippines vs. Jose Jamillo Quilata...
2025-12-05 19:19:39,171 - INFO -   ✓ Found at: https://lawphil.net/judjuris/juri2019/sep2019/gr_218107_2019.html
2025-12-05 19:19:39,172 - INFO -   ✓ Saved: RESTRUCTURED_DB/2019/september/218107.json
2025-12-05 19:19:39,672 - INFO - Scraping G.R. No. 243589 (2019): People of the Philippines vs. Andidato Mamarinta a...
2025-12-05 19:19:40,043 - INFO -   ✓ Found at: https://lawphil.net/judjuris/juri2019/sep2019/gr_243589_2019.html
2025-12-05 19:19:40,044 - INFO -   ✓ Saved: RESTRUCTURED_DB/2019/september/243589.json
2025-12-05 19:19:40,544 - INFO - Scraping G.R. No. 229212 (2019): People of the Philippines vs. Gerardo Labini Y Gra...
2025-12-05 19:19:40,795 - INFO -   ✓ Found at: https://lawphil.net/judjuris/juri2019/sep2019/gr_229212_2019.html
2025-12-05 19:19:40,796 - INFO -   ✓ Saved: RESTRUCTURED_DB/2019/september/229212.json
2025-12-05 19:19:41,296 - INFO - Scraping G.R. No. 211522 (2019): J Marketing Corporation, et al. vs. Fernando S. I...
2025-12-05 19:19:41,807 - INFO -   ✓ Found at: https://lawphil.net/judjuris/juri2019/sep2019/gr_211522_2019.html
2025-12-05 19:19:41,809 - INFO -   ✓ Saved: RESTRUCTURED_DB/2019/september/211522.json
2025-12-05 19:19:42,309 - INFO - Scraping G.R. No. 224936 (2019): PNOC Alternative Fuels Corporation vs. National Gr...
2025-12-05 19:19:42,556 - INFO -   ✓ Found at: https://lawphil.net/judjuris/juri2019/sep2019/gr_224936_2019.html
2025-12-05 19:19:42,558 - INFO -   ✓ Saved: RESTRUCTURED_DB/2019/september/224936.json
2025-12-05 19:19:43,058 - INFO - Scraping G.R. No. 224584 (2019): The People of the Philippines vs. ZZZ...
2025-12-05 19:19:43,673 - INFO -   ✓ Found at: https://lawphil.net/judjuris/juri2019/sep2019/gr_224584_2019.html
2025-12-05 19:19:43,675 - INFO -   ✓ Saved: RESTRUCTURED_DB/2019/september/224584.json
2025-12-05 19:19:44,175 - INFO - Scraping G.R. No. 232380 (2019): People of the Philippines vs. Ronald Jaurigue @ R...
2025-12-05 19:19:44,417 - INFO -   ✓ Found at: https://lawphil.net/judjuris/juri2019/sep2019/gr_232380_2019.html
2025-12-05 19:19:44,418 - INFO -   ✓ Saved: RESTRUCTURED_DB/2019/september/232380.json
2025-12-05 19:19:44,918 - INFO - Scraping G.R. No. 223140 (2019): People of the Philippines vs. Rosemarie Gardon-Men...
2025-12-05 19:19:45,430 - INFO -   ✓ Found at: https://lawphil.net/judjuris/juri2019/sep2019/gr_223140_2019.html
2025-12-05 19:19:45,432 - INFO -   ✓ Saved: RESTRUCTURED_DB/2019/september/223140.json
2025-12-05 19:19:45,932 - INFO - Scraping G.R. No. 217837 (2019): Mr. Holdings, Inc. and Marcopper Mining Corporatio...
2025-12-05 19:19:46,395 - INFO -   ✓ Found at: https://lawphil.net/judjuris/juri2019/sep2019/gr_217837_2019.html
2025-12-05 19:19:46,397 - INFO -   ✓ Saved: RESTRUCTURED_DB/2019/september/217837.json
2025-12-05 19:19:46,898 - INFO - Scraping G.R. No. 209078 (2019): Joseph Villasana y Cabahug vs. People of the Phili...
2025-12-05 19:19:47,395 - INFO -   ✓ Found at: https://lawphil.net/judjuris/juri2019/sep2019/gr_209078_2019.html
2025-12-05 19:19:47,397 - INFO -   ✓ Saved: RESTRUCTURED_DB/2019/september/209078.json
2025-12-05 19:19:47,898 - INFO - Scraping G.R. No. 216029 (2019): Shemberg Marketing Corporation vs. Citibank, N.A.,...
2025-12-05 19:19:48,385 - INFO -   ✓ Found at: https://lawphil.net/judjuris/juri2019/sep2019/gr_216029_2019.html
2025-12-05 19:19:48,386 - INFO -   ✓ Saved: RESTRUCTURED_DB/2019/september/216029.json
2025-12-05 19:19:48,886 - INFO - Scraping G.R. No. 206598 (2019): Spouses Salvador Batolinio and Amor P. Batolinio, ...
2025-12-05 19:19:49,310 - INFO -   ✓ Found at: https://lawphil.net/judjuris/juri2019/sep2019/gr_206598_2019.html
2025-12-05 19:19:49,311 - INFO -   ✓ Saved: RESTRUCTURED_DB/2019/september/206598.json
2025-12-05 19:19:49,811 - INFO - Scraping G.R. No. 238892 (2019): Spouses Aurora Tojong SU and Amador Su vs. Eda Bon...
2025-12-05 19:19:50,233 - INFO -   ✓ Found at: https://lawphil.net/judjuris/juri2019/sep2019/gr_238892_2019.html
2025-12-05 19:19:50,235 - INFO -   ✓ Saved: RESTRUCTURED_DB/2019/september/238892.json
2025-12-05 19:19:50,735 - INFO - Scraping G.R. No. 230983 (2019): People of the Philippines vs. Edgrado Garcia y Anc...
2025-12-05 19:19:51,357 - INFO -   ✓ Found at: https://lawphil.net/judjuris/juri2019/sep2019/gr_230983_2019.html
2025-12-05 19:19:51,359 - INFO -   ✓ Saved: RESTRUCTURED_DB/2019/september/230983.json
2025-12-05 19:19:51,860 - INFO - Scraping G.R. No. 227934 (2019): Jerry Bering Talaugon vs. BSM Crew Service Centre ...
2025-12-05 19:19:52,106 - INFO -   ✓ Found at: https://lawphil.net/judjuris/juri2019/sep2019/gr_227934_2019.html
2025-12-05 19:19:52,108 - INFO -   ✓ Saved: RESTRUCTURED_DB/2019/september/227934.json
2025-12-05 19:19:52,608 - INFO - Scraping G.R. No. 230817 (2019): Vive Eagle Land, Inc. vs. National Home Mortgage F...
2025-12-05 19:19:53,288 - INFO -   ✓ Found at: https://lawphil.net/judjuris/juri2019/sep2019/gr_230817_2019.html
2025-12-05 19:19:53,291 - INFO -   ✓ Saved: RESTRUCTURED_DB/2019/september/230817.json
2025-12-05 19:19:53,791 - INFO - Scraping G.R. No. 223562 (2019): People of the Philippines vs. Lean Noel Dizon @ J...
2025-12-05 19:19:54,411 - INFO -   ✓ Found at: https://lawphil.net/judjuris/juri2019/sep2019/gr_223562_2019.html
2025-12-05 19:19:54,413 - INFO -   ✓ Saved: RESTRUCTURED_DB/2019/september/223562.json
2025-12-05 19:19:54,913 - INFO - Scraping G.R. No. 242413 (2019): People of the Philippines vs. Wennie Pespenian...
2025-12-05 19:19:55,374 - INFO -   ✓ Found at: https://lawphil.net/judjuris/juri2019/sep2019/gr_242413_2019.html
2025-12-05 19:19:55,375 - INFO -   ✓ Saved: RESTRUCTURED_DB/2019/september/242413.json
2025-12-05 19:19:55,876 - INFO - Scraping G.R. No. 182842 (2019): PCI Leasing & Finance, Inc. vs. Spouses James D. G...
2025-12-05 19:19:56,145 - INFO -   ✓ Found at: https://lawphil.net/judjuris/juri2019/sep2019/gr_182842_2019.html
2025-12-05 19:19:56,146 - INFO -   ✓ Saved: RESTRUCTURED_DB/2019/september/182842.json
2025-12-05 19:19:56,646 - INFO - Scraping G.R. No. 244274 (2019): Norman Cordero Marquez vs. Commission on Elections...
2025-12-05 19:19:57,580 - INFO -   ✓ Found at: https://lawphil.net/judjuris/juri2019/sep2019/gr_244274_2019.html
2025-12-05 19:19:57,582 - INFO -   ✓ Saved: RESTRUCTURED_DB/2019/september/244274.json
2025-12-05 19:19:58,082 - INFO - Scraping G.R. No. 240873 (2019): Solicitor General Jose C. Calida, et al. vs. Senat...
2025-12-05 19:19:58,338 - INFO -   ✓ Found at: https://lawphil.net/judjuris/juri2019/sep2019/gr_240873_2019.html
2025-12-05 19:19:58,339 - INFO -   ✓ Saved: RESTRUCTURED_DB/2019/september/240873.json
2025-12-05 19:19:58,840 - INFO - Scraping G.R. No. 234789 (2019): Felicitas D. Nacino, et al. vs. the Office of the ...
2025-12-05 19:20:07,141 - WARNING -   ✗ Not found for G.R. No. 234789
2025-12-05 19:20:07,642 - INFO - Scraping G.R. No. 217910 (2019): Jesus Nicardo M. Falcis, III vs. Civil Registrar G...
2025-12-05 19:20:08,543 - INFO -   ✓ Found at: https://lawphil.net/judjuris/juri2019/sep2019/gr_217910_2019.html
2025-12-05 19:20:08,562 - INFO -   ✓ Saved: RESTRUCTURED_DB/2019/september/217910.json
2025-12-05 19:20:09,062 - INFO - Scraping G.R. No. 184535 (2019): Sister Pilar Versoza vs. People of the Philippines...
2025-12-05 19:20:09,313 - INFO -   ✓ Found at: https://lawphil.net/judjuris/juri2019/sep2019/gr_184535_2019.html
2025-12-05 19:20:09,316 - INFO -   ✓ Saved: RESTRUCTURED_DB/2019/september/184535.json
2025-12-05 19:20:09,816 - INFO - Scraping G.R. No. 246209 (2019): Monico A. Abogado, et al. vs. Department of Enviro...
2025-12-05 19:20:10,167 - INFO -   ✓ Found at: https://lawphil.net/judjuris/juri2019/sep2019/gr_246209_2019.html
2025-12-05 19:20:10,170 - INFO -   ✓ Saved: RESTRUCTURED_DB/2019/september/246209.json
2025-12-05 19:20:10,670 - INFO - Scraping G.R. No. 210105 (2019): Land Bank of the Philippines vs. Ma. Aurora [Rita]...
2025-12-05 19:20:11,178 - INFO -   ✓ Found at: https://lawphil.net/judjuris/juri2019/sep2019/gr_210105_2019.html
2025-12-05 19:20:11,180 - INFO -   ✓ Saved: RESTRUCTURED_DB/2019/september/210105.json
2025-12-05 19:20:11,680 - INFO - Scraping G.R. No. 243151 (2019): XXX vs. People of the Philippines...
2025-12-05 19:20:11,933 - INFO -   ✓ Found at: https://lawphil.net/judjuris/juri2019/sep2019/gr_243151_2019.html
2025-12-05 19:20:11,935 - INFO -   ✓ Saved: RESTRUCTURED_DB/2019/september/243151.json
2025-12-05 19:20:12,435 - INFO - Scraping G.R. No. 243386 (2019): People of the Philippines vs. Hilrio De Castro y S...
2025-12-05 19:20:12,679 - INFO -   ✓ Found at: https://lawphil.net/judjuris/juri2019/sep2019/gr_243386_2019.html
2025-12-05 19:20:12,680 - INFO -   ✓ Saved: RESTRUCTURED_DB/2019/september/243386.json
2025-12-05 19:20:13,181 - INFO - Scraping G.R. No. 219673 (2019): Solid Homes, Inc. vs. Spouses Artemio Jurado & Con...
2025-12-05 19:20:13,429 - INFO -   ✓ Found at: https://lawphil.net/judjuris/juri2019/sep2019/gr_219673_2019.html
2025-12-05 19:20:13,431 - INFO -   ✓ Saved: RESTRUCTURED_DB/2019/september/219673.json
2025-12-05 19:20:13,932 - INFO - Scraping G.R. No. 229164 (2019): Mercedes Tolentino Soliman, Heirs of Angeles Tolen...
2025-12-05 19:20:14,328 - INFO -   ✓ Found at: https://lawphil.net/judjuris/juri2019/sep2019/gr_229164_2019.html
2025-12-05 19:20:14,330 - INFO -   ✓ Saved: RESTRUCTURED_DB/2019/september/229164.json
2025-12-05 19:20:14,830 - INFO - Scraping G.R. No. 227700 (2019): People of the Philippines vs. Reynaldo Lozano y Le...
2025-12-05 19:20:15,209 - INFO -   ✓ Found at: https://lawphil.net/judjuris/juri2019/aug2019/gr_227700_2019.html
2025-12-05 19:20:15,210 - INFO -   ✓ Saved: RESTRUCTURED_DB/2019/august/227700.json
2025-12-05 19:20:15,711 - INFO - Scraping G.R. No. 225353 (2019): Rhema International Livelihood Foundation, Inc., e...
2025-12-05 19:20:23,897 - WARNING -   ✗ Not found for G.R. No. 225353
2025-12-05 19:20:24,398 - INFO - Scraping G.R. No. 223637 (2019): Eric Sto. Tomas, et al. vs. Adoracion I. Del Valle...
2025-12-05 19:20:24,686 - INFO -   ✓ Found at: https://lawphil.net/judjuris/juri2019/aug2019/gr_223637_2019.html
2025-12-05 19:20:24,688 - INFO -   ✓ Saved: RESTRUCTURED_DB/2019/august/223637.json
2025-12-05 19:20:25,188 - INFO - Scraping G.R. No. 228355 (2019): Engr. Ricardo O. Vasquez vs. Phillippine National ...
2025-12-05 19:20:25,876 - INFO -   ✓ Found at: https://lawphil.net/judjuris/juri2019/aug2019/gr_228355_2019.html
2025-12-05 19:20:25,879 - INFO -   ✓ Saved: RESTRUCTURED_DB/2019/august/228355.json
2025-12-05 19:20:26,379 - INFO - Scraping G.R. No. 214923 (2019): Shuley Mine, Inc. vs. Department of Environment an...
2025-12-05 19:20:26,646 - INFO -   ✓ Found at: https://lawphil.net/judjuris/juri2019/aug2019/gr_214923_2019.html
2025-12-05 19:20:26,649 - INFO -   ✓ Saved: RESTRUCTURED_DB/2019/august/214923.json
2025-12-05 19:20:27,149 - INFO - Scraping G.R. No. 208595 (2019): Guino Escabarte, et al. vs. Heirs of Benigno Isaw,...
2025-12-05 19:20:27,531 - INFO -   ✓ Found at: https://lawphil.net/judjuris/juri2019/aug2019/gr_208595_2019.html
2025-12-05 19:20:27,533 - INFO -   ✓ Saved: RESTRUCTURED_DB/2019/august/208595.json
2025-12-05 19:20:28,033 - INFO - Scraping G.R. No. 195341 (2019): Allied Banking Corporation (Now Philippine Nationa...
2025-12-05 19:20:28,495 - INFO -   ✓ Found at: https://lawphil.net/judjuris/juri2019/aug2019/gr_195341_2019.html
2025-12-05 19:20:28,497 - INFO -   ✓ Saved: RESTRUCTURED_DB/2019/august/195341.json
2025-12-05 19:20:28,997 - INFO - Scraping G.R. No. 243190 (2019): People of the Philippines vs. Dennis Sarabia y Rey...
2025-12-05 19:20:29,504 - INFO -   ✓ Found at: https://lawphil.net/judjuris/juri2019/aug2019/gr_243190_2019.html
2025-12-05 19:20:29,506 - INFO -   ✓ Saved: RESTRUCTURED_DB/2019/august/243190.json
2025-12-05 19:20:30,006 - INFO - Scraping G.R. No. 232522 (2019): Carissa E. Santo vs. University of Cebu...
2025-12-05 19:20:30,257 - INFO -   ✓ Found at: https://lawphil.net/judjuris/juri2019/aug2019/gr_232522_2019.html
2025-12-05 19:20:30,259 - INFO -   ✓ Saved: RESTRUCTURED_DB/2019/august/232522.json
2025-12-05 19:20:30,759 - INFO - Scraping G.R. No. 220224 (2019): Lydia I. Aguirre vs. Director Cecilia R. Nieto Civ...
2025-12-05 19:20:31,007 - INFO -   ✓ Found at: https://lawphil.net/judjuris/juri2019/aug2019/gr_220224_2019.html
2025-12-05 19:20:31,010 - INFO -   ✓ Saved: RESTRUCTURED_DB/2019/august/220224.json
2025-12-05 19:20:31,511 - INFO - Scraping G.R. No. 215136 (2019): Edwin D. Velez vs. People of the Philippines...
2025-12-05 19:20:31,978 - INFO -   ✓ Found at: https://lawphil.net/judjuris/juri2019/aug2019/gr_215136_2019.html
2025-12-05 19:20:31,980 - INFO -   ✓ Saved: RESTRUCTURED_DB/2019/august/215136.json
2025-12-05 19:20:32,480 - INFO - Scraping G.R. No. 238971 (2019): Charben Duarte y Oliveros vs. People of the Philip...
2025-12-05 19:20:32,949 - INFO -   ✓ Found at: https://lawphil.net/judjuris/juri2019/aug2019/gr_238971_2019.html
2025-12-05 19:20:32,951 - INFO -   ✓ Saved: RESTRUCTURED_DB/2019/august/238971.json
2025-12-05 19:20:33,451 - INFO - Scraping G.R. No. 238191 (2019): Frederick L. Suriaga vs. Commissioner Alicia Dela ...
2025-12-05 19:20:33,857 - INFO -   ✓ Found at: https://lawphil.net/judjuris/juri2019/aug2019/gr_238191_2019.html
2025-12-05 19:20:33,858 - INFO -   ✓ Saved: RESTRUCTURED_DB/2019/august/238191.json
2025-12-05 19:20:34,359 - INFO - 
Batch 1 complete:
2025-12-05 19:20:34,359 - INFO -   Successful: 91
2025-12-05 19:20:34,359 - INFO -   Failed: 8
2025-12-05 19:20:34,359 - INFO -   Skipped: 1
2025-12-05 19:20:34,359 - INFO - 
Overall progress: 100/520 cases
2025-12-05 19:20:34,359 - INFO - 
================================================================================
2025-12-05 19:20:34,359 - INFO - BATCH 2/6 (100 cases)
2025-12-05 19:20:34,359 - INFO - ================================================================================
2025-12-05 19:20:34,359 - INFO - Scraping G.R. No. 211810 (2019): Mila B. Recamara vs. Republic of the Philippines...
2025-12-05 19:20:34,607 - INFO -   ✓ Found at: https://lawphil.net/judjuris/juri2019/aug2019/gr_211810_2019.html
2025-12-05 19:20:34,609 - INFO -   ✓ Saved: RESTRUCTURED_DB/2019/august/211810.json
2025-12-05 19:20:35,109 - INFO - Scraping G.R. No. 242830 (2019): People of the Philippines vs. Allan Nievera...
2025-12-05 19:20:35,596 - INFO -   ✓ Found at: https://lawphil.net/judjuris/juri2019/aug2019/gr_242830_2019.html
2025-12-05 19:20:35,601 - INFO -   ✓ Saved: RESTRUCTURED_DB/2019/august/242830.json
2025-12-05 19:20:36,101 - INFO - Scraping G.R. No. 225433 (2019): Laras Gifts & Decors, Inc. vs. Midtown Industrial...
2025-12-05 19:20:36,796 - INFO -   ✓ Found at: https://lawphil.net/judjuris/juri2019/aug2019/gr_225433_2019.html
2025-12-05 19:20:36,799 - INFO -   ✓ Saved: RESTRUCTURED_DB/2019/august/225433.json
2025-12-05 19:20:37,299 - INFO - Scraping G.R. No. 225325 (2019): People of the Philippines vs. Isidro Ramos y Bondo...
2025-12-05 19:20:37,990 - INFO -   ✓ Found at: https://lawphil.net/judjuris/juri2019/aug2019/gr_225325_2019.html
2025-12-05 19:20:37,991 - INFO -   ✓ Saved: RESTRUCTURED_DB/2019/august/225325.json
2025-12-05 19:20:38,492 - INFO - Scraping G.R. No. 222233 (2019): Skyway O & M Corporation vs. Wilfredo M. Reinante...
2025-12-05 19:20:38,804 - INFO -   ✓ Found at: https://lawphil.net/judjuris/juri2019/aug2019/gr_222233_2019.html
2025-12-05 19:20:38,806 - INFO -   ✓ Saved: RESTRUCTURED_DB/2019/august/222233.json
2025-12-05 19:20:39,306 - INFO - Scraping G.R. No. 201176 (2019): Estrella Abid-Babano vs. Executive SecretarySepara...
2025-12-05 19:20:39,704 - INFO -   ✓ Found at: https://lawphil.net/judjuris/juri2019/aug2019/gr_201176_2019.html
2025-12-05 19:20:39,705 - INFO -   ✓ Saved: RESTRUCTURED_DB/2019/august/201176.json
2025-12-05 19:20:40,206 - INFO - Scraping G.R. No. 241012 (2019): People of the Philippines vs. Cromwell Torres y Pa...
2025-12-05 19:20:40,691 - INFO -   ✓ Found at: https://lawphil.net/judjuris/juri2019/aug2019/gr_241012_2019.html
2025-12-05 19:20:40,692 - INFO -   ✓ Saved: RESTRUCTURED_DB/2019/august/241012.json
2025-12-05 19:20:41,192 - INFO - Scraping G.R. No. 200021 (2019): Jason Alvares Paran vs. Erlinda Manguiat and the O...
2025-12-05 19:20:49,594 - WARNING -   ✗ Not found for G.R. No. 200021
2025-12-05 19:20:50,095 - INFO - Scraping G.R. No. 228231 (2019): Prudencio Clemente, Jr. vs. Eso-Nice Transport Cor...
2025-12-05 19:20:50,568 - INFO -   ✓ Found at: https://lawphil.net/judjuris/juri2019/aug2019/gr_228231_2019.html
2025-12-05 19:20:50,569 - INFO -   ✓ Saved: RESTRUCTURED_DB/2019/august/228231.json
2025-12-05 19:20:51,070 - INFO - Scraping G.R. No. 229658 (2019): The People of the Philippines vs. Elmar Santos y D...
2025-12-05 19:20:51,401 - INFO -   ✓ Found at: https://lawphil.net/judjuris/juri2019/aug2019/gr_229658_2019.html
2025-12-05 19:20:51,403 - INFO -   ✓ Saved: RESTRUCTURED_DB/2019/august/229658.json
2025-12-05 19:20:51,903 - INFO - Scraping G.R. No. 232823 (2019): Spouses Nelson A. Padilla & Clarita E. Padilla vs....
2025-12-05 19:20:52,241 - INFO -   ✓ Found at: https://lawphil.net/judjuris/juri2019/aug2019/gr_232823_2019.html
2025-12-05 19:20:52,242 - INFO -   ✓ Saved: RESTRUCTURED_DB/2019/august/232823.json
2025-12-05 19:20:52,743 - INFO - Scraping G.R. No. 227268 (2019): Office of the Ombudsman vs. Psupt. Raul D. Petrasa...
2025-12-05 19:20:53,344 - INFO -   ✓ Found at: https://lawphil.net/judjuris/juri2019/aug2019/gr_227268_2019.html
2025-12-05 19:20:53,346 - INFO -   ✓ Saved: RESTRUCTURED_DB/2019/august/227268.json
2025-12-05 19:20:53,846 - INFO - Scraping G.R. No. 242875 (2019): Augorio A. Dela Rosa vs. ABS-CBN Corporation...
2025-12-05 19:20:54,179 - INFO -   ✓ Found at: https://lawphil.net/judjuris/juri2019/aug2019/gr_242875_2019.html
2025-12-05 19:20:54,181 - INFO -   ✓ Saved: RESTRUCTURED_DB/2019/august/242875.json
2025-12-05 19:20:54,681 - INFO - Scraping G.R. No. 212143 (2019): Philippine Charity Sweepstakes Office (PCSO), et a...
2025-12-05 19:20:54,933 - INFO -   ✓ Found at: https://lawphil.net/judjuris/juri2019/aug2019/gr_212143_2019.html
2025-12-05 19:20:54,938 - INFO -   ✓ Saved: RESTRUCTURED_DB/2019/august/212143.json
2025-12-05 19:20:55,439 - INFO - Scraping G.R. No. 220262 (2019): Isla LPG Corporation vs. Leyte Development Company...
2025-12-05 19:20:55,756 - INFO -   ✓ Found at: https://lawphil.net/judjuris/juri2019/aug2019/gr_220262_2019.html
2025-12-05 19:20:55,758 - INFO -   ✓ Saved: RESTRUCTURED_DB/2019/august/220262.json
2025-12-05 19:20:56,258 - INFO - Scraping G.R. No. 200344 (2019): Glenn M. Miller, substituted by his surviving lega...
2025-12-05 19:20:56,730 - INFO -   ✓ Found at: https://lawphil.net/judjuris/juri2019/aug2019/gr_200344_2019.html
2025-12-05 19:20:56,731 - INFO -   ✓ Saved: RESTRUCTURED_DB/2019/august/200344.json
2025-12-05 19:20:57,231 - INFO - Scraping G.R. No. 224648 (2019): Psupt. Henry Ylarde Duque vs. Hon. Ombudsman and F...
2025-12-05 19:20:57,663 - INFO -   ✓ Found at: https://lawphil.net/judjuris/juri2019/aug2019/gr_224648_2019.html
2025-12-05 19:20:57,665 - INFO -   ✓ Saved: RESTRUCTURED_DB/2019/august/224648.json
2025-12-05 19:20:58,165 - INFO - Scraping G.R. No. 247777 (2019): Narzal R. Muñez and Rogelio Lalucan vs. the People...
2025-12-05 19:20:58,455 - INFO -   ✓ Found at: https://lawphil.net/judjuris/juri2019/aug2019/gr_247777_2019.html
2025-12-05 19:20:58,456 - INFO -   ✓ Saved: RESTRUCTURED_DB/2019/august/247777.json
2025-12-05 19:20:58,956 - INFO - Scraping G.R. No. 243288 (2019): Dr. Ruben C. Bartolome vs. Republic of the Philipp...
2025-12-05 19:20:59,275 - INFO -   ✓ Found at: https://lawphil.net/judjuris/juri2019/aug2019/gr_243288_2019.html
2025-12-05 19:20:59,277 - INFO -   ✓ Saved: RESTRUCTURED_DB/2019/august/243288.json
2025-12-05 19:20:59,777 - INFO - Scraping G.R. No. 212840 (2019): Paz Mandin-Trotin vs. Francisco A. Bongo, et al....
2025-12-05 19:21:00,242 - INFO -   ✓ Found at: https://lawphil.net/judjuris/juri2019/aug2019/gr_212840_2019.html
2025-12-05 19:21:00,245 - INFO -   ✓ Saved: RESTRUCTURED_DB/2019/august/212840.json
2025-12-05 19:21:00,745 - INFO - Scraping G.R. No. 212022 (2019): Philippine Institute for Development Studies vs. C...
2025-12-05 19:21:01,000 - INFO -   ✓ Found at: https://lawphil.net/judjuris/juri2019/aug2019/gr_212022_2019.html
2025-12-05 19:21:01,003 - INFO -   ✓ Saved: RESTRUCTURED_DB/2019/august/212022.json
2025-12-05 19:21:01,503 - INFO - Scraping G.R. No. 243940 (2019): People of the Philippines vs. Alfredo Doctolero, J...
2025-12-05 19:21:01,759 - INFO -   ✓ Found at: https://lawphil.net/judjuris/juri2019/aug2019/gr_243940_2019.html
2025-12-05 19:21:01,760 - INFO -   ✓ Saved: RESTRUCTURED_DB/2019/august/243940.json
2025-12-05 19:21:02,260 - INFO - Scraping G.R. No. 227222 (2019): Virgilio P. Villalongha, et al. vs. Court of Appea...
2025-12-05 19:21:02,540 - INFO -   ✓ Found at: https://lawphil.net/judjuris/juri2019/aug2019/gr_227222_2019.html
2025-12-05 19:21:02,541 - INFO -   ✓ Saved: RESTRUCTURED_DB/2019/august/227222.json
2025-12-05 19:21:03,042 - INFO - Scraping G.R. No. 211999 (2019): Ricardo E. Rotoras vs. Commission on Audit...
2025-12-05 19:21:03,731 - INFO -   ✓ Found at: https://lawphil.net/judjuris/juri2019/aug2019/gr_211999_2019.html
2025-12-05 19:21:03,733 - INFO -   ✓ Saved: RESTRUCTURED_DB/2019/august/211999.json
2025-12-05 19:21:04,234 - INFO - Scraping G.R. No. 231787 (2019): People of the Philippines vs. Rodel Velasco y Luzo...
2025-12-05 19:21:04,795 - INFO -   ✓ Found at: https://lawphil.net/judjuris/juri2019/aug2019/gr_231787_2019.html
2025-12-05 19:21:04,797 - INFO -   ✓ Saved: RESTRUCTURED_DB/2019/august/231787.json
2025-12-05 19:21:05,297 - INFO - Scraping G.R. No. 229720 (2019): People of the Philippines vs. Melvin Dungo y Ocamp...
2025-12-05 19:21:05,657 - INFO -   ✓ Found at: https://lawphil.net/judjuris/juri2019/aug2019/gr_229720_2019.html
2025-12-05 19:21:05,659 - INFO -   ✓ Saved: RESTRUCTURED_DB/2019/august/229720.json
2025-12-05 19:21:06,159 - INFO - Scraping G.R. No. 228884 (2019): People of the Philippines vs. Quirino Bumanglag y ...
2025-12-05 19:21:06,457 - INFO -   ✓ Found at: https://lawphil.net/judjuris/juri2019/aug2019/gr_228884_2019.html
2025-12-05 19:21:06,459 - INFO -   ✓ Saved: RESTRUCTURED_DB/2019/august/228884.json
2025-12-05 19:21:06,959 - INFO - Scraping G.R. No. 234035 (2019): People of the Philippines vs. Crispin Mamuyac, Jr....
2025-12-05 19:21:07,625 - INFO -   ✓ Found at: https://lawphil.net/judjuris/juri2019/aug2019/gr_234035_2019.html
2025-12-05 19:21:07,627 - INFO -   ✓ Saved: RESTRUCTURED_DB/2019/august/234035.json
2025-12-05 19:21:08,127 - INFO - Scraping G.R. No. 226385 (2019): Celso S. Mangubat, Jr. vs. Dalisay Shipping Corpor...
2025-12-05 19:21:08,410 - INFO -   ✓ Found at: https://lawphil.net/judjuris/juri2019/aug2019/gr_226385_2019.html
2025-12-05 19:21:08,411 - INFO -   ✓ Saved: RESTRUCTURED_DB/2019/august/226385.json
2025-12-05 19:21:08,911 - INFO - Scraping G.R. No. 238613 (2019): People of the Philippines vs. Jeffrey Victoria y T...
2025-12-05 19:21:09,286 - INFO -   ✓ Found at: https://lawphil.net/judjuris/juri2019/aug2019/gr_238613_2019.html
2025-12-05 19:21:09,287 - INFO -   ✓ Saved: RESTRUCTURED_DB/2019/august/238613.json
2025-12-05 19:21:09,787 - INFO - Scraping G.R. No. 230204 (2019): Barrio Balagbag of Pasay City Neighborhood Associa...
2025-12-05 19:21:10,571 - INFO -   ✓ Found at: https://lawphil.net/judjuris/juri2019/aug2019/gr_230204_2019.html
2025-12-05 19:21:10,572 - INFO -   ✓ Saved: RESTRUCTURED_DB/2019/august/230204.json
2025-12-05 19:21:11,072 - INFO - Scraping G.R. No. 237977 (2019): People of the Philippines vs. Nomer Wisco y Failan...
2025-12-05 19:21:11,766 - INFO -   ✓ Found at: https://lawphil.net/judjuris/juri2019/aug2019/gr_237977_2019.html
2025-12-05 19:21:11,771 - INFO -   ✓ Saved: RESTRUCTURED_DB/2019/august/237977.json
2025-12-05 19:21:12,271 - INFO - Scraping G.R. No. 231345 (2019): Office of the Ombudsman vs. Melchor J. Chipoco and...
2025-12-05 19:21:12,570 - INFO -   ✓ Found at: https://lawphil.net/judjuris/juri2019/aug2019/gr_231345_2019.html
2025-12-05 19:21:12,574 - INFO -   ✓ Saved: RESTRUCTURED_DB/2019/august/231345.json
2025-12-05 19:21:13,077 - INFO - Scraping G.R. No. 230334 (2019): The People of the Philippines vs. XXX...
2025-12-05 19:21:13,962 - INFO -   ✓ Found at: https://lawphil.net/judjuris/juri2019/aug2019/gr_230334_2019.html
2025-12-05 19:21:13,964 - INFO -   ✓ Saved: RESTRUCTURED_DB/2019/august/230334.json
2025-12-05 19:21:14,464 - INFO - Scraping G.R. No. 229656 (2019): People of the Philippines vs. Hon. Sandiganbayan, ...
2025-12-05 19:21:14,736 - INFO -   ✓ Found at: https://lawphil.net/judjuris/juri2019/aug2019/gr_229656_2019.html
2025-12-05 19:21:14,738 - INFO -   ✓ Saved: RESTRUCTURED_DB/2019/august/229656.json
2025-12-05 19:21:15,239 - INFO - Scraping G.R. No. 241445 (2019): Rey Ben P. Madrio vs. Atlas Fertilizer Corporation...
2025-12-05 19:21:15,505 - INFO -   ✓ Found at: https://lawphil.net/judjuris/juri2019/aug2019/gr_241445_2019.html
2025-12-05 19:21:15,506 - INFO -   ✓ Saved: RESTRUCTURED_DB/2019/august/241445.json
