nohup: ignoring input
2025-12-05 19:17:54,779 - INFO - Loading missing cases list...
2025-12-05 19:17:54,793 - INFO - ================================================================================
2025-12-05 19:17:54,794 - INFO - LAWPHIL BATCH SCRAPER
2025-12-05 19:17:54,794 - INFO - ================================================================================
2025-12-05 19:17:54,794 - INFO - Database path: RESTRUCTURED_DB
2025-12-05 19:17:54,794 - INFO - Cases to scrape: 777
2025-12-05 19:17:54,794 - INFO - Year range: 2011-2011
2025-12-05 19:17:54,794 - INFO - Batch size: 100
2025-12-05 19:17:54,794 - INFO - ================================================================================
2025-12-05 19:17:54,794 - INFO - 
================================================================================
2025-12-05 19:17:54,794 - INFO - BATCH 1/8 (100 cases)
2025-12-05 19:17:54,794 - INFO - ================================================================================
2025-12-05 19:17:54,794 - INFO - Scraping G.R. No. 201147 (2011): People of the Philippines vs. Freddie SernadillaCo...
2025-12-05 19:18:03,847 - WARNING -   ✗ Not found for G.R. No. 201147
2025-12-05 19:18:04,347 - INFO - Scraping G.R. No. 201116 (2011): Philam Insurance Co., Inc. now Chartis Philippines...
2025-12-05 19:18:12,522 - WARNING -   ✗ Not found for G.R. No. 201116
2025-12-05 19:18:13,023 - INFO - Scraping G.R. No. 201225 (2011): Team Sual Corporation vs. Commissioner of Internal...
2025-12-05 19:18:21,592 - WARNING -   ✗ Not found for G.R. No. 201225
2025-12-05 19:18:22,093 - INFO - Scraping G.R. No. 172624 (2011): Pablo Polsotin, Jr. et al. vs. De Guia Enterprises...
2025-12-05 19:18:22,456 - INFO -   ✓ Found at: https://lawphil.net/judjuris/juri2011/dec2011/gr_172624_2011.html
2025-12-05 19:18:22,459 - INFO -   ✓ Saved: RESTRUCTURED_DB/2011/december/172624.json
2025-12-05 19:18:22,959 - INFO - Scraping G.R. No. 181961 (2011): LVM Construction Corporation, represented by its M...
2025-12-05 19:18:23,207 - INFO -   ✓ Found at: https://lawphil.net/judjuris/juri2011/dec2011/gr_181961_2011.html
2025-12-05 19:18:23,209 - INFO -   ✓ Saved: RESTRUCTURED_DB/2011/december/181961.json
2025-12-05 19:18:23,709 - INFO - Scraping G.R. No. 181704 (2011): Bureau of Customs Employees Association (BOCEA) vs...
2025-12-05 19:18:24,180 - INFO -   ✓ Found at: https://lawphil.net/judjuris/juri2011/dec2011/gr_181704_2011.html
2025-12-05 19:18:24,182 - INFO -   ✓ Saved: RESTRUCTURED_DB/2011/december/181704.json
2025-12-05 19:18:24,683 - INFO - Scraping G.R. No. 167807 (2011): Manolito Agra, et al. vs. Commission on Audit...
2025-12-05 19:18:24,926 - INFO -   ✓ Found at: https://lawphil.net/judjuris/juri2011/dec2011/gr_167807_2011.html
2025-12-05 19:18:24,928 - INFO -   ✓ Saved: RESTRUCTURED_DB/2011/december/167807.json
2025-12-05 19:18:25,429 - INFO - Scraping G.R. No. 174193 (2011): Sameul Julian, represented by his attorney-in-fact...
2025-12-05 19:18:25,892 - INFO -   ✓ Found at: https://lawphil.net/judjuris/juri2011/dec2011/gr_174193_2011.html
2025-12-05 19:18:25,894 - INFO -   ✓ Saved: RESTRUCTURED_DB/2011/december/174193.json
2025-12-05 19:18:26,395 - INFO - Scraping G.R. No. 194128 (2011): Westmont Investment Corporation vs. Amos P. Franci...
2025-12-05 19:18:26,768 - INFO -   ✓ Found at: https://lawphil.net/judjuris/juri2011/dec2011/gr_194128_2011.html
2025-12-05 19:18:26,769 - INFO -   ✓ Saved: RESTRUCTURED_DB/2011/december/194128.json
2025-12-05 19:18:27,269 - INFO - Scraping G.R. No. 172666 (2011): PICOP Resources, Incorporated (PRI) vs. Ricardo De...
2025-12-05 19:18:27,519 - INFO -   ✓ Found at: https://lawphil.net/judjuris/juri2011/dec2011/gr_172666_2011.html
2025-12-05 19:18:27,521 - INFO -   ✓ Saved: RESTRUCTURED_DB/2011/december/172666.json
2025-12-05 19:18:28,021 - INFO - Scraping G.R. No. 171146 (2011): Rodolfo Morla vs. Corazon Nisperos Belmonte, et al...
2025-12-05 19:18:28,485 - INFO -   ✓ Found at: https://lawphil.net/judjuris/juri2011/dec2011/gr_171146_2011.html
2025-12-05 19:18:28,487 - INFO -   ✓ Saved: RESTRUCTURED_DB/2011/december/171146.json
2025-12-05 19:18:28,988 - INFO - Scraping G.R. No. 175816 (2011): BPI Family Savings Bank, Inc. vs. Ma. Arlyn T. Ave...
2025-12-05 19:18:29,598 - INFO -   ✓ Found at: https://lawphil.net/judjuris/juri2011/dec2011/gr_175816_2011.html
2025-12-05 19:18:29,600 - INFO -   ✓ Saved: RESTRUCTURED_DB/2011/december/175816.json
2025-12-05 19:18:30,100 - INFO - Scraping G.R. No. 167002 (2011): Victor R. Reyes, substituted by his heirs Claribel...
2025-12-05 19:18:30,906 - INFO -   ✓ Found at: https://lawphil.net/judjuris/juri2011/dec2011/gr_167002_2011.html
2025-12-05 19:18:30,908 - INFO -   ✓ Saved: RESTRUCTURED_DB/2011/december/167002.json
2025-12-05 19:18:31,408 - INFO - Scraping G.R. No. 171993 (2011): March II Marketing, Inc. and Lucila V. Joson vs. A...
2025-12-05 19:18:31,871 - INFO -   ✓ Found at: https://lawphil.net/judjuris/juri2011/dec2011/gr_171993_2011.html
2025-12-05 19:18:31,874 - INFO -   ✓ Saved: RESTRUCTURED_DB/2011/december/171993.json
2025-12-05 19:18:32,374 - INFO - Scraping G.R. No. 165769 (2011): Edito Pagadora vs. Julieta S. Llao...
2025-12-05 19:18:32,671 - INFO -   ✓ Found at: https://lawphil.net/judjuris/juri2011/dec2011/gr_165769_2011.html
2025-12-05 19:18:32,673 - INFO -   ✓ Saved: RESTRUCTURED_DB/2011/december/165769.json
2025-12-05 19:18:33,173 - INFO - Scraping G.R. No. 182748 (2011): Arnel Colinares vs. People of the Philippines...
2025-12-05 19:18:33,641 - INFO -   ✓ Found at: https://lawphil.net/judjuris/juri2011/dec2011/gr_182748_2011.html
2025-12-05 19:18:33,643 - INFO -   ✓ Saved: RESTRUCTURED_DB/2011/december/182748.json
2025-12-05 19:18:34,143 - INFO - Scraping G.R. No. 185668 (2011): Philippine Amusement & Gaming Corporation vs. Cour...
2025-12-05 19:18:34,879 - INFO -   ✓ Found at: https://lawphil.net/judjuris/juri2011/dec2011/gr_185668_2011.html
2025-12-05 19:18:34,880 - INFO -   ✓ Saved: RESTRUCTURED_DB/2011/december/185668.json
2025-12-05 19:18:35,380 - INFO - Scraping G.R. No. 193531 (2011): Ellery March G. Torres vs. Philippine Amusement an...
2025-12-05 19:18:35,846 - INFO -   ✓ Found at: https://lawphil.net/judjuris/juri2011/dec2011/gr_193531_2011.html
2025-12-05 19:18:35,847 - INFO -   ✓ Saved: RESTRUCTURED_DB/2011/december/193531.json
2025-12-05 19:18:36,348 - INFO - Scraping G.R. No. 177751 (2011): People of the Philippines vs. Florencio Agacer, et...
2025-12-05 19:18:36,821 - INFO -   ✓ Found at: https://lawphil.net/judjuris/juri2011/dec2011/gr_177751_2011.html
2025-12-05 19:18:36,823 - INFO -   ✓ Saved: RESTRUCTURED_DB/2011/december/177751.json
2025-12-05 19:18:37,323 - INFO - Scraping G.R. No. 185620 (2011): Ruben C. Reyes vs. Tang Soat Ing (Joanna Tang) and...
2025-12-05 19:18:38,067 - INFO -   ✓ Found at: https://lawphil.net/judjuris/juri2011/dec2011/gr_185620_2011.html
2025-12-05 19:18:38,069 - INFO -   ✓ Saved: RESTRUCTURED_DB/2011/december/185620.json
2025-12-05 19:18:38,569 - INFO - Scraping G.R. No. 196063 (2011): Orlando A. Rayos, et al. vs. the City of Manila...
2025-12-05 19:18:38,868 - INFO -   ✓ Found at: https://lawphil.net/judjuris/juri2011/dec2011/gr_196063_2011.html
2025-12-05 19:18:38,869 - INFO -   ✓ Saved: RESTRUCTURED_DB/2011/december/196063.json
2025-12-05 19:18:39,369 - INFO - Scraping G.R. No. 196685 (2011): Goodland Company, Inc. vs. Abraham Co and Christin...
2025-12-05 19:18:39,630 - INFO -   ✓ Found at: https://lawphil.net/judjuris/juri2011/dec2011/gr_196685_2011.html
2025-12-05 19:18:39,631 - INFO -   ✓ Saved: RESTRUCTURED_DB/2011/december/196685.json
2025-12-05 19:18:40,131 - INFO - Scraping G.R. No. 186530 (2011): People of the Philippines vs. Nelly Ulama y Arrism...
2025-12-05 19:18:40,614 - INFO -   ✓ Found at: https://lawphil.net/judjuris/juri2011/dec2011/gr_186530_2011.html
2025-12-05 19:18:40,615 - INFO -   ✓ Saved: RESTRUCTURED_DB/2011/december/186530.json
2025-12-05 19:18:41,116 - INFO - Scraping G.R. No. 175444 (2011): Jaime Abalos and Spouses Felix Salazar and Consuel...
2025-12-05 19:18:41,361 - INFO -   ✓ Found at: https://lawphil.net/judjuris/juri2011/dec2011/gr_175444_2011.html
2025-12-05 19:18:41,362 - INFO -   ✓ Saved: RESTRUCTURED_DB/2011/december/175444.json
2025-12-05 19:18:41,862 - INFO - Scraping G.R. No. 191491 (2011): Jebsens Maritime Inc., represented by Ms. Arlene A...
2025-12-05 19:18:42,217 - INFO -   ✓ Found at: https://lawphil.net/judjuris/juri2011/dec2011/gr_191491_2011.html
2025-12-05 19:18:42,218 - INFO -   ✓ Saved: RESTRUCTURED_DB/2011/december/191491.json
2025-12-05 19:18:42,719 - INFO - Scraping G.R. No. 188376 (2011): Land Bank of the Philippines vs. Federico Suntay, ...
2025-12-05 19:18:43,613 - INFO -   ✓ Found at: https://lawphil.net/judjuris/juri2011/dec2011/gr_188376_2011.html
2025-12-05 19:18:43,617 - INFO -   ✓ Saved: RESTRUCTURED_DB/2011/december/188376.json
2025-12-05 19:18:44,117 - INFO - Scraping G.R. No. 172553 (2011): Office of the Deputy Ombudsman for Luzon, et al. v...
2025-12-05 19:18:44,498 - INFO -   ✓ Found at: https://lawphil.net/judjuris/juri2011/dec2011/gr_172553_2011.html
2025-12-05 19:18:44,499 - INFO -   ✓ Saved: RESTRUCTURED_DB/2011/december/172553.json
2025-12-05 19:18:44,999 - INFO - Scraping G.R. No. 178218 (2011): Ramona Ramos, et al. vs. Philippine National Bank,...
2025-12-05 19:18:45,285 - INFO -   ✓ Found at: https://lawphil.net/judjuris/juri2011/dec2011/gr_178218_2011.html
2025-12-05 19:18:45,287 - INFO -   ✓ Saved: RESTRUCTURED_DB/2011/december/178218.json
2025-12-05 19:18:45,787 - INFO - Scraping G.R. No. 183563 (2011): People of the Philippines vs. Henry Arpon...
2025-12-05 19:18:46,409 - INFO -   ✓ Found at: https://lawphil.net/judjuris/juri2011/dec2011/gr_183563_2011.html
2025-12-05 19:18:46,411 - INFO -   ✓ Saved: RESTRUCTURED_DB/2011/december/183563.json
2025-12-05 19:18:46,912 - INFO - Scraping G.R. No. 186131 (2011): People of the Philippines vs. Benjamin Amansec y D...
2025-12-05 19:18:47,693 - INFO -   ✓ Found at: https://lawphil.net/judjuris/juri2011/dec2011/gr_186131_2011.html
2025-12-05 19:18:47,695 - INFO -   ✓ Saved: RESTRUCTURED_DB/2011/december/186131.json
2025-12-05 19:18:48,195 - INFO - Scraping G.R. No. 161718 (2011): Manila International Airport Authority vs. Ding Ve...
2025-12-05 19:18:48,560 - INFO -   ✓ Found at: https://lawphil.net/judjuris/juri2011/dec2011/gr_161718_2011.html
2025-12-05 19:18:48,562 - INFO -   ✓ Saved: RESTRUCTURED_DB/2011/december/161718.json
2025-12-05 19:18:49,062 - INFO - Scraping G.R. No. 183915 (2011): Ma. Joy Teresa O. Bilbao vs. Saudi Arabia Airlines...
2025-12-05 19:18:49,309 - INFO -   ✓ Found at: https://lawphil.net/judjuris/juri2011/dec2011/gr_183915_2011.html
2025-12-05 19:18:49,310 - INFO -   ✓ Saved: RESTRUCTURED_DB/2011/december/183915.json
2025-12-05 19:18:49,811 - INFO - Scraping G.R. No. 188381 (2011): Baguio Trinity Developers, Inc., herein represente...
2025-12-05 19:18:50,276 - INFO -   ✓ Found at: https://lawphil.net/judjuris/juri2011/dec2011/gr_188381_2011.html
2025-12-05 19:18:50,277 - INFO -   ✓ Saved: RESTRUCTURED_DB/2011/december/188381.json
2025-12-05 19:18:50,777 - INFO - Scraping G.R. No. 152375 (2011): Republic of the Philippines vs. Sandiganbayan (Fou...
2025-12-05 19:18:51,900 - INFO -   ✓ Found at: https://lawphil.net/judjuris/juri2011/dec2011/gr_152375_2011.html
2025-12-05 19:18:51,910 - INFO -   ✓ Saved: RESTRUCTURED_DB/2011/december/152375.json
2025-12-05 19:18:52,410 - INFO - Scraping G.R. No. 165338 (2011): Makilito B. Mahinay vs. Ireneo Lee Gako, Jr. & Joc...
2025-12-05 19:18:52,941 - INFO -   ✓ Found at: https://lawphil.net/judjuris/juri2011/nov2011/gr_165338_2011.html
2025-12-05 19:18:52,943 - INFO -   ✓ Saved: RESTRUCTURED_DB/2011/november/165338.json
2025-12-05 19:18:53,443 - INFO - Scraping G.R. No. 174143 (2011): Spouses Ricardo Hipolito, Jr. and Liza Hipolito vs...
2025-12-05 19:18:53,870 - INFO -   ✓ Found at: https://lawphil.net/judjuris/juri2011/nov2011/gr_174143_2011.html
2025-12-05 19:18:53,871 - INFO -   ✓ Saved: RESTRUCTURED_DB/2011/november/174143.json
2025-12-05 19:18:54,372 - INFO - Scraping G.R. No. 181204 (2011): People of the Philippines vs. Edgar Concillado...
2025-12-05 19:18:54,626 - INFO -   ✓ Found at: https://lawphil.net/judjuris/juri2011/nov2011/gr_181204_2011.html
2025-12-05 19:18:54,628 - INFO -   ✓ Saved: RESTRUCTURED_DB/2011/november/181204.json
2025-12-05 19:18:55,128 - INFO - Scraping G.R. No. 170757 (2011): Pacifio M. Valiao, et al. vs. Republic of the Phil...
2025-12-05 19:18:55,591 - INFO -   ✓ Found at: https://lawphil.net/judjuris/juri2011/nov2011/gr_170757_2011.html
2025-12-05 19:18:55,593 - INFO -   ✓ Saved: RESTRUCTURED_DB/2011/november/170757.json
2025-12-05 19:18:56,093 - INFO - Scraping G.R. No. 182412 (2011): People of the Philippines vs. Jojo Dela Paz y Tabo...
2025-12-05 19:18:56,347 - INFO -   ✓ Found at: https://lawphil.net/judjuris/juri2011/nov2011/gr_182412_2011.html
2025-12-05 19:18:56,348 - INFO -   ✓ Saved: RESTRUCTURED_DB/2011/november/182412.json
2025-12-05 19:18:56,849 - INFO - Scraping G.R. No. 188169 (2011): Nina Jewelry Manufacturing of Metal Arts, Inc., et...
2025-12-05 19:18:57,250 - INFO -   ✓ Found at: https://lawphil.net/judjuris/juri2011/nov2011/gr_188169_2011.html
2025-12-05 19:18:57,252 - INFO -   ✓ Saved: RESTRUCTURED_DB/2011/november/188169.json
2025-12-05 19:18:57,753 - INFO - Scraping G.R. No. 192828 (2011): Ramon S. Ching, et al. vs. Hon. Jansen R. Rodrigue...
2025-12-05 19:18:58,257 - INFO -   ✓ Found at: https://lawphil.net/judjuris/juri2011/nov2011/gr_192828_2011.html
2025-12-05 19:18:58,258 - INFO -   ✓ Saved: RESTRUCTURED_DB/2011/november/192828.json
2025-12-05 19:18:58,759 - INFO - Scraping G.R. No. 164470 (2011): Viola Cahilig and Antonio G. Sinel, Jr. vs. Hon. E...
2025-12-05 19:18:59,296 - INFO -   ✓ Found at: https://lawphil.net/judjuris/juri2011/nov2011/gr_164470_2011.html
2025-12-05 19:18:59,298 - INFO -   ✓ Saved: RESTRUCTURED_DB/2011/november/164470.json
2025-12-05 19:18:59,798 - INFO - Scraping G.R. No. 175799 (2011): NM Rothschild and Sons (Australia) Limited vs. Lep...
2025-12-05 19:19:00,093 - INFO -   ✓ Found at: https://lawphil.net/judjuris/juri2011/nov2011/gr_175799_2011.html
2025-12-05 19:19:00,095 - INFO -   ✓ Saved: RESTRUCTURED_DB/2011/november/175799.json
2025-12-05 19:19:00,595 - INFO - Scraping G.R. No. 179323 (2011): Vicente Manzano, Jr. vs. Marcelino Garcia...
2025-12-05 19:19:01,057 - INFO -   ✓ Found at: https://lawphil.net/judjuris/juri2011/nov2011/gr_179323_2011.html
2025-12-05 19:19:01,058 - INFO -   ✓ Saved: RESTRUCTURED_DB/2011/november/179323.json
2025-12-05 19:19:01,559 - INFO - Scraping G.R. No. 191053 (2011): Mario B. Dimagan vs. Dacworks United Incorporated ...
2025-12-05 19:19:01,812 - INFO -   ✓ Found at: https://lawphil.net/judjuris/juri2011/nov2011/gr_191053_2011.html
2025-12-05 19:19:01,813 - INFO -   ✓ Saved: RESTRUCTURED_DB/2011/november/191053.json
2025-12-05 19:19:02,313 - INFO - Scraping G.R. No. 184315 (2011): Alfonso T. Yuchengco vs. the Manila Chronicle Publ...
2025-12-05 19:19:02,776 - INFO -   ✓ Found at: https://lawphil.net/judjuris/juri2011/nov2011/gr_184315_2011.html
2025-12-05 19:19:02,778 - INFO -   ✓ Saved: RESTRUCTURED_DB/2011/november/184315.json
2025-12-05 19:19:03,278 - INFO - Scraping G.R. No. 167140 (2011): Col. Francisco Dela Merced, substituted by his hei...
2025-12-05 19:19:03,750 - INFO -   ✓ Found at: https://lawphil.net/judjuris/juri2011/nov2011/gr_167140_2011.html
2025-12-05 19:19:03,752 - INFO -   ✓ Saved: RESTRUCTURED_DB/2011/november/167140.json
2025-12-05 19:19:04,252 - INFO - Scraping G.R. No. 178901 (2011): Government Service Insurance System vs. Manuel P. ...
2025-12-05 19:19:04,719 - INFO -   ✓ Found at: https://lawphil.net/judjuris/juri2011/nov2011/gr_178901_2011.html
2025-12-05 19:19:04,721 - INFO -   ✓ Saved: RESTRUCTURED_DB/2011/november/178901.json
2025-12-05 19:19:05,221 - INFO - Scraping G.R. No. 169757 (2011): Cesar C. Lirio, doing business under the name and ...
2025-12-05 19:19:05,463 - INFO -   ✓ Found at: https://lawphil.net/judjuris/juri2011/nov2011/gr_169757_2011.html
2025-12-05 19:19:05,464 - INFO -   ✓ Saved: RESTRUCTURED_DB/2011/november/169757.json
2025-12-05 19:19:05,965 - INFO - Scraping G.R. No. 171644 (2011): Delia D. Romero vs. People of the Philippines, Rom...
2025-12-05 19:19:06,496 - INFO -   ✓ Found at: https://lawphil.net/judjuris/juri2011/nov2011/gr_171644_2011.html
2025-12-05 19:19:06,501 - INFO -   ✓ Saved: RESTRUCTURED_DB/2011/november/171644.json
2025-12-05 19:19:07,001 - INFO - Scraping G.R. No. 192686 (2011): Fil-star Maritime Corporation, et al. vs. Hanziel ...
2025-12-05 19:19:07,472 - INFO -   ✓ Found at: https://lawphil.net/judjuris/juri2011/nov2011/gr_192686_2011.html
2025-12-05 19:19:07,474 - INFO -   ✓ Saved: RESTRUCTURED_DB/2011/november/192686.json
2025-12-05 19:19:07,974 - INFO - Scraping G.R. No. 164281 (2011): Jose Teofilo Marcado vs. Court of Appeals, et al./...
2025-12-05 19:19:16,189 - WARNING -   ✗ Not found for G.R. No. 164281
2025-12-05 19:19:16,690 - INFO - Scraping G.R. No. 157330 (2011): Lina Calilap-Asmeron vs. Development Bank of the P...
2025-12-05 19:19:17,237 - INFO -   ✓ Found at: https://lawphil.net/judjuris/juri2011/nov2011/gr_157330_2011.html
2025-12-05 19:19:17,239 - INFO -   ✓ Saved: RESTRUCTURED_DB/2011/november/157330.json
2025-12-05 19:19:17,739 - INFO - Scraping G.R. No. 157367 (2011): Luciano P. Paz vs. Republic of the Philippines, et...
2025-12-05 19:19:18,279 - INFO -   ✓ Found at: https://lawphil.net/judjuris/juri2011/nov2011/gr_157367_2011.html
2025-12-05 19:19:18,280 - INFO -   ✓ Saved: RESTRUCTURED_DB/2011/november/157367.json
2025-12-05 19:19:18,781 - INFO - Scraping G.R. No. 172606 (2011): People of the Philippines vs. Melanio Nugas y Mapa...
2025-12-05 19:19:19,496 - INFO -   ✓ Found at: https://lawphil.net/judjuris/juri2011/nov2011/gr_172606_2011.html
2025-12-05 19:19:19,497 - INFO -   ✓ Saved: RESTRUCTURED_DB/2011/november/172606.json
2025-12-05 19:19:19,997 - INFO - Scraping G.R. No. 180219 (2011): Virgilio Talampas y Matic vs. People of the Philip...
2025-12-05 19:19:20,450 - INFO -   ✓ Found at: https://lawphil.net/judjuris/juri2011/nov2011/gr_180219_2011.html
2025-12-05 19:19:20,452 - INFO -   ✓ Saved: RESTRUCTURED_DB/2011/november/180219.json
2025-12-05 19:19:20,952 - INFO - Scraping G.R. No. 184428 (2011): Commissioner of Internal Revenue vs. San Miguel Co...
2025-12-05 19:19:21,211 - INFO -   ✓ Found at: https://lawphil.net/judjuris/juri2011/nov2011/gr_184428_2011.html
2025-12-05 19:19:21,212 - INFO -   ✓ Saved: RESTRUCTURED_DB/2011/november/184428.json
2025-12-05 19:19:21,712 - INFO - Scraping G.R. No. 169440 (2011): Gemma Ong a.k.a. Ma. Theresa Gemma Catacutan vs. P...
2025-12-05 19:19:22,342 - INFO -   ✓ Found at: https://lawphil.net/judjuris/juri2011/nov2011/gr_169440_2011.html
2025-12-05 19:19:22,344 - INFO -   ✓ Saved: RESTRUCTURED_DB/2011/november/169440.json
2025-12-05 19:19:22,845 - INFO - Scraping G.R. No. 173485 (2011): People of the Philippines vs. Nenita Legaspi y Luc...
2025-12-05 19:19:23,263 - INFO -   ✓ Found at: https://lawphil.net/judjuris/juri2011/nov2011/gr_173485_2011.html
2025-12-05 19:19:23,264 - INFO -   ✓ Saved: RESTRUCTURED_DB/2011/november/173485.json
2025-12-05 19:19:23,764 - INFO - Scraping G.R. No. 184807 (2011): People of the Philippines vs. Edgar Cincillado...
2025-12-05 19:19:24,067 - INFO -   ✓ Found at: https://lawphil.net/judjuris/juri2011/nov2011/gr_184807_2011.html
2025-12-05 19:19:24,069 - INFO -   ✓ Saved: RESTRUCTURED_DB/2011/november/184807.json
2025-12-05 19:19:24,569 - INFO - Scraping G.R. No. 185844 (2011): People of the Philippines vs. Arnel Manjares...
2025-12-05 19:19:25,211 - INFO -   ✓ Found at: https://lawphil.net/judjuris/juri2011/nov2011/gr_185844_2011.html
2025-12-05 19:19:25,214 - INFO -   ✓ Saved: RESTRUCTURED_DB/2011/november/185844.json
2025-12-05 19:19:25,714 - INFO - Scraping G.R. No. 171101 (2011): Hacienda Luisita Incorporated vs. Presidential Agr...
2025-12-05 19:19:26,270 - INFO -   ✓ Found at: https://lawphil.net/judjuris/juri2011/nov2011/gr_171101_2011.html
2025-12-05 19:19:26,281 - INFO -   ✓ Saved: RESTRUCTURED_DB/2011/november/171101.json
2025-12-05 19:19:26,782 - INFO - Scraping G.R. No. 168317 (2011): Dup Sound Phils. and/or Manuel Tan vs. Court of Ap...
2025-12-05 19:19:27,023 - INFO -   ✓ Found at: https://lawphil.net/judjuris/juri2011/nov2011/gr_168317_2011.html
2025-12-05 19:19:27,025 - INFO -   ✓ Saved: RESTRUCTURED_DB/2011/november/168317.json
2025-12-05 19:19:27,525 - INFO - Scraping G.R. No. 191080 (2011): Fredrik Felix P. Nogales, et al. vs. People of the...
2025-12-05 19:19:27,775 - INFO -   ✓ Found at: https://lawphil.net/judjuris/juri2011/nov2011/gr_191080_2011.html
2025-12-05 19:19:27,777 - INFO -   ✓ Saved: RESTRUCTURED_DB/2011/november/191080.json
2025-12-05 19:19:28,277 - INFO - Scraping G.R. No. 193833 (2011): People of the Philippines vs. PO1 Froilan L. Trest...
2025-12-05 19:19:29,189 - INFO -   ✓ Found at: https://lawphil.net/judjuris/juri2011/nov2011/gr_193833_2011.html
2025-12-05 19:19:29,192 - INFO -   ✓ Saved: RESTRUCTURED_DB/2011/november/193833.json
2025-12-05 19:19:29,693 - INFO - Scraping G.R. No. 195167 (2011): Fernando Co., etc. vs. Lina B. Vargas...
2025-12-05 19:19:30,032 - INFO -   ✓ Found at: https://lawphil.net/judjuris/juri2011/nov2011/gr_195167_2011.html
2025-12-05 19:19:30,033 - INFO -   ✓ Saved: RESTRUCTURED_DB/2011/november/195167.json
2025-12-05 19:19:30,534 - INFO - Scraping G.R. No. 174179 (2011): Kaisahan at Kapatiran ng mga Manggagawa at Kawani ...
2025-12-05 19:19:30,999 - INFO -   ✓ Found at: https://lawphil.net/judjuris/juri2011/nov2011/gr_174179_2011.html
2025-12-05 19:19:31,001 - INFO -   ✓ Saved: RESTRUCTURED_DB/2011/november/174179.json
2025-12-05 19:19:31,501 - INFO - Scraping G.R. No. 176377 (2011): Functional, Inc. vs. Samuel C. Granfil...
2025-12-05 19:19:31,750 - INFO -   ✓ Found at: https://lawphil.net/judjuris/juri2011/nov2011/gr_176377_2011.html
2025-12-05 19:19:31,751 - INFO -   ✓ Saved: RESTRUCTURED_DB/2011/november/176377.json
2025-12-05 19:19:32,251 - INFO - Scraping G.R. No. 159564 (2011): Republic of the Philippines vs. Spouses Leon Guila...
2025-12-05 19:19:32,549 - INFO -   ✓ Found at: https://lawphil.net/judjuris/juri2011/nov2011/gr_159564_2011.html
2025-12-05 19:19:32,550 - INFO -   ✓ Saved: RESTRUCTURED_DB/2011/november/159564.json
2025-12-05 19:19:33,050 - INFO - Scraping G.R. No. 166847 (2011): Guillermo E. Cua vs. People of the Philippines...
2025-12-05 19:19:33,561 - INFO -   ✓ Found at: https://lawphil.net/judjuris/juri2011/nov2011/gr_166847_2011.html
2025-12-05 19:19:33,563 - INFO -   ✓ Saved: RESTRUCTURED_DB/2011/november/166847.json
2025-12-05 19:19:34,063 - INFO - Scraping G.R. No. 173628 (2011): Severino S. Capiral vs. Simeona Capiral Robles and...
2025-12-05 19:19:34,525 - INFO -   ✓ Found at: https://lawphil.net/judjuris/juri2011/nov2011/gr_173628_2011.html
2025-12-05 19:19:34,526 - INFO -   ✓ Saved: RESTRUCTURED_DB/2011/november/173628.json
2025-12-05 19:19:35,026 - INFO - Scraping G.R. No. 191448 (2011): Republic of the Philippines vs. Sps. Tan Song Bok...
2025-12-05 19:19:35,281 - INFO -   ✓ Found at: https://lawphil.net/judjuris/juri2011/nov2011/gr_191448_2011.html
2025-12-05 19:19:35,283 - INFO -   ✓ Saved: RESTRUCTURED_DB/2011/november/191448.json
2025-12-05 19:19:35,784 - INFO - Scraping G.R. No. 192881 (2011): Tamson's Enterprises, Inc., et al. vs. Court of Ap...
2025-12-05 19:19:36,133 - INFO -   ✓ Found at: https://lawphil.net/judjuris/juri2011/nov2011/gr_192881_2011.html
2025-12-05 19:19:36,134 - INFO -   ✓ Saved: RESTRUCTURED_DB/2011/november/192881.json
2025-12-05 19:19:36,634 - INFO - Scraping G.R. No. 193660 (2011): People of the Philippines vs. Avelino Subesa y Mos...
2025-12-05 19:19:37,233 - INFO -   ✓ Found at: https://lawphil.net/judjuris/juri2011/nov2011/gr_193660_2011.html
2025-12-05 19:19:37,234 - INFO -   ✓ Saved: RESTRUCTURED_DB/2011/november/193660.json
2025-12-05 19:19:37,734 - INFO - Scraping G.R. No. 185412 (2011): Gilbert Quizora vs. Denholm Crew Management (Phili...
2025-12-05 19:19:38,197 - INFO -   ✓ Found at: https://lawphil.net/judjuris/juri2011/nov2011/gr_185412_2011.html
2025-12-05 19:19:38,199 - INFO -   ✓ Saved: RESTRUCTURED_DB/2011/november/185412.json
2025-12-05 19:19:38,699 - INFO - Scraping G.R. No. 187409 (2011): People of the Philippines, Felix Florece, et al. v...
2025-12-05 19:19:38,945 - INFO -   ✓ Found at: https://lawphil.net/judjuris/juri2011/nov2011/gr_187409_2011.html
2025-12-05 19:19:38,946 - INFO -   ✓ Saved: RESTRUCTURED_DB/2011/november/187409.json
2025-12-05 19:19:39,447 - INFO - Scraping G.R. No. 192261 (2011): People of the Philippines vs. Garet Salcena y Vict...
2025-12-05 19:19:40,032 - INFO -   ✓ Found at: https://lawphil.net/judjuris/juri2011/nov2011/gr_192261_2011.html
2025-12-05 19:19:40,035 - INFO -   ✓ Saved: RESTRUCTURED_DB/2011/november/192261.json
2025-12-05 19:19:40,535 - INFO - Scraping G.R. No. 191805 (2011): In the Matter of the Petition for the Writ of Ampa...
2025-12-05 19:19:41,268 - INFO -   ✓ Found at: https://lawphil.net/judjuris/juri2011/nov2011/gr_191805_2011.html
2025-12-05 19:19:41,272 - INFO -   ✓ Saved: RESTRUCTURED_DB/2011/november/191805.json
2025-12-05 19:19:41,772 - INFO - Scraping G.R. No. 191017 (2011): Constancio F. Mendoza vs. Senen C. Familara & Comm...
2025-12-05 19:19:42,065 - INFO -   ✓ Found at: https://lawphil.net/judjuris/juri2011/nov2011/gr_191017_2011.html
2025-12-05 19:19:42,066 - INFO -   ✓ Saved: RESTRUCTURED_DB/2011/november/191017.json
2025-12-05 19:19:42,566 - INFO - Scraping G.R. No. 192926 (2011): Atty. Elias Omar A. Sana vs. Career Executive Seri...
2025-12-05 19:19:43,035 - INFO -   ✓ Found at: https://lawphil.net/judjuris/juri2011/nov2011/gr_192926_2011.html
2025-12-05 19:19:43,036 - INFO -   ✓ Saved: RESTRUCTURED_DB/2011/november/192926.json
2025-12-05 19:19:43,536 - INFO - Scraping G.R. No. 184808 (2011): People of the Philippines vs. Asmad Bara y Asmad...
2025-12-05 19:19:43,813 - INFO -   ✓ Found at: https://lawphil.net/judjuris/juri2011/nov2011/gr_184808_2011.html
2025-12-05 19:19:43,814 - INFO -   ✓ Saved: RESTRUCTURED_DB/2011/november/184808.json
2025-12-05 19:19:44,314 - INFO - Scraping G.R. No. 169157 (2011): Spouses Benjamin and Norma Garcia vs. Ester Garcia...
2025-12-05 19:19:44,567 - INFO -   ✓ Found at: https://lawphil.net/judjuris/juri2011/nov2011/gr_169157_2011.html
2025-12-05 19:19:44,569 - INFO -   ✓ Saved: RESTRUCTURED_DB/2011/november/169157.json
2025-12-05 19:19:45,069 - INFO - Scraping G.R. No. 183090 (2011): People of the Philippines vs. Bernabe Pangilinan y...
2025-12-05 19:19:45,770 - INFO -   ✓ Found at: https://lawphil.net/judjuris/juri2011/nov2011/gr_183090_2011.html
2025-12-05 19:19:45,772 - INFO -   ✓ Saved: RESTRUCTURED_DB/2011/november/183090.json
2025-12-05 19:19:46,273 - INFO - Scraping G.R. No. 162372 (2011): Government Service Insurance System (GSIS), et al....
2025-12-05 19:19:46,613 - INFO -   ✓ Found at: https://lawphil.net/judjuris/juri2011/oct2011/gr_162372_2011.html
2025-12-05 19:19:46,615 - INFO -   ✓ Saved: RESTRUCTURED_DB/2011/october/162372.json
2025-12-05 19:19:47,115 - INFO - Scraping G.R. No. 164301 (2011): Bank of the Philippine Islands vs. BPI Employees U...
2025-12-05 19:19:47,530 - INFO -   ✓ Found at: https://lawphil.net/judjuris/juri2011/oct2011/gr_164301_2011.html
2025-12-05 19:19:47,531 - INFO -   ✓ Saved: RESTRUCTURED_DB/2011/october/164301.json
2025-12-05 19:19:48,032 - INFO - Scraping G.R. No. 157139 (2011): Carlos Cotiangco, et al. vs. the Providence of Bil...
2025-12-05 19:19:48,340 - INFO -   ✓ Found at: https://lawphil.net/judjuris/juri2011/oct2011/gr_157139_2011.html
2025-12-05 19:19:48,341 - INFO -   ✓ Saved: RESTRUCTURED_DB/2011/october/157139.json
2025-12-05 19:19:48,841 - INFO - Scraping G.R. No. 194076 (2011): Alfais T. Munder vs. the Commission on Elections a...
2025-12-05 19:19:49,307 - INFO -   ✓ Found at: https://lawphil.net/judjuris/juri2011/oct2011/gr_194076_2011.html
2025-12-05 19:19:49,309 - INFO -   ✓ Saved: RESTRUCTURED_DB/2011/october/194076.json
2025-12-05 19:19:49,809 - INFO - Scraping G.R. No. 161360 (2011): Estrella Tiongco Yared, etc. vs. Jose B. Tiongco, ...
2025-12-05 19:19:50,130 - INFO -   ✓ Found at: https://lawphil.net/judjuris/juri2011/oct2011/gr_161360_2011.html
2025-12-05 19:19:50,132 - INFO -   ✓ Saved: RESTRUCTURED_DB/2011/october/161360.json
2025-12-05 19:19:50,632 - INFO - Scraping G.R. No. 168932 (2011): People of the Philippines vs. Charlie Butiong...
2025-12-05 19:19:51,022 - INFO -   ✓ Found at: https://lawphil.net/judjuris/juri2011/oct2011/gr_168932_2011.html
2025-12-05 19:19:51,023 - INFO -   ✓ Saved: RESTRUCTURED_DB/2011/october/168932.json
2025-12-05 19:19:51,524 - INFO - Scraping G.R. No. 174631 (2011): Jhorizaldy Uy vs. Centro Ceramica Corporation, et ...
2025-12-05 19:19:51,805 - INFO -   ✓ Found at: https://lawphil.net/judjuris/juri2011/oct2011/gr_174631_2011.html
2025-12-05 19:19:51,806 - INFO -   ✓ Saved: RESTRUCTURED_DB/2011/october/174631.json
2025-12-05 19:19:52,306 - INFO - Scraping G.R. No. 176884 (2011): Carmelito N. Valenzona vs. Fair Shipping Corporati...
2025-12-05 19:19:52,776 - INFO -   ✓ Found at: https://lawphil.net/judjuris/juri2011/oct2011/gr_176884_2011.html
2025-12-05 19:19:52,779 - INFO -   ✓ Saved: RESTRUCTURED_DB/2011/october/176884.json
2025-12-05 19:19:53,279 - INFO - Scraping G.R. No. 183830 (2011): People of the Philppines vs. Delfin Calisoa...
2025-12-05 19:19:53,848 - INFO -   ✓ Found at: https://lawphil.net/judjuris/juri2011/oct2011/gr_183830_2011.html
2025-12-05 19:19:53,849 - INFO -   ✓ Saved: RESTRUCTURED_DB/2011/october/183830.json
2025-12-05 19:19:54,350 - INFO - Scraping G.R. No. 176229 (2011): Ho Wai Pang vs. People of the Philippines...
2025-12-05 19:19:54,720 - INFO -   ✓ Found at: https://lawphil.net/judjuris/juri2011/oct2011/gr_176229_2011.html
2025-12-05 19:19:54,722 - INFO -   ✓ Saved: RESTRUCTURED_DB/2011/october/176229.json
2025-12-05 19:19:55,222 - INFO - Scraping G.R. No. 151993 (2011): Maritime Factors Inc. vs. Bienvenido R. Hindang...
2025-12-05 19:19:56,117 - INFO -   ✓ Found at: https://lawphil.net/judjuris/juri2011/oct2011/gr_151993_2011.html
2025-12-05 19:19:56,118 - INFO -   ✓ Saved: RESTRUCTURED_DB/2011/october/151993.json
2025-12-05 19:19:56,618 - INFO - Scraping G.R. No. 172196 (2011): Adelaida Meneses (deceased), substituted by her he...
2025-12-05 19:19:57,263 - INFO -   ✓ Found at: https://lawphil.net/judjuris/juri2011/oct2011/gr_172196_2011.html
2025-12-05 19:19:57,265 - INFO -   ✓ Saved: RESTRUCTURED_DB/2011/october/172196.json
2025-12-05 19:19:57,765 - INFO - Scraping G.R. No. 172777 (2011): Benjamin Bangayan, Jr. vs. Sally Go Bangayan/Resal...
2025-12-05 19:19:58,075 - INFO -   ✓ Found at: https://lawphil.net/judjuris/juri2011/oct2011/gr_172777_2011.html
2025-12-05 19:19:58,076 - INFO -   ✓ Saved: RESTRUCTURED_DB/2011/october/172777.json
2025-12-05 19:19:58,577 - INFO - Scraping G.R. No. 175497 (2011): Mary Joy Gustilo and Bonifacio M. Peña vs. Jose Vi...
2025-12-05 19:19:58,827 - INFO -   ✓ Found at: https://lawphil.net/judjuris/juri2011/oct2011/gr_175497_2011.html
2025-12-05 19:19:58,828 - INFO -   ✓ Saved: RESTRUCTURED_DB/2011/october/175497.json
2025-12-05 19:19:59,328 - INFO - Scraping G.R. No. 179632 (2011): Southern Philippines Power Corporation vs. Commiss...
2025-12-05 19:19:59,577 - INFO -   ✓ Found at: https://lawphil.net/judjuris/juri2011/oct2011/gr_179632_2011.html
2025-12-05 19:19:59,582 - INFO -   ✓ Saved: RESTRUCTURED_DB/2011/october/179632.json
2025-12-05 19:20:00,082 - INFO - Scraping G.R. No. 188072 (2011): Emerita M. De Guzman vs. Antonio M. Tumolva...
2025-12-05 19:20:00,330 - INFO -   ✓ Found at: https://lawphil.net/judjuris/juri2011/oct2011/gr_188072_2011.html
2025-12-05 19:20:00,332 - INFO -   ✓ Saved: RESTRUCTURED_DB/2011/october/188072.json
2025-12-05 19:20:00,832 - INFO - Scraping G.R. No. 188851 (2011): People of the Philippines vs. Marciano Dollano, Jr...
2025-12-05 19:20:01,077 - INFO -   ✓ Found at: https://lawphil.net/judjuris/juri2011/oct2011/gr_188851_2011.html
2025-12-05 19:20:01,079 - INFO -   ✓ Saved: RESTRUCTURED_DB/2011/october/188851.json
2025-12-05 19:20:01,579 - INFO - 
Batch 1 complete:
2025-12-05 19:20:01,579 - INFO -   Successful: 96
2025-12-05 19:20:01,579 - INFO -   Failed: 4
2025-12-05 19:20:01,579 - INFO -   Skipped: 0
2025-12-05 19:20:01,579 - INFO - 
Overall progress: 100/777 cases
2025-12-05 19:20:01,579 - INFO - 
================================================================================
2025-12-05 19:20:01,579 - INFO - BATCH 2/8 (100 cases)
2025-12-05 19:20:01,579 - INFO - ================================================================================
2025-12-05 19:20:01,579 - INFO - Scraping G.R. No. 191138 (2011): Magdala Multipurpose & Livelihood, et al. vs. KMLM...
2025-12-05 19:20:01,965 - INFO -   ✓ Found at: https://lawphil.net/judjuris/juri2011/oct2011/gr_191138_2011.html
2025-12-05 19:20:01,967 - INFO -   ✓ Saved: RESTRUCTURED_DB/2011/october/191138.json
2025-12-05 19:20:02,467 - INFO - Scraping G.R. No. 193479 (2011): People of the Philippines vs. Bernard G. Mirto...
2025-12-05 19:20:03,404 - INFO -   ✓ Found at: https://lawphil.net/judjuris/juri2011/oct2011/gr_193479_2011.html
2025-12-05 19:20:03,406 - INFO -   ✓ Saved: RESTRUCTURED_DB/2011/october/193479.json
2025-12-05 19:20:03,906 - INFO - Scraping G.R. No. 152313 (2011): Republic Flour Mills Corporation vs. Forbes Factor...
2025-12-05 19:20:04,149 - INFO -   ✓ Found at: https://lawphil.net/judjuris/juri2011/oct2011/gr_152313_2011.html
2025-12-05 19:20:04,150 - INFO -   ✓ Saved: RESTRUCTURED_DB/2011/october/152313.json
2025-12-05 19:20:04,651 - INFO - Scraping G.R. No. 188866 (2011): Philippine Economic zone Authority vs. Green Asia ...
2025-12-05 19:20:05,112 - INFO -   ✓ Found at: https://lawphil.net/judjuris/juri2011/oct2011/gr_188866_2011.html
2025-12-05 19:20:05,114 - INFO -   ✓ Saved: RESTRUCTURED_DB/2011/october/188866.json
2025-12-05 19:20:05,614 - INFO - Scraping G.R. No. 193234 (2011): People of the Philippines vs. Roberto Martin y Cas...
2025-12-05 19:20:06,070 - INFO -   ✓ Found at: https://lawphil.net/judjuris/juri2011/oct2011/gr_193234_2011.html
2025-12-05 19:20:06,072 - INFO -   ✓ Saved: RESTRUCTURED_DB/2011/october/193234.json
2025-12-05 19:20:06,572 - INFO - Scraping G.R. No. 193872 (2011): Siochi Fishery Enterprises, Inc., et al. vs. Bank ...
2025-12-05 19:20:07,190 - INFO -   ✓ Found at: https://lawphil.net/judjuris/juri2011/oct2011/gr_193872_2011.html
2025-12-05 19:20:07,192 - INFO -   ✓ Saved: RESTRUCTURED_DB/2011/october/193872.json
2025-12-05 19:20:07,692 - INFO - Scraping G.R. No. 184054 (2011): People of the Philippines vs. Arnel Zapata y Canil...
2025-12-05 19:20:07,934 - INFO -   ✓ Found at: https://lawphil.net/judjuris/juri2011/oct2011/gr_184054_2011.html
2025-12-05 19:20:07,935 - INFO -   ✓ Saved: RESTRUCTURED_DB/2011/october/184054.json
2025-12-05 19:20:08,435 - INFO - Scraping G.R. No. 183891 (2011): Romarico J. Mendoza vs. People of the Philippines...
2025-12-05 19:20:08,676 - INFO -   ✓ Found at: https://lawphil.net/judjuris/juri2011/oct2011/gr_183891_2011.html
2025-12-05 19:20:08,677 - INFO -   ✓ Saved: RESTRUCTURED_DB/2011/october/183891.json
2025-12-05 19:20:09,177 - INFO - Scraping G.R. No. 181881 (2011): Briccio "Ricky" A. Pollo vs. Chairperson Karina Co...
2025-12-05 19:20:09,952 - INFO -   ✓ Found at: https://lawphil.net/judjuris/juri2011/oct2011/gr_181881_2011.html
2025-12-05 19:20:09,957 - INFO -   ✓ Saved: RESTRUCTURED_DB/2011/october/181881.json
2025-12-05 19:20:10,457 - INFO - Scraping G.R. No. 196271 (2011): Datu Michael Abas Kida, etc., et al. vs. Senate of...
2025-12-05 19:20:11,582 - INFO -   ✓ Found at: https://lawphil.net/judjuris/juri2011/oct2011/gr_196271_2011.html
2025-12-05 19:20:11,590 - INFO -   ✓ Saved: RESTRUCTURED_DB/2011/october/196271.json
2025-12-05 19:20:12,090 - INFO - Scraping G.R. No. 171660 (2011): Continental Cement Corporation vs. Asea Brown Bove...
2025-12-05 19:20:12,357 - INFO -   ✓ Found at: https://lawphil.net/judjuris/juri2011/oct2011/gr_171660_2011.html
2025-12-05 19:20:12,358 - INFO -   ✓ Saved: RESTRUCTURED_DB/2011/october/171660.json
2025-12-05 19:20:12,859 - INFO - Scraping G.R. No. 197042 (2011): People of the Philippines vs. Juliet Olaco y Poler...
2025-12-05 19:20:13,313 - INFO -   ✓ Found at: https://lawphil.net/judjuris/juri2011/oct2011/gr_197042_2011.html
2025-12-05 19:20:13,314 - INFO -   ✓ Saved: RESTRUCTURED_DB/2011/october/197042.json
2025-12-05 19:20:13,814 - INFO - Scraping G.R. No. 181861 (2011): Raul David vs. People of the Philippines...
2025-12-05 19:20:14,545 - INFO -   ✓ Found at: https://lawphil.net/judjuris/juri2011/oct2011/gr_181861_2011.html
2025-12-05 19:20:14,547 - INFO -   ✓ Saved: RESTRUCTURED_DB/2011/october/181861.json
2025-12-05 19:20:15,047 - INFO - Scraping G.R. No. 195419 (2011): People of the Philippines vs. Hadja Jarma Lalli, e...
2025-12-05 19:20:15,422 - INFO -   ✓ Found at: https://lawphil.net/judjuris/juri2011/oct2011/gr_195419_2011.html
2025-12-05 19:20:15,424 - INFO -   ✓ Saved: RESTRUCTURED_DB/2011/october/195419.json
2025-12-05 19:20:15,925 - INFO - Scraping G.R. No. 185833 (2011): Robert Taguinod vs. People of the Philippines...
2025-12-05 19:20:16,596 - INFO -   ✓ Found at: https://lawphil.net/judjuris/juri2011/oct2011/gr_185833_2011.html
2025-12-05 19:20:16,597 - INFO -   ✓ Saved: RESTRUCTURED_DB/2011/october/185833.json
2025-12-05 19:20:17,097 - INFO - Scraping G.R. No. 183444 (2011): Department of Public Works and Highways vs. Ronald...
2025-12-05 19:20:17,757 - INFO -   ✓ Found at: https://lawphil.net/judjuris/juri2011/oct2011/gr_183444_2011.html
2025-12-05 19:20:17,760 - INFO -   ✓ Saved: RESTRUCTURED_DB/2011/october/183444.json
2025-12-05 19:20:18,260 - INFO - Scraping G.R. No. 187497 (2011): People of the Philippines vs. Edwin Villamor, et a...
2025-12-05 19:20:18,519 - INFO -   ✓ Found at: https://lawphil.net/judjuris/juri2011/oct2011/gr_187497_2011.html
2025-12-05 19:20:18,520 - INFO -   ✓ Saved: RESTRUCTURED_DB/2011/october/187497.json
2025-12-05 19:20:19,021 - INFO - Scraping G.R. No. 189365 (2011): Hon. Judge Jesus B. Mupas, etc., et al. vs. People...
2025-12-05 19:20:19,482 - INFO -   ✓ Found at: https://lawphil.net/judjuris/juri2011/oct2011/gr_189365_2011.html
2025-12-05 19:20:19,483 - INFO -   ✓ Saved: RESTRUCTURED_DB/2011/october/189365.json
2025-12-05 19:20:19,984 - INFO - Scraping G.R. No. 192164 (2011): Anselmo De Leon Cuyo vs. People of the Philippines...
2025-12-05 19:20:20,449 - INFO -   ✓ Found at: https://lawphil.net/judjuris/juri2011/oct2011/gr_192164_2011.html
2025-12-05 19:20:20,451 - INFO -   ✓ Saved: RESTRUCTURED_DB/2011/october/192164.json
2025-12-05 19:20:20,951 - INFO - Scraping G.R. No. 193185 (2011): People of the Philippines vs. Ricardo Mondejar y B...
2025-12-05 19:20:21,195 - INFO -   ✓ Found at: https://lawphil.net/judjuris/juri2011/oct2011/gr_193185_2011.html
2025-12-05 19:20:21,197 - INFO -   ✓ Saved: RESTRUCTURED_DB/2011/october/193185.json
2025-12-05 19:20:21,697 - INFO - Scraping G.R. No. 195033 (2011): AGG Trucking and/or Alex Ang Gaeid vs. Melanio B. ...
2025-12-05 19:20:22,208 - INFO -   ✓ Found at: https://lawphil.net/judjuris/juri2011/oct2011/gr_195033_2011.html
2025-12-05 19:20:22,210 - INFO -   ✓ Saved: RESTRUCTURED_DB/2011/october/195033.json
2025-12-05 19:20:22,710 - INFO - Scraping G.R. No. 177807 (2011): Emilio Gancayco vs. Cito Government of Quezon City...
2025-12-05 19:20:23,157 - INFO -   ✓ Found at: https://lawphil.net/judjuris/juri2011/oct2011/gr_177807_2011.html
2025-12-05 19:20:23,159 - INFO -   ✓ Saved: RESTRUCTURED_DB/2011/october/177807.json
2025-12-05 19:20:23,659 - INFO - Scraping G.R. No. 174476 (2011): Republic of the Philippines vs. Arnold T. Agcanas...
2025-12-05 19:20:23,928 - INFO -   ✓ Found at: https://lawphil.net/judjuris/juri2011/oct2011/gr_174476_2011.html
2025-12-05 19:20:23,929 - INFO -   ✓ Saved: RESTRUCTURED_DB/2011/october/174476.json
2025-12-05 19:20:24,430 - INFO - Scraping G.R. No. 169042 (2011): Erdito Quarto vs. the Hon. Ombudsman Simeon Marcel...
2025-12-05 19:20:24,918 - INFO -   ✓ Found at: https://lawphil.net/judjuris/juri2011/oct2011/gr_169042_2011.html
2025-12-05 19:20:24,921 - INFO -   ✓ Saved: RESTRUCTURED_DB/2011/october/169042.json
2025-12-05 19:20:25,421 - INFO - Scraping G.R. No. 182848 (2011): Emirate Security and Maintenance Systems, Inc. and...
2025-12-05 19:20:25,935 - INFO -   ✓ Found at: https://lawphil.net/judjuris/juri2011/oct2011/gr_182848_2011.html
2025-12-05 19:20:25,937 - INFO -   ✓ Saved: RESTRUCTURED_DB/2011/october/182848.json
2025-12-05 19:20:26,437 - INFO - Scraping G.R. No. 182946 (2011): Alcatel Philippines, Inc. vs. I.M. Bongar & Co., I...
2025-12-05 19:20:26,873 - INFO -   ✓ Found at: https://lawphil.net/judjuris/juri2011/oct2011/gr_182946_2011.html
2025-12-05 19:20:26,875 - INFO -   ✓ Saved: RESTRUCTURED_DB/2011/october/182946.json
2025-12-05 19:20:27,375 - INFO - Scraping G.R. No. 159328 (2011): Heirs of Antonio Feraren, rep. by Antonio Feraren,...
2025-12-05 19:20:27,760 - INFO -   ✓ Found at: https://lawphil.net/judjuris/juri2011/oct2011/gr_159328_2011.html
2025-12-05 19:20:27,761 - INFO -   ✓ Saved: RESTRUCTURED_DB/2011/october/159328.json
2025-12-05 19:20:28,262 - INFO - Scraping G.R. No. 182902 (2011): Virra Mall Tenants Association, Inc. vs. Vira Mall...
2025-12-05 19:20:28,797 - INFO -   ✓ Found at: https://lawphil.net/judjuris/juri2011/oct2011/gr_182902_2011.html
2025-12-05 19:20:28,798 - INFO -   ✓ Saved: RESTRUCTURED_DB/2011/october/182902.json
2025-12-05 19:20:29,299 - INFO - Scraping G.R. No. 154559 (2011): The Law Firm of Raymundo A. Armovit vs. Court of A...
2025-12-05 19:20:29,913 - INFO -   ✓ Found at: https://lawphil.net/judjuris/juri2011/oct2011/gr_154559_2011.html
2025-12-05 19:20:29,915 - INFO -   ✓ Saved: RESTRUCTURED_DB/2011/october/154559.json
2025-12-05 19:20:30,415 - INFO - Scraping G.R. No. 169293 (2011): Development Bank of the Philippines vs. Traverse D...
2025-12-05 19:20:30,701 - INFO -   ✓ Found at: https://lawphil.net/judjuris/juri2011/oct2011/gr_169293_2011.html
2025-12-05 19:20:30,702 - INFO -   ✓ Saved: RESTRUCTURED_DB/2011/october/169293.json
2025-12-05 19:20:31,202 - INFO - Scraping G.R. No. 172954 (2011): Engr. Jose E. Cayanan vs. North Star International...
2025-12-05 19:20:31,910 - INFO -   ✓ Found at: https://lawphil.net/judjuris/juri2011/oct2011/gr_172954_2011.html
2025-12-05 19:20:31,911 - INFO -   ✓ Saved: RESTRUCTURED_DB/2011/october/172954.json
2025-12-05 19:20:32,411 - INFO - Scraping G.R. No. 178321 (2011): People of the Philippines vs. Conrado Laog y Ramin...
2025-12-05 19:20:32,880 - INFO -   ✓ Found at: https://lawphil.net/judjuris/juri2011/oct2011/gr_178321_2011.html
2025-12-05 19:20:32,883 - INFO -   ✓ Saved: RESTRUCTURED_DB/2011/october/178321.json
2025-12-05 19:20:33,383 - INFO - Scraping G.R. No. 180497 (2011): People of the Philippines vs. Patricio Taguibuya...
2025-12-05 19:20:33,641 - INFO -   ✓ Found at: https://lawphil.net/judjuris/juri2011/oct2011/gr_180497_2011.html
2025-12-05 19:20:33,642 - INFO -   ✓ Saved: RESTRUCTURED_DB/2011/october/180497.json
2025-12-05 19:20:34,142 - INFO - Scraping G.R. No. 180504 (2011): People of the Philippines vs. Edwin Ulat y Aguinal...
2025-12-05 19:20:34,614 - INFO -   ✓ Found at: https://lawphil.net/judjuris/juri2011/oct2011/gr_180504_2011.html
2025-12-05 19:20:34,616 - INFO -   ✓ Saved: RESTRUCTURED_DB/2011/october/180504.json
2025-12-05 19:20:35,116 - INFO - Scraping G.R. No. 184757 (2011): People of the Philippines vs. Aniceto Bulagao...
2025-12-05 19:20:35,697 - INFO -   ✓ Found at: https://lawphil.net/judjuris/juri2011/oct2011/gr_184757_2011.html
2025-12-05 19:20:35,698 - INFO -   ✓ Saved: RESTRUCTURED_DB/2011/october/184757.json
2025-12-05 19:20:36,198 - INFO - Scraping G.R. No. 170512 (2011): Office of the Ombudsman vs. Antonio T. Reyes...
2025-12-05 19:20:36,465 - INFO -   ✓ Found at: https://lawphil.net/judjuris/juri2011/oct2011/gr_170512_2011.html
2025-12-05 19:20:36,467 - INFO -   ✓ Saved: RESTRUCTURED_DB/2011/october/170512.json
2025-12-05 19:20:36,967 - INFO - Scraping G.R. No. 194143 (2011): Salvador D. Violago, Sr. vs. Commission on Electio...
2025-12-05 19:20:37,224 - INFO -   ✓ Found at: https://lawphil.net/judjuris/juri2011/oct2011/gr_194143_2011.html
2025-12-05 19:20:37,225 - INFO -   ✓ Saved: RESTRUCTURED_DB/2011/october/194143.json
2025-12-05 19:20:37,725 - INFO - Scraping G.R. No. 191224 (2011): Monico K. Imperial, Jr. vs. Govenrment Service Ins...
2025-12-05 19:20:37,985 - INFO -   ✓ Found at: https://lawphil.net/judjuris/juri2011/oct2011/gr_191224_2011.html
2025-12-05 19:20:37,986 - INFO -   ✓ Saved: RESTRUCTURED_DB/2011/october/191224.json
2025-12-05 19:20:38,487 - INFO - Scraping G.R. No. 182606 (2011): Cesar S. Dumduma vs. Civil Service Commission...
2025-12-05 19:20:38,746 - INFO -   ✓ Found at: https://lawphil.net/judjuris/juri2011/oct2011/gr_182606_2011.html
2025-12-05 19:20:38,748 - INFO -   ✓ Saved: RESTRUCTURED_DB/2011/october/182606.json
2025-12-05 19:20:39,248 - INFO - Scraping G.R. No. 168552 (2011): People of the Philippines vs. Jerry Jacalne...
2025-12-05 19:20:39,668 - INFO -   ✓ Found at: https://lawphil.net/judjuris/juri2011/oct2011/gr_168552_2011.html
2025-12-05 19:20:39,670 - INFO -   ✓ Saved: RESTRUCTURED_DB/2011/october/168552.json
2025-12-05 19:20:40,170 - INFO - Scraping G.R. No. 177218 (2011): People of the Philippines vs. Noel T. Sales...
2025-12-05 19:20:40,615 - INFO -   ✓ Found at: https://lawphil.net/judjuris/juri2011/oct2011/gr_177218_2011.html
2025-12-05 19:20:40,617 - INFO -   ✓ Saved: RESTRUCTURED_DB/2011/october/177218.json
2025-12-05 19:20:41,117 - INFO - Scraping G.R. No. 179195 (2011): People of the Philippines vs. Angelino Yanson...
2025-12-05 19:20:41,432 - INFO -   ✓ Found at: https://lawphil.net/judjuris/juri2011/oct2011/gr_179195_2011.html
2025-12-05 19:20:41,433 - INFO -   ✓ Saved: RESTRUCTURED_DB/2011/october/179195.json
2025-12-05 19:20:41,934 - INFO - Scraping G.R. No. 170404 (2011): Ferdinand A. Cruz vs. Judge Henrick F. Gingoyon (d...
2025-12-05 19:20:42,332 - INFO -   ✓ Found at: https://lawphil.net/judjuris/juri2011/sep2011/gr_170404_2011.html
2025-12-05 19:20:42,334 - INFO -   ✓ Saved: RESTRUCTURED_DB/2011/september/170404.json
2025-12-05 19:20:42,834 - INFO - Scraping G.R. No. 180006 (2011): Commissioner of Internal Revenue vs. Fortune Tobac...
2025-12-05 19:20:43,155 - INFO -   ✓ Found at: https://lawphil.net/judjuris/juri2011/sep2011/gr_180006_2011.html
2025-12-05 19:20:43,157 - INFO -   ✓ Saved: RESTRUCTURED_DB/2011/september/180006.json
2025-12-05 19:20:43,657 - INFO - Scraping G.R. No. 177729 (2011): Philippine Export and Foreign Load Guarantee Corpo...
2025-12-05 19:20:43,917 - INFO -   ✓ Found at: https://lawphil.net/judjuris/juri2011/sep2011/gr_177729_2011.html
2025-12-05 19:20:43,919 - INFO -   ✓ Saved: RESTRUCTURED_DB/2011/september/177729.json
2025-12-05 19:20:44,419 - INFO - Scraping G.R. No. 196390 (2011): Philippine Drug Enforcement Agency (PDEA) vs. Rich...
2025-12-05 19:20:45,720 - INFO -   ✓ Found at: https://lawphil.net/judjuris/juri2011/sep2011/gr_196390_2011.html
2025-12-05 19:20:45,722 - INFO -   ✓ Saved: RESTRUCTURED_DB/2011/september/196390.json
2025-12-05 19:20:46,222 - INFO - Scraping G.R. No. 194719 (2011): People of the Philippines vs. Rodel Singson...
2025-12-05 19:20:46,683 - INFO -   ✓ Found at: https://lawphil.net/judjuris/juri2011/sep2011/gr_194719_2011.html
2025-12-05 19:20:46,684 - INFO -   ✓ Saved: RESTRUCTURED_DB/2011/september/194719.json
2025-12-05 19:20:47,185 - INFO - Scraping G.R. No. 157150 (2011): Pedro Angeles, represented by Adelina T. Angeles, ...
2025-12-05 19:20:47,429 - INFO -   ✓ Found at: https://lawphil.net/judjuris/juri2011/sep2011/gr_157150_2011.html
2025-12-05 19:20:47,430 - INFO -   ✓ Saved: RESTRUCTURED_DB/2011/september/157150.json
2025-12-05 19:20:47,930 - INFO - Scraping G.R. No. 159051 (2011): Maglana Rice and Corn Mill, Inc., et al. vs. Annie...
2025-12-05 19:20:48,527 - INFO -   ✓ Found at: https://lawphil.net/judjuris/juri2011/sep2011/gr_159051_2011.html
2025-12-05 19:20:48,529 - INFO -   ✓ Saved: RESTRUCTURED_DB/2011/september/159051.json
2025-12-05 19:20:49,029 - INFO - Scraping G.R. No. 158143 (2011): Philippine Commercial Bank vs. Antonio B. Balmaced...
2025-12-05 19:20:49,749 - INFO -   ✓ Found at: https://lawphil.net/judjuris/juri2011/sep2011/gr_158143_2011.html
2025-12-05 19:20:49,752 - INFO -   ✓ Saved: RESTRUCTURED_DB/2011/september/158143.json
2025-12-05 19:20:50,252 - INFO - Scraping G.R. No. 178782 (2011): Josefina P. Realubit vs. Prosencio D. Jaso and Ede...
2025-12-05 19:20:50,491 - INFO -   ✓ Found at: https://lawphil.net/judjuris/juri2011/sep2011/gr_178782_2011.html
2025-12-05 19:20:50,492 - INFO -   ✓ Saved: RESTRUCTURED_DB/2011/september/178782.json
2025-12-05 19:20:50,992 - INFO - Scraping G.R. No. 186209 (2011): United Laboratories, Inc. vs. Jaime Domingo Substi...
2025-12-05 19:20:51,250 - INFO -   ✓ Found at: https://lawphil.net/judjuris/juri2011/sep2011/gr_186209_2011.html
2025-12-05 19:20:51,252 - INFO -   ✓ Saved: RESTRUCTURED_DB/2011/september/186209.json
2025-12-05 19:20:51,753 - INFO - Scraping G.R. No. 169263 (2011): City of Manila vs. Melba Tan Te...
2025-12-05 19:20:52,439 - INFO -   ✓ Found at: https://lawphil.net/judjuris/juri2011/sep2011/gr_169263_2011.html
2025-12-05 19:20:52,441 - INFO -   ✓ Saved: RESTRUCTURED_DB/2011/september/169263.json
2025-12-05 19:20:52,941 - INFO - Scraping G.R. No. 175151 (2011): Tobias Selga, et al. vs. Sony Entierro Brar, repre...
2025-12-05 19:20:53,195 - INFO -   ✓ Found at: https://lawphil.net/judjuris/juri2011/sep2011/gr_175151_2011.html
2025-12-05 19:20:53,197 - INFO -   ✓ Saved: RESTRUCTURED_DB/2011/september/175151.json
2025-12-05 19:20:53,697 - INFO - Scraping G.R. No. 168053 (2011): Rebecca T. Arquero vs. Court of Appeals, et al....
2025-12-05 19:20:53,995 - INFO -   ✓ Found at: https://lawphil.net/judjuris/juri2011/sep2011/gr_168053_2011.html
2025-12-05 19:20:53,996 - INFO -   ✓ Saved: RESTRUCTURED_DB/2011/september/168053.json
2025-12-05 19:20:54,496 - INFO - Scraping G.R. No. 166357 (2011): Valerio E. Kalaw vs. Ma. Elena Fernandez...
2025-12-05 19:20:55,171 - INFO -   ✓ Found at: https://lawphil.net/judjuris/juri2011/sep2011/gr_166357_2011.html
2025-12-05 19:20:55,173 - INFO -   ✓ Saved: RESTRUCTURED_DB/2011/september/166357.json
2025-12-05 19:20:55,673 - INFO - Scraping G.R. No. 173038 (2011): Elena Jane Duarte vs. Miguel Samuel A.E. Duran...
2025-12-05 19:20:56,758 - INFO -   ✓ Found at: https://lawphil.net/judjuris/juri2011/sep2011/gr_173038_2011.html
2025-12-05 19:20:56,761 - INFO -   ✓ Saved: RESTRUCTURED_DB/2011/september/173038.json
2025-12-05 19:20:57,261 - INFO - Scraping G.R. No. 195665 (2011): People of the Philippines vs. David Maningding...
2025-12-05 19:20:57,975 - INFO -   ✓ Found at: https://lawphil.net/judjuris/juri2011/sep2011/gr_195665_2011.html
2025-12-05 19:20:57,977 - INFO -   ✓ Saved: RESTRUCTURED_DB/2011/september/195665.json
2025-12-05 19:20:58,477 - INFO - Scraping G.R. No. 182397 (2011): Alert Security and Investigation Agency, Inc., et ...
2025-12-05 19:20:58,737 - INFO -   ✓ Found at: https://lawphil.net/judjuris/juri2011/sep2011/gr_182397_2011.html
2025-12-05 19:20:58,739 - INFO -   ✓ Saved: RESTRUCTURED_DB/2011/september/182397.json
2025-12-05 19:20:59,239 - INFO - Scraping G.R. No. 165287 (2011): Armando Barcellano vs. Dolores Bañas, represented ...
2025-12-05 19:20:59,506 - INFO -   ✓ Found at: https://lawphil.net/judjuris/juri2011/sep2011/gr_165287_2011.html
2025-12-05 19:20:59,507 - INFO -   ✓ Saved: RESTRUCTURED_DB/2011/september/165287.json
2025-12-05 19:21:00,008 - INFO - Scraping G.R. No. 191265 (2011): People of the Philippines vs. Marcelo Perez...
2025-12-05 19:21:00,563 - INFO -   ✓ Found at: https://lawphil.net/judjuris/juri2011/sep2011/gr_191265_2011.html
2025-12-05 19:21:00,564 - INFO -   ✓ Saved: RESTRUCTURED_DB/2011/september/191265.json
2025-12-05 19:21:01,064 - INFO - Scraping G.R. No. 161030 (2011): Jose Fernando, Jr. et al. vs. Leon Acuña, et al....
2025-12-05 19:21:01,835 - INFO -   ✓ Found at: https://lawphil.net/judjuris/juri2011/sep2011/gr_161030_2011.html
2025-12-05 19:21:01,836 - INFO -   ✓ Saved: RESTRUCTURED_DB/2011/september/161030.json
2025-12-05 19:21:02,337 - INFO - Scraping G.R. No. 175299 (2011): Republic of the Philippines, represented by the De...
2025-12-05 19:21:02,755 - INFO -   ✓ Found at: https://lawphil.net/judjuris/juri2011/sep2011/gr_175299_2011.html
2025-12-05 19:21:02,756 - INFO -   ✓ Saved: RESTRUCTURED_DB/2011/september/175299.json
2025-12-05 19:21:03,256 - INFO - Scraping G.R. No. 187044 (2011): People of the Philippines vs. Renato Lagat y Gawan...
2025-12-05 19:21:03,504 - INFO -   ✓ Found at: https://lawphil.net/judjuris/juri2011/sep2011/gr_187044_2011.html
2025-12-05 19:21:03,505 - INFO -   ✓ Saved: RESTRUCTURED_DB/2011/september/187044.json
2025-12-05 19:21:04,005 - INFO - Scraping G.R. No. 164682 (2011): Joel Galzote y Soriaga vs. Jonathan Briones and Pe...
2025-12-05 19:21:04,332 - INFO -   ✓ Found at: https://lawphil.net/judjuris/juri2011/sep2011/gr_164682_2011.html
2025-12-05 19:21:04,334 - INFO -   ✓ Saved: RESTRUCTURED_DB/2011/september/164682.json
2025-12-05 19:21:04,834 - INFO - Scraping G.R. No. 193247 (2011): Sergio I. Carbonilla, et al. vs. Borad of Airlines...
2025-12-05 19:21:05,537 - INFO -   ✓ Found at: https://lawphil.net/judjuris/juri2011/sep2011/gr_193247_2011.html
2025-12-05 19:21:05,539 - INFO -   ✓ Saved: RESTRUCTURED_DB/2011/september/193247.json
2025-12-05 19:21:06,040 - INFO - Scraping G.R. No. 192084 (2011): Jose Mel Bernante vs. Philippine Basketball Associ...
2025-12-05 19:21:06,404 - INFO -   ✓ Found at: https://lawphil.net/judjuris/juri2011/sep2011/gr_192084_2011.html
2025-12-05 19:21:06,405 - INFO -   ✓ Saved: RESTRUCTURED_DB/2011/september/192084.json
2025-12-05 19:21:06,906 - INFO - Scraping G.R. No. 152500 (2011): Presidential Commission on Good Government vs. San...
2025-12-05 19:21:07,575 - INFO -   ✓ Found at: https://lawphil.net/judjuris/juri2011/sep2011/gr_152500_2011.html
2025-12-05 19:21:07,577 - INFO -   ✓ Saved: RESTRUCTURED_DB/2011/september/152500.json
2025-12-05 19:21:08,077 - INFO - Scraping G.R. No. 164181 (2011): Nissan Motors Phils., Inc. vs. Victorino Angelo...
2025-12-05 19:21:08,532 - INFO -   ✓ Found at: https://lawphil.net/judjuris/juri2011/sep2011/gr_164181_2011.html
2025-12-05 19:21:08,533 - INFO -   ✓ Saved: RESTRUCTURED_DB/2011/september/164181.json
2025-12-05 19:21:09,034 - INFO - Scraping G.R. No. 179593 (2011): University of the East vs. University of the East ...
2025-12-05 19:21:09,321 - INFO -   ✓ Found at: https://lawphil.net/judjuris/juri2011/sep2011/gr_179593_2011.html
2025-12-05 19:21:09,323 - INFO -   ✓ Saved: RESTRUCTURED_DB/2011/september/179593.json
2025-12-05 19:21:09,823 - INFO - Scraping G.R. No. 183349 (2011): F&E De Castro Corporation, et al. vs. Ernesto G. O...
2025-12-05 19:21:10,364 - INFO -   ✓ Found at: https://lawphil.net/judjuris/juri2011/sep2011/gr_183349_2011.html
2025-12-05 19:21:10,365 - INFO -   ✓ Saved: RESTRUCTURED_DB/2011/september/183349.json
2025-12-05 19:21:10,865 - INFO - Scraping G.R. No. 165748 (2011): Hiers of Policronio M. Ureta, Sr., namely: Conrado...
2025-12-05 19:21:11,567 - INFO -   ✓ Found at: https://lawphil.net/judjuris/juri2011/sep2011/gr_165748_2011.html
2025-12-05 19:21:11,570 - INFO -   ✓ Saved: RESTRUCTURED_DB/2011/september/165748.json
2025-12-05 19:21:12,070 - INFO - Scraping G.R. No. 183445 (2011): Office of the President and Presidential Anti-Graf...
2025-12-05 19:21:12,352 - INFO -   ✓ Found at: https://lawphil.net/judjuris/juri2011/sep2011/gr_183445_2011.html
2025-12-05 19:21:12,354 - INFO -   ✓ Saved: RESTRUCTURED_DB/2011/september/183445.json
2025-12-05 19:21:12,854 - INFO - Scraping G.R. No. 195005 (2011): Rosana Asiatico y Sta. Maria vs. People of the Phi...
2025-12-05 19:21:13,314 - INFO -   ✓ Found at: https://lawphil.net/judjuris/juri2011/sep2011/gr_195005_2011.html
2025-12-05 19:21:13,315 - INFO -   ✓ Saved: RESTRUCTURED_DB/2011/september/195005.json
2025-12-05 19:21:13,815 - INFO - Scraping G.R. No. 156185 (2011): Catalina B. Chu, et al. vs. sps. Fernando Cunanan ...
2025-12-05 19:21:14,273 - INFO -   ✓ Found at: https://lawphil.net/judjuris/juri2011/sep2011/gr_156185_2011.html
2025-12-05 19:21:14,275 - INFO -   ✓ Saved: RESTRUCTURED_DB/2011/september/156185.json
2025-12-05 19:21:14,775 - INFO - Scraping G.R. No. 170486 (2011): Swift Foods, Inc. vs. Spouses Jose Mateo, Jr. and ...
2025-12-05 19:21:15,168 - INFO -   ✓ Found at: https://lawphil.net/judjuris/juri2011/sep2011/gr_170486_2011.html
2025-12-05 19:21:15,170 - INFO -   ✓ Saved: RESTRUCTURED_DB/2011/september/170486.json
2025-12-05 19:21:15,670 - INFO - Scraping G.R. No. 187728 (2011): Churchille V. Mari and People of the Philippines v...
