nohup: ignoring input
2025-12-05 19:18:04,769 - INFO - Loading missing cases list...
2025-12-05 19:18:04,784 - INFO - ================================================================================
2025-12-05 19:18:04,784 - INFO - LAWPHIL BATCH SCRAPER
2025-12-05 19:18:04,784 - INFO - ================================================================================
2025-12-05 19:18:04,784 - INFO - Database path: RESTRUCTURED_DB
2025-12-05 19:18:04,784 - INFO - Cases to scrape: 181
2025-12-05 19:18:04,784 - INFO - Year range: 2022-2022
2025-12-05 19:18:04,784 - INFO - Batch size: 100
2025-12-05 19:18:04,784 - INFO - ================================================================================
2025-12-05 19:18:04,784 - INFO - 
================================================================================
2025-12-05 19:18:04,784 - INFO - BATCH 1/2 (100 cases)
2025-12-05 19:18:04,784 - INFO - ================================================================================
2025-12-05 19:18:04,784 - INFO - Scraping G.R. No. 232798 (2022): Advan Motor, Inc. vs. Lila R. Saavedra...
2025-12-05 19:18:05,267 - INFO -   ✓ Found at: https://lawphil.net/judjuris/juri2022/dec2022/gr_232798_2022.html
2025-12-05 19:18:05,270 - INFO -   ✓ Saved: RESTRUCTURED_DB/2022/december/232798.json
2025-12-05 19:18:05,770 - INFO - Scraping G.R. No. 258095 (2022): Leilani Lim Go vs. Hendrick N. Go...
2025-12-05 19:18:06,455 - INFO -   ✓ Found at: https://lawphil.net/judjuris/juri2022/dec2022/gr_258095_2022.html
2025-12-05 19:18:06,457 - INFO -   ✓ Saved: RESTRUCTURED_DB/2022/december/258095.json
2025-12-05 19:18:06,958 - INFO - Scraping G.R. No. 248505 (2022): Rodolfo Serapion, Sr. and Rodolfo Serapion, Jr., v...
2025-12-05 19:18:07,663 - INFO -   ✓ Found at: https://lawphil.net/judjuris/juri2022/dec2022/gr_248505_2022.html
2025-12-05 19:18:07,665 - INFO -   ✓ Saved: RESTRUCTURED_DB/2022/december/248505.json
2025-12-05 19:18:08,166 - INFO - Scraping G.R. No. 204868 (2022): Toledo Construction Corp. Employees vs. Toledo Con...
2025-12-05 19:18:08,848 - INFO -   ✓ Found at: https://lawphil.net/judjuris/juri2022/dec2022/gr_204868_2022.html
2025-12-05 19:18:08,851 - INFO -   ✓ Saved: RESTRUCTURED_DB/2022/december/204868.json
2025-12-05 19:18:09,351 - INFO - Scraping G.R. No. 238581 (2022): Steven Rouche vs. French Chamber Commerce in the P...
2025-12-05 19:18:10,115 - INFO -   ✓ Found at: https://lawphil.net/judjuris/juri2022/dec2022/gr_238581_2022.html
2025-12-05 19:18:10,118 - INFO -   ✓ Saved: RESTRUCTURED_DB/2022/december/238581.json
2025-12-05 19:18:10,618 - INFO - Scraping G.R. No. 257358 (2022): Atty. Moises De Guia vs. Office of the Ombudsman...
2025-12-05 19:18:11,112 - INFO -   ✓ Found at: https://lawphil.net/judjuris/juri2022/dec2022/gr_257358_2022.html
2025-12-05 19:18:11,114 - INFO -   ✓ Saved: RESTRUCTURED_DB/2022/december/257358.json
2025-12-05 19:18:11,614 - INFO - Scraping G.R. No. 250736 (2022): People of the Philippines vs. Court of Tax Appeals...
2025-12-05 19:18:20,301 - WARNING -   ✗ Not found for G.R. No. 250736
2025-12-05 19:18:20,802 - INFO - Scraping G.R. No. 253426 (2022): Ana Maria C. Manguerra vs. Ma. Patricia Concepcion...
2025-12-05 19:18:21,054 - INFO -   ✓ Found at: https://lawphil.net/judjuris/juri2022/nov2022/gr_253426_2022.html
2025-12-05 19:18:21,059 - INFO -   ✓ Saved: RESTRUCTURED_DB/2022/november/253426.json
2025-12-05 19:18:21,559 - INFO - Scraping G.R. No. 192836 (2022): The Philippine Ports Authority vs. Pambangsang Tin...
2025-12-05 19:18:22,201 - INFO -   ✓ Found at: https://lawphil.net/judjuris/juri2022/nov2022/gr_192836_2022.html
2025-12-05 19:18:22,204 - INFO -   ✓ Saved: RESTRUCTURED_DB/2022/november/192836.json
2025-12-05 19:18:22,705 - INFO - Scraping G.R. No. 212971 (2022): Republic of the Philippines vs. John Arnel H. Amat...
2025-12-05 19:18:22,956 - INFO -   ✓ Found at: https://lawphil.net/judjuris/juri2022/nov2022/gr_212971_2022.html
2025-12-05 19:18:22,958 - INFO -   ✓ Saved: RESTRUCTURED_DB/2022/november/212971.json
2025-12-05 19:18:23,458 - INFO - Scraping G.R. No. 214259 (2022): Leodegario D. Boongaling vs. Banco San Juan, repre...
2025-12-05 19:18:23,948 - INFO -   ✓ Found at: https://lawphil.net/judjuris/juri2022/nov2022/gr_214259_2022.html
2025-12-05 19:18:23,950 - INFO -   ✓ Saved: RESTRUCTURED_DB/2022/november/214259.json
2025-12-05 19:18:24,450 - INFO - Scraping G.R. No. 230352 (2022): Career Philippines Shipmanagement Inc., Columbia S...
2025-12-05 19:18:24,691 - INFO -   ✓ Found at: https://lawphil.net/judjuris/juri2022/nov2022/gr_230352_2022.html
2025-12-05 19:18:24,692 - INFO -   ✓ Saved: RESTRUCTURED_DB/2022/november/230352.json
2025-12-05 19:18:25,192 - INFO - Scraping G.R. No. 258328 (2022): People of the Philippines vs. Jose Vastine y Gibso...
2025-12-05 19:18:25,567 - INFO -   ✓ Found at: https://lawphil.net/judjuris/juri2022/nov2022/gr_258328_2022.html
2025-12-05 19:18:25,569 - INFO -   ✓ Saved: RESTRUCTURED_DB/2022/november/258328.json
2025-12-05 19:18:26,070 - INFO - Scraping G.R. No. 245918 (2022): Mindanao International Container Terminal Services...
2025-12-05 19:18:26,546 - INFO -   ✓ Found at: https://lawphil.net/judjuris/juri2022/nov2022/gr_245918_2022.html
2025-12-05 19:18:26,549 - INFO -   ✓ Saved: RESTRUCTURED_DB/2022/november/245918.json
2025-12-05 19:18:27,049 - INFO - Scraping G.R. No. 258187 (2022): People of the Philippines vs. Raymund Camarse y Gi...
2025-12-05 19:18:27,297 - INFO -   ✓ Found at: https://lawphil.net/judjuris/juri2022/oct2022/gr_258187_2022.html
2025-12-05 19:18:27,299 - INFO -   ✓ Saved: RESTRUCTURED_DB/2022/october/258187.json
2025-12-05 19:18:27,799 - INFO - Scraping G.R. No. 249754 (2022): The Heirs of Teodoro Ribac (Deceased), Represented...
2025-12-05 19:18:28,369 - INFO -   ✓ Found at: https://lawphil.net/judjuris/juri2022/oct2022/gr_249754_2022.html
2025-12-05 19:18:28,371 - INFO -   ✓ Saved: RESTRUCTURED_DB/2022/october/249754.json
2025-12-05 19:18:28,871 - INFO - Scraping G.R. No. 238859 (2022): Elba J. Caballero vs. Vikings Commissary and/or Ja...
2025-12-05 19:18:29,327 - INFO -   ✓ Found at: https://lawphil.net/judjuris/juri2022/oct2022/gr_238859_2022.html
2025-12-05 19:18:29,330 - INFO -   ✓ Saved: RESTRUCTURED_DB/2022/october/238859.json
2025-12-05 19:18:29,830 - INFO - Scraping G.R. No. 223611 (2022): Marcos Antonio Morales, Georgina D. Tribujenia, Ci...
2025-12-05 19:18:30,302 - INFO -   ✓ Found at: https://lawphil.net/judjuris/juri2022/oct2022/gr_223611_2022.html
2025-12-05 19:18:30,303 - INFO -   ✓ Saved: RESTRUCTURED_DB/2022/october/223611.json
2025-12-05 19:18:30,804 - INFO - Scraping G.R. No. 237369 (2022): Land Bank of the Philippines vs. Albrando R. Abell...
2025-12-05 19:18:31,512 - INFO -   ✓ Found at: https://lawphil.net/judjuris/juri2022/oct2022/gr_237369_2022.html
2025-12-05 19:18:31,515 - INFO -   ✓ Saved: RESTRUCTURED_DB/2022/october/237369.json
2025-12-05 19:18:32,015 - INFO - Scraping G.R. No. 255258 (2022): Heirs of Arturo E. Bandoy and Heirs of Angelita E....
2025-12-05 19:18:32,265 - INFO -   ✓ Found at: https://lawphil.net/judjuris/juri2022/oct2022/gr_255258_2022.html
2025-12-05 19:18:32,267 - INFO -   ✓ Saved: RESTRUCTURED_DB/2022/october/255258.json
2025-12-05 19:18:32,767 - INFO - Scraping G.R. No. 232168 (2022): Civil Service Commission vs. Jejomar Erwin S. Bina...
2025-12-05 19:18:33,253 - INFO -   ✓ Found at: https://lawphil.net/judjuris/juri2022/oct2022/gr_232168_2022.html
2025-12-05 19:18:33,255 - INFO -   ✓ Saved: RESTRUCTURED_DB/2022/october/232168.json
2025-12-05 19:18:33,755 - INFO - Scraping G.R. No. 222259 (2022): Lowella Yap vs. Almeda Yap, Hearty Yap-Dybongco an...
2025-12-05 19:18:34,626 - INFO -   ✓ Found at: https://lawphil.net/judjuris/juri2022/oct2022/gr_222259_2022.html
2025-12-05 19:18:34,628 - INFO -   ✓ Saved: RESTRUCTURED_DB/2022/october/222259.json
2025-12-05 19:18:35,129 - INFO - Scraping G.R. No. 255802 (2022): One Shipping Corporation vs. Heirs of the Late Ric...
2025-12-05 19:18:35,818 - INFO -   ✓ Found at: https://lawphil.net/judjuris/juri2022/oct2022/gr_255802_2022.html
2025-12-05 19:18:35,820 - INFO -   ✓ Saved: RESTRUCTURED_DB/2022/october/255802.json
2025-12-05 19:18:36,320 - INFO - Scraping G.R. No. 211478 (2022): Zenaida O. Duhay, et al. vs. Hon. Office of the Om...
2025-12-05 19:18:44,451 - WARNING -   ✗ Not found for G.R. No. 211478
2025-12-05 19:18:44,952 - INFO - Scraping G.R. No. 237815 (2022): Orlando A. Fua, Jr. vs. People of the Philippines...
2025-12-05 19:18:45,229 - INFO -   ✓ Found at: https://lawphil.net/judjuris/juri2022/oct2022/gr_237815_2022.html
2025-12-05 19:18:45,231 - INFO -   ✓ Saved: RESTRUCTURED_DB/2022/october/237815.json
2025-12-05 19:18:45,731 - INFO - Scraping G.R. No. 235033 (2022): Kristine Calubaquib-Diaz vs. Dino Lopez Diaz...
2025-12-05 19:18:46,128 - INFO -   ✓ Found at: https://lawphil.net/judjuris/juri2022/oct2022/gr_235033_2022.html
2025-12-05 19:18:46,130 - INFO -   ✓ Saved: RESTRUCTURED_DB/2022/october/235033.json
2025-12-05 19:18:46,630 - INFO - Scraping G.R. No. 257446 (2022): Jhon Kenneth M. Porto, Chennie Ann Rose Elca, and ...
2025-12-05 19:18:46,948 - INFO -   ✓ Found at: https://lawphil.net/judjuris/juri2022/oct2022/gr_257446_2022.html
2025-12-05 19:18:46,950 - INFO -   ✓ Saved: RESTRUCTURED_DB/2022/october/257446.json
2025-12-05 19:18:47,451 - INFO - Scraping G.R. No. 247868 (2022): Land Bank of the Philippines vs. Arturo L. Ramos, ...
2025-12-05 19:18:47,913 - INFO -   ✓ Found at: https://lawphil.net/judjuris/juri2022/oct2022/gr_247868_2022.html
2025-12-05 19:18:47,915 - INFO -   ✓ Saved: RESTRUCTURED_DB/2022/october/247868.json
2025-12-05 19:18:48,415 - INFO - Scraping G.R. No. 232755 (2022): Merlita Janeo Ramos vs. Emelita Janeo Sol...
2025-12-05 19:18:48,777 - INFO -   ✓ Found at: https://lawphil.net/judjuris/juri2022/oct2022/gr_232755_2022.html
2025-12-05 19:18:48,780 - INFO -   ✓ Saved: RESTRUCTURED_DB/2022/october/232755.json
2025-12-05 19:18:49,280 - INFO - Scraping G.R. No. 252715 (2022): Joel G. Nolasco vs. Purence Realty Corporation...
2025-12-05 19:18:49,581 - INFO -   ✓ Found at: https://lawphil.net/judjuris/juri2022/oct2022/gr_252715_2022.html
2025-12-05 19:18:49,582 - INFO -   ✓ Saved: RESTRUCTURED_DB/2022/october/252715.json
2025-12-05 19:18:50,083 - INFO - Scraping G.R. No. 259728 (2022): People of the Philippines vs. Darwin Reyes y Cabor...
2025-12-05 19:18:50,328 - INFO -   ✓ Found at: https://lawphil.net/judjuris/juri2022/oct2022/gr_259728_2022.html
2025-12-05 19:18:50,329 - INFO -   ✓ Saved: RESTRUCTURED_DB/2022/october/259728.json
2025-12-05 19:18:50,830 - INFO - Scraping G.R. No. 232029 (2022): Grace T. Chingkoe vs. Sandiganbayan (First Divisio...
2025-12-05 19:18:59,228 - WARNING -   ✗ Not found for G.R. No. 232029
2025-12-05 19:18:59,729 - INFO - Scraping G.R. No. 238308 (2022): Republic of the Philippines vs. Teresita I. Salina...
2025-12-05 19:19:00,191 - INFO -   ✓ Found at: https://lawphil.net/judjuris/juri2022/oct2022/gr_238308_2022.html
2025-12-05 19:19:00,193 - INFO -   ✓ Saved: RESTRUCTURED_DB/2022/october/238308.json
2025-12-05 19:19:00,693 - INFO - Scraping G.R. No. 224945 (2022): Girlie J. Lingad vs. People of the PhilippineSepar...
2025-12-05 19:19:01,158 - INFO -   ✓ Found at: https://lawphil.net/judjuris/juri2022/oct2022/gr_224945_2022.html
2025-12-05 19:19:01,161 - INFO -   ✓ Saved: RESTRUCTURED_DB/2022/october/224945.json
2025-12-05 19:19:01,661 - INFO - Scraping G.R. No. 190980 (2022): Stradcom Corporation vs. Mario Teodoro Failon Eton...
2025-12-05 19:19:10,212 - WARNING -   ✗ Not found for G.R. No. 190980
2025-12-05 19:19:10,713 - INFO - Scraping G.R. No. 198083 (2022): Bai Sandra Sinsuat A. Sema vs. Republic of the Phi...
2025-12-05 19:19:11,516 - INFO -   ✓ Found at: https://lawphil.net/judjuris/juri2022/oct2022/gr_198083_2022.html
2025-12-05 19:19:11,518 - INFO -   ✓ Saved: RESTRUCTURED_DB/2022/october/198083.json
2025-12-05 19:19:12,018 - INFO - Scraping G.R. No. 250852 (2022): People of the Philippines vs.  John Francis Sualog...
2025-12-05 19:19:12,296 - INFO -   ✓ Found at: https://lawphil.net/judjuris/juri2022/oct2022/gr_250852_2022.html
2025-12-05 19:19:12,298 - INFO -   ✓ Saved: RESTRUCTURED_DB/2022/october/250852.json
2025-12-05 19:19:12,798 - INFO - Scraping G.R. No. 248821 (2022): Philippine National Bank vs. Sps. Pedro Caguimbal ...
2025-12-05 19:19:13,065 - INFO -   ✓ Found at: https://lawphil.net/judjuris/juri2022/oct2022/gr_248821_2022.html
2025-12-05 19:19:13,067 - INFO -   ✓ Saved: RESTRUCTURED_DB/2022/october/248821.json
2025-12-05 19:19:13,567 - INFO - Scraping G.R. No. 200403 (2022): Municipality of Biñan, Laguna, Rogelio V. Lee, Ant...
2025-12-05 19:19:13,830 - INFO -   ✓ Found at: https://lawphil.net/judjuris/juri2022/oct2022/gr_200403_2022.html
2025-12-05 19:19:13,832 - INFO -   ✓ Saved: RESTRUCTURED_DB/2022/october/200403.json
2025-12-05 19:19:14,333 - INFO - Scraping G.R. No. 227775 (2022): Eleanor Reyno and Elsa De Vera vs. George Baltazar...
2025-12-05 19:19:14,993 - INFO -   ✓ Found at: https://lawphil.net/judjuris/juri2022/oct2022/gr_227775_2022.html
2025-12-05 19:19:14,996 - INFO -   ✓ Saved: RESTRUCTURED_DB/2022/october/227775.json
2025-12-05 19:19:15,496 - INFO - Scraping G.R. No. 242722 (2022): Carlos Cereza, Roger Estolonillo, Raymundo Lopez, ...
2025-12-05 19:19:15,845 - INFO -   ✓ Found at: https://lawphil.net/judjuris/juri2022/oct2022/gr_242722_2022.html
2025-12-05 19:19:15,847 - INFO -   ✓ Saved: RESTRUCTURED_DB/2022/october/242722.json
2025-12-05 19:19:16,347 - INFO - Scraping G.R. No. 255264 (2022): Manuel Ong vs. Spouses Rowelito and Amelita Villor...
2025-12-05 19:19:16,807 - INFO -   ✓ Found at: https://lawphil.net/judjuris/juri2022/oct2022/gr_255264_2022.html
2025-12-05 19:19:16,808 - INFO -   ✓ Saved: RESTRUCTURED_DB/2022/october/255264.json
2025-12-05 19:19:17,308 - INFO - Scraping G.R. No. 205641 (2022): Superior General of the Religious of the Virgin Ma...
2025-12-05 19:19:17,978 - INFO -   ✓ Found at: https://lawphil.net/judjuris/juri2022/oct2022/gr_205641_2022.html
2025-12-05 19:19:17,980 - INFO -   ✓ Saved: RESTRUCTURED_DB/2022/october/205641.json
2025-12-05 19:19:18,480 - INFO - Scraping G.R. No. 241067 (2022): Raegar B. Ledesma vs. C.F. Sharp Crew Management, ...
2025-12-05 19:19:19,167 - INFO -   ✓ Found at: https://lawphil.net/judjuris/juri2022/oct2022/gr_241067_2022.html
2025-12-05 19:19:19,170 - INFO -   ✓ Saved: RESTRUCTURED_DB/2022/october/241067.json
2025-12-05 19:19:19,670 - INFO - Scraping G.R. No. 252230 (2022): People of the Philippines vs. XXX...
2025-12-05 19:19:20,137 - INFO -   ✓ Found at: https://lawphil.net/judjuris/juri2022/oct2022/gr_252230_2022.html
2025-12-05 19:19:20,139 - INFO -   ✓ Saved: RESTRUCTURED_DB/2022/october/252230.json
2025-12-05 19:19:20,640 - INFO - Scraping G.R. No. 242837 (2022): Eufrocina Rivera vs. Rolando G. Velasco...
2025-12-05 19:19:20,886 - INFO -   ✓ Found at: https://lawphil.net/judjuris/juri2022/oct2022/gr_242837_2022.html
2025-12-05 19:19:20,887 - INFO -   ✓ Saved: RESTRUCTURED_DB/2022/october/242837.json
2025-12-05 19:19:21,388 - INFO - Scraping G.R. No. 260261 (2022): Republic of the Philippines vs. Robiegie Corporati...
2025-12-05 19:19:22,068 - INFO -   ✓ Found at: https://lawphil.net/judjuris/juri2022/oct2022/gr_260261_2022.html
2025-12-05 19:19:22,071 - INFO -   ✓ Saved: RESTRUCTURED_DB/2022/october/260261.json
2025-12-05 19:19:22,571 - INFO - Scraping G.R. No. 235725 (2022): Joel A. Tapia vs. Ga2 Pharmaceutical, Inc.,...
2025-12-05 19:19:22,820 - INFO -   ✓ Found at: https://lawphil.net/judjuris/juri2022/sep2022/gr_235725_2022.html
2025-12-05 19:19:22,821 - INFO -   ✓ Saved: RESTRUCTURED_DB/2022/september/235725.json
2025-12-05 19:19:23,322 - INFO - Scraping G.R. No. 227728 (2022): Cesar D. Taruc vs. Angelina D. Maximo, Maricel Bue...
2025-12-05 19:19:23,571 - INFO -   ✓ Found at: https://lawphil.net/judjuris/juri2022/sep2022/gr_227728_2022.html
2025-12-05 19:19:23,572 - INFO -   ✓ Saved: RESTRUCTURED_DB/2022/september/227728.json
2025-12-05 19:19:24,073 - INFO - Scraping G.R. No. 219986 (2022): Lawrence Lluch-Cruz Vs Robert L. Ong...
2025-12-05 19:19:32,255 - WARNING -   ✗ Not found for G.R. No. 219986
2025-12-05 19:19:32,756 - INFO - Scraping G.R. No. 202131 (2022): ABS-CBN Ijm Workers Union vs. ABS-CBN Corporation...
2025-12-05 19:19:33,432 - INFO -   ✓ Found at: https://lawphil.net/judjuris/juri2022/sep2022/gr_202131_2022.html
2025-12-05 19:19:33,435 - INFO -   ✓ Saved: RESTRUCTURED_DB/2022/september/202131.json
2025-12-05 19:19:33,935 - INFO - Scraping G.R. No. 242506 (2022): Luis Ramon P. Lorenzo vs. Hon. Sandiganbayan (Sixt...
2025-12-05 19:19:42,113 - WARNING -   ✗ Not found for G.R. No. 242506
2025-12-05 19:19:42,614 - INFO - Scraping G.R. No. 225293 (2022): Pioneer Float Glass Manufacturing Inc. vs. Ma. Cec...
2025-12-05 19:19:43,078 - INFO -   ✓ Found at: https://lawphil.net/judjuris/juri2022/sep2022/gr_225293_2022.html
2025-12-05 19:19:43,081 - INFO -   ✓ Saved: RESTRUCTURED_DB/2022/september/225293.json
2025-12-05 19:19:43,581 - INFO - Scraping G.R. No. 238545 (2022): Unitra Maritime Manila, Inc., Vt Maritime Inc., An...
2025-12-05 19:19:44,186 - INFO -   ✓ Found at: https://lawphil.net/judjuris/juri2022/sep2022/gr_238545_2022.html
2025-12-05 19:19:44,188 - INFO -   ✓ Saved: RESTRUCTURED_DB/2022/september/238545.json
2025-12-05 19:19:44,688 - INFO - Scraping G.R. No. 251270 (2022): People of the Philippines vs. Third Division, L.M....
2025-12-05 19:19:45,220 - INFO -   ✓ Found at: https://lawphil.net/judjuris/juri2022/sep2022/gr_251270_2022.html
2025-12-05 19:19:45,222 - INFO -   ✓ Saved: RESTRUCTURED_DB/2022/september/251270.json
2025-12-05 19:19:45,722 - INFO - Scraping G.R. No. 236659 (2022): Bernard B. Benasa vs. Presentacion R. MahorSeparat...
2025-12-05 19:19:46,186 - INFO -   ✓ Found at: https://lawphil.net/judjuris/juri2022/aug2022/gr_236659_2022.html
2025-12-05 19:19:46,187 - INFO -   ✓ Saved: RESTRUCTURED_DB/2022/august/236659.json
2025-12-05 19:19:46,687 - INFO - Scraping G.R. No. 208183 (2022): People of the Philippines vs. Lt. Col. George Abon...
2025-12-05 19:19:46,943 - INFO -   ✓ Found at: https://lawphil.net/judjuris/juri2022/aug2022/gr_208183_2022.html
2025-12-05 19:19:46,945 - INFO -   ✓ Saved: RESTRUCTURED_DB/2022/august/208183.json
2025-12-05 19:19:47,446 - INFO - Scraping G.R. No. 250367 (2022): People of the Philippines vs. Sulpicio P. Legaspi,...
2025-12-05 19:19:48,118 - INFO -   ✓ Found at: https://lawphil.net/judjuris/juri2022/aug2022/gr_250367_2022.html
2025-12-05 19:19:48,121 - INFO -   ✓ Saved: RESTRUCTURED_DB/2022/august/250367.json
2025-12-05 19:19:48,622 - INFO - Scraping G.R. No. 243029 (2022): Tito S. Sarion vs. People of the PhilippinesDissen...
2025-12-05 19:19:56,912 - WARNING -   ✗ Not found for G.R. No. 243029
2025-12-05 19:19:57,413 - INFO - Scraping G.R. No. 252720 (2022): Rico Palic Conjusta vs. PPI Holdings, Inc. (Former...
2025-12-05 19:19:58,094 - INFO -   ✓ Found at: https://lawphil.net/judjuris/juri2022/aug2022/gr_252720_2022.html
2025-12-05 19:19:58,096 - INFO -   ✓ Saved: RESTRUCTURED_DB/2022/august/252720.json
2025-12-05 19:19:58,597 - INFO - Scraping G.R. No. 191039 (2022): Arlene Homol y Romorosa vs. People of the Philippi...
2025-12-05 19:19:59,060 - INFO -   ✓ Found at: https://lawphil.net/judjuris/juri2022/aug2022/gr_191039_2022.html
2025-12-05 19:19:59,062 - INFO -   ✓ Saved: RESTRUCTURED_DB/2022/august/191039.json
2025-12-05 19:19:59,563 - INFO - Scraping G.R. No. 203992 (2022): Antonio S. Quiogue, Jr. vs. Maria Bel B. Quiogue a...
2025-12-05 19:19:59,821 - INFO -   ✓ Found at: https://lawphil.net/judjuris/juri2022/aug2022/gr_203992_2022.html
2025-12-05 19:19:59,824 - INFO -   ✓ Saved: RESTRUCTURED_DB/2022/august/203992.json
2025-12-05 19:20:00,324 - INFO - Scraping G.R. No. 230711 (2022): Carolyn T. Mutya-Sumilhig vs. Joselito T. Sumilhig...
2025-12-05 19:20:00,586 - INFO -   ✓ Found at: https://lawphil.net/judjuris/juri2022/aug2022/gr_230711_2022.html
2025-12-05 19:20:00,588 - INFO -   ✓ Saved: RESTRUCTURED_DB/2022/august/230711.json
2025-12-05 19:20:01,088 - INFO - Scraping G.R. No. 200544 (2022): Ilocos Norte Electric Cooperative vs. Gynthia Gert...
2025-12-05 19:20:01,346 - INFO -   ✓ Found at: https://lawphil.net/judjuris/juri2022/aug2022/gr_200544_2022.html
2025-12-05 19:20:01,348 - INFO -   ✓ Saved: RESTRUCTURED_DB/2022/august/200544.json
2025-12-05 19:20:01,848 - INFO - Scraping G.R. No. 232600 (2022): China Banking Corporation vs. St. Francis Square R...
2025-12-05 19:20:10,520 - WARNING -   ✗ Not found for G.R. No. 232600
2025-12-05 19:20:11,021 - INFO - Scraping G.R. No. 249414 (2022): People of the Philippines vs. Benny Dalaguet...
2025-12-05 19:20:11,890 - INFO -   ✓ Found at: https://lawphil.net/judjuris/juri2022/jul2022/gr_249414_2022.html
2025-12-05 19:20:11,894 - INFO -   ✓ Saved: RESTRUCTURED_DB/2022/july/249414.json
2025-12-05 19:20:12,394 - INFO - Scraping G.R. No. 232600 (2022): China Banking Corporation vs. St. Francis Square R...
2025-12-05 19:20:20,679 - WARNING -   ✗ Not found for G.R. No. 232600
2025-12-05 19:20:21,180 - INFO - Scraping G.R. No. 234868 (2022): Mario L. Relampagos vs. Office of the Ombudsman...
2025-12-05 19:20:29,625 - WARNING -   ✗ Not found for G.R. No. 234868
2025-12-05 19:20:30,125 - INFO - Scraping G.R. No. 233678 (2022): Cecilia Yulo Locsin substituted by Mr. Leandro Y. ...
2025-12-05 19:20:30,473 - INFO -   ✓ Found at: https://lawphil.net/judjuris/juri2022/jul2022/gr_233678_2022.html
2025-12-05 19:20:30,475 - INFO -   ✓ Saved: RESTRUCTURED_DB/2022/july/233678.json
2025-12-05 19:20:30,975 - INFO - Scraping G.R. No. 238304 (2022): Charita M. Chan vs. People of the Philippines...
2025-12-05 19:20:31,236 - INFO -   ✓ Found at: https://lawphil.net/judjuris/juri2022/jul2022/gr_238304_2022.html
2025-12-05 19:20:31,237 - INFO -   ✓ Saved: RESTRUCTURED_DB/2022/july/238304.json
2025-12-05 19:20:31,737 - INFO - Scraping G.R. No. 207377 (2022): Philippine National Bank vs. Spouses Nestor and Fe...
2025-12-05 19:20:32,238 - INFO -   ✓ Found at: https://lawphil.net/judjuris/juri2022/jul2022/gr_207377_2022.html
2025-12-05 19:20:32,239 - INFO -   ✓ Saved: RESTRUCTURED_DB/2022/july/207377.json
2025-12-05 19:20:32,739 - INFO - Scraping G.R. No. 191997 (2022): Spouses Marcial Vargas and Elizabeth Vargas vs. St...
2025-12-05 19:20:32,986 - INFO -   ✓ Found at: https://lawphil.net/judjuris/juri2022/jul2022/gr_191997_2022.html
2025-12-05 19:20:32,987 - INFO -   ✓ Saved: RESTRUCTURED_DB/2022/july/191997.json
2025-12-05 19:20:33,487 - INFO - Scraping G.R. No. 190517 (2022): Metropolitan Bank and Trust Co., vs. Radio Philipp...
2025-12-05 19:20:34,067 - INFO -   ✓ Found at: https://lawphil.net/judjuris/juri2022/jul2022/gr_190517_2022.html
2025-12-05 19:20:34,068 - INFO -   ✓ Saved: RESTRUCTURED_DB/2022/july/190517.json
2025-12-05 19:20:34,569 - INFO - Scraping G.R. No. 254564 (2022): People of the Philippines vs. Erick Montierro y Ve...
2025-12-05 19:20:34,832 - INFO -   ✓ Found at: https://lawphil.net/judjuris/juri2022/jul2022/gr_254564_2022.html
2025-12-05 19:20:34,837 - INFO -   ✓ Saved: RESTRUCTURED_DB/2022/july/254564.json
2025-12-05 19:20:35,338 - INFO - Scraping G.R. No. 258456 (2022): Giorgidi B. Aggabao and Amelita S. Navarro vs. Com...
2025-12-05 19:20:35,588 - INFO -   ✓ Found at: https://lawphil.net/judjuris/juri2022/jul2022/gr_258456_2022.html
2025-12-05 19:20:35,592 - INFO -   ✓ Saved: RESTRUCTURED_DB/2022/july/258456.json
2025-12-05 19:20:36,092 - INFO - Scraping G.R. No. 209099 (2022): Gil A. Valera vs. People of the Philippines...
2025-12-05 19:20:44,344 - WARNING -   ✗ Not found for G.R. No. 209099
2025-12-05 19:20:44,844 - INFO - Scraping G.R. No. 254552 (2022): People of the Philippines vs. Rico P. Valdellon, L...
2025-12-05 19:20:45,212 - INFO -   ✓ Found at: https://lawphil.net/judjuris/juri2022/jul2022/gr_254552_2022.html
2025-12-05 19:20:45,214 - INFO -   ✓ Saved: RESTRUCTURED_DB/2022/july/254552.json
2025-12-05 19:20:45,715 - INFO - Scraping G.R. No. 190509 (2022): Peak Ventures Corporation vs. Secretary of Labor a...
2025-12-05 19:20:46,155 - INFO -   ✓ Found at: https://lawphil.net/judjuris/juri2022/jul2022/gr_190509_2022.html
2025-12-05 19:20:46,156 - INFO -   ✓ Saved: RESTRUCTURED_DB/2022/july/190509.json
2025-12-05 19:20:46,657 - INFO - Scraping G.R. No. 250287 (2022): Zeth D. Fepolan vs. Neil F. Fepolan...
2025-12-05 19:20:47,390 - INFO -   ✓ Found at: https://lawphil.net/judjuris/juri2022/jul2022/gr_250287_2022.html
2025-12-05 19:20:47,393 - INFO -   ✓ Saved: RESTRUCTURED_DB/2022/july/250287.json
2025-12-05 19:20:47,893 - INFO - Scraping G.R. No. 250618 (2022): Jennifer A. Dedicatoria vs. Ferdinand M. Dedicator...
2025-12-05 19:20:48,706 - INFO -   ✓ Found at: https://lawphil.net/judjuris/juri2022/jul2022/gr_250618_2022.html
2025-12-05 19:20:48,708 - INFO -   ✓ Saved: RESTRUCTURED_DB/2022/july/250618.json
2025-12-05 19:20:49,208 - INFO - Scraping G.R. No. 248675 (2022): Claudine Monette Baldovino-Torres vs. Jasper A. To...
2025-12-05 19:20:49,701 - INFO -   ✓ Found at: https://lawphil.net/judjuris/juri2022/jul2022/gr_248675_2022.html
2025-12-05 19:20:49,703 - INFO -   ✓ Saved: RESTRUCTURED_DB/2022/july/248675.json
2025-12-05 19:20:50,203 - INFO - Scraping G.R. No. 250981 (2022): National Steel Corporation, represented by its dut...
2025-12-05 19:20:50,665 - INFO -   ✓ Found at: https://lawphil.net/judjuris/juri2022/jul2022/gr_250981_2022.html
2025-12-05 19:20:50,667 - INFO -   ✓ Saved: RESTRUCTURED_DB/2022/july/250981.json
2025-12-05 19:20:51,167 - INFO - Scraping G.R. No. 238910 (2022): People of the Philippines vs. Perlita Castro Urqui...
2025-12-05 19:20:51,483 - INFO -   ✓ Found at: https://lawphil.net/judjuris/juri2022/jul2022/gr_238910_2022.html
2025-12-05 19:20:51,486 - INFO -   ✓ Saved: RESTRUCTURED_DB/2022/july/238910.json
2025-12-05 19:20:51,987 - INFO - Scraping G.R. No. 226887 (2022): Mariano Malones y Malificio and Edna M. Madarico v...
2025-12-05 19:20:59,941 - WARNING -   ✗ Not found for G.R. No. 226887
2025-12-05 19:21:00,441 - INFO - Scraping G.R. No. 256141 (2022): Belinda Alexander vs. Spouses Jorge and Hilaria Es...
2025-12-05 19:21:01,131 - INFO -   ✓ Found at: https://lawphil.net/judjuris/juri2022/jul2022/gr_256141_2022.html
2025-12-05 19:21:01,134 - INFO -   ✓ Saved: RESTRUCTURED_DB/2022/july/256141.json
2025-12-05 19:21:01,634 - INFO - Scraping G.R. No. 236263 (2022): Oceanmarine Resources Corporation vs. Jenny Rose G...
2025-12-05 19:21:02,102 - INFO -   ✓ Found at: https://lawphil.net/judjuris/juri2022/jul2022/gr_236263_2022.html
2025-12-05 19:21:02,108 - INFO -   ✓ Saved: RESTRUCTURED_DB/2022/july/236263.json
2025-12-05 19:21:02,609 - INFO - Scraping G.R. No. 202897 (2022): Maynilad Water Services, Inc. vs. the Secretary of...
2025-12-05 19:21:02,944 - INFO -   ✓ Found at: https://lawphil.net/judjuris/juri2022/jul2022/gr_202897_2022.html
2025-12-05 19:21:02,946 - INFO -   ✓ Saved: RESTRUCTURED_DB/2022/july/202897.json
2025-12-05 19:21:03,446 - INFO - Scraping G.R. No. 214747 (2022): Nemia T. Magaluna, Anecia C. Pore, Edelyn D. Espej...
2025-12-05 19:21:03,698 - INFO -   ✓ Found at: https://lawphil.net/judjuris/juri2022/jul2022/gr_214747_2022.html
2025-12-05 19:21:03,700 - INFO -   ✓ Saved: RESTRUCTURED_DB/2022/july/214747.json
2025-12-05 19:21:04,200 - INFO - Scraping G.R. No. 250479 (2022): Maibarara Geothermal, Inc. vs. Commissioner of Int...
2025-12-05 19:21:04,554 - INFO -   ✓ Found at: https://lawphil.net/judjuris/juri2022/jul2022/gr_250479_2022.html
2025-12-05 19:21:04,556 - INFO -   ✓ Saved: RESTRUCTURED_DB/2022/july/250479.json
2025-12-05 19:21:05,056 - INFO - Scraping G.R. No. 254747 (2022): People of the Philippines vs. Rod Angeles y Manlap...
2025-12-05 19:21:05,895 - INFO -   ✓ Found at: https://lawphil.net/judjuris/juri2022/jul2022/gr_254747_2022.html
2025-12-05 19:21:05,897 - INFO -   ✓ Saved: RESTRUCTURED_DB/2022/july/254747.json
2025-12-05 19:21:06,397 - INFO - Scraping G.R. No. 249178 (2022): Aida Egmalis-Ke-Eg vs. Republic of the Philippines...
2025-12-05 19:21:06,669 - INFO -   ✓ Found at: https://lawphil.net/judjuris/juri2022/jul2022/gr_249178_2022.html
2025-12-05 19:21:06,671 - INFO -   ✓ Saved: RESTRUCTURED_DB/2022/july/249178.json
2025-12-05 19:21:07,172 - INFO - Scraping G.R. No. 253930 (2022): Paulo Castil y Alvero vs. People of the Philippine...
2025-12-05 19:21:07,876 - INFO -   ✓ Found at: https://lawphil.net/judjuris/juri2022/jul2022/gr_253930_2022.html
2025-12-05 19:21:07,877 - INFO -   ✓ Saved: RESTRUCTURED_DB/2022/july/253930.json
2025-12-05 19:21:08,377 - INFO - Scraping G.R. No. 255934 (2022): Deanna Du vs. Ronald A. Oritle in his capacity as ...
2025-12-05 19:21:08,624 - INFO -   ✓ Found at: https://lawphil.net/judjuris/juri2022/jul2022/gr_255934_2022.html
2025-12-05 19:21:08,627 - INFO -   ✓ Saved: RESTRUCTURED_DB/2022/july/255934.json
2025-12-05 19:21:09,127 - INFO - Scraping G.R. No. 249668 (2022): City of Davao and Bella Linda N. Tanjili, in her O...
2025-12-05 19:21:09,598 - INFO -   ✓ Found at: https://lawphil.net/judjuris/juri2022/jul2022/gr_249668_2022.html
2025-12-05 19:21:09,599 - INFO -   ✓ Saved: RESTRUCTURED_DB/2022/july/249668.json
2025-12-05 19:21:10,099 - INFO - Scraping G.R. No. 257450 (2022): Ian Agravante y De Ocavs.People of the Philippines...
2025-12-05 19:21:10,778 - INFO -   ✓ Found at: https://lawphil.net/judjuris/juri2022/jul2022/gr_257450_2022.html
2025-12-05 19:21:10,780 - INFO -   ✓ Saved: RESTRUCTURED_DB/2022/july/257450.json
2025-12-05 19:21:11,280 - INFO - Scraping G.R. No. 205836 (2022): Bureau of Customs Employees Association (BOCEA), R...
2025-12-05 19:21:11,825 - INFO -   ✓ Found at: https://lawphil.net/judjuris/juri2022/jul2022/gr_205836_2022.html
2025-12-05 19:21:11,831 - INFO -   ✓ Saved: RESTRUCTURED_DB/2022/july/205836.json
2025-12-05 19:21:12,331 - INFO - Scraping G.R. No. 247414 (2022): Rolando Magaña Pacuribot vs. Honorable Sandiganbay...
2025-12-05 19:21:13,156 - INFO -   ✓ Found at: https://lawphil.net/judjuris/juri2022/jul2022/gr_247414_2022.html
2025-12-05 19:21:13,158 - INFO -   ✓ Saved: RESTRUCTURED_DB/2022/july/247414.json
2025-12-05 19:21:13,658 - INFO - Scraping G.R. No. 253287 (2022): People of the Philippines vs. Kenneth John Graham ...
2025-12-05 19:21:14,338 - INFO -   ✓ Found at: https://lawphil.net/judjuris/juri2022/jul2022/gr_253287_2022.html
2025-12-05 19:21:14,343 - INFO -   ✓ Saved: RESTRUCTURED_DB/2022/july/253287.json
2025-12-05 19:21:14,843 - INFO - Scraping G.R. No. 255864 (2022): Universal Robina Corporation vs. Roberto De Guzman...
2025-12-05 19:21:15,394 - INFO -   ✓ Found at: https://lawphil.net/judjuris/juri2022/jul2022/gr_255864_2022.html
2025-12-05 19:21:15,395 - INFO -   ✓ Saved: RESTRUCTURED_DB/2022/july/255864.json
2025-12-05 19:21:15,895 - INFO - Scraping G.R. No. 187175 (2022): XXX vs. AAA,BBB, and Minor CCC...
2025-12-05 19:21:16,417 - INFO -   ✓ Found at: https://lawphil.net/judjuris/juri2022/jul2022/gr_187175_2022.html
2025-12-05 19:21:16,423 - INFO -   ✓ Saved: RESTRUCTURED_DB/2022/july/187175.json
2025-12-05 19:21:16,923 - INFO - 
Batch 1 complete:
2025-12-05 19:21:16,923 - INFO -   Successful: 88
2025-12-05 19:21:16,924 - INFO -   Failed: 12
2025-12-05 19:21:16,924 - INFO -   Skipped: 0
2025-12-05 19:21:16,924 - INFO - 
Overall progress: 100/181 cases
2025-12-05 19:21:16,924 - INFO - 
================================================================================
2025-12-05 19:21:16,924 - INFO - BATCH 2/2 (81 cases)
2025-12-05 19:21:16,924 - INFO - ================================================================================
2025-12-05 19:21:16,924 - INFO - Scraping G.R. No. 249606 (2022): Alicia O. Fernandez, Anthony Joey S. Tan, Reynaldo...
2025-12-05 19:21:17,249 - INFO -   ✓ Found at: https://lawphil.net/judjuris/juri2022/jul2022/gr_249606_2022.html
2025-12-05 19:21:17,255 - INFO -   ✓ Saved: RESTRUCTURED_DB/2022/july/249606.json
2025-12-05 19:21:17,756 - INFO - Scraping G.R. No. 248495 (2022): Engr. Ruben Y. Yu, doing business under the name a...
2025-12-05 19:21:18,521 - INFO -   ✓ Found at: https://lawphil.net/judjuris/juri2022/jul2022/gr_248495_2022.html
2025-12-05 19:21:18,523 - INFO -   ✓ Saved: RESTRUCTURED_DB/2022/july/248495.json
2025-12-05 19:21:19,023 - INFO - Scraping G.R. No. 235086 (2022): Department of Agrarian Reform vs. Justiniana Itlio...
2025-12-05 19:21:19,490 - INFO -   ✓ Found at: https://lawphil.net/judjuris/juri2022/jul2022/gr_235086_2022.html
2025-12-05 19:21:19,492 - INFO -   ✓ Saved: RESTRUCTURED_DB/2022/july/235086.json
2025-12-05 19:21:19,993 - INFO - Scraping G.R. No. 252353 (2022): People of the Philippines vs. Jerrie Arraz y Rodri...
2025-12-05 19:21:20,681 - INFO -   ✓ Found at: https://lawphil.net/judjuris/juri2022/jul2022/gr_252353_2022.html
2025-12-05 19:21:20,684 - INFO -   ✓ Saved: RESTRUCTURED_DB/2022/july/252353.json
2025-12-05 19:21:21,184 - INFO - Scraping G.R. No. 246780 (2022): People of the Philippines vs. Luisito Enriquez Mar...
2025-12-05 19:21:29,421 - WARNING -   ✗ Not found for G.R. No. 246780
2025-12-05 19:21:29,922 - INFO - Scraping G.R. No. 238468 (2022): Perlita Mabalo vs. Heirs of Roman Babuyo, represen...
2025-12-05 19:21:30,498 - INFO -   ✓ Found at: https://lawphil.net/judjuris/juri2022/jul2022/gr_238468_2022.html
2025-12-05 19:21:30,501 - INFO -   ✓ Saved: RESTRUCTURED_DB/2022/july/238468.json
2025-12-05 19:21:31,001 - INFO - Scraping G.R. No. 239010 (2022): Securities and Exchange Commission vs. AZ 17/31 Re...
2025-12-05 19:21:31,662 - INFO -   ✓ Found at: https://lawphil.net/judjuris/juri2022/jul2022/gr_239010_2022.html
2025-12-05 19:21:31,664 - INFO -   ✓ Saved: RESTRUCTURED_DB/2022/july/239010.json
2025-12-05 19:21:32,165 - INFO - Scraping G.R. No. 254412 (2022): People of the Philippines vs. Joel Fandialan y Ber...
2025-12-05 19:21:32,625 - INFO -   ✓ Found at: https://lawphil.net/judjuris/juri2022/jul2022/gr_254412_2022.html
2025-12-05 19:21:32,626 - INFO -   ✓ Saved: RESTRUCTURED_DB/2022/july/254412.json
2025-12-05 19:21:33,126 - INFO - Scraping G.R. No. 234365 (2022): Philippine Transmarine Carriers, Inc. and/or Seasp...
2025-12-05 19:21:33,374 - INFO -   ✓ Found at: https://lawphil.net/judjuris/juri2022/jul2022/gr_234365_2022.html
2025-12-05 19:21:33,377 - INFO -   ✓ Saved: RESTRUCTURED_DB/2022/july/234365.json
2025-12-05 19:21:33,877 - INFO - Scraping G.R. No. 212670 (2022): Movie and Television Review and Classfication Boar...
2025-12-05 19:21:34,137 - INFO -   ✓ Found at: https://lawphil.net/judjuris/juri2022/jul2022/gr_212670_2022.html
2025-12-05 19:21:34,138 - INFO -   ✓ Saved: RESTRUCTURED_DB/2022/july/212670.json
2025-12-05 19:21:34,639 - INFO - Scraping G.R. No. 242892 (2022): Apolinario T. Camsol, Anecita C. Suyat, Marcelino ...
2025-12-05 19:21:34,885 - INFO -   ✓ Found at: https://lawphil.net/judjuris/juri2022/jul2022/gr_242892_2022.html
2025-12-05 19:21:34,887 - INFO -   ✓ Saved: RESTRUCTURED_DB/2022/july/242892.json
2025-12-05 19:21:35,387 - INFO - Scraping G.R. No. 218087 (2022): People of the Philippines vs. XXX...
2025-12-05 19:21:43,634 - WARNING -   ✗ Not found for G.R. No. 218087
2025-12-05 19:21:44,135 - INFO - Scraping G.R. No. 214290 (2022): Crown Shipping Services/Dolphin Shipmanagement Inc...
2025-12-05 19:21:52,269 - WARNING -   ✗ Not found for G.R. No. 214290
2025-12-05 19:21:52,770 - INFO - Scraping G.R. No. 249410 (2022): Maria Teresa Dino Basa-Egami vs. Dr. Lisa Grace Be...
2025-12-05 19:21:53,606 - INFO -   ✓ Found at: https://lawphil.net/judjuris/juri2022/jul2022/gr_249410_2022.html
2025-12-05 19:21:53,609 - INFO -   ✓ Saved: RESTRUCTURED_DB/2022/july/249410.json
2025-12-05 19:21:54,110 - INFO - Scraping G.R. No. 242866 (2022): Albert K.S. Tan II vs. People of the Philippines...
2025-12-05 19:21:54,352 - INFO -   ✓ Found at: https://lawphil.net/judjuris/juri2022/jul2022/gr_242866_2022.html
2025-12-05 19:21:54,355 - INFO -   ✓ Saved: RESTRUCTURED_DB/2022/july/242866.json
2025-12-05 19:21:54,855 - INFO - Scraping G.R. No. 233679 (2022): Adstratworld Holdings, Inc. Judito B. Callao and J...
2025-12-05 19:21:55,101 - INFO -   ✓ Found at: https://lawphil.net/judjuris/juri2022/jul2022/gr_233679_2022.html
2025-12-05 19:21:55,104 - INFO -   ✓ Saved: RESTRUCTURED_DB/2022/july/233679.json
2025-12-05 19:21:55,604 - INFO - Scraping G.R. No. 240184 (2022): Musahamat Workers Labor Union-1-Alu vs. Musahamat ...
2025-12-05 19:21:55,970 - INFO -   ✓ Found at: https://lawphil.net/judjuris/juri2022/jul2022/gr_240184_2022.html
2025-12-05 19:21:55,973 - INFO -   ✓ Saved: RESTRUCTURED_DB/2022/july/240184.json
2025-12-05 19:21:56,473 - INFO - Scraping G.R. No. 257608 (2022): The Senate of the Philippines vs. the Executive Se...
2025-12-05 19:21:56,827 - INFO -   ✓ Found at: https://lawphil.net/judjuris/juri2022/jul2022/gr_257608_2022.html
2025-12-05 19:21:56,829 - INFO -   ✓ Saved: RESTRUCTURED_DB/2022/july/257608.json
2025-12-05 19:21:57,329 - INFO - Scraping G.R. No. 213860 (2022): The Philippine Stock Exchange, Inc., Bankers Assoc...
2025-12-05 19:21:57,863 - INFO -   ✓ Found at: https://lawphil.net/judjuris/juri2022/jul2022/gr_213860_2022.html
2025-12-05 19:21:57,867 - INFO -   ✓ Saved: RESTRUCTURED_DB/2022/july/213860.json
2025-12-05 19:21:58,367 - INFO - Scraping G.R. No. 215159 (2022): Chevron Holdings, Inc. (formerly Caltex Asia Limit...
2025-12-05 19:21:59,117 - INFO -   ✓ Found at: https://lawphil.net/judjuris/juri2022/jul2022/gr_215159_2022.html
2025-12-05 19:21:59,121 - INFO -   ✓ Saved: RESTRUCTURED_DB/2022/july/215159.json
2025-12-05 19:21:59,621 - INFO - Scraping G.R. No. 241348 (2022): Loreto A. Cañaveras and Ofelia B. Cañaveras vs. Ju...
2025-12-05 19:22:00,299 - INFO -   ✓ Found at: https://lawphil.net/judjuris/juri2022/jul2022/gr_241348_2022.html
2025-12-05 19:22:00,301 - INFO -   ✓ Saved: RESTRUCTURED_DB/2022/july/241348.json
2025-12-05 19:22:00,801 - INFO - Scraping G.R. No. 258448 (2022): Wilson Caritero Amad vs. Commission on Elections...
2025-12-05 19:22:01,141 - INFO -   ✓ Found at: https://lawphil.net/judjuris/juri2022/jul2022/gr_258448_2022.html
2025-12-05 19:22:01,143 - INFO -   ✓ Saved: RESTRUCTURED_DB/2022/july/258448.json
2025-12-05 19:22:01,643 - INFO - Scraping G.R. No. 243163 (2022): International Exchange Bank (Now Unionbank of the ...
2025-12-05 19:22:09,984 - WARNING -   ✗ Not found for G.R. No. 243163
2025-12-05 19:22:10,485 - INFO - Scraping G.R. No. 255157 (2022): Onesimo Agapito vs. Marilyn F. Agapito...
2025-12-05 19:22:18,826 - WARNING -   ✗ Not found for G.R. No. 255157
2025-12-05 19:22:19,326 - INFO - Scraping G.R. No. 249815 (2022): Gloria A. Chico vs. Elsie Ciudadano...
2025-12-05 19:22:19,760 - INFO -   ✓ Found at: https://lawphil.net/judjuris/juri2022/jul2022/gr_249815_2022.html
2025-12-05 19:22:19,762 - INFO -   ✓ Saved: RESTRUCTURED_DB/2022/july/249815.json
2025-12-05 19:22:20,262 - INFO - Scraping G.R. No. 206042 (2022): Amalgamated Motors Philippines, Inc. vs. Secretary...
2025-12-05 19:22:20,679 - INFO -   ✓ Found at: https://lawphil.net/judjuris/juri2022/jul2022/gr_206042_2022.html
2025-12-05 19:22:20,681 - INFO -   ✓ Saved: RESTRUCTURED_DB/2022/july/206042.json
2025-12-05 19:22:21,182 - INFO - Scraping G.R. No. 240202 (2022): Susan B. Villafuerte, Elenita P. Eroy, Larraine L....
2025-12-05 19:22:29,432 - WARNING -   ✗ Not found for G.R. No. 240202
2025-12-05 19:22:29,933 - INFO - Scraping G.R. No. 254830 (2022): Engr. Jose S. Dela Cruz vs. First Bukidnon Electri...
2025-12-05 19:22:30,449 - INFO -   ✓ Found at: https://lawphil.net/judjuris/juri2022/jun2022/gr_254830_2022.html
2025-12-05 19:22:30,450 - INFO -   ✓ Saved: RESTRUCTURED_DB/2022/june/254830.json
2025-12-05 19:22:30,950 - INFO - Scraping G.R. No. 242928 (2022): Loue B. Mutia vs. C.F. Sharp Crew Mgt....
2025-12-05 19:22:31,201 - INFO -   ✓ Found at: https://lawphil.net/judjuris/juri2022/jun2022/gr_242928_2022.html
2025-12-05 19:22:31,203 - INFO -   ✓ Saved: RESTRUCTURED_DB/2022/june/242928.json
2025-12-05 19:22:31,704 - INFO - Scraping G.R. No. 251587 (2022): People of the Philippines vs. Rogelio M. Pimentel ...
2025-12-05 19:22:39,830 - WARNING -   ✗ Not found for G.R. No. 251587
2025-12-05 19:22:40,331 - INFO - Scraping G.R. No. 252214 (2022): People of the Philippines vs. Bbb...
2025-12-05 19:22:40,636 - INFO -   ✓ Found at: https://lawphil.net/judjuris/juri2022/jun2022/gr_252214_2022.html
2025-12-05 19:22:40,637 - INFO -   ✓ Saved: RESTRUCTURED_DB/2022/june/252214.json
2025-12-05 19:22:41,137 - INFO - Scraping G.R. No. 252252 (2022): People of the Philippines vs. Eduardo M. Paguio...
2025-12-05 19:22:41,597 - INFO -   ✓ Found at: https://lawphil.net/judjuris/juri2022/jun2022/gr_252252_2022.html
2025-12-05 19:22:41,598 - INFO -   ✓ Saved: RESTRUCTURED_DB/2022/june/252252.json
2025-12-05 19:22:42,098 - INFO - Scraping G.R. No. 243477 (2022): Asec Development and Construction Corporation vs. ...
2025-12-05 19:22:50,276 - WARNING -   ✗ Not found for G.R. No. 243477
2025-12-05 19:22:50,777 - INFO - Scraping G.R. No. 214590 (2022): Estate of Susano J. Rodriguez, represented by its ...
2025-12-05 19:22:51,237 - INFO -   ✓ Found at: https://lawphil.net/judjuris/juri2022/apr2022/gr_214590_2022.html
2025-12-05 19:22:51,240 - INFO -   ✓ Saved: RESTRUCTURED_DB/2022/april/214590.json
2025-12-05 19:22:51,740 - INFO - Scraping G.R. No. 227655 (2022): Skanfil Maritime Services, Inc., and/or Crown Ship...
2025-12-05 19:22:51,993 - INFO -   ✓ Found at: https://lawphil.net/judjuris/juri2022/apr2022/gr_227655_2022.html
2025-12-05 19:22:51,995 - INFO -   ✓ Saved: RESTRUCTURED_DB/2022/april/227655.json
2025-12-05 19:22:52,495 - INFO - Scraping G.R. No. 229026 (2022): Task Force Abono-Field Investigation Office, Offic...
2025-12-05 19:23:00,455 - WARNING -   ✗ Not found for G.R. No. 229026
2025-12-05 19:23:00,955 - INFO - Scraping G.R. No. 238282 (2022): Joseph T. Soriano vs. People of the Philippines...
2025-12-05 19:23:01,243 - INFO -   ✓ Found at: https://lawphil.net/judjuris/juri2022/apr2022/gr_238282_2022.html
2025-12-05 19:23:01,244 - INFO -   ✓ Saved: RESTRUCTURED_DB/2022/april/238282.json
2025-12-05 19:23:01,745 - INFO - Scraping G.R. No. 255656 (2022): Jules King M. Paiton, James C. Adriatico, Isagani ...
2025-12-05 19:23:02,003 - INFO -   ✓ Found at: https://lawphil.net/judjuris/juri2022/apr2022/gr_255656_2022.html
2025-12-05 19:23:02,004 - INFO -   ✓ Saved: RESTRUCTURED_DB/2022/april/255656.json
2025-12-05 19:23:02,505 - INFO - Scraping G.R. No. 217119 (2022): Systems and Plan Integrator and Development Corpor...
2025-12-05 19:23:02,840 - INFO -   ✓ Found at: https://lawphil.net/judjuris/juri2022/apr2022/gr_217119_2022.html
2025-12-05 19:23:02,842 - INFO -   ✓ Saved: RESTRUCTURED_DB/2022/april/217119.json
2025-12-05 19:23:03,342 - INFO - Scraping G.R. No. 245931 (2022): People of the Philippines vs. Rene Mondejar, et al...
2025-12-05 19:23:11,781 - WARNING -   ✗ Not found for G.R. No. 245931
2025-12-05 19:23:12,281 - INFO - Scraping G.R. No. 213888 (2022): Heirs of Procopio Borras, namely: Victoriano Borra...
2025-12-05 19:23:12,844 - INFO -   ✓ Found at: https://lawphil.net/judjuris/juri2022/apr2022/gr_213888_2022.html
2025-12-05 19:23:12,845 - INFO -   ✓ Saved: RESTRUCTURED_DB/2022/april/213888.json
2025-12-05 19:23:13,345 - INFO - Scraping G.R. No. 248304 (2022): Marlon Butial Agapito vs. Aeroplus Milti-Services,...
2025-12-05 19:23:13,591 - INFO -   ✓ Found at: https://lawphil.net/judjuris/juri2022/apr2022/gr_248304_2022.html
2025-12-05 19:23:13,593 - INFO -   ✓ Saved: RESTRUCTURED_DB/2022/april/248304.json
2025-12-05 19:23:14,093 - INFO - Scraping G.R. No. 241370 (2022): Municipality of Bakun, Benguet, herein represented...
2025-12-05 19:23:14,666 - INFO -   ✓ Found at: https://lawphil.net/judjuris/juri2022/apr2022/gr_241370_2022.html
2025-12-05 19:23:14,667 - INFO -   ✓ Saved: RESTRUCTURED_DB/2022/april/241370.json
2025-12-05 19:23:15,168 - INFO - Scraping G.R. No. 213954 (2022): Hannamer C. Pugoy-Solidum vs. Republic of the Phil...
2025-12-05 19:23:15,630 - INFO -   ✓ Found at: https://lawphil.net/judjuris/juri2022/apr2022/gr_213954_2022.html
2025-12-05 19:23:15,632 - INFO -   ✓ Saved: RESTRUCTURED_DB/2022/april/213954.json
2025-12-05 19:23:16,132 - INFO - Scraping G.R. No. 247916 (2022): Radm Cecil R. Chen PCG (Ret.) vs. Field Investigat...
2025-12-05 19:23:16,797 - INFO -   ✓ Found at: https://lawphil.net/judjuris/juri2022/apr2022/gr_247916_2022.html
2025-12-05 19:23:16,799 - INFO -   ✓ Saved: RESTRUCTURED_DB/2022/april/247916.json
2025-12-05 19:23:17,299 - INFO - Scraping G.R. No. 238940 (2022): Antoneita Abella, Mancio Danilo Alegado, Alberto B...
2025-12-05 19:23:17,676 - INFO -   ✓ Found at: https://lawphil.net/judjuris/juri2022/apr2022/gr_238940_2022.html
2025-12-05 19:23:17,678 - INFO -   ✓ Saved: RESTRUCTURED_DB/2022/april/238940.json
2025-12-05 19:23:18,178 - INFO - Scraping G.R. No. 244433 (2022): Antonio R. Cruz and Loreto Teresita Cruz-Dimayacya...
2025-12-05 19:23:18,679 - INFO -   ✓ Found at: https://lawphil.net/judjuris/juri2022/apr2022/gr_244433_2022.html
2025-12-05 19:23:18,681 - INFO -   ✓ Saved: RESTRUCTURED_DB/2022/april/244433.json
2025-12-05 19:23:19,181 - INFO - Scraping G.R. No. 236827 (2022): Elizabeth A. Alberto vs. Jose Luis R. Alberto and ...
2025-12-05 19:23:19,687 - INFO -   ✓ Found at: https://lawphil.net/judjuris/juri2022/apr2022/gr_236827_2022.html
2025-12-05 19:23:19,688 - INFO -   ✓ Saved: RESTRUCTURED_DB/2022/april/236827.json
2025-12-05 19:23:20,188 - INFO - Scraping G.R. No. 219755 (2022): Richard N. Wahing, Ronald L. Calago and Pablo P. M...
2025-12-05 19:23:21,042 - INFO -   ✓ Found at: https://lawphil.net/judjuris/juri2022/apr2022/gr_219755_2022.html
2025-12-05 19:23:21,044 - INFO -   ✓ Saved: RESTRUCTURED_DB/2022/april/219755.json
2025-12-05 19:23:21,544 - INFO - Scraping G.R. No. 201700 (2022): Deutsche Bank AG London, substituted by A & L Fish...
2025-12-05 19:23:21,804 - INFO -   ✓ Found at: https://lawphil.net/judjuris/juri2022/apr2022/gr_201700_2022.html
2025-12-05 19:23:21,805 - INFO -   ✓ Saved: RESTRUCTURED_DB/2022/april/201700.json
2025-12-05 19:23:22,306 - INFO - Scraping G.R. No. 236075 (2022): Marilyn L. Go Ramos-Yeo, Laurence L. Go, and Montg...
2025-12-05 19:23:22,774 - INFO -   ✓ Found at: https://lawphil.net/judjuris/juri2022/apr2022/gr_236075_2022.html
2025-12-05 19:23:22,775 - INFO -   ✓ Saved: RESTRUCTURED_DB/2022/april/236075.json
2025-12-05 19:23:23,275 - INFO - Scraping G.R. No. 255491 (2022): People of the Philippines vs. XXX...
2025-12-05 19:23:23,519 - INFO -   ✓ Found at: https://lawphil.net/judjuris/juri2022/apr2022/gr_255491_2022.html
2025-12-05 19:23:23,520 - INFO -   ✓ Saved: RESTRUCTURED_DB/2022/april/255491.json
2025-12-05 19:23:24,021 - INFO - Scraping G.R. No. 204226 (2022): Bureau of Internal Revenue vs. Tico Insurance Comp...
2025-12-05 19:23:24,274 - INFO -   ✓ Found at: https://lawphil.net/judjuris/juri2022/apr2022/gr_204226_2022.html
2025-12-05 19:23:24,276 - INFO -   ✓ Saved: RESTRUCTURED_DB/2022/april/204226.json
2025-12-05 19:23:24,777 - INFO - Scraping G.R. No. 197510 (2022): Province of Bataan vs. Hon. Orlando C. Casimiro, i...
2025-12-05 19:23:32,782 - WARNING -   ✗ Not found for G.R. No. 197510
2025-12-05 19:23:33,283 - INFO - Scraping G.R. No. 252507 (2022): People of the Philippines vs. BBB and XXX...
2025-12-05 19:23:33,540 - INFO -   ✓ Found at: https://lawphil.net/judjuris/juri2022/apr2022/gr_252507_2022.html
2025-12-05 19:23:33,541 - INFO -   ✓ Saved: RESTRUCTURED_DB/2022/april/252507.json
2025-12-05 19:23:34,042 - INFO - Scraping G.R. No. 250366 (2022): People of the Philippines vs. Carlos Racadio Asunc...
2025-12-05 19:23:34,953 - INFO -   ✓ Found at: https://lawphil.net/judjuris/juri2022/apr2022/gr_250366_2022.html
2025-12-05 19:23:34,956 - INFO -   ✓ Saved: RESTRUCTURED_DB/2022/april/250366.json
2025-12-05 19:23:35,456 - INFO - Scraping G.R. No. 236619 (2022): Heirs of Manuel Eñano, represented by Virgilio A. ...
2025-12-05 19:23:35,728 - INFO -   ✓ Found at: https://lawphil.net/judjuris/juri2022/apr2022/gr_236619_2022.html
2025-12-05 19:23:35,730 - INFO -   ✓ Saved: RESTRUCTURED_DB/2022/april/236619.json
2025-12-05 19:23:36,231 - INFO - Scraping G.R. No. 252258 (2022): People of the Philippines vs. Richard R. Enojo...
2025-12-05 19:23:36,472 - INFO -   ✓ Found at: https://lawphil.net/judjuris/juri2022/apr2022/gr_252258_2022.html
2025-12-05 19:23:36,473 - INFO -   ✓ Saved: RESTRUCTURED_DB/2022/april/252258.json
2025-12-05 19:23:36,973 - INFO - Scraping G.R. No. 245938 (2022): Cattleya R. Cambil vs. Kabalikat Para Maunlad na B...
2025-12-05 19:23:37,653 - INFO -   ✓ Found at: https://lawphil.net/judjuris/juri2022/apr2022/gr_245938_2022.html
2025-12-05 19:23:37,655 - INFO -   ✓ Saved: RESTRUCTURED_DB/2022/april/245938.json
2025-12-05 19:23:38,155 - INFO - Scraping G.R. No. 254394 (2022): Libertad O. Alameda, D.M.D., Municipal Mayor, Mari...
2025-12-05 19:23:38,610 - INFO -   ✓ Found at: https://lawphil.net/judjuris/juri2022/apr2022/gr_254394_2022.html
2025-12-05 19:23:38,612 - INFO -   ✓ Saved: RESTRUCTURED_DB/2022/april/254394.json
2025-12-05 19:23:39,112 - INFO - Scraping G.R. No. 249344 (2022): Westminster Seafarer Management Philippines, Inc. ...
2025-12-05 19:23:39,357 - INFO -   ✓ Found at: https://lawphil.net/judjuris/juri2022/apr2022/gr_249344_2022.html
2025-12-05 19:23:39,359 - INFO -   ✓ Saved: RESTRUCTURED_DB/2022/april/249344.json
2025-12-05 19:23:39,859 - INFO - Scraping G.R. No. 198629 (2022): Republic of the Philippines vs. Efren S. Buenavent...
2025-12-05 19:23:40,733 - INFO -   ✓ Found at: https://lawphil.net/judjuris/juri2022/apr2022/gr_198629_2022.html
2025-12-05 19:23:40,735 - INFO -   ✓ Saved: RESTRUCTURED_DB/2022/april/198629.json
2025-12-05 19:23:41,235 - INFO - Scraping G.R. No. 191611 (2022): Librado M. Cabrera and Fe M. Cabrera vs. People of...
2025-12-05 19:23:49,396 - WARNING -   ✗ Not found for G.R. No. 191611
2025-12-05 19:23:49,896 - INFO - Scraping G.R. No. 252940 (2022): Central Bay Reclamation and Development Corporatio...
2025-12-05 19:23:50,142 - INFO -   ✓ Found at: https://lawphil.net/judjuris/juri2022/apr2022/gr_252940_2022.html
2025-12-05 19:23:50,144 - INFO -   ✓ Saved: RESTRUCTURED_DB/2022/april/252940.json
2025-12-05 19:23:50,644 - INFO - Scraping G.R. No. 230735 (2022): Edgardo M. Paglinawan vs. DOHLE Philman Agency, In...
2025-12-05 19:23:50,884 - INFO -   ✓ Found at: https://lawphil.net/judjuris/juri2022/apr2022/gr_230735_2022.html
2025-12-05 19:23:50,886 - INFO -   ✓ Saved: RESTRUCTURED_DB/2022/april/230735.json
2025-12-05 19:23:51,386 - INFO - Scraping G.R. No. 221978 (2022): DMCI Project Developers, Inc. vs. Nelia Bernadas, ...
2025-12-05 19:23:52,010 - INFO -   ✓ Found at: https://lawphil.net/judjuris/juri2022/apr2022/gr_221978_2022.html
2025-12-05 19:23:52,013 - INFO -   ✓ Saved: RESTRUCTURED_DB/2022/april/221978.json
2025-12-05 19:23:52,513 - INFO - Scraping G.R. No. 249351 (2022): Edna Luisa B. Simon vs. the Results Companies and ...
2025-12-05 19:24:01,226 - WARNING -   ✗ Not found for G.R. No. 249351
2025-12-05 19:24:01,727 - INFO - Scraping G.R. No. 240187 (2022): Martin R. Buenaflor vs. Federated Distributors, In...
2025-12-05 19:24:10,142 - WARNING -   ✗ Not found for G.R. No. 240187
2025-12-05 19:24:10,643 - INFO - Scraping G.R. No. 249564 (2022): People of the Philippines vs. Ma. Consuelo Toroba ...
2025-12-05 19:24:11,379 - INFO -   ✓ Found at: https://lawphil.net/judjuris/juri2022/mar2022/gr_249564_2022.html
2025-12-05 19:24:11,381 - INFO -   ✓ Saved: RESTRUCTURED_DB/2022/march/249564.json
2025-12-05 19:24:11,882 - INFO - Scraping G.R. No. 207853 (2022): Clark Development Corporation, Petitioner, and Gov...
2025-12-05 19:24:12,355 - INFO -   ✓ Found at: https://lawphil.net/judjuris/juri2022/mar2022/gr_207853_2022.html
2025-12-05 19:24:12,356 - INFO -   ✓ Saved: RESTRUCTURED_DB/2022/march/207853.json
2025-12-05 19:24:12,856 - INFO - Scraping G.R. No. 250100 (2022): People of the Philippines vs. Rommel C. Arnado...
2025-12-05 19:24:21,595 - WARNING -   ✗ Not found for G.R. No. 250100
2025-12-05 19:24:22,096 - INFO - Scraping G.R. No. 207220 (2022): Eric Wu a.k.a. Wu Chun and Daphny Chen vs. People ...
2025-12-05 19:24:30,800 - WARNING -   ✗ Not found for G.R. No. 207220
2025-12-05 19:24:31,300 - INFO - Scraping G.R. No. 218068 (2022): Philippine Deposit Insurance Corporation vs. Commi...
2025-12-05 19:24:31,692 - INFO -   ✓ Found at: https://lawphil.net/judjuris/juri2022/mar2022/gr_218068_2022.html
2025-12-05 19:24:31,694 - INFO -   ✓ Saved: RESTRUCTURED_DB/2022/march/218068.json
2025-12-05 19:24:32,194 - INFO - Scraping G.R. No. 214336 (2022): Quirino M. Libunao vs. People of the Philippines...
2025-12-05 19:24:40,227 - WARNING -   ✗ Not found for G.R. No. 214336
2025-12-05 19:24:40,728 - INFO - Scraping G.R. No. 225568 (2022): Lilybeth R. Perez vs. Office of the Ombudsman...
2025-12-05 19:24:49,036 - WARNING -   ✗ Not found for G.R. No. 225568
2025-12-05 19:24:49,537 - INFO - Scraping G.R. No. 235965 (2022): Rene C. Figueroa vs. Sandiganbayan, Special Third ...
2025-12-05 19:24:58,323 - WARNING -   ✗ Not found for G.R. No. 235965
2025-12-05 19:24:58,823 - INFO - Scraping G.R. No. 258391 (2022): People of the Philippines vs. Arthur Gabertan y Sa...
2025-12-05 19:25:07,465 - WARNING -   ✗ Not found for G.R. No. 258391
2025-12-05 19:25:07,965 - INFO - Scraping G.R. No. 202264 (2022): Alex Sulit Y Trinidad vs. People of te Philippines...
2025-12-05 19:25:16,339 - WARNING -   ✗ Not found for G.R. No. 202264
2025-12-05 19:25:16,840 - INFO - Scraping G.R. No. 202217 (2022): Pablo C. Hidalgo vs. Sonia Velasco...
2025-12-05 19:25:25,002 - WARNING -   ✗ Not found for G.R. No. 202217
2025-12-05 19:25:25,503 - INFO - Scraping G.R. No. 202206 (2022): People of the Philippines vs. Teng Moner y Adam...
2025-12-05 19:25:33,469 - WARNING -   ✗ Not found for G.R. No. 202206
2025-12-05 19:25:33,970 - INFO - 
Batch 2 complete:
2025-12-05 19:25:33,970 - INFO -   Successful: 57
2025-12-05 19:25:33,970 - INFO -   Failed: 23
2025-12-05 19:25:33,970 - INFO -   Skipped: 1
2025-12-05 19:25:33,970 - INFO - 
Overall progress: 181/181 cases
2025-12-05 19:25:33,970 - INFO - 
================================================================================
2025-12-05 19:25:33,970 - INFO - SCRAPING COMPLETE
2025-12-05 19:25:33,970 - INFO - ================================================================================
2025-12-05 19:25:33,970 - INFO - Total cases attempted: 181
2025-12-05 19:25:33,970 - INFO - Successfully scraped: 145
2025-12-05 19:25:33,970 - INFO - Failed: 35
2025-12-05 19:25:33,970 - INFO - Skipped (already exist): 1
2025-12-05 19:25:33,970 - INFO - Success rate: 80.6%
2025-12-05 19:25:33,970 - INFO - Time elapsed: 7.5 minutes
2025-12-05 19:25:33,970 - INFO - ================================================================================
