nohup: ignoring input
2025-12-05 19:04:50,509 - INFO - Loading missing cases list...
2025-12-05 19:04:50,525 - INFO - ================================================================================
2025-12-05 19:04:50,525 - INFO - LAWPHIL BATCH SCRAPER
2025-12-05 19:04:50,525 - INFO - ================================================================================
2025-12-05 19:04:50,525 - INFO - Database path: RESTRUCTURED_DB
2025-12-05 19:04:50,525 - INFO - Cases to scrape: 1062
2025-12-05 19:04:50,525 - INFO - Year range: 2010-2010
2025-12-05 19:04:50,525 - INFO - Batch size: 100
2025-12-05 19:04:50,525 - INFO - ================================================================================
2025-12-05 19:04:50,525 - INFO - 
================================================================================
2025-12-05 19:04:50,525 - INFO - BATCH 1/11 (100 cases)
2025-12-05 19:04:50,525 - INFO - ================================================================================
2025-12-05 19:04:50,525 - INFO - Scraping G.R. No. 201021 (2010): Pillars Property Corporation vs. Century Communiti...
2025-12-05 19:04:59,115 - WARNING -   ✗ Not found for G.R. No. 201021
2025-12-05 19:04:59,616 - INFO - Scraping G.R. No. 201031 (2010): Tomas R. Leonidas vs. Tancredo Vargas and Republic...
2025-12-05 19:05:08,396 - WARNING -   ✗ Not found for G.R. No. 201031
2025-12-05 19:05:08,896 - INFO - Scraping G.R. No. 149261 (2010): Azucena B. Corpuz vs. Roman G. Del Rosario...
2025-12-05 19:05:09,159 - INFO -   ✓ Found at: https://lawphil.net/judjuris/juri2010/dec2010/gr_149261_2010.html
2025-12-05 19:05:09,161 - INFO -   ✓ Saved: RESTRUCTURED_DB/2010/december/149261.json
2025-12-05 19:05:09,661 - INFO - Scraping G.R. No. 174833 (2010): Myrna P. Magana vs. Medicard Philippines, Inc., an...
2025-12-05 19:05:09,915 - INFO -   ✓ Found at: https://lawphil.net/judjuris/juri2010/dec2010/gr_174833_2010.html
2025-12-05 19:05:09,916 - INFO -   ✓ Saved: RESTRUCTURED_DB/2010/december/174833.json
2025-12-05 19:05:10,416 - INFO - Scraping G.R. No. 174251 (2010): Raul Palomata vs. Nestor Colmenares, et al....
2025-12-05 19:05:10,670 - INFO -   ✓ Found at: https://lawphil.net/judjuris/juri2010/dec2010/gr_174251_2010.html
2025-12-05 19:05:10,671 - INFO -   ✓ Saved: RESTRUCTURED_DB/2010/december/174251.json
2025-12-05 19:05:11,172 - INFO - Scraping G.R. No. 172841 (2010): Renato Reyes, represented by Ramon Reyes vs. leopo...
2025-12-05 19:05:11,426 - INFO -   ✓ Found at: https://lawphil.net/judjuris/juri2010/dec2010/gr_172841_2010.html
2025-12-05 19:05:11,428 - INFO -   ✓ Saved: RESTRUCTURED_DB/2010/december/172841.json
2025-12-05 19:05:11,928 - INFO - Scraping G.R. No. 173081 (2010): Ernesto Marcelo, Jr. and Lauro Llames vs. Rafael R...
2025-12-05 19:05:12,186 - INFO -   ✓ Found at: https://lawphil.net/judjuris/juri2010/dec2010/gr_173081_2010.html
2025-12-05 19:05:12,187 - INFO -   ✓ Saved: RESTRUCTURED_DB/2010/december/173081.json
2025-12-05 19:05:12,687 - INFO - Scraping G.R. No. 176381 (2010): PCI Leasing and Finance, inc. vs. Trojan Metal Ind...
2025-12-05 19:05:13,020 - INFO -   ✓ Found at: https://lawphil.net/judjuris/juri2010/dec2010/gr_176381_2010.html
2025-12-05 19:05:13,022 - INFO -   ✓ Saved: RESTRUCTURED_DB/2010/december/176381.json
2025-12-05 19:05:13,522 - INFO - Scraping G.R. No. 178030 (2010): Philippine Fisheries Development Authority (PFDA) ...
2025-12-05 19:05:14,271 - INFO -   ✓ Found at: https://lawphil.net/judjuris/juri2010/dec2010/gr_178030_2010.html
2025-12-05 19:05:14,272 - INFO -   ✓ Saved: RESTRUCTURED_DB/2010/december/178030.json
2025-12-05 19:05:14,772 - INFO - Scraping G.R. No. 182367 (2010): Cherryl B. Dolina vs. Glenn D. Vallecera...
2025-12-05 19:05:15,237 - INFO -   ✓ Found at: https://lawphil.net/judjuris/juri2010/dec2010/gr_182367_2010.html
2025-12-05 19:05:15,237 - INFO -   ✓ Saved: RESTRUCTURED_DB/2010/december/182367.json
2025-12-05 19:05:15,738 - INFO - Scraping G.R. No. 182147 (2010): Arnel U. Ty, et al. vs. National Bureau of Investi...
2025-12-05 19:05:16,009 - INFO -   ✓ Found at: https://lawphil.net/judjuris/juri2010/dec2010/gr_182147_2010.html
2025-12-05 19:05:16,012 - INFO -   ✓ Saved: RESTRUCTURED_DB/2010/december/182147.json
2025-12-05 19:05:16,512 - INFO - Scraping G.R. No. 188560 (2010): People of the Philippines vs. Ricky Alfredo y Norm...
2025-12-05 19:05:16,774 - INFO -   ✓ Found at: https://lawphil.net/judjuris/juri2010/dec2010/gr_188560_2010.html
2025-12-05 19:05:16,776 - INFO -   ✓ Saved: RESTRUCTURED_DB/2010/december/188560.json
2025-12-05 19:05:17,277 - INFO - Scraping G.R. No. 189301 (2010): People of the Philippines vs. Jose Pepito Combate ...
2025-12-05 19:05:17,977 - INFO -   ✓ Found at: https://lawphil.net/judjuris/juri2010/dec2010/gr_189301_2010.html
2025-12-05 19:05:17,980 - INFO -   ✓ Saved: RESTRUCTURED_DB/2010/december/189301.json
2025-12-05 19:05:18,480 - INFO - Scraping G.R. No. 180979 (2010): National Power Corporation vs. Teresita Diato-Bern...
2025-12-05 19:05:18,743 - INFO -   ✓ Found at: https://lawphil.net/judjuris/juri2010/dec2010/gr_180979_2010.html
2025-12-05 19:05:18,744 - INFO -   ✓ Saved: RESTRUCTURED_DB/2010/december/180979.json
2025-12-05 19:05:19,244 - INFO - Scraping G.R. No. 186091 (2010): Emmanuel Babas, et al. vs. Lorenzo Shipping Corpor...
2025-12-05 19:05:19,506 - INFO -   ✓ Found at: https://lawphil.net/judjuris/juri2010/dec2010/gr_186091_2010.html
2025-12-05 19:05:19,507 - INFO -   ✓ Saved: RESTRUCTURED_DB/2010/december/186091.json
2025-12-05 19:05:20,007 - INFO - Scraping G.R. No. 192187 (2010): People of the Philippines vs. Alex lingasa, et al....
2025-12-05 19:05:20,265 - INFO -   ✓ Found at: https://lawphil.net/judjuris/juri2010/dec2010/gr_192187_2010.html
2025-12-05 19:05:20,266 - INFO -   ✓ Saved: RESTRUCTURED_DB/2010/december/192187.json
2025-12-05 19:05:20,766 - INFO - Scraping G.R. No. 179395 (2010): Maxwell Heavy Equipment Corporation vs. Eric Uychi...
2025-12-05 19:05:21,213 - INFO -   ✓ Found at: https://lawphil.net/judjuris/juri2010/dec2010/gr_179395_2010.html
2025-12-05 19:05:21,214 - INFO -   ✓ Saved: RESTRUCTURED_DB/2010/december/179395.json
2025-12-05 19:05:21,714 - INFO - Scraping G.R. No. 152423 (2010): Spouses Marcos R. Esmaquel and Victoria Sordevilla...
2025-12-05 19:05:22,035 - INFO -   ✓ Found at: https://lawphil.net/judjuris/juri2010/dec2010/gr_152423_2010.html
2025-12-05 19:05:22,036 - INFO -   ✓ Saved: RESTRUCTURED_DB/2010/december/152423.json
2025-12-05 19:05:22,536 - INFO - Scraping G.R. No. 162575 (2010): Beatriz Siok Ping Tang vs. Subic Bay Distribution,...
2025-12-05 19:05:23,138 - INFO -   ✓ Found at: https://lawphil.net/judjuris/juri2010/dec2010/gr_162575_2010.html
2025-12-05 19:05:23,139 - INFO -   ✓ Saved: RESTRUCTURED_DB/2010/december/162575.json
2025-12-05 19:05:23,640 - INFO - Scraping G.R. No. 171717 (2010): Ramon B. Brito, Sr. vs. Severino D. Dianala, et al...
2025-12-05 19:05:23,978 - INFO -   ✓ Found at: https://lawphil.net/judjuris/juri2010/dec2010/gr_171717_2010.html
2025-12-05 19:05:23,979 - INFO -   ✓ Saved: RESTRUCTURED_DB/2010/december/171717.json
2025-12-05 19:05:24,479 - INFO - Scraping G.R. No. 189841 (2010): People of the Philippines vs. Efren Ditona y Monte...
2025-12-05 19:05:24,966 - INFO -   ✓ Found at: https://lawphil.net/judjuris/juri2010/dec2010/gr_189841_2010.html
2025-12-05 19:05:24,967 - INFO -   ✓ Saved: RESTRUCTURED_DB/2010/december/189841.json
2025-12-05 19:05:25,467 - INFO - Scraping G.R. No. 157852 (2010): Heirs of Domingo Valientes vs. Vilma V. Minor...
2025-12-05 19:05:25,748 - INFO -   ✓ Found at: https://lawphil.net/judjuris/juri2010/dec2010/gr_157852_2010.html
2025-12-05 19:05:25,749 - INFO -   ✓ Saved: RESTRUCTURED_DB/2010/december/157852.json
2025-12-05 19:05:26,249 - INFO - Scraping G.R. No. 173326 (2010): South Cotabato Communications Corporation, et al. ...
2025-12-05 19:05:26,523 - INFO -   ✓ Found at: https://lawphil.net/judjuris/juri2010/dec2010/gr_173326_2010.html
2025-12-05 19:05:26,524 - INFO -   ✓ Saved: RESTRUCTURED_DB/2010/december/173326.json
2025-12-05 19:05:27,025 - INFO - Scraping G.R. No. 174570 (2010): Romer Sy Tan vs. Sy Tiongs, et al....
2025-12-05 19:05:27,285 - INFO -   ✓ Found at: https://lawphil.net/judjuris/juri2010/dec2010/gr_174570_2010.html
2025-12-05 19:05:27,285 - INFO -   ✓ Saved: RESTRUCTURED_DB/2010/december/174570.json
2025-12-05 19:05:27,786 - INFO - Scraping G.R. No. 152086 (2010): Federico Soriano, et al. vs. Ana Shari B. Bravo, e...
2025-12-05 19:05:28,263 - INFO -   ✓ Found at: https://lawphil.net/judjuris/juri2010/dec2010/gr_152086_2010.html
2025-12-05 19:05:28,266 - INFO -   ✓ Saved: RESTRUCTURED_DB/2010/december/152086.json
2025-12-05 19:05:28,766 - INFO - Scraping G.R. No. 173798 (2010): People of the Philippines vs. Rene Celocelo...
2025-12-05 19:05:29,020 - INFO -   ✓ Found at: https://lawphil.net/judjuris/juri2010/dec2010/gr_173798_2010.html
2025-12-05 19:05:29,021 - INFO -   ✓ Saved: RESTRUCTURED_DB/2010/december/173798.json
2025-12-05 19:05:29,522 - INFO - Scraping G.R. No. 177355 (2010): People of the Philippines vs. Montano Flores y Par...
2025-12-05 19:05:30,075 - INFO -   ✓ Found at: https://lawphil.net/judjuris/juri2010/dec2010/gr_177355_2010.html
2025-12-05 19:05:30,076 - INFO -   ✓ Saved: RESTRUCTURED_DB/2010/december/177355.json
2025-12-05 19:05:30,577 - INFO - Scraping G.R. No. 184177 (2010): People of the Philippines vs. Andres Fontillas ali...
2025-12-05 19:05:30,831 - INFO -   ✓ Found at: https://lawphil.net/judjuris/juri2010/dec2010/gr_184177_2010.html
2025-12-05 19:05:30,833 - INFO -   ✓ Saved: RESTRUCTURED_DB/2010/december/184177.json
2025-12-05 19:05:31,333 - INFO - Scraping G.R. No. 188901 (2010): People of the Philippines vs. Gilbert Castro y Agu...
2025-12-05 19:05:31,588 - INFO -   ✓ Found at: https://lawphil.net/judjuris/juri2010/dec2010/gr_188901_2010.html
2025-12-05 19:05:31,589 - INFO -   ✓ Saved: RESTRUCTURED_DB/2010/december/188901.json
2025-12-05 19:05:32,089 - INFO - Scraping G.R. No. 169965 (2010): Carlos V. Valenzuela vs. Caltex Philippines, Inc....
2025-12-05 19:05:32,486 - INFO -   ✓ Found at: https://lawphil.net/judjuris/juri2010/dec2010/gr_169965_2010.html
2025-12-05 19:05:32,487 - INFO -   ✓ Saved: RESTRUCTURED_DB/2010/december/169965.json
2025-12-05 19:05:32,987 - INFO - Scraping G.R. No. 165266 (2010): Air France vs. Bonifacio H. Gillego...
2025-12-05 19:05:33,504 - INFO -   ✓ Found at: https://lawphil.net/judjuris/juri2010/dec2010/gr_165266_2010.html
2025-12-05 19:05:33,506 - INFO -   ✓ Saved: RESTRUCTURED_DB/2010/december/165266.json
2025-12-05 19:05:34,006 - INFO - Scraping G.R. No. 189776 (2010): Amelia P. Arellano vs. Francisco Pascual and Migue...
2025-12-05 19:05:34,260 - INFO -   ✓ Found at: https://lawphil.net/judjuris/juri2010/dec2010/gr_189776_2010.html
2025-12-05 19:05:34,261 - INFO -   ✓ Saved: RESTRUCTURED_DB/2010/december/189776.json
2025-12-05 19:05:34,761 - INFO - Scraping G.R. No. 188637 (2010): Arnaldo G. Gabunas, Sr. vs. SCANMAR Maritime Servi...
2025-12-05 19:05:35,448 - INFO -   ✓ Found at: https://lawphil.net/judjuris/juri2010/dec2010/gr_188637_2010.html
2025-12-05 19:05:35,450 - INFO -   ✓ Saved: RESTRUCTURED_DB/2010/december/188637.json
2025-12-05 19:05:35,950 - INFO - Scraping G.R. No. 176389 (2010): Antonio Lejano vs. People of the Philippines / Peo...
2025-12-05 19:05:36,863 - INFO -   ✓ Found at: https://lawphil.net/judjuris/juri2010/dec2010/gr_176389_2010.html
2025-12-05 19:05:36,879 - INFO -   ✓ Saved: RESTRUCTURED_DB/2010/december/176389.json
2025-12-05 19:05:37,379 - INFO - Scraping G.R. No. 177779 (2010): People of the Philippines vs. Felipe Nachor y Omay...
2025-12-05 19:05:37,638 - INFO -   ✓ Found at: https://lawphil.net/judjuris/juri2010/dec2010/gr_177779_2010.html
2025-12-05 19:05:37,640 - INFO -   ✓ Saved: RESTRUCTURED_DB/2010/december/177779.json
2025-12-05 19:05:38,140 - INFO - Scraping G.R. No. 149548 (2010): Roxas & Company, Inc., et al. vs. Damayan ng mga M...
2025-12-05 19:05:38,401 - INFO -   ✓ Found at: https://lawphil.net/judjuris/juri2010/dec2010/gr_149548_2010.html
2025-12-05 19:05:38,402 - INFO -   ✓ Saved: RESTRUCTURED_DB/2010/december/149548.json
2025-12-05 19:05:38,902 - INFO - Scraping G.R. No. 168325 (2010): Roberto D. Tuazon vs. Lourdes Q. Del Rosario-Suare...
2025-12-05 19:05:39,155 - INFO -   ✓ Found at: https://lawphil.net/judjuris/juri2010/dec2010/gr_168325_2010.html
2025-12-05 19:05:39,157 - INFO -   ✓ Saved: RESTRUCTURED_DB/2010/december/168325.json
2025-12-05 19:05:39,657 - INFO - Scraping G.R. No. 189366 (2010): Philippine Long Distance Telephone Company vs. Eus...
2025-12-05 19:05:39,910 - INFO -   ✓ Found at: https://lawphil.net/judjuris/juri2010/dec2010/gr_189366_2010.html
2025-12-05 19:05:39,912 - INFO -   ✓ Saved: RESTRUCTURED_DB/2010/december/189366.json
2025-12-05 19:05:40,412 - INFO - Scraping G.R. No. 164695 (2010): Heirs of Jose Barredo, namely, Lolita Barredo, et ...
2025-12-05 19:05:40,733 - INFO -   ✓ Found at: https://lawphil.net/judjuris/juri2010/dec2010/gr_164695_2010.html
2025-12-05 19:05:40,734 - INFO -   ✓ Saved: RESTRUCTURED_DB/2010/december/164695.json
2025-12-05 19:05:41,234 - INFO - Scraping G.R. No. 168692 (2010): Francisco Tayco, substituted by Lecresia Tayco and...
2025-12-05 19:05:41,594 - INFO -   ✓ Found at: https://lawphil.net/judjuris/juri2010/dec2010/gr_168692_2010.html
2025-12-05 19:05:41,595 - INFO -   ✓ Saved: RESTRUCTURED_DB/2010/december/168692.json
2025-12-05 19:05:42,096 - INFO - Scraping G.R. No. 176640 (2010): Antonio A. Aboc vs. Metropolitan Bank and Trust Co...
2025-12-05 19:05:50,702 - WARNING -   ✗ Not found for G.R. No. 176640
2025-12-05 19:05:51,203 - INFO - Scraping G.R. No. 191366 (2010): People of the Philippines vs. Arnold Martinez y An...
2025-12-05 19:05:51,684 - INFO -   ✓ Found at: https://lawphil.net/judjuris/juri2010/dec2010/gr_191366_2010.html
2025-12-05 19:05:51,688 - INFO -   ✓ Saved: RESTRUCTURED_DB/2010/december/191366.json
2025-12-05 19:05:52,188 - INFO - Scraping G.R. No. 169718 (2010): Dante Datu y Hernandez vs. People of the Philippin...
2025-12-05 19:05:52,448 - INFO -   ✓ Found at: https://lawphil.net/judjuris/juri2010/dec2010/gr_169718_2010.html
2025-12-05 19:05:52,449 - INFO -   ✓ Saved: RESTRUCTURED_DB/2010/december/169718.json
2025-12-05 19:05:52,949 - INFO - Scraping G.R. No. 177556 (2010): Transcept Construction and Management Professional...
2025-12-05 19:05:53,438 - INFO -   ✓ Found at: https://lawphil.net/judjuris/juri2010/dec2010/gr_177556_2010.html
2025-12-05 19:05:53,439 - INFO -   ✓ Saved: RESTRUCTURED_DB/2010/december/177556.json
2025-12-05 19:05:53,940 - INFO - Scraping G.R. No. 185899 (2010): Spouses Reuben Dela Cruz and Minerva Dela Cruz vs....
2025-12-05 19:05:54,195 - INFO -   ✓ Found at: https://lawphil.net/judjuris/juri2010/dec2010/gr_185899_2010.html
2025-12-05 19:05:54,196 - INFO -   ✓ Saved: RESTRUCTURED_DB/2010/december/185899.json
2025-12-05 19:05:54,696 - INFO - Scraping G.R. No. 186027 (2010): Republic of the Philippines vs. Merlyn L. Mercader...
2025-12-05 19:05:55,402 - INFO -   ✓ Found at: https://lawphil.net/judjuris/juri2010/dec2010/gr_186027_2010.html
2025-12-05 19:05:55,404 - INFO -   ✓ Saved: RESTRUCTURED_DB/2010/december/186027.json
2025-12-05 19:05:55,905 - INFO - Scraping G.R. No. 183824 (2010): Myrna P. Antone vs. Leo Beronillar...
2025-12-05 19:05:56,160 - INFO -   ✓ Found at: https://lawphil.net/judjuris/juri2010/dec2010/gr_183824_2010.html
2025-12-05 19:05:56,163 - INFO -   ✓ Saved: RESTRUCTURED_DB/2010/december/183824.json
2025-12-05 19:05:56,663 - INFO - Scraping G.R. No. 188855 (2010): People of the Philippines vs. Ruel Tamano y Pasia...
2025-12-05 19:05:57,149 - INFO -   ✓ Found at: https://lawphil.net/judjuris/juri2010/dec2010/gr_188855_2010.html
2025-12-05 19:05:57,151 - INFO -   ✓ Saved: RESTRUCTURED_DB/2010/december/188855.json
2025-12-05 19:05:57,651 - INFO - Scraping G.R. No. 172316 (2010): Spouses Jose Chua and Margarita Chua vs. the Hon. ...
2025-12-05 19:05:57,913 - INFO -   ✓ Found at: https://lawphil.net/judjuris/juri2010/dec2010/gr_172316_2010.html
2025-12-05 19:05:57,915 - INFO -   ✓ Saved: RESTRUCTURED_DB/2010/december/172316.json
2025-12-05 19:05:58,415 - INFO - Scraping G.R. No. 174006 (2010): Bank of Commerce and Stephen Z. Taala vs. Spouses ...
2025-12-05 19:05:58,894 - INFO -   ✓ Found at: https://lawphil.net/judjuris/juri2010/dec2010/gr_174006_2010.html
2025-12-05 19:05:58,895 - INFO -   ✓ Saved: RESTRUCTURED_DB/2010/december/174006.json
2025-12-05 19:05:59,395 - INFO - Scraping G.R. No. 178652 (2010): Spouses Revelo Villamar and Corazon Penuliar-Villa...
2025-12-05 19:05:59,693 - INFO -   ✓ Found at: https://lawphil.net/judjuris/juri2010/dec2010/gr_178652_2010.html
2025-12-05 19:05:59,694 - INFO -   ✓ Saved: RESTRUCTURED_DB/2010/december/178652.json
2025-12-05 19:06:00,194 - INFO - Scraping G.R. No. 185371 (2010): Commissioner of Internal Revenue vs. Metro Star Su...
2025-12-05 19:06:00,673 - INFO -   ✓ Found at: https://lawphil.net/judjuris/juri2010/dec2010/gr_185371_2010.html
2025-12-05 19:06:00,675 - INFO -   ✓ Saved: RESTRUCTURED_DB/2010/december/185371.json
2025-12-05 19:06:01,175 - INFO - Scraping G.R. No. 168840 (2010): Enrique Miguel L. Lacson vs. MJ Lacson Development...
2025-12-05 19:06:01,665 - INFO -   ✓ Found at: https://lawphil.net/judjuris/juri2010/dec2010/gr_168840_2010.html
2025-12-05 19:06:01,667 - INFO -   ✓ Saved: RESTRUCTURED_DB/2010/december/168840.json
2025-12-05 19:06:02,167 - INFO - Scraping G.R. No. 172139 (2010): Jocelyn M. Toledo vs. Marilou M. Hyden...
2025-12-05 19:06:02,422 - INFO -   ✓ Found at: https://lawphil.net/judjuris/juri2010/dec2010/gr_172139_2010.html
2025-12-05 19:06:02,423 - INFO -   ✓ Saved: RESTRUCTURED_DB/2010/december/172139.json
2025-12-05 19:06:02,924 - INFO - Scraping G.R. No. 179948 (2010): People of the Philippines vs. Eminiano Barcela y M...
2025-12-05 19:06:03,179 - INFO -   ✓ Found at: https://lawphil.net/judjuris/juri2010/dec2010/gr_179948_2010.html
2025-12-05 19:06:03,180 - INFO -   ✓ Saved: RESTRUCTURED_DB/2010/december/179948.json
2025-12-05 19:06:03,680 - INFO - Scraping G.R. No. 190231 (2010): Asia United Bank, et al. vs. Goodland Company, Inc...
2025-12-05 19:06:03,948 - INFO -   ✓ Found at: https://lawphil.net/judjuris/juri2010/dec2010/gr_190231_2010.html
2025-12-05 19:06:03,949 - INFO -   ✓ Saved: RESTRUCTURED_DB/2010/december/190231.json
2025-12-05 19:06:04,449 - INFO - Scraping G.R. No. 155832 (2010): Republic of the Philippines vs. Sandiganbayan and ...
2025-12-05 19:06:05,076 - INFO -   ✓ Found at: https://lawphil.net/judjuris/juri2010/dec2010/gr_155832_2010.html
2025-12-05 19:06:05,077 - INFO -   ✓ Saved: RESTRUCTURED_DB/2010/december/155832.json
2025-12-05 19:06:05,577 - INFO - Scraping G.R. No. 191998 (2010): Walden F. Bello, et al. vs. Commission on Election...
2025-12-05 19:06:06,277 - INFO -   ✓ Found at: https://lawphil.net/judjuris/juri2010/dec2010/gr_191998_2010.html
2025-12-05 19:06:06,279 - INFO -   ✓ Saved: RESTRUCTURED_DB/2010/december/191998.json
2025-12-05 19:06:06,779 - INFO - Scraping G.R. No. 192935 (2010): Louis "Barok" C. Biraogo vs. the Philippine Truth ...
2025-12-05 19:06:09,297 - INFO -   ✓ Found at: https://lawphil.net/judjuris/juri2010/dec2010/gr_192935_2010.html
2025-12-05 19:06:09,323 - INFO -   ✓ Saved: RESTRUCTURED_DB/2010/december/192935.json
2025-12-05 19:06:09,823 - INFO - Scraping G.R. No. 172020 (2010): Traders Royal Bank vs. Norberto Castañares and Mil...
2025-12-05 19:06:10,085 - INFO -   ✓ Found at: https://lawphil.net/judjuris/juri2010/dec2010/gr_172020_2010.html
2025-12-05 19:06:10,087 - INFO -   ✓ Saved: RESTRUCTURED_DB/2010/december/172020.json
2025-12-05 19:06:10,587 - INFO - Scraping G.R. No. 189311 (2010): Dennis Manzanal and Baguio Country Club vs. Ramon ...
2025-12-05 19:06:10,904 - INFO -   ✓ Found at: https://lawphil.net/judjuris/juri2010/dec2010/gr_189311_2010.html
2025-12-05 19:06:10,905 - INFO -   ✓ Saved: RESTRUCTURED_DB/2010/december/189311.json
2025-12-05 19:06:11,405 - INFO - Scraping G.R. No. 188484 (2010): Salud Gepiga Vda. de Soco, Genaro G. Soco, et al. ...
2025-12-05 19:06:11,873 - INFO -   ✓ Found at: https://lawphil.net/judjuris/juri2010/dec2010/gr_188484_2010.html
2025-12-05 19:06:11,874 - INFO -   ✓ Saved: RESTRUCTURED_DB/2010/december/188484.json
2025-12-05 19:06:12,374 - INFO - Scraping G.R. No. 179044 (2010): People of the Philippines vs. Rodriguez Lucero y P...
2025-12-05 19:06:12,852 - INFO -   ✓ Found at: https://lawphil.net/judjuris/juri2010/dec2010/gr_179044_2010.html
2025-12-05 19:06:12,853 - INFO -   ✓ Saved: RESTRUCTURED_DB/2010/december/179044.json
2025-12-05 19:06:13,353 - INFO - Scraping G.R. No. 171624 (2010): BF Homes Inc, et al. vs. Manila Electric Company...
2025-12-05 19:06:13,832 - INFO -   ✓ Found at: https://lawphil.net/judjuris/juri2010/dec2010/gr_171624_2010.html
2025-12-05 19:06:13,834 - INFO -   ✓ Saved: RESTRUCTURED_DB/2010/december/171624.json
2025-12-05 19:06:14,334 - INFO - Scraping G.R. No. 183709 (2010): People of the Philippines vs. Manuel "Awil" Pojo...
2025-12-05 19:06:14,588 - INFO -   ✓ Found at: https://lawphil.net/judjuris/juri2010/dec2010/gr_183709_2010.html
2025-12-05 19:06:14,589 - INFO -   ✓ Saved: RESTRUCTURED_DB/2010/december/183709.json
2025-12-05 19:06:15,089 - INFO - Scraping G.R. No. 162943 (2010): Employees Union of Bayer Phils., FFW and Juanito S...
2025-12-05 19:06:15,343 - INFO -   ✓ Found at: https://lawphil.net/judjuris/juri2010/dec2010/gr_162943_2010.html
2025-12-05 19:06:15,344 - INFO -   ✓ Saved: RESTRUCTURED_DB/2010/december/162943.json
2025-12-05 19:06:15,845 - INFO - Scraping G.R. No. 173379 (2010): Abubakar A. Afdal and Fatima A. Afdal vs. Romeo Ca...
2025-12-05 19:06:16,113 - INFO -   ✓ Found at: https://lawphil.net/judjuris/juri2010/dec2010/gr_173379_2010.html
2025-12-05 19:06:16,115 - INFO -   ✓ Saved: RESTRUCTURED_DB/2010/december/173379.json
2025-12-05 19:06:16,615 - INFO - Scraping G.R. No. 169761 (2010): Arra Realty Corporation, et al. vs. Paces Industri...
2025-12-05 19:06:16,872 - INFO -   ✓ Found at: https://lawphil.net/judjuris/juri2010/dec2010/gr_169761_2010.html
2025-12-05 19:06:16,873 - INFO -   ✓ Saved: RESTRUCTURED_DB/2010/december/169761.json
2025-12-05 19:06:17,373 - INFO - Scraping G.R. No. 173881 (2010): Hyatt Elevators and Escalators Corporation vs. Cat...
2025-12-05 19:06:17,628 - INFO -   ✓ Found at: https://lawphil.net/judjuris/juri2010/dec2010/gr_173881_2010.html
2025-12-05 19:06:17,630 - INFO -   ✓ Saved: RESTRUCTURED_DB/2010/december/173881.json
2025-12-05 19:06:18,130 - INFO - Scraping G.R. No. 157315 (2010): City Government of Butuan and City Mayor Leonides ...
2025-12-05 19:06:18,609 - INFO -   ✓ Found at: https://lawphil.net/judjuris/juri2010/dec2010/gr_157315_2010.html
2025-12-05 19:06:18,610 - INFO -   ✓ Saved: RESTRUCTURED_DB/2010/december/157315.json
2025-12-05 19:06:19,111 - INFO - Scraping G.R. No. 178221 (2010): May D. Añonuevo, et al. vs. Intestate of Rodolfo G...
2025-12-05 19:06:19,591 - INFO -   ✓ Found at: https://lawphil.net/judjuris/juri2010/dec2010/gr_178221_2010.html
2025-12-05 19:06:19,592 - INFO -   ✓ Saved: RESTRUCTURED_DB/2010/december/178221.json
2025-12-05 19:06:20,092 - INFO - Scraping G.R. No. 154486 (2010): Federico Jarantilla, Jr. vs. Antonieta Jarantilla,...
2025-12-05 19:06:20,351 - INFO -   ✓ Found at: https://lawphil.net/judjuris/juri2010/dec2010/gr_154486_2010.html
2025-12-05 19:06:20,353 - INFO -   ✓ Saved: RESTRUCTURED_DB/2010/december/154486.json
2025-12-05 19:06:20,853 - INFO - Scraping G.R. No. 191963 (2010): Rita Natal, Charito Labatete, Ramuel Magahis, et a...
2025-12-05 19:06:21,112 - INFO -   ✓ Found at: https://lawphil.net/judjuris/juri2010/dec2010/gr_191963_2010.html
2025-12-05 19:06:21,113 - INFO -   ✓ Saved: RESTRUCTURED_DB/2010/december/191963.json
2025-12-05 19:06:21,614 - INFO - Scraping G.R. No. 173138 (2010): Noel B. Baccay vs. Maribel C. Baccay and Republic ...
2025-12-05 19:06:22,092 - INFO -   ✓ Found at: https://lawphil.net/judjuris/juri2010/dec2010/gr_173138_2010.html
2025-12-05 19:06:22,094 - INFO -   ✓ Saved: RESTRUCTURED_DB/2010/december/173138.json
2025-12-05 19:06:22,595 - INFO - Scraping G.R. No. 175080 (2010): Eugenio R. Reyes, joined by Timothy Joseph M. Reye...
2025-12-05 19:06:22,854 - INFO -   ✓ Found at: https://lawphil.net/judjuris/juri2010/nov2010/gr_175080_2010.html
2025-12-05 19:06:22,856 - INFO -   ✓ Saved: RESTRUCTURED_DB/2010/november/175080.json
2025-12-05 19:06:23,356 - INFO - Scraping G.R. No. 187978 (2010): Romulo R. Peralta vs. Hon. Raul E. De Leon, et al....
2025-12-05 19:06:23,649 - INFO -   ✓ Found at: https://lawphil.net/judjuris/juri2010/nov2010/gr_187978_2010.html
2025-12-05 19:06:23,650 - INFO -   ✓ Saved: RESTRUCTURED_DB/2010/november/187978.json
2025-12-05 19:06:24,150 - INFO - Scraping G.R. No. 182086 (2010): Bebina G. Salvaloza vs. National Labor Relations C...
2025-12-05 19:06:24,404 - INFO -   ✓ Found at: https://lawphil.net/judjuris/juri2010/nov2010/gr_182086_2010.html
2025-12-05 19:06:24,405 - INFO -   ✓ Saved: RESTRUCTURED_DB/2010/november/182086.json
2025-12-05 19:06:24,906 - INFO - Scraping G.R. No. 189326 (2010): People of the Philippines vs. Francisco Relos, Sr....
2025-12-05 19:06:25,173 - INFO -   ✓ Found at: https://lawphil.net/judjuris/juri2010/nov2010/gr_189326_2010.html
2025-12-05 19:06:25,174 - INFO -   ✓ Saved: RESTRUCTURED_DB/2010/november/189326.json
2025-12-05 19:06:25,675 - INFO - Scraping G.R. No. 189239 (2010): Spouses Abad, et al. vs. Fil-Homes Realty and Deve...
2025-12-05 19:06:26,265 - INFO -   ✓ Found at: https://lawphil.net/judjuris/juri2010/nov2010/gr_189239_2010.html
2025-12-05 19:06:26,266 - INFO -   ✓ Saved: RESTRUCTURED_DB/2010/november/189239.json
2025-12-05 19:06:26,766 - INFO - Scraping G.R. No. 183699 (2010): People of the Philippines vs. Rosalie Colilap Baña...
2025-12-05 19:06:27,025 - INFO -   ✓ Found at: https://lawphil.net/judjuris/juri2010/nov2010/gr_183699_2010.html
2025-12-05 19:06:27,026 - INFO -   ✓ Saved: RESTRUCTURED_DB/2010/november/183699.json
2025-12-05 19:06:27,526 - INFO - Scraping G.R. No. 173339 (2010): Ledesco Development Corp. vs. Worldwide Standard I...
2025-12-05 19:06:27,783 - INFO -   ✓ Found at: https://lawphil.net/judjuris/juri2010/nov2010/gr_173339_2010.html
2025-12-05 19:06:27,785 - INFO -   ✓ Saved: RESTRUCTURED_DB/2010/november/173339.json
2025-12-05 19:06:28,285 - INFO - Scraping G.R. No. 173815 (2010): Milwaukee Industries Corp. vs. Corp. of Appeals an...
2025-12-05 19:06:28,611 - INFO -   ✓ Found at: https://lawphil.net/judjuris/juri2010/nov2010/gr_173815_2010.html
2025-12-05 19:06:28,612 - INFO -   ✓ Saved: RESTRUCTURED_DB/2010/november/173815.json
2025-12-05 19:06:29,113 - INFO - Scraping G.R. No. 176260 (2010): Lucia Barrameda Vda. De Ballesteros vs. Rural Bank...
2025-12-05 19:06:29,434 - INFO -   ✓ Found at: https://lawphil.net/judjuris/juri2010/nov2010/gr_176260_2010.html
2025-12-05 19:06:29,436 - INFO -   ✓ Saved: RESTRUCTURED_DB/2010/november/176260.json
2025-12-05 19:06:29,936 - INFO - Scraping G.R. No. 181858 (2010): Kepco Philippines Corp. vs. Commissioner of Intern...
2025-12-05 19:06:30,423 - INFO -   ✓ Found at: https://lawphil.net/judjuris/juri2010/nov2010/gr_181858_2010.html
2025-12-05 19:06:30,424 - INFO -   ✓ Saved: RESTRUCTURED_DB/2010/november/181858.json
2025-12-05 19:06:30,925 - INFO - Scraping G.R. No. 175887 (2010): Heirs of the late Nestor Tria vs. Atty. Epifania O...
2025-12-05 19:06:31,508 - INFO -   ✓ Found at: https://lawphil.net/judjuris/juri2010/nov2010/gr_175887_2010.html
2025-12-05 19:06:31,512 - INFO -   ✓ Saved: RESTRUCTURED_DB/2010/november/175887.json
2025-12-05 19:06:32,012 - INFO - Scraping G.R. No. 160933 (2010): Niceas M. Belongilot vs. Rolando S. Cua, et al....
2025-12-05 19:06:32,400 - INFO -   ✓ Found at: https://lawphil.net/judjuris/juri2010/nov2010/gr_160933_2010.html
2025-12-05 19:06:32,402 - INFO -   ✓ Saved: RESTRUCTURED_DB/2010/november/160933.json
2025-12-05 19:06:32,902 - INFO - Scraping G.R. No. 185616 (2010): The People of the Philippines vs. Arnel Macafe y N...
2025-12-05 19:06:33,259 - INFO -   ✓ Found at: https://lawphil.net/judjuris/juri2010/nov2010/gr_185616_2010.html
2025-12-05 19:06:33,260 - INFO -   ✓ Saved: RESTRUCTURED_DB/2010/november/185616.json
2025-12-05 19:06:33,760 - INFO - Scraping G.R. No. 157479 (2010): Philip Turner and Elnora Turner vs. Lorenzo Shippi...
2025-12-05 19:06:34,466 - INFO -   ✓ Found at: https://lawphil.net/judjuris/juri2010/nov2010/gr_157479_2010.html
2025-12-05 19:06:34,468 - INFO -   ✓ Saved: RESTRUCTURED_DB/2010/november/157479.json
2025-12-05 19:06:34,968 - INFO - Scraping G.R. No. 184599 (2010): People of the Philippines vs. Teddy Batoon y Migue...
2025-12-05 19:06:35,223 - INFO -   ✓ Found at: https://lawphil.net/judjuris/juri2010/nov2010/gr_184599_2010.html
2025-12-05 19:06:35,224 - INFO -   ✓ Saved: RESTRUCTURED_DB/2010/november/184599.json
2025-12-05 19:06:35,724 - INFO - Scraping G.R. No. 180914 (2010): People of the Philippines vs. Domingo Dominguez, J...
2025-12-05 19:06:36,349 - INFO -   ✓ Found at: https://lawphil.net/judjuris/juri2010/nov2010/gr_180914_2010.html
2025-12-05 19:06:36,352 - INFO -   ✓ Saved: RESTRUCTURED_DB/2010/november/180914.json
2025-12-05 19:06:36,852 - INFO - Scraping G.R. No. 166566 (2010): People of the Philippines vs. Wenceslao Deri y Ben...
2025-12-05 19:06:37,112 - INFO -   ✓ Found at: https://lawphil.net/judjuris/juri2010/nov2010/gr_166566_2010.html
2025-12-05 19:06:37,113 - INFO -   ✓ Saved: RESTRUCTURED_DB/2010/november/166566.json
2025-12-05 19:06:37,614 - INFO - Scraping G.R. No. 185766 (2010): Civil Service Commission vs. Court of Appeals, et ...
2025-12-05 19:06:38,116 - INFO -   ✓ Found at: https://lawphil.net/judjuris/juri2010/nov2010/gr_185766_2010.html
2025-12-05 19:06:38,117 - INFO -   ✓ Saved: RESTRUCTURED_DB/2010/november/185766.json
2025-12-05 19:06:38,618 - INFO - Scraping G.R. No. 187752 (2010): Irene K. Nacu, etc. vs. Civil Service Commission, ...
2025-12-05 19:06:38,878 - INFO -   ✓ Found at: https://lawphil.net/judjuris/juri2010/nov2010/gr_187752_2010.html
2025-12-05 19:06:38,879 - INFO -   ✓ Saved: RESTRUCTURED_DB/2010/november/187752.json
2025-12-05 19:06:39,379 - INFO - Scraping G.R. No. 191618 (2010): Atty. Romulo B. Macalintal vs. Presidential Electo...
2025-12-05 19:06:39,714 - INFO -   ✓ Found at: https://lawphil.net/judjuris/juri2010/nov2010/gr_191618_2010.html
2025-12-05 19:06:39,717 - INFO -   ✓ Saved: RESTRUCTURED_DB/2010/november/191618.json
2025-12-05 19:06:40,217 - INFO - Scraping G.R. No. 179898 (2010): Maunlad Homes, Inc., Et Al vs.  Union Bank of the ...
2025-12-05 19:06:40,545 - INFO -   ✓ Found at: https://lawphil.net/judjuris/juri2010/nov2010/gr_179898_2010.html
2025-12-05 19:06:40,546 - INFO -   ✓ Saved: RESTRUCTURED_DB/2010/november/179898.json
2025-12-05 19:06:41,046 - INFO - Scraping G.R. No. 191545 (2010): Heirs of Augusto Salas, Jr., represented by Teresi...
2025-12-05 19:06:41,542 - INFO -   ✓ Found at: https://lawphil.net/judjuris/juri2010/nov2010/gr_191545_2010.html
2025-12-05 19:06:41,543 - INFO -   ✓ Saved: RESTRUCTURED_DB/2010/november/191545.json
2025-12-05 19:06:42,043 - INFO - Scraping G.R. No. 181956 (2010): Victoria L. Teh vs. Natividad Teh Tan, Teh Ki Tiat...
2025-12-05 19:06:42,302 - INFO -   ✓ Found at: https://lawphil.net/judjuris/juri2010/nov2010/gr_181956_2010.html
2025-12-05 19:06:42,304 - INFO -   ✓ Saved: RESTRUCTURED_DB/2010/november/181956.json
2025-12-05 19:06:42,804 - INFO - Scraping G.R. No. 187751 (2010): Edna Eugenio,et al. vs. Sta. Monica Riverside Home...
2025-12-05 19:06:43,283 - INFO -   ✓ Found at: https://lawphil.net/judjuris/juri2010/nov2010/gr_187751_2010.html
2025-12-05 19:06:43,284 - INFO -   ✓ Saved: RESTRUCTURED_DB/2010/november/187751.json
2025-12-05 19:06:43,784 - INFO - Scraping G.R. No. 186158 (2010): Career Philippines Ship Management, Inc. vs. Geron...
2025-12-05 19:06:44,057 - INFO -   ✓ Found at: https://lawphil.net/judjuris/juri2010/nov2010/gr_186158_2010.html
2025-12-05 19:06:44,058 - INFO -   ✓ Saved: RESTRUCTURED_DB/2010/november/186158.json
2025-12-05 19:06:44,558 - INFO - 
Batch 1 complete:
2025-12-05 19:06:44,558 - INFO -   Successful: 96
2025-12-05 19:06:44,558 - INFO -   Failed: 3
2025-12-05 19:06:44,558 - INFO -   Skipped: 1
2025-12-05 19:06:44,558 - INFO - 
Overall progress: 100/1062 cases
2025-12-05 19:06:44,559 - INFO - 
================================================================================
2025-12-05 19:06:44,559 - INFO - BATCH 2/11 (100 cases)
2025-12-05 19:06:44,559 - INFO - ================================================================================
2025-12-05 19:06:44,559 - INFO - Scraping G.R. No. 190545 (2010): Jerry M. Francisco vs. Bahia Shipping Services, et...
2025-12-05 19:06:44,813 - INFO -   ✓ Found at: https://lawphil.net/judjuris/juri2010/nov2010/gr_190545_2010.html
2025-12-05 19:06:44,814 - INFO -   ✓ Saved: RESTRUCTURED_DB/2010/november/190545.json
2025-12-05 19:06:45,315 - INFO - Scraping G.R. No. 172605 (2010): People of the Philippines vs. Evangeline V. Lascan...
2025-12-05 19:06:45,954 - INFO -   ✓ Found at: https://lawphil.net/judjuris/juri2010/nov2010/gr_172605_2010.html
2025-12-05 19:06:45,955 - INFO -   ✓ Saved: RESTRUCTURED_DB/2010/november/172605.json
2025-12-05 19:06:46,456 - INFO - Scraping G.R. No. 173428 (2010): Froilan Dejuras vs. hon. Rene C. Villa, et al....
2025-12-05 19:06:46,710 - INFO -   ✓ Found at: https://lawphil.net/judjuris/juri2010/nov2010/gr_173428_2010.html
2025-12-05 19:06:46,712 - INFO -   ✓ Saved: RESTRUCTURED_DB/2010/november/173428.json
2025-12-05 19:06:47,212 - INFO - Scraping G.R. No. 183868 (2010): Commissioner of Customs vs. Marina Sales, Inc....
2025-12-05 19:06:47,469 - INFO -   ✓ Found at: https://lawphil.net/judjuris/juri2010/nov2010/gr_183868_2010.html
2025-12-05 19:06:47,470 - INFO -   ✓ Saved: RESTRUCTURED_DB/2010/november/183868.json
2025-12-05 19:06:47,971 - INFO - Scraping G.R. No. 150284 (2010): Sps. Eliseo Sevilla and Erna Sevilla vs. Hon. Cour...
2025-12-05 19:06:48,424 - INFO -   ✓ Found at: https://lawphil.net/judjuris/juri2010/nov2010/gr_150284_2010.html
2025-12-05 19:06:48,425 - INFO -   ✓ Saved: RESTRUCTURED_DB/2010/november/150284.json
2025-12-05 19:06:48,925 - INFO - Scraping G.R. No. 188412 (2010): Citibank, N.A. vs. Atty. Ernesto S. Dinopol...
2025-12-05 19:06:49,184 - INFO -   ✓ Found at: https://lawphil.net/judjuris/juri2010/nov2010/gr_188412_2010.html
2025-12-05 19:06:49,185 - INFO -   ✓ Saved: RESTRUCTURED_DB/2010/november/188412.json
2025-12-05 19:06:49,685 - INFO - Scraping G.R. No. 165676 (2010): Jose Mendoza vs. Narciso Germino and Benigno Germi...
2025-12-05 19:06:50,166 - INFO -   ✓ Found at: https://lawphil.net/judjuris/juri2010/nov2010/gr_165676_2010.html
2025-12-05 19:06:50,167 - INFO -   ✓ Saved: RESTRUCTURED_DB/2010/november/165676.json
2025-12-05 19:06:50,668 - INFO - Scraping G.R. No. 148269 (2010): Presidential Ad Hoc Fact-Finding Committee on Behe...
2025-12-05 19:06:50,929 - INFO -   ✓ Found at: https://lawphil.net/judjuris/juri2010/nov2010/gr_148269_2010.html
2025-12-05 19:06:50,930 - INFO -   ✓ Saved: RESTRUCTURED_DB/2010/november/148269.json
2025-12-05 19:06:51,431 - INFO - Scraping G.R. No. 150318 (2010): Philippine Trust Company (also known as Philtrust ...
2025-12-05 19:06:51,691 - INFO -   ✓ Found at: https://lawphil.net/judjuris/juri2010/nov2010/gr_150318_2010.html
2025-12-05 19:06:51,692 - INFO -   ✓ Saved: RESTRUCTURED_DB/2010/november/150318.json
2025-12-05 19:06:52,193 - INFO - Scraping G.R. No. 160067 (2010): Nelson Imperial, et al. vs. Maricel M. Joson, et a...
2025-12-05 19:06:53,036 - INFO -   ✓ Found at: https://lawphil.net/judjuris/juri2010/nov2010/gr_160067_2010.html
2025-12-05 19:06:53,042 - INFO -   ✓ Saved: RESTRUCTURED_DB/2010/november/160067.json
2025-12-05 19:06:53,542 - INFO - Scraping G.R. No. 182431 (2010): Land Bank of the Philippines vs. Esther Anson Rive...
2025-12-05 19:06:54,031 - INFO -   ✓ Found at: https://lawphil.net/judjuris/juri2010/nov2010/gr_182431_2010.html
2025-12-05 19:06:54,032 - INFO -   ✓ Saved: RESTRUCTURED_DB/2010/november/182431.json
2025-12-05 19:06:54,533 - INFO - Scraping G.R. No. 187872 (2010): Strategic Alliance Development Corporation vs. Sta...
2025-12-05 19:06:55,253 - INFO -   ✓ Found at: https://lawphil.net/judjuris/juri2010/nov2010/gr_187872_2010.html
2025-12-05 19:06:55,259 - INFO -   ✓ Saved: RESTRUCTURED_DB/2010/november/187872.json
2025-12-05 19:06:55,760 - INFO - Scraping G.R. No. 167715 (2010): Phil Pharmawealth, Inc. vs. Pfizer, Inc and Pfizer...
2025-12-05 19:06:56,027 - INFO -   ✓ Found at: https://lawphil.net/judjuris/juri2010/nov2010/gr_167715_2010.html
2025-12-05 19:06:56,029 - INFO -   ✓ Saved: RESTRUCTURED_DB/2010/november/167715.json
2025-12-05 19:06:56,529 - INFO - Scraping G.R. No. 187023 (2010): Evangeline D. Imani vs. Metropolitan Bank and Trus...
2025-12-05 19:06:57,247 - INFO -   ✓ Found at: https://lawphil.net/judjuris/juri2010/nov2010/gr_187023_2010.html
2025-12-05 19:06:57,249 - INFO -   ✓ Saved: RESTRUCTURED_DB/2010/november/187023.json
2025-12-05 19:06:57,749 - INFO - Scraping G.R. No. 187824 (2010): Filinvest Development Corporation vs. Golden Haven...
2025-12-05 19:06:58,005 - INFO -   ✓ Found at: https://lawphil.net/judjuris/juri2010/nov2010/gr_187824_2010.html
2025-12-05 19:06:58,006 - INFO -   ✓ Saved: RESTRUCTURED_DB/2010/november/187824.json
2025-12-05 19:06:58,506 - INFO - Scraping G.R. No. 172716 (2010): Jason Ivler y Aguilar vs. Hon. Maria Rowena Modest...
2025-12-05 19:06:59,219 - INFO -   ✓ Found at: https://lawphil.net/judjuris/juri2010/nov2010/gr_172716_2010.html
2025-12-05 19:06:59,222 - INFO -   ✓ Saved: RESTRUCTURED_DB/2010/november/172716.json
2025-12-05 19:06:59,722 - INFO - Scraping G.R. No. 178610 (2010): Hongkong and Shanghai Banking corp., Ltd. Staff Re...
2025-12-05 19:07:00,211 - INFO -   ✓ Found at: https://lawphil.net/judjuris/juri2010/nov2010/gr_178610_2010.html
2025-12-05 19:07:00,212 - INFO -   ✓ Saved: RESTRUCTURED_DB/2010/november/178610.json
2025-12-05 19:07:00,713 - INFO - Scraping G.R. No. 169704 (2010): Albert Teng vs. Alfredo S. Pahagac, et al....
2025-12-05 19:07:00,977 - INFO -   ✓ Found at: https://lawphil.net/judjuris/juri2010/nov2010/gr_169704_2010.html
2025-12-05 19:07:00,979 - INFO -   ✓ Saved: RESTRUCTURED_DB/2010/november/169704.json
2025-12-05 19:07:01,479 - INFO - Scraping G.R. No. 154366 (2010): Cebu Bionic Builders Supply, Inc. and Lydia Sia vs...
2025-12-05 19:07:01,983 - INFO -   ✓ Found at: https://lawphil.net/judjuris/juri2010/nov2010/gr_154366_2010.html
2025-12-05 19:07:01,986 - INFO -   ✓ Saved: RESTRUCTURED_DB/2010/november/154366.json
2025-12-05 19:07:02,486 - INFO - Scraping G.R. No. 162206 (2010): Monico V. Jacob, et al. vs. Sandiganbayan, et al....
2025-12-05 19:07:03,191 - INFO -   ✓ Found at: https://lawphil.net/judjuris/juri2010/nov2010/gr_162206_2010.html
2025-12-05 19:07:03,192 - INFO -   ✓ Saved: RESTRUCTURED_DB/2010/november/162206.json
2025-12-05 19:07:03,693 - INFO - Scraping G.R. No. 166298 (2010): Land Bank of the Philippines vs. Spouses Joel R. U...
2025-12-05 19:07:04,396 - INFO -   ✓ Found at: https://lawphil.net/judjuris/juri2010/nov2010/gr_166298_2010.html
2025-12-05 19:07:04,398 - INFO -   ✓ Saved: RESTRUCTURED_DB/2010/november/166298.json
2025-12-05 19:07:04,898 - INFO - Scraping G.R. No. 169225 (2010): Commissioner of Internal Revenue vs. Hambrecht & Q...
2025-12-05 19:07:05,156 - INFO -   ✓ Found at: https://lawphil.net/judjuris/juri2010/nov2010/gr_169225_2010.html
2025-12-05 19:07:05,157 - INFO -   ✓ Saved: RESTRUCTURED_DB/2010/november/169225.json
2025-12-05 19:07:05,657 - INFO - Scraping G.R. No. 192581 (2010): People of the Philippines vs. Dennis D. Manulit...
2025-12-05 19:07:05,911 - INFO -   ✓ Found at: https://lawphil.net/judjuris/juri2010/nov2010/gr_192581_2010.html
2025-12-05 19:07:05,913 - INFO -   ✓ Saved: RESTRUCTURED_DB/2010/november/192581.json
2025-12-05 19:07:06,413 - INFO - Scraping G.R. No. 192818 (2010): People of the Philippines vs. Prince Francisco y Z...
2025-12-05 19:07:06,892 - INFO -   ✓ Found at: https://lawphil.net/judjuris/juri2010/nov2010/gr_192818_2010.html
2025-12-05 19:07:06,894 - INFO -   ✓ Saved: RESTRUCTURED_DB/2010/november/192818.json
2025-12-05 19:07:07,394 - INFO - Scraping G.R. No. 178697 (2010): Commissioner of Internal Revenue vs. Sony Philippi...
2025-12-05 19:07:07,652 - INFO -   ✓ Found at: https://lawphil.net/judjuris/juri2010/nov2010/gr_178697_2010.html
2025-12-05 19:07:07,654 - INFO -   ✓ Saved: RESTRUCTURED_DB/2010/november/178697.json
2025-12-05 19:07:08,154 - INFO - Scraping G.R. No. 180045 (2010): Government Service Insurance System vs. National L...
2025-12-05 19:07:08,408 - INFO -   ✓ Found at: https://lawphil.net/judjuris/juri2010/nov2010/gr_180045_2010.html
2025-12-05 19:07:08,409 - INFO -   ✓ Saved: RESTRUCTURED_DB/2010/november/180045.json
2025-12-05 19:07:08,909 - INFO - Scraping G.R. No. 181643 (2010): Michelle I. Pineda vs. Court of Appeals and the De...
2025-12-05 19:07:09,389 - INFO -   ✓ Found at: https://lawphil.net/judjuris/juri2010/nov2010/gr_181643_2010.html
2025-12-05 19:07:09,390 - INFO -   ✓ Saved: RESTRUCTURED_DB/2010/november/181643.json
2025-12-05 19:07:09,891 - INFO - Scraping G.R. No. 185839 (2010): People of the Philippines vs. Arsenio Cabanilla...
2025-12-05 19:07:10,146 - INFO -   ✓ Found at: https://lawphil.net/judjuris/juri2010/nov2010/gr_185839_2010.html
2025-12-05 19:07:10,147 - INFO -   ✓ Saved: RESTRUCTURED_DB/2010/november/185839.json
2025-12-05 19:07:10,648 - INFO - Scraping G.R. No. 186605 (2010): Central Azucarera De Bais Employees Union-NFL, rep...
2025-12-05 19:07:10,903 - INFO -   ✓ Found at: https://lawphil.net/judjuris/juri2010/nov2010/gr_186605_2010.html
2025-12-05 19:07:10,904 - INFO -   ✓ Saved: RESTRUCTURED_DB/2010/november/186605.json
2025-12-05 19:07:11,405 - INFO - Scraping G.R. No. 157644 (2010): Spouses Ernesto and Vicenta Topacio vs. Banco Fili...
2025-12-05 19:07:12,324 - INFO -   ✓ Found at: https://lawphil.net/judjuris/juri2010/nov2010/gr_157644_2010.html
2025-12-05 19:07:12,326 - INFO -   ✓ Saved: RESTRUCTURED_DB/2010/november/157644.json
2025-12-05 19:07:12,826 - INFO - Scraping G.R. No. 159460 (2010): Solid Bank Corp. Ernesto U. Gamier, et al. and Sol...
2025-12-05 19:07:13,338 - INFO -   ✓ Found at: https://lawphil.net/judjuris/juri2010/nov2010/gr_159460_2010.html
2025-12-05 19:07:13,340 - INFO -   ✓ Saved: RESTRUCTURED_DB/2010/november/159460.json
2025-12-05 19:07:13,840 - INFO - Scraping G.R. No. 167835 (2010): Sps. Alfredo and Encarnacion Ching vs. Family Savi...
2025-12-05 19:07:14,100 - INFO -   ✓ Found at: https://lawphil.net/judjuris/juri2010/nov2010/gr_167835_2010.html
2025-12-05 19:07:14,101 - INFO -   ✓ Saved: RESTRUCTURED_DB/2010/november/167835.json
2025-12-05 19:07:14,602 - INFO - Scraping G.R. No. 179487 (2010): Romeo Ilisan y Piabol vs. People of the Philippine...
2025-12-05 19:07:15,090 - INFO -   ✓ Found at: https://lawphil.net/judjuris/juri2010/nov2010/gr_179487_2010.html
2025-12-05 19:07:15,091 - INFO -   ✓ Saved: RESTRUCTURED_DB/2010/november/179487.json
2025-12-05 19:07:15,591 - INFO - Scraping G.R. No. 189533 (2010): Ma. Imelda Pineda-Ng vs. People of the Phiippines...
2025-12-05 19:07:15,849 - INFO -   ✓ Found at: https://lawphil.net/judjuris/juri2010/nov2010/gr_189533_2010.html
2025-12-05 19:07:15,850 - INFO -   ✓ Saved: RESTRUCTURED_DB/2010/november/189533.json
2025-12-05 19:07:16,350 - INFO - Scraping G.R. No. 190515 (2010): Cirtek Employees Labor Union-Federation of Free Wo...
2025-12-05 19:07:16,604 - INFO -   ✓ Found at: https://lawphil.net/judjuris/juri2010/nov2010/gr_190515_2010.html
2025-12-05 19:07:16,605 - INFO -   ✓ Saved: RESTRUCTURED_DB/2010/november/190515.json
2025-12-05 19:07:17,106 - INFO - Scraping G.R. No. 186053 (2010): Republic of the Philippines vs. Nasaida Sumera Nis...
2025-12-05 19:07:17,592 - INFO -   ✓ Found at: https://lawphil.net/judjuris/juri2010/nov2010/gr_186053_2010.html
2025-12-05 19:07:17,593 - INFO -   ✓ Saved: RESTRUCTURED_DB/2010/november/186053.json
2025-12-05 19:07:18,093 - INFO - Scraping G.R. No. 184362 (2010): Millennium Erectors Corporation vs. Virgilio Magal...
2025-12-05 19:07:18,347 - INFO -   ✓ Found at: https://lawphil.net/judjuris/juri2010/nov2010/gr_184362_2010.html
2025-12-05 19:07:18,348 - INFO -   ✓ Saved: RESTRUCTURED_DB/2010/november/184362.json
2025-12-05 19:07:18,848 - INFO - Scraping G.R. No. 178899 (2010): Philippine Business Bank vs. Felipe Chua...
2025-12-05 19:07:19,336 - INFO -   ✓ Found at: https://lawphil.net/judjuris/juri2010/nov2010/gr_178899_2010.html
2025-12-05 19:07:19,338 - INFO -   ✓ Saved: RESTRUCTURED_DB/2010/november/178899.json
2025-12-05 19:07:19,838 - INFO - Scraping G.R. No. 187984 (2010): Francisco A. Labao vs. Lolito N. Flores, et al....
2025-12-05 19:07:20,098 - INFO -   ✓ Found at: https://lawphil.net/judjuris/juri2010/nov2010/gr_187984_2010.html
2025-12-05 19:07:20,100 - INFO -   ✓ Saved: RESTRUCTURED_DB/2010/november/187984.json
2025-12-05 19:07:20,600 - INFO - Scraping G.R. No. 189844 (2010): People of the Philippines vs. Mario Villanueva Bag...
2025-12-05 19:07:21,425 - INFO -   ✓ Found at: https://lawphil.net/judjuris/juri2010/nov2010/gr_189844_2010.html
2025-12-05 19:07:21,427 - INFO -   ✓ Saved: RESTRUCTURED_DB/2010/november/189844.json
2025-12-05 19:07:21,927 - INFO - Scraping G.R. No. 191069 (2010): People of the Phiippines vs. Sulpicio Sonny Boy Ta...
2025-12-05 19:07:22,413 - INFO -   ✓ Found at: https://lawphil.net/judjuris/juri2010/nov2010/gr_191069_2010.html
2025-12-05 19:07:22,414 - INFO -   ✓ Saved: RESTRUCTURED_DB/2010/november/191069.json
2025-12-05 19:07:22,914 - INFO - Scraping G.R. No. 143511 (2010): Philippine Long Distance Telephone Company vs. Joe...
2025-12-05 19:07:23,393 - INFO -   ✓ Found at: https://lawphil.net/judjuris/juri2010/nov2010/gr_143511_2010.html
2025-12-05 19:07:23,395 - INFO -   ✓ Saved: RESTRUCTURED_DB/2010/november/143511.json
2025-12-05 19:07:23,895 - INFO - Scraping G.R. No. 171631 (2010): Republic of the Philippines vs. Avelino R. Dela Pa...
2025-12-05 19:07:24,373 - INFO -   ✓ Found at: https://lawphil.net/judjuris/juri2010/nov2010/gr_171631_2010.html
2025-12-05 19:07:24,374 - INFO -   ✓ Saved: RESTRUCTURED_DB/2010/november/171631.json
2025-12-05 19:07:24,875 - INFO - Scraping G.R. No. 176946 (2010): Constancia G. Tamayo, et al. vs. Rosalia Abad Seño...
2025-12-05 19:07:25,132 - INFO -   ✓ Found at: https://lawphil.net/judjuris/juri2010/nov2010/gr_176946_2010.html
2025-12-05 19:07:25,133 - INFO -   ✓ Saved: RESTRUCTURED_DB/2010/november/176946.json
2025-12-05 19:07:25,633 - INFO - Scraping G.R. No. 181560 (2010): Vitarich Corporation vs. Chona Losin...
2025-12-05 19:07:26,113 - INFO -   ✓ Found at: https://lawphil.net/judjuris/juri2010/nov2010/gr_181560_2010.html
2025-12-05 19:07:26,114 - INFO -   ✓ Saved: RESTRUCTURED_DB/2010/november/181560.json
2025-12-05 19:07:26,615 - INFO - Scraping G.R. No. 181635 (2010): People of the Philippines vs. Nonoy Ebet...
2025-12-05 19:07:27,104 - INFO -   ✓ Found at: https://lawphil.net/judjuris/juri2010/nov2010/gr_181635_2010.html
2025-12-05 19:07:27,106 - INFO -   ✓ Saved: RESTRUCTURED_DB/2010/november/181635.json
2025-12-05 19:07:27,606 - INFO - Scraping G.R. No. 185567 (2010): Arsenio Z. Locsin vs. Nissan Lease Phils. Inc. and...
2025-12-05 19:07:28,310 - INFO -   ✓ Found at: https://lawphil.net/judjuris/juri2010/oct2010/gr_185567_2010.html
2025-12-05 19:07:28,312 - INFO -   ✓ Saved: RESTRUCTURED_DB/2010/october/185567.json
2025-12-05 19:07:28,812 - INFO - Scraping G.R. No. 178397 (2010): Peñafrancia Tours and Travel Transport, Inc. vs. J...
2025-12-05 19:07:29,300 - INFO -   ✓ Found at: https://lawphil.net/judjuris/juri2010/oct2010/gr_178397_2010.html
2025-12-05 19:07:29,302 - INFO -   ✓ Saved: RESTRUCTURED_DB/2010/october/178397.json
2025-12-05 19:07:29,803 - INFO - Scraping G.R. No. 123294 (2010): Philippine Airlines, Inc. vs. National Labor Relat...
2025-12-05 19:07:30,288 - INFO -   ✓ Found at: https://lawphil.net/judjuris/juri2010/oct2010/gr_123294_2010.html
2025-12-05 19:07:30,290 - INFO -   ✓ Saved: RESTRUCTURED_DB/2010/october/123294.json
2025-12-05 19:07:30,791 - INFO - Scraping G.R. No. 173021 (2010): Delfin Lamsis, et al. vs. Margarita Semon Dong-e...
2025-12-05 19:07:31,269 - INFO -   ✓ Found at: https://lawphil.net/judjuris/juri2010/oct2010/gr_173021_2010.html
2025-12-05 19:07:31,271 - INFO -   ✓ Saved: RESTRUCTURED_DB/2010/october/173021.json
2025-12-05 19:07:31,771 - INFO - Scraping G.R. No. 174212 (2010): Hitachi Global Storage Technologies Philippines, C...
2025-12-05 19:07:32,025 - INFO -   ✓ Found at: https://lawphil.net/judjuris/juri2010/oct2010/gr_174212_2010.html
2025-12-05 19:07:32,026 - INFO -   ✓ Saved: RESTRUCTURED_DB/2010/october/174212.json
2025-12-05 19:07:32,526 - INFO - Scraping G.R. No. 174329 (2010): Development Bank of the Philippines vs. Environmen...
2025-12-05 19:07:33,417 - INFO -   ✓ Found at: https://lawphil.net/judjuris/juri2010/oct2010/gr_174329_2010.html
2025-12-05 19:07:33,419 - INFO -   ✓ Saved: RESTRUCTURED_DB/2010/october/174329.json
2025-12-05 19:07:33,919 - INFO - Scraping G.R. No. 175561 (2010): Spouses Ida Nieves Beltran and Jose Beltran vs. Ms...
2025-12-05 19:07:34,173 - INFO -   ✓ Found at: https://lawphil.net/judjuris/juri2010/oct2010/gr_175561_2010.html
2025-12-05 19:07:34,174 - INFO -   ✓ Saved: RESTRUCTURED_DB/2010/october/175561.json
2025-12-05 19:07:34,674 - INFO - Scraping G.R. No. 175849 (2010): Manuel Almagro, joined by his spouse, Elizabeth Al...
2025-12-05 19:07:43,856 - WARNING -   ✗ Not found for G.R. No. 175849
2025-12-05 19:07:44,357 - INFO - Scraping G.R. No. 181900 (2010): People of the Philippines vs. Demetrio Salazar...
2025-12-05 19:07:44,913 - INFO -   ✓ Found at: https://lawphil.net/judjuris/juri2010/oct2010/gr_181900_2010.html
2025-12-05 19:07:44,914 - INFO -   ✓ Saved: RESTRUCTURED_DB/2010/october/181900.json
2025-12-05 19:07:45,415 - INFO - Scraping G.R. No. 184850 (2010): E.Y. Industrial Sales, Inc. and Engracio Yap vs. S...
2025-12-05 19:07:46,122 - INFO -   ✓ Found at: https://lawphil.net/judjuris/juri2010/oct2010/gr_184850_2010.html
2025-12-05 19:07:46,124 - INFO -   ✓ Saved: RESTRUCTURED_DB/2010/october/184850.json
2025-12-05 19:07:46,625 - INFO - Scraping G.R. No. 190179 (2010): People of the Philippines vs. Edward R. Feliciano ...
2025-12-05 19:07:47,656 - INFO -   ✓ Found at: https://lawphil.net/judjuris/juri2010/oct2010/gr_190179_2010.html
2025-12-05 19:07:47,658 - INFO -   ✓ Saved: RESTRUCTURED_DB/2010/october/190179.json
2025-12-05 19:07:48,159 - INFO - Scraping G.R. No. 172635 (2010): Office of the Ombudsman vs. Pedro Delijero, Jr....
2025-12-05 19:07:48,647 - INFO -   ✓ Found at: https://lawphil.net/judjuris/juri2010/oct2010/gr_172635_2010.html
2025-12-05 19:07:48,648 - INFO -   ✓ Saved: RESTRUCTURED_DB/2010/october/172635.json
2025-12-05 19:07:49,149 - INFO - Scraping G.R. No. 174157 (2010): Commissioner of Internal Revenue vs. McGeorge Food...
2025-12-05 19:07:49,628 - INFO -   ✓ Found at: https://lawphil.net/judjuris/juri2010/oct2010/gr_174157_2010.html
2025-12-05 19:07:49,630 - INFO -   ✓ Saved: RESTRUCTURED_DB/2010/october/174157.json
2025-12-05 19:07:50,130 - INFO - Scraping G.R. No. 178618 (2010): Mindanao Savings and Loan Association, Inc., etc. ...
2025-12-05 19:07:50,396 - INFO -   ✓ Found at: https://lawphil.net/judjuris/juri2010/oct2010/gr_178618_2010.html
2025-12-05 19:07:50,398 - INFO -   ✓ Saved: RESTRUCTURED_DB/2010/october/178618.json
2025-12-05 19:07:50,898 - INFO - Scraping G.R. No. 183852 (2010): Carmela Brobio Mangahas vs. Eufrocina A. Brobio...
2025-12-05 19:07:51,152 - INFO -   ✓ Found at: https://lawphil.net/judjuris/juri2010/oct2010/gr_183852_2010.html
2025-12-05 19:07:51,153 - INFO -   ✓ Saved: RESTRUCTURED_DB/2010/october/183852.json
2025-12-05 19:07:51,654 - INFO - Scraping G.R. No. 186400 (2010): Cynthia S. Bolos vs. Danilo T. Bolos...
2025-12-05 19:07:52,132 - INFO -   ✓ Found at: https://lawphil.net/judjuris/juri2010/oct2010/gr_186400_2010.html
2025-12-05 19:07:52,133 - INFO -   ✓ Saved: RESTRUCTURED_DB/2010/october/186400.json
2025-12-05 19:07:52,633 - INFO - Scraping G.R. No. 191064 (2010): People of the Philippines vs. Rolando A. Araneta a...
2025-12-05 19:07:52,888 - INFO -   ✓ Found at: https://lawphil.net/judjuris/juri2010/oct2010/gr_191064_2010.html
2025-12-05 19:07:52,889 - INFO -   ✓ Saved: RESTRUCTURED_DB/2010/october/191064.json
2025-12-05 19:07:53,390 - INFO - Scraping G.R. No. 151349 (2010): Leandro M. Alcantara vs. the Philippine Commercial...
2025-12-05 19:07:53,644 - INFO -   ✓ Found at: https://lawphil.net/judjuris/juri2010/oct2010/gr_151349_2010.html
2025-12-05 19:07:53,645 - INFO -   ✓ Saved: RESTRUCTURED_DB/2010/october/151349.json
2025-12-05 19:07:54,145 - INFO - Scraping G.R. No. 176212 (2010): Century Savings Bank vs. Spouses Danilo T. Samonte...
2025-12-05 19:07:54,623 - INFO -   ✓ Found at: https://lawphil.net/judjuris/juri2010/oct2010/gr_176212_2010.html
2025-12-05 19:07:54,624 - INFO -   ✓ Saved: RESTRUCTURED_DB/2010/october/176212.json
2025-12-05 19:07:55,124 - INFO - Scraping G.R. No. 187069 (2010): People of the Philippines vs. Antonio Magyao...
2025-12-05 19:07:55,604 - INFO -   ✓ Found at: https://lawphil.net/judjuris/juri2010/oct2010/gr_187069_2010.html
2025-12-05 19:07:55,605 - INFO -   ✓ Saved: RESTRUCTURED_DB/2010/october/187069.json
2025-12-05 19:07:56,105 - INFO - Scraping G.R. No. 152166 (2010): St. Luke's Medical Center, Inc. and Robert Kuan...
2025-12-05 19:07:56,447 - INFO -   ✓ Found at: https://lawphil.net/judjuris/juri2010/oct2010/gr_152166_2010.html
2025-12-05 19:07:56,448 - INFO -   ✓ Saved: RESTRUCTURED_DB/2010/october/152166.json
2025-12-05 19:07:56,948 - INFO - Scraping G.R. No. 170389 (2010): Republic of the Philippines., represented by the H...
2025-12-05 19:07:57,433 - INFO -   ✓ Found at: https://lawphil.net/judjuris/juri2010/oct2010/gr_170389_2010.html
2025-12-05 19:07:57,434 - INFO -   ✓ Saved: RESTRUCTURED_DB/2010/october/170389.json
2025-12-05 19:07:57,934 - INFO - Scraping G.R. No. 171998 (2010): Anamer Salazar vs. J.Y. Brothers Marketing Corpora...
2025-12-05 19:07:58,189 - INFO -   ✓ Found at: https://lawphil.net/judjuris/juri2010/oct2010/gr_171998_2010.html
2025-12-05 19:07:58,190 - INFO -   ✓ Saved: RESTRUCTURED_DB/2010/october/171998.json
2025-12-05 19:07:58,690 - INFO - Scraping G.R. No. 172393 (2010): Bank of Commerce vs. Hon. Estela Perlas-Bernabe, e...
2025-12-05 19:07:59,180 - INFO -   ✓ Found at: https://lawphil.net/judjuris/juri2010/oct2010/gr_172393_2010.html
2025-12-05 19:07:59,182 - INFO -   ✓ Saved: RESTRUCTURED_DB/2010/october/172393.json
2025-12-05 19:07:59,682 - INFO - Scraping G.R. No. 172525 (2010): Shinryo (Philippines) Company, Inc. vs. RRN Incorp...
2025-12-05 19:07:59,954 - INFO -   ✓ Found at: https://lawphil.net/judjuris/juri2010/oct2010/gr_172525_2010.html
2025-12-05 19:07:59,956 - INFO -   ✓ Saved: RESTRUCTURED_DB/2010/october/172525.json
2025-12-05 19:08:00,456 - INFO - Scraping G.R. No. 173179 (2010): Manuel D. Recto, et al. vs. Bishop Federico O. Esc...
2025-12-05 19:08:00,710 - INFO -   ✓ Found at: https://lawphil.net/judjuris/juri2010/oct2010/gr_173179_2010.html
2025-12-05 19:08:00,712 - INFO -   ✓ Saved: RESTRUCTURED_DB/2010/october/173179.json
2025-12-05 19:08:01,212 - INFO - Scraping G.R. No. 174674 (2010): Nestle Philippines, Inc. et al. vs. Uniwide Sales,...
2025-12-05 19:08:01,487 - INFO -   ✓ Found at: https://lawphil.net/judjuris/juri2010/oct2010/gr_174674_2010.html
2025-12-05 19:08:01,489 - INFO -   ✓ Saved: RESTRUCTURED_DB/2010/october/174674.json
2025-12-05 19:08:01,989 - INFO - Scraping G.R. No. 183455 (2010): People of the Philippines vs. Romy Atadero...
2025-12-05 19:08:02,528 - INFO -   ✓ Found at: https://lawphil.net/judjuris/juri2010/oct2010/gr_183455_2010.html
2025-12-05 19:08:02,530 - INFO -   ✓ Saved: RESTRUCTURED_DB/2010/october/183455.json
2025-12-05 19:08:03,031 - INFO - Scraping G.R. No. 186166 (2010): Republic of the Philippines vs. Jose T. Ching repr...
2025-12-05 19:08:03,530 - INFO -   ✓ Found at: https://lawphil.net/judjuris/juri2010/oct2010/gr_186166_2010.html
2025-12-05 19:08:03,531 - INFO -   ✓ Saved: RESTRUCTURED_DB/2010/october/186166.json
2025-12-05 19:08:04,031 - INFO - Scraping G.R. No. 191194 (2010): People of the Philippines vs. Astro Astrolabio Asi...
2025-12-05 19:08:04,573 - INFO -   ✓ Found at: https://lawphil.net/judjuris/juri2010/oct2010/gr_191194_2010.html
2025-12-05 19:08:04,574 - INFO -   ✓ Saved: RESTRUCTURED_DB/2010/october/191194.json
2025-12-05 19:08:05,074 - INFO - Scraping G.R. No. 166910 (2010): Ernesto B. Francisco, Jr., et al. vs. Toll Regulat...
2025-12-05 19:08:05,780 - INFO -   ✓ Found at: https://lawphil.net/judjuris/juri2010/oct2010/gr_166910_2010.html
2025-12-05 19:08:05,786 - INFO -   ✓ Saved: RESTRUCTURED_DB/2010/october/166910.json
2025-12-05 19:08:06,287 - INFO - Scraping G.R. No. 191938 (2010): Abraham Kahlil B. Mitra vs. Commission on Election...
2025-12-05 19:08:06,772 - INFO -   ✓ Found at: https://lawphil.net/judjuris/juri2010/oct2010/gr_191938_2010.html
2025-12-05 19:08:06,775 - INFO -   ✓ Saved: RESTRUCTURED_DB/2010/october/191938.json
2025-12-05 19:08:07,275 - INFO - Scraping G.R. No. 189859 (2010): Pio Modesto and Cirila Rivera-Modesto vs. Carlos U...
2025-12-05 19:08:07,533 - INFO -   ✓ Found at: https://lawphil.net/judjuris/juri2010/oct2010/gr_189859_2010.html
2025-12-05 19:08:07,535 - INFO -   ✓ Saved: RESTRUCTURED_DB/2010/october/189859.json
2025-12-05 19:08:08,036 - INFO - Scraping G.R. No. 159230 (2010): B.E. San Diego, Inc. vs. Court of Appeals and Jovi...
2025-12-05 19:08:08,553 - INFO -   ✓ Found at: https://lawphil.net/judjuris/juri2010/oct2010/gr_159230_2010.html
2025-12-05 19:08:08,554 - INFO -   ✓ Saved: RESTRUCTURED_DB/2010/october/159230.json
2025-12-05 19:08:09,054 - INFO - Scraping G.R. No. 164757 (2010): Cebu Metro Pharmacy, Inc. vs. Euro-Med Laboratorie...
2025-12-05 19:08:09,331 - INFO -   ✓ Found at: https://lawphil.net/judjuris/juri2010/oct2010/gr_164757_2010.html
2025-12-05 19:08:09,332 - INFO -   ✓ Saved: RESTRUCTURED_DB/2010/october/164757.json
2025-12-05 19:08:09,832 - INFO - Scraping G.R. No. 170073 (2010): Spouses Ramy and Zenaida Pudadera vs. Ireneo Magal...
2025-12-05 19:08:10,091 - INFO -   ✓ Found at: https://lawphil.net/judjuris/juri2010/oct2010/gr_170073_2010.html
2025-12-05 19:08:10,093 - INFO -   ✓ Saved: RESTRUCTURED_DB/2010/october/170073.json
2025-12-05 19:08:10,593 - INFO - Scraping G.R. No. 191394 (2010): People fo the Philippines vs. Maria Politico y Tic...
2025-12-05 19:08:10,853 - INFO -   ✓ Found at: https://lawphil.net/judjuris/juri2010/oct2010/gr_191394_2010.html
2025-12-05 19:08:10,854 - INFO -   ✓ Saved: RESTRUCTURED_DB/2010/october/191394.json
2025-12-05 19:08:11,354 - INFO - Scraping G.R. No. 187116 (2010): Asset Builders Corporation vs. Stronghold Insuranc...
2025-12-05 19:08:11,754 - INFO -   ✓ Found at: https://lawphil.net/judjuris/juri2010/oct2010/gr_187116_2010.html
2025-12-05 19:08:11,756 - INFO -   ✓ Saved: RESTRUCTURED_DB/2010/october/187116.json
2025-12-05 19:08:12,256 - INFO - Scraping G.R. No. 187032 (2010): Edgardo M. Panganiban vs. Tara Trading Ship Manage...
2025-12-05 19:08:12,734 - INFO -   ✓ Found at: https://lawphil.net/judjuris/juri2010/oct2010/gr_187032_2010.html
2025-12-05 19:08:12,736 - INFO -   ✓ Saved: RESTRUCTURED_DB/2010/october/187032.json
2025-12-05 19:08:13,236 - INFO - Scraping G.R. No. 177279 (2010): Commissioner of Internal Revenue vs. Hon. Raul M. ...
2025-12-05 19:08:13,716 - INFO -   ✓ Found at: https://lawphil.net/judjuris/juri2010/oct2010/gr_177279_2010.html
2025-12-05 19:08:13,719 - INFO -   ✓ Saved: RESTRUCTURED_DB/2010/october/177279.json
2025-12-05 19:08:14,219 - INFO - Scraping G.R. No. 172394 (2010): H. Tambunting Pawnshop, Inc. vs. Commissioner of I...
2025-12-05 19:08:14,571 - INFO -   ✓ Found at: https://lawphil.net/judjuris/juri2010/oct2010/gr_172394_2010.html
2025-12-05 19:08:14,572 - INFO -   ✓ Saved: RESTRUCTURED_DB/2010/october/172394.json
2025-12-05 19:08:15,072 - INFO - Scraping G.R. No. 173463 (2010): Global Business Holdings, Inc. vs. Surecomp Softwa...
2025-12-05 19:08:15,551 - INFO -   ✓ Found at: https://lawphil.net/judjuris/juri2010/oct2010/gr_173463_2010.html
2025-12-05 19:08:15,552 - INFO -   ✓ Saved: RESTRUCTURED_DB/2010/october/173463.json
2025-12-05 19:08:16,052 - INFO - Scraping G.R. No. 177881 (2010): Emmanuel C. Villanueva vs. Cherdan Lending Investo...
2025-12-05 19:08:16,319 - INFO -   ✓ Found at: https://lawphil.net/judjuris/juri2010/oct2010/gr_177881_2010.html
2025-12-05 19:08:16,320 - INFO -   ✓ Saved: RESTRUCTURED_DB/2010/october/177881.json
2025-12-05 19:08:16,820 - INFO - Scraping G.R. No. 180699 (2010): Bank of the Philippine Islands vs. Labor Arbiter R...
2025-12-05 19:08:17,301 - INFO -   ✓ Found at: https://lawphil.net/judjuris/juri2010/oct2010/gr_180699_2010.html
2025-12-05 19:08:17,302 - INFO -   ✓ Saved: RESTRUCTURED_DB/2010/october/180699.json
2025-12-05 19:08:17,802 - INFO - Scraping G.R. No. 183404 (2010): Berris Agricultural Co., Inc. vs. Norvy Abyadang...
2025-12-05 19:08:18,231 - INFO -   ✓ Found at: https://lawphil.net/judjuris/juri2010/oct2010/gr_183404_2010.html
2025-12-05 19:08:18,233 - INFO -   ✓ Saved: RESTRUCTURED_DB/2010/october/183404.json
2025-12-05 19:08:18,733 - INFO - Scraping G.R. No. 188154 (2010): Lourdes A. Cercado vs. Uniprom, Inc....
2025-12-05 19:08:18,990 - INFO -   ✓ Found at: https://lawphil.net/judjuris/juri2010/oct2010/gr_188154_2010.html
2025-12-05 19:08:18,992 - INFO -   ✓ Saved: RESTRUCTURED_DB/2010/october/188154.json
2025-12-05 19:08:19,492 - INFO - Scraping G.R. No. 157802 (2010): Matling Industrial and Commercial Corp., et al. vs...
2025-12-05 19:08:20,536 - INFO -   ✓ Found at: https://lawphil.net/judjuris/juri2010/oct2010/gr_157802_2010.html
2025-12-05 19:08:20,539 - INFO -   ✓ Saved: RESTRUCTURED_DB/2010/october/157802.json
2025-12-05 19:08:21,039 - INFO - Scraping G.R. No. 173822 (2010): Salvador Atizado and Salvador Monreal vs. People o...
2025-12-05 19:08:21,773 - INFO -   ✓ Found at: https://lawphil.net/judjuris/juri2010/oct2010/gr_173822_2010.html
2025-12-05 19:08:21,776 - INFO -   ✓ Saved: RESTRUCTURED_DB/2010/october/173822.json
2025-12-05 19:08:22,276 - INFO - Scraping G.R. No. 185814 (2010): SHS Perforated Materials, Inc., et al. vs. Manuel ...
2025-12-05 19:08:22,531 - INFO -   ✓ Found at: https://lawphil.net/judjuris/juri2010/oct2010/gr_185814_2010.html
2025-12-05 19:08:22,532 - INFO -   ✓ Saved: RESTRUCTURED_DB/2010/october/185814.json
2025-12-05 19:08:23,033 - INFO - Scraping G.R. No. 161431 (2010): Calibre Traders Inc., Mario Sison Sebastian and Mi...
2025-12-05 19:08:23,316 - INFO -   ✓ Found at: https://lawphil.net/judjuris/juri2010/oct2010/gr_161431_2010.html
2025-12-05 19:08:23,318 - INFO -   ✓ Saved: RESTRUCTURED_DB/2010/october/161431.json
2025-12-05 19:08:23,819 - INFO - Scraping G.R. No. 173342 (2010): Zamboanga Forest Managers Corporation vs. New Paci...
2025-12-05 19:08:24,316 - INFO -   ✓ Found at: https://lawphil.net/judjuris/juri2010/oct2010/gr_173342_2010.html
2025-12-05 19:08:24,318 - INFO -   ✓ Saved: RESTRUCTURED_DB/2010/october/173342.json
2025-12-05 19:08:24,819 - INFO - Scraping G.R. No. 175862 (2010): Real Bank Inc. vs. Samsung Mabuhay Corporation, et...
2025-12-05 19:08:25,074 - INFO -   ✓ Found at: https://lawphil.net/judjuris/juri2010/oct2010/gr_175862_2010.html
2025-12-05 19:08:25,075 - INFO -   ✓ Saved: RESTRUCTURED_DB/2010/october/175862.json
2025-12-05 19:08:25,575 - INFO - Scraping G.R. No. 184036 (2010): Pacific Rehouse Corporation, et al. vs. EIB Securi...
2025-12-05 19:08:26,054 - INFO -   ✓ Found at: https://lawphil.net/judjuris/juri2010/oct2010/gr_184036_2010.html
2025-12-05 19:08:26,057 - INFO -   ✓ Saved: RESTRUCTURED_DB/2010/october/184036.json
2025-12-05 19:08:26,557 - INFO - Scraping G.R. No. 184041 (2010): Aniceto G. Saludo, Jr. vs. Security Bank Corporati...
2025-12-05 19:08:27,035 - INFO -   ✓ Found at: https://lawphil.net/judjuris/juri2010/oct2010/gr_184041_2010.html
2025-12-05 19:08:27,036 - INFO -   ✓ Saved: RESTRUCTURED_DB/2010/october/184041.json
2025-12-05 19:08:27,537 - INFO - 
Batch 2 complete:
2025-12-05 19:08:27,537 - INFO -   Successful: 99
2025-12-05 19:08:27,537 - INFO -   Failed: 1
2025-12-05 19:08:27,537 - INFO -   Skipped: 0
2025-12-05 19:08:27,537 - INFO - 
Overall progress: 200/1062 cases
2025-12-05 19:08:27,537 - INFO - 
================================================================================
2025-12-05 19:08:27,537 - INFO - BATCH 3/11 (100 cases)
2025-12-05 19:08:27,537 - INFO - ================================================================================
2025-12-05 19:08:27,537 - INFO - Scraping G.R. No. 191254 (2010): People of the Philippines vs. Roel "Ruel" Sally...
2025-12-05 19:08:28,015 - INFO -   ✓ Found at: https://lawphil.net/judjuris/juri2010/oct2010/gr_191254_2010.html
2025-12-05 19:08:28,016 - INFO -   ✓ Saved: RESTRUCTURED_DB/2010/october/191254.json
2025-12-05 19:08:28,517 - INFO - Scraping G.R. No. 170375 (2010): Republic of the Philippines vs. Hon. Mamindiara P....
2025-12-05 19:08:29,067 - INFO -   ✓ Found at: https://lawphil.net/judjuris/juri2010/oct2010/gr_170375_2010.html
2025-12-05 19:08:29,068 - INFO -   ✓ Saved: RESTRUCTURED_DB/2010/october/170375.json
2025-12-05 19:08:29,568 - INFO - Scraping G.R. No. 174066 (2010): People of the Philippines vs. Ernesto Narzabal y C...
2025-12-05 19:08:29,829 - INFO -   ✓ Found at: https://lawphil.net/judjuris/juri2010/oct2010/gr_174066_2010.html
2025-12-05 19:08:29,830 - INFO -   ✓ Saved: RESTRUCTURED_DB/2010/october/174066.json
2025-12-05 19:08:30,330 - INFO - Scraping G.R. No. 171685 (2010): Land Bank of the Philippines vs. Glenn Y. Escandor...
2025-12-05 19:08:30,599 - INFO -   ✓ Found at: https://lawphil.net/judjuris/juri2010/oct2010/gr_171685_2010.html
2025-12-05 19:08:30,601 - INFO -   ✓ Saved: RESTRUCTURED_DB/2010/october/171685.json
2025-12-05 19:08:31,101 - INFO - Scraping G.R. No. 178551 (2010): ATCI Overseas Corporation, et al. vs. Ma. Josefa E...
2025-12-05 19:08:31,576 - INFO -   ✓ Found at: https://lawphil.net/judjuris/juri2010/oct2010/gr_178551_2010.html
2025-12-05 19:08:31,578 - INFO -   ✓ Saved: RESTRUCTURED_DB/2010/october/178551.json
2025-12-05 19:08:32,078 - INFO - Scraping G.R. No. 182953 (2010): Corazon D. Sarmienta, et al. vs. Manalite Homeowne...
2025-12-05 19:08:32,562 - INFO -   ✓ Found at: https://lawphil.net/judjuris/juri2010/oct2010/gr_182953_2010.html
2025-12-05 19:08:32,564 - INFO -   ✓ Saved: RESTRUCTURED_DB/2010/october/182953.json
2025-12-05 19:08:33,064 - INFO - Scraping G.R. No. 190804 (2010): Philippine Transmarine Carriers, Inc., Global Navi...
2025-12-05 19:08:33,330 - INFO -   ✓ Found at: https://lawphil.net/judjuris/juri2010/oct2010/gr_190804_2010.html
2025-12-05 19:08:33,331 - INFO -   ✓ Saved: RESTRUCTURED_DB/2010/october/190804.json
2025-12-05 19:08:33,831 - INFO - Scraping G.R. No. 192916 (2010): Manuel A. Echavez vs. Dozen Construction and Devel...
2025-12-05 19:08:34,312 - INFO -   ✓ Found at: https://lawphil.net/judjuris/juri2010/oct2010/gr_192916_2010.html
2025-12-05 19:08:34,313 - INFO -   ✓ Saved: RESTRUCTURED_DB/2010/october/192916.json
2025-12-05 19:08:34,813 - INFO - Scraping G.R. No. 156038 (2010): Spouses Victoriano chung and Debbie Chung vs. Ulan...
2025-12-05 19:08:35,072 - INFO -   ✓ Found at: https://lawphil.net/judjuris/juri2010/oct2010/gr_156038_2010.html
2025-12-05 19:08:35,074 - INFO -   ✓ Saved: RESTRUCTURED_DB/2010/october/156038.json
2025-12-05 19:08:35,574 - INFO - Scraping G.R. No. 192473 (2010): S.I.P. Food House and Mr. and Mrs. Alejandro Pablo...
2025-12-05 19:08:35,840 - INFO -   ✓ Found at: https://lawphil.net/judjuris/juri2010/oct2010/gr_192473_2010.html
2025-12-05 19:08:35,842 - INFO -   ✓ Saved: RESTRUCTURED_DB/2010/october/192473.json
2025-12-05 19:08:36,342 - INFO - Scraping G.R. No. 177127 (2010): JRA Philippines, Inc. vs. Commissioner of Internal...
2025-12-05 19:08:36,600 - INFO -   ✓ Found at: https://lawphil.net/judjuris/juri2010/oct2010/gr_177127_2010.html
2025-12-05 19:08:36,602 - INFO -   ✓ Saved: RESTRUCTURED_DB/2010/october/177127.json
2025-12-05 19:08:37,102 - INFO - Scraping G.R. No. 184952 (2010): People of the Philippines vs. Marianito Gonzaga y ...
2025-12-05 19:08:37,579 - INFO -   ✓ Found at: https://lawphil.net/judjuris/juri2010/oct2010/gr_184952_2010.html
2025-12-05 19:08:37,581 - INFO -   ✓ Saved: RESTRUCTURED_DB/2010/october/184952.json
2025-12-05 19:08:38,081 - INFO - Scraping G.R. No. 184823 (2010): Commissioner Internal Revenue vs. Aichi Forging Co...
2025-12-05 19:08:38,340 - INFO -   ✓ Found at: https://lawphil.net/judjuris/juri2010/oct2010/gr_184823_2010.html
2025-12-05 19:08:38,342 - INFO -   ✓ Saved: RESTRUCTURED_DB/2010/october/184823.json
2025-12-05 19:08:38,842 - INFO - Scraping G.R. No. 169067 (2010): Republic of the Philippines vs. Angelo B. Malabana...
2025-12-05 19:08:39,321 - INFO -   ✓ Found at: https://lawphil.net/judjuris/juri2010/oct2010/gr_169067_2010.html
2025-12-05 19:08:39,322 - INFO -   ✓ Saved: RESTRUCTURED_DB/2010/october/169067.json
2025-12-05 19:08:39,822 - INFO - Scraping G.R. No. 190381 (2010): Coca-Cola Bottlers Philippines, Inc. vs. Rodrigo M...
2025-12-05 19:08:40,077 - INFO -   ✓ Found at: https://lawphil.net/judjuris/juri2010/oct2010/gr_190381_2010.html
2025-12-05 19:08:40,078 - INFO -   ✓ Saved: RESTRUCTURED_DB/2010/october/190381.json
2025-12-05 19:08:40,579 - INFO - Scraping G.R. No. 161934 (2010): Varorient Shipping Co., Inc., et al. vs. Gil Flore...
2025-12-05 19:08:40,833 - INFO -   ✓ Found at: https://lawphil.net/judjuris/juri2010/oct2010/gr_161934_2010.html
2025-12-05 19:08:40,834 - INFO -   ✓ Saved: RESTRUCTURED_DB/2010/october/161934.json
2025-12-05 19:08:41,335 - INFO - Scraping G.R. No. 176479 (2010): Rizal Commercial Banking Corporation vs. Pedro P. ...
2025-12-05 19:08:41,682 - INFO -   ✓ Found at: https://lawphil.net/judjuris/juri2010/oct2010/gr_176479_2010.html
2025-12-05 19:08:41,683 - INFO -   ✓ Saved: RESTRUCTURED_DB/2010/october/176479.json
2025-12-05 19:08:42,184 - INFO - Scraping G.R. No. 153998 (2010): Jorge L. Tiangco, et al. vs. Land Bank of the Phil...
2025-12-05 19:08:42,670 - INFO -   ✓ Found at: https://lawphil.net/judjuris/juri2010/oct2010/gr_153998_2010.html
2025-12-05 19:08:42,671 - INFO -   ✓ Saved: RESTRUCTURED_DB/2010/october/153998.json
2025-12-05 19:08:43,172 - INFO - Scraping G.R. No. 180687 (2010): Esmeraldo C. Romullo, et al. vs. Samahang Magkakap...
2025-12-05 19:08:43,653 - INFO -   ✓ Found at: https://lawphil.net/judjuris/juri2010/oct2010/gr_180687_2010.html
2025-12-05 19:08:43,655 - INFO -   ✓ Saved: RESTRUCTURED_DB/2010/october/180687.json
2025-12-05 19:08:44,155 - INFO - Scraping G.R. No. 185020 (2010): Filomena R. Benedicto vs. Antonio Villaflores...
2025-12-05 19:08:44,719 - INFO -   ✓ Found at: https://lawphil.net/judjuris/juri2010/oct2010/gr_185020_2010.html
2025-12-05 19:08:44,720 - INFO -   ✓ Saved: RESTRUCTURED_DB/2010/october/185020.json
2025-12-05 19:08:45,220 - INFO - Scraping G.R. No. 171980 (2010): People of the Philippines vs. Olive Rubio Mamaril...
2025-12-05 19:08:45,637 - INFO -   ✓ Found at: https://lawphil.net/judjuris/juri2010/oct2010/gr_171980_2010.html
2025-12-05 19:08:45,639 - INFO -   ✓ Saved: RESTRUCTURED_DB/2010/october/171980.json
2025-12-05 19:08:46,139 - INFO - Scraping G.R. No. 179543 (2010): Camper Realty Corp. vs. Maria Nena Pajo-Reyes, rep...
2025-12-05 19:08:47,081 - INFO -   ✓ Found at: https://lawphil.net/judjuris/juri2010/oct2010/gr_179543_2010.html
2025-12-05 19:08:47,082 - INFO -   ✓ Saved: RESTRUCTURED_DB/2010/october/179543.json
2025-12-05 19:08:47,583 - INFO - Scraping G.R. No. 188650 (2010): Office of the Ombudsman vs. Priscilla S. Cordova /...
2025-12-05 19:08:47,844 - INFO -   ✓ Found at: https://lawphil.net/judjuris/juri2010/oct2010/gr_188650_2010.html
2025-12-05 19:08:47,845 - INFO -   ✓ Saved: RESTRUCTURED_DB/2010/october/188650.json
2025-12-05 19:08:48,346 - INFO - Scraping G.R. No. 168313 (2010): Bank of the Philippine Islands vs. Hon. Court of A...
2025-12-05 19:08:48,824 - INFO -   ✓ Found at: https://lawphil.net/judjuris/juri2010/oct2010/gr_168313_2010.html
2025-12-05 19:08:48,825 - INFO -   ✓ Saved: RESTRUCTURED_DB/2010/october/168313.json
2025-12-05 19:08:49,326 - INFO - Scraping G.R. No. 186652 (2010): Atty. Alice Odchique-Bondoc vs. Tan Tiong Bio a.k....
2025-12-05 19:08:49,580 - INFO -   ✓ Found at: https://lawphil.net/judjuris/juri2010/oct2010/gr_186652_2010.html
2025-12-05 19:08:49,581 - INFO -   ✓ Saved: RESTRUCTURED_DB/2010/october/186652.json
2025-12-05 19:08:50,081 - INFO - Scraping G.R. No. 152866 (2010): The Heirs of Romana Saves, namely: Fidela Alamaida...
2025-12-05 19:08:50,559 - INFO -   ✓ Found at: https://lawphil.net/judjuris/juri2010/oct2010/gr_152866_2010.html
2025-12-05 19:08:50,561 - INFO -   ✓ Saved: RESTRUCTURED_DB/2010/october/152866.json
2025-12-05 19:08:51,061 - INFO - Scraping G.R. No. 163091 (2010): Coca Cola Bottlers Philippines, Inc. vs. Angel U. ...
2025-12-05 19:08:51,544 - INFO -   ✓ Found at: https://lawphil.net/judjuris/juri2010/oct2010/gr_163091_2010.html
2025-12-05 19:08:51,547 - INFO -   ✓ Saved: RESTRUCTURED_DB/2010/october/163091.json
2025-12-05 19:08:52,047 - INFO - Scraping G.R. No. 171365 (2010): Ermelinda Manaloto, et al. vs. Ismael Veloso III...
2025-12-05 19:08:52,307 - INFO -   ✓ Found at: https://lawphil.net/judjuris/juri2010/oct2010/gr_171365_2010.html
2025-12-05 19:08:52,308 - INFO -   ✓ Saved: RESTRUCTURED_DB/2010/october/171365.json
2025-12-05 19:08:52,808 - INFO - Scraping G.R. No. 184769 (2010): Manila Electric Company, Alexander S. Deyto and Ru...
2025-12-05 19:08:53,066 - INFO -   ✓ Found at: https://lawphil.net/judjuris/juri2010/oct2010/gr_184769_2010.html
2025-12-05 19:08:53,068 - INFO -   ✓ Saved: RESTRUCTURED_DB/2010/october/184769.json
2025-12-05 19:08:53,568 - INFO - Scraping G.R. No. 175573 (2010): Office of the Ombudsman vs. Joel S. Samaniego...
2025-12-05 19:08:54,149 - INFO -   ✓ Found at: https://lawphil.net/judjuris/juri2010/oct2010/gr_175573_2010.html
2025-12-05 19:08:54,150 - INFO -   ✓ Saved: RESTRUCTURED_DB/2010/october/175573.json
2025-12-05 19:08:54,650 - INFO - Scraping G.R. No. 165876 (2010): Westmong Investment Corporation vs. Farmix fertili...
2025-12-05 19:08:55,134 - INFO -   ✓ Found at: https://lawphil.net/judjuris/juri2010/oct2010/gr_165876_2010.html
2025-12-05 19:08:55,136 - INFO -   ✓ Saved: RESTRUCTURED_DB/2010/october/165876.json
2025-12-05 19:08:55,636 - INFO - Scraping G.R. No. 183626 (2010): Surigao del Norte Electric Cooperative, Inc. (SURN...
2025-12-05 19:08:56,114 - INFO -   ✓ Found at: https://lawphil.net/judjuris/juri2010/oct2010/gr_183626_2010.html
2025-12-05 19:08:56,115 - INFO -   ✓ Saved: RESTRUCTURED_DB/2010/october/183626.json
2025-12-05 19:08:56,616 - INFO - Scraping G.R. No. 175501 (2010): Manila Water Company, Inc. vs. Jose J. Dalumpines,...
2025-12-05 19:08:57,093 - INFO -   ✓ Found at: https://lawphil.net/judjuris/juri2010/oct2010/gr_175501_2010.html
2025-12-05 19:08:57,094 - INFO -   ✓ Saved: RESTRUCTURED_DB/2010/october/175501.json
2025-12-05 19:08:57,595 - INFO - Scraping G.R. No. 158090 (2010): Government Service Insurance System (GSIS) vs. Hei...
2025-12-05 19:08:57,857 - INFO -   ✓ Found at: https://lawphil.net/judjuris/juri2010/oct2010/gr_158090_2010.html
2025-12-05 19:08:57,858 - INFO -   ✓ Saved: RESTRUCTURED_DB/2010/october/158090.json
2025-12-05 19:08:58,358 - INFO - Scraping G.R. No. 164186 (2010): Financial Building Corporation vs. Rudlin Internat...
2025-12-05 19:08:58,836 - INFO -   ✓ Found at: https://lawphil.net/judjuris/juri2010/oct2010/gr_164186_2010.html
2025-12-05 19:08:58,838 - INFO -   ✓ Saved: RESTRUCTURED_DB/2010/october/164186.json
2025-12-05 19:08:59,339 - INFO - Scraping G.R. No. 156439 (2010): Clemencia P. Calara, et al. vs. Teresita Francisco...
2025-12-05 19:09:00,032 - INFO -   ✓ Found at: https://lawphil.net/judjuris/juri2010/sep2010/gr_156439_2010.html
2025-12-05 19:09:00,035 - INFO -   ✓ Saved: RESTRUCTURED_DB/2010/september/156439.json
2025-12-05 19:09:00,535 - INFO - Scraping G.R. No. 182729 (2010): Kukan International Corporation vs. Romeo M. Moral...
2025-12-05 19:09:01,256 - INFO -   ✓ Found at: https://lawphil.net/judjuris/juri2010/sep2010/gr_182729_2010.html
2025-12-05 19:09:01,259 - INFO -   ✓ Saved: RESTRUCTURED_DB/2010/september/182729.json
2025-12-05 19:09:01,759 - INFO - Scraping G.R. No. 178788 (2010): United Airlines, Inc. vs. Commissioner on Internal...
2025-12-05 19:09:02,238 - INFO -   ✓ Found at: https://lawphil.net/judjuris/juri2010/sep2010/gr_178788_2010.html
2025-12-05 19:09:02,239 - INFO -   ✓ Saved: RESTRUCTURED_DB/2010/september/178788.json
2025-12-05 19:09:02,740 - INFO - Scraping G.R. No. 185708 (2010): People of the Philippines vs. Juanito Cabigquez y ...
2025-12-05 19:09:03,217 - INFO -   ✓ Found at: https://lawphil.net/judjuris/juri2010/sep2010/gr_185708_2010.html
2025-12-05 19:09:03,218 - INFO -   ✓ Saved: RESTRUCTURED_DB/2010/september/185708.json
2025-12-05 19:09:03,719 - INFO - Scraping G.R. No. 185716 (2010): People of the Philippines vs. Miguelito Malana y L...
2025-12-05 19:09:04,196 - INFO -   ✓ Found at: https://lawphil.net/judjuris/juri2010/sep2010/gr_185716_2010.html
2025-12-05 19:09:04,198 - INFO -   ✓ Saved: RESTRUCTURED_DB/2010/september/185716.json
2025-12-05 19:09:04,698 - INFO - Scraping G.R. No. 165923 (2010): Shimizu Philippines Constractors, Inc. vs. Virgili...
2025-12-05 19:09:04,954 - INFO -   ✓ Found at: https://lawphil.net/judjuris/juri2010/sep2010/gr_165923_2010.html
2025-12-05 19:09:04,955 - INFO -   ✓ Saved: RESTRUCTURED_DB/2010/september/165923.json
2025-12-05 19:09:05,455 - INFO - Scraping G.R. No. 149624 (2010): Spouses Conrado Antonio and Avelyn Antonio vs. Jul...
2025-12-05 19:09:05,709 - INFO -   ✓ Found at: https://lawphil.net/judjuris/juri2010/sep2010/gr_149624_2010.html
2025-12-05 19:09:05,710 - INFO -   ✓ Saved: RESTRUCTURED_DB/2010/september/149624.json
2025-12-05 19:09:06,211 - INFO - Scraping G.R. No. 183054 (2010): NFD International Manning Agents, Inc./Barber Ship...
2025-12-05 19:09:06,471 - INFO -   ✓ Found at: https://lawphil.net/judjuris/juri2010/sep2010/gr_183054_2010.html
2025-12-05 19:09:06,473 - INFO -   ✓ Saved: RESTRUCTURED_DB/2010/september/183054.json
2025-12-05 19:09:06,974 - INFO - Scraping G.R. No. 155109 (2010): C. Alcantara & Sons, Inc. vs. Court of Appeals / N...
2025-12-05 19:09:07,231 - INFO -   ✓ Found at: https://lawphil.net/judjuris/juri2010/sep2010/gr_155109_2010.html
2025-12-05 19:09:07,234 - INFO -   ✓ Saved: RESTRUCTURED_DB/2010/september/155109.json
2025-12-05 19:09:07,734 - INFO - Scraping G.R. No. 175124 (2010): Commissioner of Internal Revenue vs. the Philippin...
2025-12-05 19:09:08,145 - INFO -   ✓ Found at: https://lawphil.net/judjuris/juri2010/sep2010/gr_175124_2010.html
2025-12-05 19:09:08,146 - INFO -   ✓ Saved: RESTRUCTURED_DB/2010/september/175124.json
2025-12-05 19:09:08,646 - INFO - Scraping G.R. No. 181844 (2010): Sps. Felipe and Josefa Paringit vs. Marciana Parin...
2025-12-05 19:09:09,051 - INFO -   ✓ Found at: https://lawphil.net/judjuris/juri2010/sep2010/gr_181844_2010.html
2025-12-05 19:09:09,052 - INFO -   ✓ Saved: RESTRUCTURED_DB/2010/september/181844.json
2025-12-05 19:09:09,552 - INFO - Scraping G.R. No. 182574 (2010): The Province of Negros Occidental, represented by ...
2025-12-05 19:09:09,819 - INFO -   ✓ Found at: https://lawphil.net/judjuris/juri2010/sep2010/gr_182574_2010.html
2025-12-05 19:09:09,820 - INFO -   ✓ Saved: RESTRUCTURED_DB/2010/september/182574.json
2025-12-05 19:09:10,320 - INFO - Scraping G.R. No. 186470 (2010): People of the Philippines vs.  Willie Midenilla y ...
2025-12-05 19:09:10,658 - INFO -   ✓ Found at: https://lawphil.net/judjuris/juri2010/sep2010/gr_186470_2010.html
2025-12-05 19:09:10,660 - INFO -   ✓ Saved: RESTRUCTURED_DB/2010/september/186470.json
2025-12-05 19:09:11,160 - INFO - Scraping G.R. No. 185378 (2010): People of the Philippines vs. Jennifer Carin y Don...
2025-12-05 19:09:11,563 - INFO -   ✓ Found at: https://lawphil.net/judjuris/juri2010/sep2010/gr_185378_2010.html
2025-12-05 19:09:11,565 - INFO -   ✓ Saved: RESTRUCTURED_DB/2010/september/185378.json
