nohup: ignoring input
2025-12-05 19:04:44,493 - INFO - Loading missing cases list...
2025-12-05 19:04:44,508 - INFO - ================================================================================
2025-12-05 19:04:44,508 - INFO - LAWPHIL BATCH SCRAPER
2025-12-05 19:04:44,508 - INFO - ================================================================================
2025-12-05 19:04:44,508 - INFO - Database path: RESTRUCTURED_DB
2025-12-05 19:04:44,508 - INFO - Cases to scrape: 468
2025-12-05 19:04:44,508 - INFO - Year range: 2007-2007
2025-12-05 19:04:44,508 - INFO - Batch size: 100
2025-12-05 19:04:44,508 - INFO - ================================================================================
2025-12-05 19:04:44,508 - INFO - 
================================================================================
2025-12-05 19:04:44,509 - INFO - BATCH 1/5 (100 cases)
2025-12-05 19:04:44,509 - INFO - ================================================================================
2025-12-05 19:04:44,509 - INFO - Scraping G.R. No. 200774 (2007): German Marine Agencies, Inc., et al. vs. Teodolah ...
2025-12-05 19:04:52,691 - WARNING -   ✗ Not found for G.R. No. 200774
2025-12-05 19:04:53,192 - INFO - Scraping G.R. No. 154150 (2007): Nida Alejo, et al. vs. the Hon. Judge Erlinda Pest...
2025-12-05 19:04:53,450 - INFO -   ✓ Found at: https://lawphil.net/judjuris/juri2007/dec2007/gr_154150_2007.html
2025-12-05 19:04:53,452 - INFO -   ✓ Saved: RESTRUCTURED_DB/2007/december/154150.json
2025-12-05 19:04:53,952 - INFO - Scraping G.R. No. 142732 (2007): Marilou S. Genuino vs. National Labor Relations Co...
2025-12-05 19:04:54,438 - INFO -   ✓ Found at: https://lawphil.net/judjuris/juri2007/dec2007/gr_142732_2007.html
2025-12-05 19:04:54,440 - INFO -   ✓ Saved: RESTRUCTURED_DB/2007/december/142732.json
2025-12-05 19:04:54,940 - INFO - Scraping G.R. No. 167829 (2007): Filipinas (Pre-Fab Bldg.) Systems, Inc. vs. MRT De...
2025-12-05 19:04:55,428 - INFO -   ✓ Found at: https://lawphil.net/judjuris/juri2007/nov2007/gr_167829_2007.html
2025-12-05 19:04:55,430 - INFO -   ✓ Saved: RESTRUCTURED_DB/2007/november/167829.json
2025-12-05 19:04:55,931 - INFO - Scraping G.R. No. 158786 (2007): Toyota Motor Phils. Corp. Workers Asso., et al. vs...
2025-12-05 19:04:56,461 - INFO -   ✓ Found at: https://lawphil.net/judjuris/juri2007/oct2007/gr_158786_2007.html
2025-12-05 19:04:56,464 - INFO -   ✓ Saved: RESTRUCTURED_DB/2007/october/158786.json
2025-12-05 19:04:56,965 - INFO - Scraping G.R. No. 135688 (2007): Ernesto B. Francisco, Jr. vs. Uem-Mara Phil. Corp....
2025-12-05 19:04:57,232 - INFO -   ✓ Found at: https://lawphil.net/judjuris/juri2007/oct2007/gr_135688_2007.html
2025-12-05 19:04:57,234 - INFO -   ✓ Saved: RESTRUCTURED_DB/2007/october/135688.json
2025-12-05 19:04:57,734 - INFO - Scraping G.R. No. 164173 (2007): Rodolfo S. De Jesus vs. Hon. Sandiganbayan, et al....
2025-12-05 19:05:05,806 - WARNING -   ✗ Not found for G.R. No. 164173
2025-12-05 19:05:06,307 - INFO - Scraping G.R. No. 159104 (2007): Rodolfo M. Cuenca, et al. vs. the PCGG, et al....
2025-12-05 19:05:06,566 - INFO -   ✓ Found at: https://lawphil.net/judjuris/juri2007/oct2007/gr_159104_2007.html
2025-12-05 19:05:06,569 - INFO -   ✓ Saved: RESTRUCTURED_DB/2007/october/159104.json
2025-12-05 19:05:07,069 - INFO - Scraping G.R. No. 137355 (2007): Eugen U. Caballero, et al. vs. Sandiganbayan, et a...
2025-12-05 19:05:07,549 - INFO -   ✓ Found at: https://lawphil.net/judjuris/juri2007/sep2007/gr_137355_2007.html
2025-12-05 19:05:07,550 - INFO -   ✓ Saved: RESTRUCTURED_DB/2007/september/137355.json
2025-12-05 19:05:08,051 - INFO - Scraping G.R. No. 175181 (2007): Metropolitan Bank & Trust Co. Inc. vs. SLGT Holdin...
2025-12-05 19:05:08,534 - INFO -   ✓ Found at: https://lawphil.net/judjuris/juri2007/sep2007/gr_175181_2007.html
2025-12-05 19:05:08,536 - INFO -   ✓ Saved: RESTRUCTURED_DB/2007/september/175181.json
2025-12-05 19:05:09,037 - INFO - Scraping G.R. No. 152505 (2007): Prudential Guarantee & Assurance Inc. vs. Equinox ...
2025-12-05 19:05:09,294 - INFO -   ✓ Found at: https://lawphil.net/judjuris/juri2007/sep2007/gr_152505_2007.html
2025-12-05 19:05:09,295 - INFO -   ✓ Saved: RESTRUCTURED_DB/2007/september/152505.json
2025-12-05 19:05:09,795 - INFO - Scraping G.R. No. 150329 (2007): Ronald K. Go, et al. vs. the Hon. Sandiganbayan, e...
2025-12-05 19:05:10,050 - INFO -   ✓ Found at: https://lawphil.net/judjuris/juri2007/sep2007/gr_150329_2007.html
2025-12-05 19:05:10,051 - INFO -   ✓ Saved: RESTRUCTURED_DB/2007/september/150329.json
2025-12-05 19:05:10,552 - INFO - Scraping G.R. No. 156605 (2007): Edward T. Marcelo, et al. vs. Sandiganbayan, et al...
2025-12-05 19:05:10,823 - INFO -   ✓ Found at: https://lawphil.net/judjuris/juri2007/aug2007/gr_156605_2007.html
2025-12-05 19:05:10,825 - INFO -   ✓ Saved: RESTRUCTURED_DB/2007/august/156605.json
2025-12-05 19:05:11,326 - INFO - Scraping G.R. No. 167006 (2007): Danilo D. Collantes vs. Hon. Simeon Marcelo, et al...
2025-12-05 19:05:11,812 - INFO -   ✓ Found at: https://lawphil.net/judjuris/juri2007/aug2007/gr_167006_2007.html
2025-12-05 19:05:11,814 - INFO -   ✓ Saved: RESTRUCTURED_DB/2007/august/167006.json
2025-12-05 19:05:12,315 - INFO - Scraping G.R. No. 145743 (2007): Antonio P. Calingin vs. Aniano A. Desierto, et al....
2025-12-05 19:05:12,574 - INFO -   ✓ Found at: https://lawphil.net/judjuris/juri2007/aug2007/gr_145743_2007.html
2025-12-05 19:05:12,575 - INFO -   ✓ Saved: RESTRUCTURED_DB/2007/august/145743.json
2025-12-05 19:05:13,075 - INFO - Scraping G.R. No. 149158 (2007): Kimberly Independent Labour Union for Solidarity, ...
2025-12-05 19:05:13,553 - INFO -   ✓ Found at: https://lawphil.net/judjuris/juri2007/jul2007/gr_149158_2007.html
2025-12-05 19:05:13,555 - INFO -   ✓ Saved: RESTRUCTURED_DB/2007/july/149158.json
2025-12-05 19:05:14,055 - INFO - Scraping G.R. No. 167335 (2007): Dr. Ulysses A. Brito vs. Office of the Deputy Ombu...
2025-12-05 19:05:14,309 - INFO -   ✓ Found at: https://lawphil.net/judjuris/juri2007/jul2007/gr_167335_2007.html
2025-12-05 19:05:14,310 - INFO -   ✓ Saved: RESTRUCTURED_DB/2007/july/167335.json
2025-12-05 19:05:14,811 - INFO - Scraping G.R. No. 176349 (2007): People of the Philippines vs. Orlando Ubina y Agga...
2025-12-05 19:05:15,469 - INFO -   ✓ Found at: https://lawphil.net/judjuris/juri2007/jul2007/gr_176349_2007.html
2025-12-05 19:05:15,470 - INFO -   ✓ Saved: RESTRUCTURED_DB/2007/july/176349.json
2025-12-05 19:05:15,971 - INFO - Scraping G.R. No. 159153 (2007): Isidro Anadon, et al. vs. Miguelina Herrera, et al...
2025-12-05 19:05:16,230 - INFO -   ✓ Found at: https://lawphil.net/judjuris/juri2007/jul2007/gr_159153_2007.html
2025-12-05 19:05:16,231 - INFO -   ✓ Saved: RESTRUCTURED_DB/2007/july/159153.json
2025-12-05 19:05:16,731 - INFO - Scraping G.R. No. 156542 (2007): Candelaria Q. Da Yot vs. Shell Chemical Co., Inc....
2025-12-05 19:05:17,200 - INFO -   ✓ Found at: https://lawphil.net/judjuris/juri2007/jun2007/gr_156542_2007.html
2025-12-05 19:05:17,202 - INFO -   ✓ Saved: RESTRUCTURED_DB/2007/june/156542.json
2025-12-05 19:05:17,702 - INFO - Scraping G.R. No. 157057 (2007): Leonidas Epifanio y Lazaro vs. People of the Phil....
2025-12-05 19:05:17,959 - INFO -   ✓ Found at: https://lawphil.net/judjuris/juri2007/jun2007/gr_157057_2007.html
2025-12-05 19:05:17,960 - INFO -   ✓ Saved: RESTRUCTURED_DB/2007/june/157057.json
2025-12-05 19:05:18,460 - INFO - Scraping G.R. No. 157975 (2007): Phil. Transmarine Carriers, Inc. vs. Felicisimo Ca...
2025-12-05 19:05:18,722 - INFO -   ✓ Found at: https://lawphil.net/judjuris/juri2007/jun2007/gr_157975_2007.html
2025-12-05 19:05:18,724 - INFO -   ✓ Saved: RESTRUCTURED_DB/2007/june/157975.json
2025-12-05 19:05:19,224 - INFO - Scraping G.R. No. 159222 (2007): People of the Philippines vs. Rafael Bitanga....
2025-12-05 19:05:19,495 - INFO -   ✓ Found at: https://lawphil.net/judjuris/juri2007/jun2007/gr_159222_2007.html
2025-12-05 19:05:19,496 - INFO -   ✓ Saved: RESTRUCTURED_DB/2007/june/159222.json
2025-12-05 19:05:19,996 - INFO - Scraping G.R. No. 158053 (2007): Edwin Razon y Lucea vs. People of the Phil....
2025-12-05 19:05:20,491 - INFO -   ✓ Found at: https://lawphil.net/judjuris/juri2007/jun2007/gr_158053_2007.html
2025-12-05 19:05:20,493 - INFO -   ✓ Saved: RESTRUCTURED_DB/2007/june/158053.json
2025-12-05 19:05:20,993 - INFO - Scraping G.R. No. 158643 (2007): Rosa Baricua, et al. vs. Romeo Caballero, et al....
2025-12-05 19:05:21,248 - INFO -   ✓ Found at: https://lawphil.net/judjuris/juri2007/jun2007/gr_158643_2007.html
2025-12-05 19:05:21,249 - INFO -   ✓ Saved: RESTRUCTURED_DB/2007/june/158643.json
2025-12-05 19:05:21,749 - INFO - Scraping G.R. No. 131913 (2007): Sps. D. Guinyawan etc. vs. L. Ayogat et al....
2025-12-05 19:05:22,004 - INFO -   ✓ Found at: https://lawphil.net/judjuris/juri2007/jun2007/gr_131913_2007.html
2025-12-05 19:05:22,005 - INFO -   ✓ Saved: RESTRUCTURED_DB/2007/june/131913.json
2025-12-05 19:05:22,505 - INFO - Scraping G.R. No. 155409 (2007): V. Maquilan vs. D. Maquilan....
2025-12-05 19:05:22,760 - INFO -   ✓ Found at: https://lawphil.net/judjuris/juri2007/jun2007/gr_155409_2007.html
2025-12-05 19:05:22,761 - INFO -   ✓ Saved: RESTRUCTURED_DB/2007/june/155409.json
2025-12-05 19:05:23,261 - INFO - Scraping G.R. No. 156689 (2007): R. Dimaculangan vs. G. Casalla....
2025-12-05 19:05:23,748 - INFO -   ✓ Found at: https://lawphil.net/judjuris/juri2007/jun2007/gr_156689_2007.html
2025-12-05 19:05:23,749 - INFO -   ✓ Saved: RESTRUCTURED_DB/2007/june/156689.json
2025-12-05 19:05:24,249 - INFO - Scraping G.R. No. 157370 (2007): R. P. Ortiz vs. Court of Appeals, et al....
2025-12-05 19:05:24,511 - INFO -   ✓ Found at: https://lawphil.net/judjuris/juri2007/jun2007/gr_157370_2007.html
2025-12-05 19:05:24,512 - INFO -   ✓ Saved: RESTRUCTURED_DB/2007/june/157370.json
2025-12-05 19:05:25,012 - INFO - Scraping G.R. No. 140836 (2007): Iligan Bay Mfg. Corp. et al vs. Henry Dy....
2025-12-05 19:05:25,499 - INFO -   ✓ Found at: https://lawphil.net/judjuris/juri2007/jun2007/gr_140836_2007.html
2025-12-05 19:05:25,501 - INFO -   ✓ Saved: RESTRUCTURED_DB/2007/june/140836.json
2025-12-05 19:05:26,001 - INFO - Scraping G.R. No. 175013 (2007): Crispin B. Beltran vs. People of the Philippines, ...
2025-12-05 19:05:34,784 - WARNING -   ✗ Not found for G.R. No. 175013
2025-12-05 19:05:35,285 - INFO - Scraping G.R. No. 170577 (2007): Anthony D. Dee vs. Commission on Election, et al....
2025-12-05 19:05:43,441 - WARNING -   ✗ Not found for G.R. No. 170577
2025-12-05 19:05:43,942 - INFO - Scraping G.R. No. 177314 (2007): Loretta Ann P. Rosales vs. Commission on Election...
2025-12-05 19:05:52,977 - WARNING -   ✗ Not found for G.R. No. 177314
2025-12-05 19:05:53,477 - INFO - Scraping G.R. No. 168069 (2007): Albert Cordero Sy vs. People of the Philippines...
2025-12-05 19:06:02,300 - WARNING -   ✗ Not found for G.R. No. 168069
2025-12-05 19:06:02,800 - INFO - Scraping G.R. No. 168543 (2007): Jaime Tan vs. People of the Philippines...
2025-12-05 19:06:11,178 - WARNING -   ✗ Not found for G.R. No. 168543
2025-12-05 19:06:11,679 - INFO - Scraping G.R. No. 155483 (2007): Heirs of Pedro Pasag, et al. vs. Sps. Lorenzo & Fl...
2025-12-05 19:06:12,373 - INFO -   ✓ Found at: https://lawphil.net/judjuris/juri2007/apr2007/gr_155483_2007.html
2025-12-05 19:06:12,374 - INFO -   ✓ Saved: RESTRUCTURED_DB/2007/april/155483.json
2025-12-05 19:06:12,874 - INFO - Scraping G.R. No. 160889 (2007): Dr. Milagros L. Cantre vs. Sps. John David Z. Co e...
2025-12-05 19:06:13,129 - INFO -   ✓ Found at: https://lawphil.net/judjuris/juri2007/apr2007/gr_160889_2007.html
2025-12-05 19:06:13,130 - INFO -   ✓ Saved: RESTRUCTURED_DB/2007/april/160889.json
2025-12-05 19:06:13,630 - INFO - Scraping G.R. No. 161234 (2007): Rey Garcesa vs. Marietta E. Laguardia...
2025-12-05 19:06:14,058 - INFO -   ✓ Found at: https://lawphil.net/judjuris/juri2007/apr2007/gr_161234_2007.html
2025-12-05 19:06:14,059 - INFO -   ✓ Saved: RESTRUCTURED_DB/2007/april/161234.json
2025-12-05 19:06:14,559 - INFO - Scraping G.R. No. 167848 (2007): Bank of Commerce vs. Sps. Prudencio San Pablo...
2025-12-05 19:06:15,051 - INFO -   ✓ Found at: https://lawphil.net/judjuris/juri2007/apr2007/gr_167848_2007.html
2025-12-05 19:06:15,053 - INFO -   ✓ Saved: RESTRUCTURED_DB/2007/april/167848.json
2025-12-05 19:06:15,553 - INFO - Scraping G.R. No. 138967 (2007): Leiden E. Fernandez, et al. vs. Nicasio Aninon, et...
2025-12-05 19:06:15,806 - INFO -   ✓ Found at: https://lawphil.net/judjuris/juri2007/apr2007/gr_138967_2007.html
2025-12-05 19:06:15,807 - INFO -   ✓ Saved: RESTRUCTURED_DB/2007/april/138967.json
2025-12-05 19:06:16,307 - INFO - Scraping G.R. No. 144158 (2007): NPC Employees Consolidated Union, et al. vs. NAPOC...
2025-12-05 19:06:16,562 - INFO -   ✓ Found at: https://lawphil.net/judjuris/juri2007/apr2007/gr_144158_2007.html
2025-12-05 19:06:16,563 - INFO -   ✓ Saved: RESTRUCTURED_DB/2007/april/144158.json
2025-12-05 19:06:17,063 - INFO - Scraping G.R. No. 163776 (2007): Rev. Fr. Nardo B. Cayat vs. COMELEC, et al....
2025-12-05 19:06:17,842 - INFO -   ✓ Found at: https://lawphil.net/judjuris/juri2007/apr2007/gr_163776_2007.html
2025-12-05 19:06:17,843 - INFO -   ✓ Saved: RESTRUCTURED_DB/2007/april/163776.json
2025-12-05 19:06:18,344 - INFO - Scraping G.R. No. 163797 (2007): Wilson Chua, et al. vs. Rodrigo Padillo, et al....
2025-12-05 19:06:18,598 - INFO -   ✓ Found at: https://lawphil.net/judjuris/juri2007/apr2007/gr_163797_2007.html
2025-12-05 19:06:18,599 - INFO -   ✓ Saved: RESTRUCTURED_DB/2007/april/163797.json
2025-12-05 19:06:19,099 - INFO - Scraping G.R. No. 164459 (2007): Limitless Potentials, Inc. vs. Hon. Court of Appea...
2025-12-05 19:06:19,354 - INFO -   ✓ Found at: https://lawphil.net/judjuris/juri2007/apr2007/gr_164459_2007.html
2025-12-05 19:06:19,356 - INFO -   ✓ Saved: RESTRUCTURED_DB/2007/april/164459.json
2025-12-05 19:06:19,856 - INFO - Scraping G.R. No. 165983 (2007): Joy Chrisma B. Luna vs. COMELEC, et al....
2025-12-05 19:06:20,121 - INFO -   ✓ Found at: https://lawphil.net/judjuris/juri2007/apr2007/gr_165983_2007.html
2025-12-05 19:06:20,122 - INFO -   ✓ Saved: RESTRUCTURED_DB/2007/april/165983.json
2025-12-05 19:06:20,623 - INFO - Scraping G.R. No. 166639 (2007): Rogelio P. Juan vs. COMELEC, et al....
2025-12-05 19:06:21,119 - INFO -   ✓ Found at: https://lawphil.net/judjuris/juri2007/apr2007/gr_166639_2007.html
2025-12-05 19:06:21,121 - INFO -   ✓ Saved: RESTRUCTURED_DB/2007/april/166639.json
2025-12-05 19:06:21,622 - INFO - Scraping G.R. No. 168129 (2007): Commissioner of Internal Revenue vs. Phil Health C...
2025-12-05 19:06:21,898 - INFO -   ✓ Found at: https://lawphil.net/judjuris/juri2007/apr2007/gr_168129_2007.html
2025-12-05 19:06:21,900 - INFO -   ✓ Saved: RESTRUCTURED_DB/2007/april/168129.json
2025-12-05 19:06:22,400 - INFO - Scraping G.R. No. 168498 (2007): Rizal Commercial Banking Corp. vs. Commnissioner o...
2025-12-05 19:06:22,660 - INFO -   ✓ Found at: https://lawphil.net/judjuris/juri2007/apr2007/gr_168498_2007.html
2025-12-05 19:06:22,661 - INFO -   ✓ Saved: RESTRUCTURED_DB/2007/april/168498.json
2025-12-05 19:06:23,161 - INFO - Scraping G.R. No. 170811 (2007): Supreme Steel Pipe Corp., et al. vs. Rogelio Barda...
2025-12-05 19:06:23,423 - INFO -   ✓ Found at: https://lawphil.net/judjuris/juri2007/apr2007/gr_170811_2007.html
2025-12-05 19:06:23,424 - INFO -   ✓ Saved: RESTRUCTURED_DB/2007/april/170811.json
2025-12-05 19:06:23,925 - INFO - Scraping G.R. No. 171653 (2007): People of the Philippines vs. Judith Jatulan y Pon...
2025-12-05 19:06:24,199 - INFO -   ✓ Found at: https://lawphil.net/judjuris/juri2007/apr2007/gr_171653_2007.html
2025-12-05 19:06:24,201 - INFO -   ✓ Saved: RESTRUCTURED_DB/2007/april/171653.json
2025-12-05 19:06:24,701 - INFO - Scraping G.R. No. 172118 (2007): People of the Philippines vs. Warlito C. Fernandez...
2025-12-05 19:06:25,179 - INFO -   ✓ Found at: https://lawphil.net/judjuris/juri2007/apr2007/gr_172118_2007.html
2025-12-05 19:06:25,181 - INFO -   ✓ Saved: RESTRUCTURED_DB/2007/april/172118.json
2025-12-05 19:06:25,681 - INFO - Scraping G.R. No. 173197 (2007): People of the Philippines vs. Roger De Guzman y La...
2025-12-05 19:06:26,164 - INFO -   ✓ Found at: https://lawphil.net/judjuris/juri2007/apr2007/gr_173197_2007.html
2025-12-05 19:06:26,165 - INFO -   ✓ Saved: RESTRUCTURED_DB/2007/april/173197.json
2025-12-05 19:06:26,666 - INFO - Scraping G.R. No. 174763 (2007): Antonio A. Dimayuga vs. COMELEC, et al....
2025-12-05 19:06:26,922 - INFO -   ✓ Found at: https://lawphil.net/judjuris/juri2007/apr2007/gr_174763_2007.html
2025-12-05 19:06:26,923 - INFO -   ✓ Saved: RESTRUCTURED_DB/2007/april/174763.json
2025-12-05 19:06:27,423 - INFO - Scraping G.R. No. 175112 (2007): David K. Salazar vs. COMELEC, et al....
2025-12-05 19:06:27,684 - INFO -   ✓ Found at: https://lawphil.net/judjuris/juri2007/apr2007/gr_175112_2007.html
2025-12-05 19:06:27,685 - INFO -   ✓ Saved: RESTRUCTURED_DB/2007/april/175112.json
2025-12-05 19:06:28,186 - INFO - Scraping G.R. No. 165080 (2007): The Province of Agusan del Norte etc vs. the COMEL...
2025-12-05 19:06:28,442 - INFO -   ✓ Found at: https://lawphil.net/judjuris/juri2007/apr2007/gr_165080_2007.html
2025-12-05 19:06:28,444 - INFO -   ✓ Saved: RESTRUCTURED_DB/2007/april/165080.json
2025-12-05 19:06:28,944 - INFO - Scraping G.R. No. 138208 (2007): Sps. Isidro "Abel" Cruz, etc. vs. Sps. Florencio &...
2025-12-05 19:06:29,204 - INFO -   ✓ Found at: https://lawphil.net/judjuris/juri2007/apr2007/gr_138208_2007.html
2025-12-05 19:06:29,206 - INFO -   ✓ Saved: RESTRUCTURED_DB/2007/april/138208.json
2025-12-05 19:06:29,706 - INFO - Scraping G.R. No. 165594 (2007): Francisco Soriano, Jr. vs. National Labor Relation...
2025-12-05 19:06:29,979 - INFO -   ✓ Found at: https://lawphil.net/judjuris/juri2007/apr2007/gr_165594_2007.html
2025-12-05 19:06:29,981 - INFO -   ✓ Saved: RESTRUCTURED_DB/2007/april/165594.json
2025-12-05 19:06:30,482 - INFO - Scraping G.R. No. 165884 (2007): Cielito R. Gan vs. People of the Philippines...
2025-12-05 19:06:30,961 - INFO -   ✓ Found at: https://lawphil.net/judjuris/juri2007/apr2007/gr_165884_2007.html
2025-12-05 19:06:30,964 - INFO -   ✓ Saved: RESTRUCTURED_DB/2007/april/165884.json
2025-12-05 19:06:31,464 - INFO - Scraping G.R. No. 167552 (2007): Eurotech Ind'l Technologies, Inc. vs. Edwin Cuizon...
2025-12-05 19:06:31,722 - INFO -   ✓ Found at: https://lawphil.net/judjuris/juri2007/apr2007/gr_167552_2007.html
2025-12-05 19:06:31,726 - INFO -   ✓ Saved: RESTRUCTURED_DB/2007/april/167552.json
2025-12-05 19:06:32,226 - INFO - Scraping G.R. No. 173787 (2007): The People of the Philippines vs. Mario Guillermo ...
2025-12-05 19:06:32,627 - INFO -   ✓ Found at: https://lawphil.net/judjuris/juri2007/apr2007/gr_173787_2007.html
2025-12-05 19:06:32,628 - INFO -   ✓ Saved: RESTRUCTURED_DB/2007/april/173787.json
2025-12-05 19:06:33,129 - INFO - Scraping G.R. No. 153675 (2007): Government of Hong Kong Special Administrative Reg...
2025-12-05 19:06:33,484 - INFO -   ✓ Found at: https://lawphil.net/judjuris/juri2007/apr2007/gr_153675_2007.html
2025-12-05 19:06:33,486 - INFO -   ✓ Saved: RESTRUCTURED_DB/2007/april/153675.json
2025-12-05 19:06:33,986 - INFO - Scraping G.R. No. 134062 (2007): Commissioner of Internal Revenue vs. Bank of the P...
2025-12-05 19:06:34,616 - INFO -   ✓ Found at: https://lawphil.net/judjuris/juri2007/apr2007/gr_134062_2007.html
2025-12-05 19:06:34,618 - INFO -   ✓ Saved: RESTRUCTURED_DB/2007/april/134062.json
2025-12-05 19:06:35,118 - INFO - Scraping G.R. No. 153284 (2007): Regional State Prosecutor Santiago M. Turingan, et...
2025-12-05 19:06:35,377 - INFO -   ✓ Found at: https://lawphil.net/judjuris/juri2007/apr2007/gr_153284_2007.html
2025-12-05 19:06:35,377 - INFO -   ✓ Saved: RESTRUCTURED_DB/2007/april/153284.json
2025-12-05 19:06:35,878 - INFO - Scraping G.R. No. 142369 (2007): Juanito T. Merencillo vs. People of the Philippine...
2025-12-05 19:06:36,346 - INFO -   ✓ Found at: https://lawphil.net/judjuris/juri2007/apr2007/gr_142369_2007.html
2025-12-05 19:06:36,348 - INFO -   ✓ Saved: RESTRUCTURED_DB/2007/april/142369.json
2025-12-05 19:06:36,848 - INFO - Scraping G.R. No. 143482 (2007): Conrado Pineda, et al. vs. Hon. Pedro T. Santiago,...
2025-12-05 19:06:37,105 - INFO -   ✓ Found at: https://lawphil.net/judjuris/juri2007/apr2007/gr_143482_2007.html
2025-12-05 19:06:37,106 - INFO -   ✓ Saved: RESTRUCTURED_DB/2007/april/143482.json
2025-12-05 19:06:37,606 - INFO - Scraping G.R. No. 150066 (2007): Sps. Emmanuel & Edna Chua, et al. vs. Msgr. Virgil...
2025-12-05 19:06:38,093 - INFO -   ✓ Found at: https://lawphil.net/judjuris/juri2007/apr2007/gr_150066_2007.html
2025-12-05 19:06:38,095 - INFO -   ✓ Saved: RESTRUCTURED_DB/2007/april/150066.json
2025-12-05 19:06:38,595 - INFO - Scraping G.R. No. 155785 (2007): Simplicio Galicia, et al. vs. Lourdes Manliquez Vd...
2025-12-05 19:06:38,852 - INFO -   ✓ Found at: https://lawphil.net/judjuris/juri2007/apr2007/gr_155785_2007.html
2025-12-05 19:06:38,854 - INFO -   ✓ Saved: RESTRUCTURED_DB/2007/april/155785.json
2025-12-05 19:06:39,354 - INFO - Scraping G.R. No. 156182 (2007): Government Service Insurance System vs. Luzviminda...
2025-12-05 19:06:39,613 - INFO -   ✓ Found at: https://lawphil.net/judjuris/juri2007/apr2007/gr_156182_2007.html
2025-12-05 19:06:39,614 - INFO -   ✓ Saved: RESTRUCTURED_DB/2007/april/156182.json
2025-12-05 19:06:40,114 - INFO - Scraping G.R. No. 161829 (2007): Arcadio M. Carandang vs. Edgar A. Ragasa...
2025-12-05 19:06:40,379 - INFO -   ✓ Found at: https://lawphil.net/judjuris/juri2007/apr2007/gr_161829_2007.html
2025-12-05 19:06:40,380 - INFO -   ✓ Saved: RESTRUCTURED_DB/2007/april/161829.json
2025-12-05 19:06:40,881 - INFO - Scraping G.R. No. 162049 (2007): Narciso S. Navarro, Jr. vs. Cynthia Cecilio-Navarr...
2025-12-05 19:06:41,521 - INFO -   ✓ Found at: https://lawphil.net/judjuris/juri2007/apr2007/gr_162049_2007.html
2025-12-05 19:06:41,522 - INFO -   ✓ Saved: RESTRUCTURED_DB/2007/april/162049.json
2025-12-05 19:06:42,023 - INFO - Scraping G.R. No. 168108 (2007): Enrique C. Abad, et al. vs. Goldloop Properties, I...
2025-12-05 19:06:42,502 - INFO -   ✓ Found at: https://lawphil.net/judjuris/juri2007/apr2007/gr_168108_2007.html
2025-12-05 19:06:42,504 - INFO -   ✓ Saved: RESTRUCTURED_DB/2007/april/168108.json
2025-12-05 19:06:43,004 - INFO - Scraping G.R. No. 168174 (2007): People of the Philippines vs. Francisco Reyes y Ab...
2025-12-05 19:06:43,262 - INFO -   ✓ Found at: https://lawphil.net/judjuris/juri2007/apr2007/gr_168174_2007.html
2025-12-05 19:06:43,263 - INFO -   ✓ Saved: RESTRUCTURED_DB/2007/april/168174.json
2025-12-05 19:06:43,764 - INFO - Scraping G.R. No. 168670 (2007): Office of the Ombudsman vs. Heidi M. Estandarte, e...
2025-12-05 19:06:44,249 - INFO -   ✓ Found at: https://lawphil.net/judjuris/juri2007/apr2007/gr_168670_2007.html
2025-12-05 19:06:44,251 - INFO -   ✓ Saved: RESTRUCTURED_DB/2007/april/168670.json
2025-12-05 19:06:44,751 - INFO - Scraping G.R. No. 168827 (2007): Benjamin P. Martinez vs. Court of Appeals, et al....
2025-12-05 19:06:45,231 - INFO -   ✓ Found at: https://lawphil.net/judjuris/juri2007/apr2007/gr_168827_2007.html
2025-12-05 19:06:45,233 - INFO -   ✓ Saved: RESTRUCTURED_DB/2007/april/168827.json
2025-12-05 19:06:45,734 - INFO - Scraping G.R. No. 168997 (2007): Gregorio Pelonia vs. People of the Philippines...
2025-12-05 19:06:46,270 - INFO -   ✓ Found at: https://lawphil.net/judjuris/juri2007/apr2007/gr_168997_2007.html
2025-12-05 19:06:46,271 - INFO -   ✓ Saved: RESTRUCTURED_DB/2007/april/168997.json
2025-12-05 19:06:46,771 - INFO - Scraping G.R. No. 169353 (2007): PNOC-Energy Devt. Corp. etc. vs. National Labor Re...
2025-12-05 19:06:47,401 - INFO -   ✓ Found at: https://lawphil.net/judjuris/juri2007/apr2007/gr_169353_2007.html
2025-12-05 19:06:47,402 - INFO -   ✓ Saved: RESTRUCTURED_DB/2007/april/169353.json
2025-12-05 19:06:47,902 - INFO - Scraping G.R. No. 169643 (2007): People of the Philippines vs. Filomino L. Villanue...
2025-12-05 19:06:48,392 - INFO -   ✓ Found at: https://lawphil.net/judjuris/juri2007/apr2007/gr_169643_2007.html
2025-12-05 19:06:48,393 - INFO -   ✓ Saved: RESTRUCTURED_DB/2007/april/169643.json
2025-12-05 19:06:48,894 - INFO - Scraping G.R. No. 172103 (2007): Citizen's Battle Against Corruption vs. COMELEC, e...
2025-12-05 19:06:49,382 - INFO -   ✓ Found at: https://lawphil.net/judjuris/juri2007/apr2007/gr_172103_2007.html
2025-12-05 19:06:49,383 - INFO -   ✓ Saved: RESTRUCTURED_DB/2007/april/172103.json
2025-12-05 19:06:49,883 - INFO - Scraping G.R. No. 173050 (2007): People of the Philippines vs. AC-MAD Pandapatan y ...
2025-12-05 19:06:50,145 - INFO -   ✓ Found at: https://lawphil.net/judjuris/juri2007/apr2007/gr_173050_2007.html
2025-12-05 19:06:50,148 - INFO -   ✓ Saved: RESTRUCTURED_DB/2007/april/173050.json
2025-12-05 19:06:50,648 - INFO - Scraping G.R. No. 173055 (2007): People of the Philippines vs. Roque G. Garalde...
2025-12-05 19:06:51,140 - INFO -   ✓ Found at: https://lawphil.net/judjuris/juri2007/apr2007/gr_173055_2007.html
2025-12-05 19:06:51,142 - INFO -   ✓ Saved: RESTRUCTURED_DB/2007/april/173055.json
2025-12-05 19:06:51,642 - INFO - Scraping G.R. No. 140842 (2007): Rufina Chua vs. the Court of Appeals, et al....
2025-12-05 19:06:51,904 - INFO -   ✓ Found at: https://lawphil.net/judjuris/juri2007/apr2007/gr_140842_2007.html
2025-12-05 19:06:51,906 - INFO -   ✓ Saved: RESTRUCTURED_DB/2007/april/140842.json
2025-12-05 19:06:52,406 - INFO - Scraping G.R. No. 175895 (2007): Edmundo Jose Buencamino vs. Hon. Court of Appeals,...
2025-12-05 19:06:52,664 - INFO -   ✓ Found at: https://lawphil.net/judjuris/juri2007/apr2007/gr_175895_2007.html
2025-12-05 19:06:52,665 - INFO -   ✓ Saved: RESTRUCTURED_DB/2007/april/175895.json
2025-12-05 19:06:53,166 - INFO - Scraping G.R. No. 170743 (2007): Government Service Insurance System vs. Lucita R. ...
2025-12-05 19:06:53,424 - INFO -   ✓ Found at: https://lawphil.net/judjuris/juri2007/apr2007/gr_170743_2007.html
2025-12-05 19:06:53,426 - INFO -   ✓ Saved: RESTRUCTURED_DB/2007/april/170743.json
2025-12-05 19:06:53,926 - INFO - Scraping G.R. No. 154356 (2007): Bangko Sentral ng Pilipinas et al. vs. Rural Bank ...
2025-12-05 19:06:54,661 - INFO -   ✓ Found at: https://lawphil.net/judjuris/juri2007/apr2007/gr_154356_2007.html
2025-12-05 19:06:54,663 - INFO -   ✓ Saved: RESTRUCTURED_DB/2007/april/154356.json
